
> ftp-mcp@1.4.0 test
> vitest run


[1m[46m RUN [49m[22m [36mv4.1.2 [39m[90mC:/Users/steph/Documents/Git Projects/FlowdexMCP[39m

{"name":"ftp-srv","hostname":"Kynlo-Desktop","pid":28448,"level":40,"msg":"Passive URL not set. Passive connections not available.","time":"2026-04-09T22:06:01.937Z","v":0}
{"name":"ftp-srv","hostname":"Kynlo-Desktop","pid":24348,"level":40,"msg":"Passive URL not set. Passive connections not available.","time":"2026-04-09T22:06:01.940Z","v":0}
{"name":"ftp-srv","hostname":"Kynlo-Desktop","pid":39560,"level":40,"msg":"Passive URL not set. Passive connections not available.","time":"2026-04-09T22:06:01.948Z","v":0}
{"name":"ftp-srv","hostname":"Kynlo-Desktop","pid":28448,"level":30,"protocol":"ftp","ip":"127.0.0.1","port":"2122","msg":"Listening","time":"2026-04-09T22:06:01.958Z","v":0}
{"name":"ftp-srv","hostname":"Kynlo-Desktop","pid":24348,"level":30,"protocol":"ftp","ip":"127.0.0.1","port":"2123","msg":"Listening","time":"2026-04-09T22:06:01.960Z","v":0}
{"name":"ftp-srv","hostname":"Kynlo-Desktop","pid":38072,"level":40,"msg":"Passive URL not set. Passive connections not available.","time":"2026-04-09T22:06:01.959Z","v":0}
{"name":"ftp-srv","hostname":"Kynlo-Desktop","pid":39560,"level":30,"protocol":"ftp","ip":"127.0.0.1","port":"2121","msg":"Listening","time":"2026-04-09T22:06:01.969Z","v":0}
{"name":"ftp-srv","hostname":"Kynlo-Desktop","pid":38072,"level":30,"protocol":"ftp","ip":"127.0.0.1","port":"2124","msg":"Listening","time":"2026-04-09T22:06:01.979Z","v":0}
stderr | Test/protocol.test.js > Protocol Gold Standard ÔÇö Feature & Edge Case Tests
[MCP-STDERR] FTP MCP Server running on stdio


stderr | Test/ftp.test.js > FTP MCP Comprehensive E2E Test Suite > Should successfully execute ftp_list and cache the result
FTP MCP Server running on stdio


stderr | Test/features.test.js > Enterprise Features & Edge Cases > Transaction-style deploys with rollback snapshots > should create a snapshot and allow rollback
FTP MCP Server running on stdio


{"name":"ftp-srv","hostname":"Kynlo-Desktop","pid":39560,"id":"61a97ba5-b83c-4168-8919-b939f8a1ab64","ip":"127.0.0.1","directive":"LIST","level":50,"err":{"message":"ENOENT: no such file or directory, stat 'C:\\Users\\steph\\Documents\\Git Projects\\FlowdexMCP\\Test\\remote-mock\\sync-dir'","name":"Error","stack":"Error: ENOENT: no such file or directory, stat 'C:\\Users\\steph\\Documents\\Git Projects\\FlowdexMCP\\Test\\remote-mock\\sync-dir'","code":"ENOENT"},"msg":"ENOENT: no such file or directory, stat 'C:\\Users\\steph\\Documents\\Git Projects\\FlowdexMCP\\Test\\remote-mock\\sync-dir'","time":"2026-04-09T22:06:03.763Z","v":0}
{"name":"ftp-srv","hostname":"Kynlo-Desktop","pid":39560,"level":30,"msg":"Closing connections: 1","time":"2026-04-09T22:06:03.839Z","v":0}
{"name":"ftp-srv","hostname":"Kynlo-Desktop","pid":39560,"level":30,"msg":"Server closing...","time":"2026-04-09T22:06:03.840Z","v":0}
 [32mÔ£ô[39m Test/ftp.test.js [2m([22m[2m6 tests[22m[2m | [22m[33m1 skipped[39m[2m)[22m[33m 1916[2mms[22m[39m
{"name":"ftp-srv","hostname":"Kynlo-Desktop","pid":38072,"level":30,"msg":"Closing connections: 1","time":"2026-04-09T22:06:03.955Z","v":0}
{"name":"ftp-srv","hostname":"Kynlo-Desktop","pid":38072,"level":30,"msg":"Server closing...","time":"2026-04-09T22:06:03.956Z","v":0}
 [32mÔ£ô[39m Test/protocol.test.js [2m([22m[2m11 tests[22m[2m)[22m[33m 2335[2mms[22m[39m
{"name":"ftp-srv","hostname":"Kynlo-Desktop","pid":24348,"level":30,"msg":"Closing connections: 1","time":"2026-04-09T22:06:05.021Z","v":0}
{"name":"ftp-srv","hostname":"Kynlo-Desktop","pid":24348,"level":30,"msg":"Server closing...","time":"2026-04-09T22:06:05.023Z","v":0}
 [32mÔ£ô[39m Test/security.test.js [2m([22m[2m36 tests[22m[2m)[22m[33m 3414[2mms[22m[39m
       [33m[2mÔ£ô[22m[39m should leave currentConfig pointing at the original profile after a deploy [33m 549[2mms[22m[39m
(node:28448) MaxListenersExceededWarning: Possible EventEmitter memory leak detected. 11 data listeners added to [Socket]. MaxListeners is 10. Use emitter.setMaxListeners() to increase limit
(Use `node --trace-warnings ...` to show where the warning was created)
stderr | Test/features.test.js > Enterprise Features & Edge Cases > Symlink and framework awareness > should detect Next.js framework
[Fatal Tool Error] ftp_analyze_workspace: Error: None of the available transfer strategies work. Last error response was 'Error: Client is closed because Timeout (control socket)'.
    at Client.prepareTransfer (C:\Users\steph\Documents\Git Projects\FlowdexMCP\node_modules\basic-ftp\dist\Client.js:721:19)
    at async Client.list (C:\Users\steph\Documents\Git Projects\FlowdexMCP\node_modules\basic-ftp\dist\Client.js:496:13)
    at async file:///C:/Users/steph/Documents/Git%20Projects/FlowdexMCP/index.js:2147:21

[Fatal Tool Error] ftp_analyze_workspace: Error: None of the available transfer strategies work. Last error response was 'Error: Client is closed because Timeout (control socket)'.
    at Client.prepareTransfer (C:\Users\steph\Documents\Git Projects\FlowdexMCP\node_modules\basic-ftp\dist\Client.js:721:19)
    at async Client.list (C:\Users\steph\Documents\Git Projects\FlowdexMCP\node_modules\basic-ftp\dist\Client.js:496:13)
    at async file:///C:/Users/steph/Documents/Git%20Projects/FlowdexMCP/index.js:2147:21

[Fatal Tool Error] ftp_analyze_workspace: Error: None of the available transfer strategies work. Last error response was 'Error: Client is closed because Timeout (control socket)'.
    at Client.prepareTransfer (C:\Users\steph\Documents\Git Projects\FlowdexMCP\node_modules\basic-ftp\dist\Client.js:721:19)
    at async Client.list (C:\Users\steph\Documents\Git Projects\FlowdexMCP\node_modules\basic-ftp\dist\Client.js:496:13)
    at async file:///C:/Users/steph/Documents/Git%20Projects/FlowdexMCP/index.js:2147:21

[Fatal Tool Error] ftp_analyze_workspace: Error: None of the available transfer strategies work. Last error response was 'Error: Client is closed because Timeout (control socket)'.
    at Client.prepareTransfer (C:\Users\steph\Documents\Git Projects\FlowdexMCP\node_modules\basic-ftp\dist\Client.js:721:19)
    at async Client.list (C:\Users\steph\Documents\Git Projects\FlowdexMCP\node_modules\basic-ftp\dist\Client.js:496:13)
    at async file:///C:/Users/steph/Documents/Git%20Projects/FlowdexMCP/index.js:2147:21

[Fatal Tool Error] ftp_analyze_workspace: Error: None of the available transfer strategies work. Last error response was 'Error: Client is closed because Timeout (control socket)'.
    at Client.prepareTransfer (C:\Users\steph\Documents\Git Projects\FlowdexMCP\node_modules\basic-ftp\dist\Client.js:721:19)
    at async Client.list (C:\Users\steph\Documents\Git Projects\FlowdexMCP\node_modules\basic-ftp\dist\Client.js:496:13)
    at async file:///C:/Users/steph/Documents/Git%20Projects/FlowdexMCP/index.js:2147:21

[Fatal Tool Error] ftp_analyze_workspace: Error: None of the available transfer strategies work. Last error response was 'Error: Client is closed because Timeout (control socket)'.
    at Client.prepareTransfer (C:\Users\steph\Documents\Git Projects\FlowdexMCP\node_modules\basic-ftp\dist\Client.js:721:19)
    at async Client.list (C:\Users\steph\Documents\Git Projects\FlowdexMCP\node_modules\basic-ftp\dist\Client.js:496:13)
    at async file:///C:/Users/steph/Documents/Git%20Projects/FlowdexMCP/index.js:2147:21

[Fatal Tool Error] ftp_analyze_workspace: Error: None of the available transfer strategies work. Last error response was 'Error: Client is closed because Timeout (control socket)'.
    at Client.prepareTransfer (C:\Users\steph\Documents\Git Projects\FlowdexMCP\node_modules\basic-ftp\dist\Client.js:721:19)
    at async Client.list (C:\Users\steph\Documents\Git Projects\FlowdexMCP\node_modules\basic-ftp\dist\Client.js:496:13)
    at async file:///C:/Users/steph/Documents/Git%20Projects/FlowdexMCP/index.js:2147:21

[Fatal Tool Error] ftp_analyze_workspace: Error: None of the available transfer strategies work. Last error response was 'Error: Client is closed because Timeout (control socket)'.
    at Client.prepareTransfer (C:\Users\steph\Documents\Git Projects\FlowdexMCP\node_modules\basic-ftp\dist\Client.js:721:19)
    at async Client.list (C:\Users\steph\Documents\Git Projects\FlowdexMCP\node_modules\basic-ftp\dist\Client.js:496:13)
    at async file:///C:/Users/steph/Documents/Git%20Projects/FlowdexMCP/index.js:2147:21

[Fatal Tool Error] ftp_analyze_workspace: Error: None of the available transfer strategies work. Last error response was 'Error: Client is closed because Timeout (control socket)'.
    at Client.prepareTransfer (C:\Users\steph\Documents\Git Projects\FlowdexMCP\node_modules\basic-ftp\dist\Client.js:721:19)
    at async Client.list (C:\Users\steph\Documents\Git Projects\FlowdexMCP\node_modules\basic-ftp\dist\Client.js:496:13)
    at async file:///C:/Users/steph/Documents/Git%20Projects/FlowdexMCP/index.js:2147:21

[Fatal Tool Error] ftp_analyze_workspace: Error: None of the available transfer strategies work. Last error response was 'Error: Client is closed because Timeout (control socket)'.
    at Client.prepareTransfer (C:\Users\steph\Documents\Git Projects\FlowdexMCP\node_modules\basic-ftp\dist\Client.js:721:19)
    at async Client.list (C:\Users\steph\Documents\Git Projects\FlowdexMCP\node_modules\basic-ftp\dist\Client.js:496:13)
    at async file:///C:/Users/steph/Documents/Git%20Projects/FlowdexMCP/index.js:2147:21

[Fatal Tool Error] ftp_analyze_workspace: Error: None of the available transfer strategies work. Last error response was 'Error: Client is closed because Timeout (control socket)'.
    at Client.prepareTransfer (C:\Users\steph\Documents\Git Projects\FlowdexMCP\node_modules\basic-ftp\dist\Client.js:721:19)
    at async Client.list (C:\Users\steph\Documents\Git Projects\FlowdexMCP\node_modules\basic-ftp\dist\Client.js:496:13)
    at async file:///C:/Users/steph/Documents/Git%20Projects/FlowdexMCP/index.js:2147:21

[Fatal Tool Error] ftp_analyze_workspace: Error: None of the available transfer strategies work. Last error response was 'Error: Client is closed because Timeout (control socket)'.
    at Client.prepareTransfer (C:\Users\steph\Documents\Git Projects\FlowdexMCP\node_modules\basic-ftp\dist\Client.js:721:19)
    at async Client.list (C:\Users\steph\Documents\Git Projects\FlowdexMCP\node_modules\basic-ftp\dist\Client.js:496:13)
    at async file:///C:/Users/steph/Documents/Git%20Projects/FlowdexMCP/index.js:2147:21

[Fatal Tool Error] ftp_analyze_workspace: Error: None of the available transfer strategies work. Last error response was 'Error: Client is closed because Timeout (control socket)'.
    at Client.prepareTransfer (C:\Users\steph\Documents\Git Projects\FlowdexMCP\node_modules\basic-ftp\dist\Client.js:721:19)
    at async Client.list (C:\Users\steph\Documents\Git Projects\FlowdexMCP\node_modules\basic-ftp\dist\Client.js:496:13)
    at async file:///C:/Users/steph/Documents/Git%20Projects/FlowdexMCP/index.js:2147:21

[Fatal Tool Error] ftp_analyze_workspace: Error: None of the available transfer strategies work. Last error response was 'Error: Client is closed because Timeout (control socket)'.
    at Client.prepareTransfer (C:\Users\steph\Documents\Git Projects\FlowdexMCP\node_modules\basic-ftp\dist\Client.js:721:19)
    at async Client.list (C:\Users\steph\Documents\Git Projects\FlowdexMCP\node_modules\basic-ftp\dist\Client.js:496:13)
    at async file:///C:/Users/steph/Documents/Git%20Projects/FlowdexMCP/index.js:2147:21

[Fatal Tool Error] ftp_analyze_workspace: Error: None of the available transfer strategies work. Last error response was 'Error: Client is closed because Timeout (control socket)'.
    at Client.prepareTransfer (C:\Users\steph\Documents\Git Projects\FlowdexMCP\node_modules\basic-ftp\dist\Client.js:721:19)
    at async Client.list (C:\Users\steph\Documents\Git Projects\FlowdexMCP\node_modules\basic-ftp\dist\Client.js:496:13)
    at async file:///C:/Users/steph/Documents/Git%20Projects/FlowdexMCP/index.js:2147:21

[Fatal Tool Error] ftp_analyze_workspace: Error: None of the available transfer strategies work. Last error response was 'Error: Client is closed because Timeout (control socket)'.
    at Client.prepareTransfer (C:\Users\steph\Documents\Git Projects\FlowdexMCP\node_modules\basic-ftp\dist\Client.js:721:19)
    at async Client.list (C:\Users\steph\Documents\Git Projects\FlowdexMCP\node_modules\basic-ftp\dist\Client.js:496:13)
    at async file:///C:/Users/steph/Documents/Git%20Projects/FlowdexMCP/index.js:2147:21

[Fatal Tool Error] ftp_analyze_workspace: Error: None of the available transfer strategies work. Last error response was 'Error: Client is closed because Timeout (control socket)'.
    at Client.prepareTransfer (C:\Users\steph\Documents\Git Projects\FlowdexMCP\node_modules\basic-ftp\dist\Client.js:721:19)
    at async Client.list (C:\Users\steph\Documents\Git Projects\FlowdexMCP\node_modules\basic-ftp\dist\Client.js:496:13)
    at async file:///C:/Users/steph/Documents/Git%20Projects/FlowdexMCP/index.js:2147:21

[Fatal Tool Error] ftp_analyze_workspace: Error: None of the available transfer strategies work. Last error response was 'Error: Client is closed because Timeout (control socket)'.
    at Client.prepareTransfer (C:\Users\steph\Documents\Git Projects\FlowdexMCP\node_modules\basic-ftp\dist\Client.js:721:19)
    at async Client.list (C:\Users\steph\Documents\Git Projects\FlowdexMCP\node_modules\basic-ftp\dist\Client.js:496:13)
    at async file:///C:/Users/steph/Documents/Git%20Projects/FlowdexMCP/index.js:2147:21

[Fatal Tool Error] ftp_analyze_workspace: Error: None of the available transfer strategies work. Last error response was 'Error: Client is closed because Timeout (control socket)'.
    at Client.prepareTransfer (C:\Users\steph\Documents\Git Projects\FlowdexMCP\node_modules\basic-ftp\dist\Client.js:721:19)
    at async Client.list (C:\Users\steph\Documents\Git Projects\FlowdexMCP\node_modules\basic-ftp\dist\Client.js:496:13)
    at async file:///C:/Users/steph/Documents/Git%20Projects/FlowdexMCP/index.js:2147:21

[Fatal Tool Error] ftp_analyze_workspace: Error: None of the available transfer strategies work. Last error response was 'Error: Client is closed because Timeout (control socket)'.
    at Client.prepareTransfer (C:\Users\steph\Documents\Git Projects\FlowdexMCP\node_modules\basic-ftp\dist\Client.js:721:19)
    at async Client.list (C:\Users\steph\Documents\Git Projects\FlowdexMCP\node_modules\basic-ftp\dist\Client.js:496:13)
    at async file:///C:/Users/steph/Documents/Git%20Projects/FlowdexMCP/index.js:2147:21


stderr | Test/features.test.js > Enterprise Features & Edge Cases > Remote search that doesn't suck > should search file contents
[Fatal Tool Error] ftp_search: Error: None of the available transfer strategies work. Last error response was 'Error: Client is closed because Timeout (control socket)'.
    at Client.prepareTransfer (C:\Users\steph\Documents\Git Projects\FlowdexMCP\node_modules\basic-ftp\dist\Client.js:721:19)
    at async Client.list (C:\Users\steph\Documents\Git Projects\FlowdexMCP\node_modules\basic-ftp\dist\Client.js:496:13)
    at async getTreeRecursive (file:///C:/Users/steph/Documents/Git%20Projects/FlowdexMCP/index.js:628:17)
    at async file:///C:/Users/steph/Documents/Git%20Projects/FlowdexMCP/index.js:2074:20

[Fatal Tool Error] ftp_search: Error: None of the available transfer strategies work. Last error response was 'Error: Client is closed because Timeout (control socket)'.
    at Client.prepareTransfer (C:\Users\steph\Documents\Git Projects\FlowdexMCP\node_modules\basic-ftp\dist\Client.js:721:19)
    at async Client.list (C:\Users\steph\Documents\Git Projects\FlowdexMCP\node_modules\basic-ftp\dist\Client.js:496:13)
    at async getTreeRecursive (file:///C:/Users/steph/Documents/Git%20Projects/FlowdexMCP/index.js:628:17)
    at async file:///C:/Users/steph/Documents/Git%20Projects/FlowdexMCP/index.js:2074:20

[Fatal Tool Error] ftp_search: Error: None of the available transfer strategies work. Last error response was 'Error: Client is closed because Timeout (control socket)'.
    at Client.prepareTransfer (C:\Users\steph\Documents\Git Projects\FlowdexMCP\node_modules\basic-ftp\dist\Client.js:721:19)
    at async Client.list (C:\Users\steph\Documents\Git Projects\FlowdexMCP\node_modules\basic-ftp\dist\Client.js:496:13)
    at async getTreeRecursive (file:///C:/Users/steph/Documents/Git%20Projects/FlowdexMCP/index.js:628:17)
    at async file:///C:/Users/steph/Documents/Git%20Projects/FlowdexMCP/index.js:2074:20

[Fatal Tool Error] ftp_search: Error: None of the available transfer strategies work. Last error response was 'Error: Client is closed because Timeout (control socket)'.
    at Client.prepareTransfer (C:\Users\steph\Documents\Git Projects\FlowdexMCP\node_modules\basic-ftp\dist\Client.js:721:19)
    at async Client.list (C:\Users\steph\Documents\Git Projects\FlowdexMCP\node_modules\basic-ftp\dist\Client.js:496:13)
    at async getTreeRecursive (file:///C:/Users/steph/Documents/Git%20Projects/FlowdexMCP/index.js:628:17)
    at async file:///C:/Users/steph/Documents/Git%20Projects/FlowdexMCP/index.js:2074:20

[Fatal Tool Error] ftp_search: Error: None of the available transfer strategies work. Last error response was 'Error: Client is closed because Timeout (control socket)'.
    at Client.prepareTransfer (C:\Users\steph\Documents\Git Projects\FlowdexMCP\node_modules\basic-ftp\dist\Client.js:721:19)
    at async Client.list (C:\Users\steph\Documents\Git Projects\FlowdexMCP\node_modules\basic-ftp\dist\Client.js:496:13)
    at async getTreeRecursive (file:///C:/Users/steph/Documents/Git%20Projects/FlowdexMCP/index.js:628:17)
    at async file:///C:/Users/steph/Documents/Git%20Projects/FlowdexMCP/index.js:2074:20

[Fatal Tool Error] ftp_search: Error: None of the available transfer strategies work. Last error response was 'Error: Client is closed because Timeout (control socket)'.
    at Client.prepareTransfer (C:\Users\steph\Documents\Git Projects\FlowdexMCP\node_modules\basic-ftp\dist\Client.js:721:19)
    at async Client.list (C:\Users\steph\Documents\Git Projects\FlowdexMCP\node_modules\basic-ftp\dist\Client.js:496:13)
    at async getTreeRecursive (file:///C:/Users/steph/Documents/Git%20Projects/FlowdexMCP/index.js:628:17)
    at async file:///C:/Users/steph/Documents/Git%20Projects/FlowdexMCP/index.js:2074:20

[Fatal Tool Error] ftp_search: Error: None of the available transfer strategies work. Last error response was 'Error: Client is closed because Timeout (control socket)'.
    at Client.prepareTransfer (C:\Users\steph\Documents\Git Projects\FlowdexMCP\node_modules\basic-ftp\dist\Client.js:721:19)
    at async Client.list (C:\Users\steph\Documents\Git Projects\FlowdexMCP\node_modules\basic-ftp\dist\Client.js:496:13)
    at async getTreeRecursive (file:///C:/Users/steph/Documents/Git%20Projects/FlowdexMCP/index.js:628:17)
    at async file:///C:/Users/steph/Documents/Git%20Projects/FlowdexMCP/index.js:2074:20

[Fatal Tool Error] ftp_search: Error: None of the available transfer strategies work. Last error response was 'Error: Client is closed because Timeout (control socket)'.
    at Client.prepareTransfer (C:\Users\steph\Documents\Git Projects\FlowdexMCP\node_modules\basic-ftp\dist\Client.js:721:19)
    at async Client.list (C:\Users\steph\Documents\Git Projects\FlowdexMCP\node_modules\basic-ftp\dist\Client.js:496:13)
    at async getTreeRecursive (file:///C:/Users/steph/Documents/Git%20Projects/FlowdexMCP/index.js:628:17)
    at async file:///C:/Users/steph/Documents/Git%20Projects/FlowdexMCP/index.js:2074:20

[Fatal Tool Error] ftp_search: Error: None of the available transfer strategies work. Last error response was 'Error: Client is closed because Timeout (control socket)'.
    at Client.prepareTransfer (C:\Users\steph\Documents\Git Projects\FlowdexMCP\node_modules\basic-ftp\dist\Client.js:721:19)
    at async Client.list (C:\Users\steph\Documents\Git Projects\FlowdexMCP\node_modules\basic-ftp\dist\Client.js:496:13)
    at async getTreeRecursive (file:///C:/Users/steph/Documents/Git%20Projects/FlowdexMCP/index.js:628:17)
    at async file:///C:/Users/steph/Documents/Git%20Projects/FlowdexMCP/index.js:2074:20

[Fatal Tool Error] ftp_search: Error: None of the available transfer strategies work. Last error response was 'Error: Client is closed because Timeout (control socket)'.
    at Client.prepareTransfer (C:\Users\steph\Documents\Git Projects\FlowdexMCP\node_modules\basic-ftp\dist\Client.js:721:19)
    at async Client.list (C:\Users\steph\Documents\Git Projects\FlowdexMCP\node_modules\basic-ftp\dist\Client.js:496:13)
    at async getTreeRecursive (file:///C:/Users/steph/Documents/Git%20Projects/FlowdexMCP/index.js:628:17)
    at async file:///C:/Users/steph/Documents/Git%20Projects/FlowdexMCP/index.js:2074:20

[Fatal Tool Error] ftp_search: Error: None of the available transfer strategies work. Last error response was 'Error: Client is closed because Timeout (control socket)'.
    at Client.prepareTransfer (C:\Users\steph\Documents\Git Projects\FlowdexMCP\node_modules\basic-ftp\dist\Client.js:721:19)
    at async Client.list (C:\Users\steph\Documents\Git Projects\FlowdexMCP\node_modules\basic-ftp\dist\Client.js:496:13)
    at async getTreeRecursive (file:///C:/Users/steph/Documents/Git%20Projects/FlowdexMCP/index.js:628:17)
    at async file:///C:/Users/steph/Documents/Git%20Projects/FlowdexMCP/index.js:2074:20

[Fatal Tool Error] ftp_search: Error: None of the available transfer strategies work. Last error response was 'Error: Client is closed because Timeout (control socket)'.
    at Client.prepareTransfer (C:\Users\steph\Documents\Git Projects\FlowdexMCP\node_modules\basic-ftp\dist\Client.js:721:19)
    at async Client.list (C:\Users\steph\Documents\Git Projects\FlowdexMCP\node_modules\basic-ftp\dist\Client.js:496:13)
    at async getTreeRecursive (file:///C:/Users/steph/Documents/Git%20Projects/FlowdexMCP/index.js:628:17)
    at async file:///C:/Users/steph/Documents/Git%20Projects/FlowdexMCP/index.js:2074:20

[Fatal Tool Error] ftp_search: Error: None of the available transfer strategies work. Last error response was 'Error: Client is closed because Timeout (control socket)'.
    at Client.prepareTransfer (C:\Users\steph\Documents\Git Projects\FlowdexMCP\node_modules\basic-ftp\dist\Client.js:721:19)
    at async Client.list (C:\Users\steph\Documents\Git Projects\FlowdexMCP\node_modules\basic-ftp\dist\Client.js:496:13)
    at async getTreeRecursive (file:///C:/Users/steph/Documents/Git%20Projects/FlowdexMCP/index.js:628:17)
    at async file:///C:/Users/steph/Documents/Git%20Projects/FlowdexMCP/index.js:2074:20

[Fatal Tool Error] ftp_search: Error: None of the available transfer strategies work. Last error response was 'Error: Client is closed because Timeout (control socket)'.
    at Client.prepareTransfer (C:\Users\steph\Documents\Git Projects\FlowdexMCP\node_modules\basic-ftp\dist\Client.js:721:19)
    at async Client.list (C:\Users\steph\Documents\Git Projects\FlowdexMCP\node_modules\basic-ftp\dist\Client.js:496:13)
    at async getTreeRecursive (file:///C:/Users/steph/Documents/Git%20Projects/FlowdexMCP/index.js:628:17)
    at async file:///C:/Users/steph/Documents/Git%20Projects/FlowdexMCP/index.js:2074:20

[Fatal Tool Error] ftp_search: Error: None of the available transfer strategies work. Last error response was 'Error: Client is closed because Timeout (control socket)'.
    at Client.prepareTransfer (C:\Users\steph\Documents\Git Projects\FlowdexMCP\node_modules\basic-ftp\dist\Client.js:721:19)
    at async Client.list (C:\Users\steph\Documents\Git Projects\FlowdexMCP\node_modules\basic-ftp\dist\Client.js:496:13)
    at async getTreeRecursive (file:///C:/Users/steph/Documents/Git%20Projects/FlowdexMCP/index.js:628:17)
    at async file:///C:/Users/steph/Documents/Git%20Projects/FlowdexMCP/index.js:2074:20

[Fatal Tool Error] ftp_search: Error: None of the available transfer strategies work. Last error response was 'Error: Client is closed because Timeout (control socket)'.
    at Client.prepareTransfer (C:\Users\steph\Documents\Git Projects\FlowdexMCP\node_modules\basic-ftp\dist\Client.js:721:19)
    at async Client.list (C:\Users\steph\Documents\Git Projects\FlowdexMCP\node_modules\basic-ftp\dist\Client.js:496:13)
    at async getTreeRecursive (file:///C:/Users/steph/Documents/Git%20Projects/FlowdexMCP/index.js:628:17)
    at async file:///C:/Users/steph/Documents/Git%20Projects/FlowdexMCP/index.js:2074:20

[Fatal Tool Error] ftp_search: Error: None of the available transfer strategies work. Last error response was 'Error: Client is closed because Timeout (control socket)'.
    at Client.prepareTransfer (C:\Users\steph\Documents\Git Projects\FlowdexMCP\node_modules\basic-ftp\dist\Client.js:721:19)
    at async Client.list (C:\Users\steph\Documents\Git Projects\FlowdexMCP\node_modules\basic-ftp\dist\Client.js:496:13)
    at async getTreeRecursive (file:///C:/Users/steph/Documents/Git%20Projects/FlowdexMCP/index.js:628:17)
    at async file:///C:/Users/steph/Documents/Git%20Projects/FlowdexMCP/index.js:2074:20

[Fatal Tool Error] ftp_search: Error: None of the available transfer strategies work. Last error response was 'Error: Client is closed because Timeout (control socket)'.
    at Client.prepareTransfer (C:\Users\steph\Documents\Git Projects\FlowdexMCP\node_modules\basic-ftp\dist\Client.js:721:19)
    at async Client.list (C:\Users\steph\Documents\Git Projects\FlowdexMCP\node_modules\basic-ftp\dist\Client.js:496:13)
    at async getTreeRecursive (file:///C:/Users/steph/Documents/Git%20Projects/FlowdexMCP/index.js:628:17)
    at async file:///C:/Users/steph/Documents/Git%20Projects/FlowdexMCP/index.js:2074:20

[Fatal Tool Error] ftp_search: Error: None of the available transfer strategies work. Last error response was 'Error: Client is closed because Timeout (control socket)'.
    at Client.prepareTransfer (C:\Users\steph\Documents\Git Projects\FlowdexMCP\node_modules\basic-ftp\dist\Client.js:721:19)
    at async Client.list (C:\Users\steph\Documents\Git Projects\FlowdexMCP\node_modules\basic-ftp\dist\Client.js:496:13)
    at async getTreeRecursive (file:///C:/Users/steph/Documents/Git%20Projects/FlowdexMCP/index.js:628:17)
    at async file:///C:/Users/steph/Documents/Git%20Projects/FlowdexMCP/index.js:2074:20

[Fatal Tool Error] ftp_search: Error: None of the available transfer strategies work. Last error response was 'Error: Client is closed because Timeout (control socket)'.
    at Client.prepareTransfer (C:\Users\steph\Documents\Git Projects\FlowdexMCP\node_modules\basic-ftp\dist\Client.js:721:19)
    at async Client.list (C:\Users\steph\Documents\Git Projects\FlowdexMCP\node_modules\basic-ftp\dist\Client.js:496:13)
    at async getTreeRecursive (file:///C:/Users/steph/Documents/Git%20Projects/FlowdexMCP/index.js:628:17)
    at async file:///C:/Users/steph/Documents/Git%20Projects/FlowdexMCP/index.js:2074:20

[Fatal Tool Error] ftp_search: Error: None of the available transfer strategies work. Last error response was 'Error: Client is closed because Timeout (control socket)'.
    at Client.prepareTransfer (C:\Users\steph\Documents\Git Projects\FlowdexMCP\node_modules\basic-ftp\dist\Client.js:721:19)
    at async Client.list (C:\Users\steph\Documents\Git Projects\FlowdexMCP\node_modules\basic-ftp\dist\Client.js:496:13)
    at async getTreeRecursive (file:///C:/Users/steph/Documents/Git%20Projects/FlowdexMCP/index.js:628:17)
    at async file:///C:/Users/steph/Documents/Git%20Projects/FlowdexMCP/index.js:2074:20

[Fatal Tool Error] ftp_search: Error: None of the available transfer strategies work. Last error response was 'Error: Client is closed because Timeout (control socket)'.
    at Client.prepareTransfer (C:\Users\steph\Documents\Git Projects\FlowdexMCP\node_modules\basic-ftp\dist\Client.js:721:19)
    at async Client.list (C:\Users\steph\Documents\Git Projects\FlowdexMCP\node_modules\basic-ftp\dist\Client.js:496:13)
    at async getTreeRecursive (file:///C:/Users/steph/Documents/Git%20Projects/FlowdexMCP/index.js:628:17)
    at async file:///C:/Users/steph/Documents/Git%20Projects/FlowdexMCP/index.js:2074:20

[Fatal Tool Error] ftp_search: Error: None of the available transfer strategies work. Last error response was 'Error: Client is closed because Timeout (control socket)'.
    at Client.prepareTransfer (C:\Users\steph\Documents\Git Projects\FlowdexMCP\node_modules\basic-ftp\dist\Client.js:721:19)
    at async Client.list (C:\Users\steph\Documents\Git Projects\FlowdexMCP\node_modules\basic-ftp\dist\Client.js:496:13)
    at async getTreeRecursive (file:///C:/Users/steph/Documents/Git%20Projects/FlowdexMCP/index.js:628:17)
    at async file:///C:/Users/steph/Documents/Git%20Projects/FlowdexMCP/index.js:2074:20

[Fatal Tool Error] ftp_search: Error: None of the available transfer strategies work. Last error response was 'Error: Client is closed because Timeout (control socket)'.
    at Client.prepareTransfer (C:\Users\steph\Documents\Git Projects\FlowdexMCP\node_modules\basic-ftp\dist\Client.js:721:19)
    at async Client.list (C:\Users\steph\Documents\Git Projects\FlowdexMCP\node_modules\basic-ftp\dist\Client.js:496:13)
    at async getTreeRecursive (file:///C:/Users/steph/Documents/Git%20Projects/FlowdexMCP/index.js:628:17)
    at async file:///C:/Users/steph/Documents/Git%20Projects/FlowdexMCP/index.js:2074:20

[Fatal Tool Error] ftp_search: Error: None of the available transfer strategies work. Last error response was 'Error: Client is closed because Timeout (control socket)'.
    at Client.prepareTransfer (C:\Users\steph\Documents\Git Projects\FlowdexMCP\node_modules\basic-ftp\dist\Client.js:721:19)
    at async Client.list (C:\Users\steph\Documents\Git Projects\FlowdexMCP\node_modules\basic-ftp\dist\Client.js:496:13)
    at async getTreeRecursive (file:///C:/Users/steph/Documents/Git%20Projects/FlowdexMCP/index.js:628:17)
    at async file:///C:/Users/steph/Documents/Git%20Projects/FlowdexMCP/index.js:2074:20

[Fatal Tool Error] ftp_search: Error: None of the available transfer strategies work. Last error response was 'Error: Client is closed because Timeout (control socket)'.
    at Client.prepareTransfer (C:\Users\steph\Documents\Git Projects\FlowdexMCP\node_modules\basic-ftp\dist\Client.js:721:19)
    at async Client.list (C:\Users\steph\Documents\Git Projects\FlowdexMCP\node_modules\basic-ftp\dist\Client.js:496:13)
    at async getTreeRecursive (file:///C:/Users/steph/Documents/Git%20Projects/FlowdexMCP/index.js:628:17)
    at async file:///C:/Users/steph/Documents/Git%20Projects/FlowdexMCP/index.js:2074:20


stderr | Test/features.test.js > Enterprise Features & Edge Cases > Remote search that doesn't suck > should find likely configs
[Fatal Tool Error] ftp_search: Error: None of the available transfer strategies work. Last error response was 'Error: Client is closed because Timeout (control socket)'.
    at Client.prepareTransfer (C:\Users\steph\Documents\Git Projects\FlowdexMCP\node_modules\basic-ftp\dist\Client.js:721:19)
    at async Client.list (C:\Users\steph\Documents\Git Projects\FlowdexMCP\node_modules\basic-ftp\dist\Client.js:496:13)
    at async getTreeRecursive (file:///C:/Users/steph/Documents/Git%20Projects/FlowdexMCP/index.js:628:17)
    at async file:///C:/Users/steph/Documents/Git%20Projects/FlowdexMCP/index.js:2074:20

[Fatal Tool Error] ftp_search: Error: None of the available transfer strategies work. Last error response was 'Error: Client is closed because Timeout (control socket)'.
    at Client.prepareTransfer (C:\Users\steph\Documents\Git Projects\FlowdexMCP\node_modules\basic-ftp\dist\Client.js:721:19)
    at async Client.list (C:\Users\steph\Documents\Git Projects\FlowdexMCP\node_modules\basic-ftp\dist\Client.js:496:13)
    at async getTreeRecursive (file:///C:/Users/steph/Documents/Git%20Projects/FlowdexMCP/index.js:628:17)
    at async file:///C:/Users/steph/Documents/Git%20Projects/FlowdexMCP/index.js:2074:20

[Fatal Tool Error] ftp_search: Error: None of the available transfer strategies work. Last error response was 'Error: Client is closed because Timeout (control socket)'.
    at Client.prepareTransfer (C:\Users\steph\Documents\Git Projects\FlowdexMCP\node_modules\basic-ftp\dist\Client.js:721:19)
    at async Client.list (C:\Users\steph\Documents\Git Projects\FlowdexMCP\node_modules\basic-ftp\dist\Client.js:496:13)
    at async getTreeRecursive (file:///C:/Users/steph/Documents/Git%20Projects/FlowdexMCP/index.js:628:17)
    at async file:///C:/Users/steph/Documents/Git%20Projects/FlowdexMCP/index.js:2074:20

[Fatal Tool Error] ftp_search: Error: None of the available transfer strategies work. Last error response was 'Error: Client is closed because Timeout (control socket)'.
    at Client.prepareTransfer (C:\Users\steph\Documents\Git Projects\FlowdexMCP\node_modules\basic-ftp\dist\Client.js:721:19)
    at async Client.list (C:\Users\steph\Documents\Git Projects\FlowdexMCP\node_modules\basic-ftp\dist\Client.js:496:13)
    at async getTreeRecursive (file:///C:/Users/steph/Documents/Git%20Projects/FlowdexMCP/index.js:628:17)
    at async file:///C:/Users/steph/Documents/Git%20Projects/FlowdexMCP/index.js:2074:20

[Fatal Tool Error] ftp_search: Error: None of the available transfer strategies work. Last error response was 'Error: Client is closed because Timeout (control socket)'.
    at Client.prepareTransfer (C:\Users\steph\Documents\Git Projects\FlowdexMCP\node_modules\basic-ftp\dist\Client.js:721:19)
    at async Client.list (C:\Users\steph\Documents\Git Projects\FlowdexMCP\node_modules\basic-ftp\dist\Client.js:496:13)
    at async getTreeRecursive (file:///C:/Users/steph/Documents/Git%20Projects/FlowdexMCP/index.js:628:17)
    at async file:///C:/Users/steph/Documents/Git%20Projects/FlowdexMCP/index.js:2074:20

[Fatal Tool Error] ftp_search: Error: None of the available transfer strategies work. Last error response was 'Error: Client is closed because Timeout (control socket)'.
    at Client.prepareTransfer (C:\Users\steph\Documents\Git Projects\FlowdexMCP\node_modules\basic-ftp\dist\Client.js:721:19)
    at async Client.list (C:\Users\steph\Documents\Git Projects\FlowdexMCP\node_modules\basic-ftp\dist\Client.js:496:13)
    at async getTreeRecursive (file:///C:/Users/steph/Documents/Git%20Projects/FlowdexMCP/index.js:628:17)
    at async file:///C:/Users/steph/Documents/Git%20Projects/FlowdexMCP/index.js:2074:20

[Fatal Tool Error] ftp_search: Error: None of the available transfer strategies work. Last error response was 'Error: Client is closed because Timeout (control socket)'.
    at Client.prepareTransfer (C:\Users\steph\Documents\Git Projects\FlowdexMCP\node_modules\basic-ftp\dist\Client.js:721:19)
    at async Client.list (C:\Users\steph\Documents\Git Projects\FlowdexMCP\node_modules\basic-ftp\dist\Client.js:496:13)
    at async getTreeRecursive (file:///C:/Users/steph/Documents/Git%20Projects/FlowdexMCP/index.js:628:17)
    at async file:///C:/Users/steph/Documents/Git%20Projects/FlowdexMCP/index.js:2074:20

[Fatal Tool Error] ftp_search: Error: None of the available transfer strategies work. Last error response was 'Error: Client is closed because Timeout (control socket)'.
    at Client.prepareTransfer (C:\Users\steph\Documents\Git Projects\FlowdexMCP\node_modules\basic-ftp\dist\Client.js:721:19)
    at async Client.list (C:\Users\steph\Documents\Git Projects\FlowdexMCP\node_modules\basic-ftp\dist\Client.js:496:13)
    at async getTreeRecursive (file:///C:/Users/steph/Documents/Git%20Projects/FlowdexMCP/index.js:628:17)
    at async file:///C:/Users/steph/Documents/Git%20Projects/FlowdexMCP/index.js:2074:20

[Fatal Tool Error] ftp_search: Error: None of the available transfer strategies work. Last error response was 'Error: Client is closed because Timeout (control socket)'.
    at Client.prepareTransfer (C:\Users\steph\Documents\Git Projects\FlowdexMCP\node_modules\basic-ftp\dist\Client.js:721:19)
    at async Client.list (C:\Users\steph\Documents\Git Projects\FlowdexMCP\node_modules\basic-ftp\dist\Client.js:496:13)
    at async getTreeRecursive (file:///C:/Users/steph/Documents/Git%20Projects/FlowdexMCP/index.js:628:17)
    at async file:///C:/Users/steph/Documents/Git%20Projects/FlowdexMCP/index.js:2074:20

[Fatal Tool Error] ftp_search: Error: None of the available transfer strategies work. Last error response was 'Error: Client is closed because Timeout (control socket)'.
    at Client.prepareTransfer (C:\Users\steph\Documents\Git Projects\FlowdexMCP\node_modules\basic-ftp\dist\Client.js:721:19)
    at async Client.list (C:\Users\steph\Documents\Git Projects\FlowdexMCP\node_modules\basic-ftp\dist\Client.js:496:13)
    at async getTreeRecursive (file:///C:/Users/steph/Documents/Git%20Projects/FlowdexMCP/index.js:628:17)
    at async file:///C:/Users/steph/Documents/Git%20Projects/FlowdexMCP/index.js:2074:20

[Fatal Tool Error] ftp_search: Error: None of the available transfer strategies work. Last error response was 'Error: Client is closed because Timeout (control socket)'.
    at Client.prepareTransfer (C:\Users\steph\Documents\Git Projects\FlowdexMCP\node_modules\basic-ftp\dist\Client.js:721:19)
    at async Client.list (C:\Users\steph\Documents\Git Projects\FlowdexMCP\node_modules\basic-ftp\dist\Client.js:496:13)
    at async getTreeRecursive (file:///C:/Users/steph/Documents/Git%20Projects/FlowdexMCP/index.js:628:17)
    at async file:///C:/Users/steph/Documents/Git%20Projects/FlowdexMCP/index.js:2074:20

[Fatal Tool Error] ftp_search: Error: None of the available transfer strategies work. Last error response was 'Error: Client is closed because Timeout (control socket)'.
    at Client.prepareTransfer (C:\Users\steph\Documents\Git Projects\FlowdexMCP\node_modules\basic-ftp\dist\Client.js:721:19)
    at async Client.list (C:\Users\steph\Documents\Git Projects\FlowdexMCP\node_modules\basic-ftp\dist\Client.js:496:13)
    at async getTreeRecursive (file:///C:/Users/steph/Documents/Git%20Projects/FlowdexMCP/index.js:628:17)
    at async file:///C:/Users/steph/Documents/Git%20Projects/FlowdexMCP/index.js:2074:20

[Fatal Tool Error] ftp_search: Error: None of the available transfer strategies work. Last error response was 'Error: Client is closed because Timeout (control socket)'.
    at Client.prepareTransfer (C:\Users\steph\Documents\Git Projects\FlowdexMCP\node_modules\basic-ftp\dist\Client.js:721:19)
    at async Client.list (C:\Users\steph\Documents\Git Projects\FlowdexMCP\node_modules\basic-ftp\dist\Client.js:496:13)
    at async getTreeRecursive (file:///C:/Users/steph/Documents/Git%20Projects/FlowdexMCP/index.js:628:17)
    at async file:///C:/Users/steph/Documents/Git%20Projects/FlowdexMCP/index.js:2074:20

[Fatal Tool Error] ftp_search: Error: None of the available transfer strategies work. Last error response was 'Error: Client is closed because Timeout (control socket)'.
    at Client.prepareTransfer (C:\Users\steph\Documents\Git Projects\FlowdexMCP\node_modules\basic-ftp\dist\Client.js:721:19)
    at async Client.list (C:\Users\steph\Documents\Git Projects\FlowdexMCP\node_modules\basic-ftp\dist\Client.js:496:13)
    at async getTreeRecursive (file:///C:/Users/steph/Documents/Git%20Projects/FlowdexMCP/index.js:628:17)
    at async file:///C:/Users/steph/Documents/Git%20Projects/FlowdexMCP/index.js:2074:20

[Fatal Tool Error] ftp_search: Error: None of the available transfer strategies work. Last error response was 'Error: Client is closed because Timeout (control socket)'.
    at Client.prepareTransfer (C:\Users\steph\Documents\Git Projects\FlowdexMCP\node_modules\basic-ftp\dist\Client.js:721:19)
    at async Client.list (C:\Users\steph\Documents\Git Projects\FlowdexMCP\node_modules\basic-ftp\dist\Client.js:496:13)
    at async getTreeRecursive (file:///C:/Users/steph/Documents/Git%20Projects/FlowdexMCP/index.js:628:17)
    at async file:///C:/Users/steph/Documents/Git%20Projects/FlowdexMCP/index.js:2074:20

[Fatal Tool Error] ftp_search: Error: None of the available transfer strategies work. Last error response was 'Error: Client is closed because Timeout (control socket)'.
    at Client.prepareTransfer (C:\Users\steph\Documents\Git Projects\FlowdexMCP\node_modules\basic-ftp\dist\Client.js:721:19)
    at async Client.list (C:\Users\steph\Documents\Git Projects\FlowdexMCP\node_modules\basic-ftp\dist\Client.js:496:13)
    at async getTreeRecursive (file:///C:/Users/steph/Documents/Git%20Projects/FlowdexMCP/index.js:628:17)
    at async file:///C:/Users/steph/Documents/Git%20Projects/FlowdexMCP/index.js:2074:20

[Fatal Tool Error] ftp_search: Error: None of the available transfer strategies work. Last error response was 'Error: Client is closed because Timeout (control socket)'.
    at Client.prepareTransfer (C:\Users\steph\Documents\Git Projects\FlowdexMCP\node_modules\basic-ftp\dist\Client.js:721:19)
    at async Client.list (C:\Users\steph\Documents\Git Projects\FlowdexMCP\node_modules\basic-ftp\dist\Client.js:496:13)
    at async getTreeRecursive (file:///C:/Users/steph/Documents/Git%20Projects/FlowdexMCP/index.js:628:17)
    at async file:///C:/Users/steph/Documents/Git%20Projects/FlowdexMCP/index.js:2074:20

[Fatal Tool Error] ftp_search: Error: None of the available transfer strategies work. Last error response was 'Error: Client is closed because Timeout (control socket)'.
    at Client.prepareTransfer (C:\Users\steph\Documents\Git Projects\FlowdexMCP\node_modules\basic-ftp\dist\Client.js:721:19)
    at async Client.list (C:\Users\steph\Documents\Git Projects\FlowdexMCP\node_modules\basic-ftp\dist\Client.js:496:13)
    at async getTreeRecursive (file:///C:/Users/steph/Documents/Git%20Projects/FlowdexMCP/index.js:628:17)
    at async file:///C:/Users/steph/Documents/Git%20Projects/FlowdexMCP/index.js:2074:20

[Fatal Tool Error] ftp_search: Error: None of the available transfer strategies work. Last error response was 'Error: Client is closed because Timeout (control socket)'.
    at Client.prepareTransfer (C:\Users\steph\Documents\Git Projects\FlowdexMCP\node_modules\basic-ftp\dist\Client.js:721:19)
    at async Client.list (C:\Users\steph\Documents\Git Projects\FlowdexMCP\node_modules\basic-ftp\dist\Client.js:496:13)
    at async getTreeRecursive (file:///C:/Users/steph/Documents/Git%20Projects/FlowdexMCP/index.js:628:17)
    at async file:///C:/Users/steph/Documents/Git%20Projects/FlowdexMCP/index.js:2074:20

[Fatal Tool Error] ftp_search: Error: None of the available transfer strategies work. Last error response was 'Error: Client is closed because Timeout (control socket)'.
    at Client.prepareTransfer (C:\Users\steph\Documents\Git Projects\FlowdexMCP\node_modules\basic-ftp\dist\Client.js:721:19)
    at async Client.list (C:\Users\steph\Documents\Git Projects\FlowdexMCP\node_modules\basic-ftp\dist\Client.js:496:13)
    at async getTreeRecursive (file:///C:/Users/steph/Documents/Git%20Projects/FlowdexMCP/index.js:628:17)
    at async file:///C:/Users/steph/Documents/Git%20Projects/FlowdexMCP/index.js:2074:20

[Fatal Tool Error] ftp_search: Error: None of the available transfer strategies work. Last error response was 'Error: Client is closed because Timeout (control socket)'.
    at Client.prepareTransfer (C:\Users\steph\Documents\Git Projects\FlowdexMCP\node_modules\basic-ftp\dist\Client.js:721:19)
    at async Client.list (C:\Users\steph\Documents\Git Projects\FlowdexMCP\node_modules\basic-ftp\dist\Client.js:496:13)
    at async getTreeRecursive (file:///C:/Users/steph/Documents/Git%20Projects/FlowdexMCP/index.js:628:17)
    at async file:///C:/Users/steph/Documents/Git%20Projects/FlowdexMCP/index.js:2074:20

[Fatal Tool Error] ftp_search: Error: None of the available transfer strategies work. Last error response was 'Error: Client is closed because Timeout (control socket)'.
    at Client.prepareTransfer (C:\Users\steph\Documents\Git Projects\FlowdexMCP\node_modules\basic-ftp\dist\Client.js:721:19)
    at async Client.list (C:\Users\steph\Documents\Git Projects\FlowdexMCP\node_modules\basic-ftp\dist\Client.js:496:13)
    at async getTreeRecursive (file:///C:/Users/steph/Documents/Git%20Projects/FlowdexMCP/index.js:628:17)
    at async file:///C:/Users/steph/Documents/Git%20Projects/FlowdexMCP/index.js:2074:20

[Fatal Tool Error] ftp_search: Error: None of the available transfer strategies work. Last error response was 'Error: Client is closed because Timeout (control socket)'.
    at Client.prepareTransfer (C:\Users\steph\Documents\Git Projects\FlowdexMCP\node_modules\basic-ftp\dist\Client.js:721:19)
    at async Client.list (C:\Users\steph\Documents\Git Projects\FlowdexMCP\node_modules\basic-ftp\dist\Client.js:496:13)
    at async getTreeRecursive (file:///C:/Users/steph/Documents/Git%20Projects/FlowdexMCP/index.js:628:17)
    at async file:///C:/Users/steph/Documents/Git%20Projects/FlowdexMCP/index.js:2074:20

[Fatal Tool Error] ftp_search: Error: None of the available transfer strategies work. Last error response was 'Error: Client is closed because Timeout (control socket)'.
    at Client.prepareTransfer (C:\Users\steph\Documents\Git Projects\FlowdexMCP\node_modules\basic-ftp\dist\Client.js:721:19)
    at async Client.list (C:\Users\steph\Documents\Git Projects\FlowdexMCP\node_modules\basic-ftp\dist\Client.js:496:13)
    at async getTreeRecursive (file:///C:/Users/steph/Documents/Git%20Projects/FlowdexMCP/index.js:628:17)
    at async file:///C:/Users/steph/Documents/Git%20Projects/FlowdexMCP/index.js:2074:20

[Fatal Tool Error] ftp_search: Error: None of the available transfer strategies work. Last error response was 'Error: Client is closed because Timeout (control socket)'.
    at Client.prepareTransfer (C:\Users\steph\Documents\Git Projects\FlowdexMCP\node_modules\basic-ftp\dist\Client.js:721:19)
    at async Client.list (C:\Users\steph\Documents\Git Projects\FlowdexMCP\node_modules\basic-ftp\dist\Client.js:496:13)
    at async getTreeRecursive (file:///C:/Users/steph/Documents/Git%20Projects/FlowdexMCP/index.js:628:17)
    at async file:///C:/Users/steph/Documents/Git%20Projects/FlowdexMCP/index.js:2074:20

[Fatal Tool Error] ftp_search: Error: None of the available transfer strategies work. Last error response was 'Error: Client is closed because Timeout (control socket)'.
    at Client.prepareTransfer (C:\Users\steph\Documents\Git Projects\FlowdexMCP\node_modules\basic-ftp\dist\Client.js:721:19)
    at async Client.list (C:\Users\steph\Documents\Git Projects\FlowdexMCP\node_modules\basic-ftp\dist\Client.js:496:13)
    at async getTreeRecursive (file:///C:/Users/steph/Documents/Git%20Projects/FlowdexMCP/index.js:628:17)
    at async file:///C:/Users/steph/Documents/Git%20Projects/FlowdexMCP/index.js:2074:20

[Fatal Tool Error] ftp_search: Error: None of the available transfer strategies work. Last error response was 'Error: Client is closed because Timeout (control socket)'.
    at Client.prepareTransfer (C:\Users\steph\Documents\Git Projects\FlowdexMCP\node_modules\basic-ftp\dist\Client.js:721:19)
    at async Client.list (C:\Users\steph\Documents\Git Projects\FlowdexMCP\node_modules\basic-ftp\dist\Client.js:496:13)
    at async getTreeRecursive (file:///C:/Users/steph/Documents/Git%20Projects/FlowdexMCP/index.js:628:17)
    at async file:///C:/Users/steph/Documents/Git%20Projects/FlowdexMCP/index.js:2074:20

[Fatal Tool Error] ftp_search: Error: None of the available transfer strategies work. Last error response was 'Error: Client is closed because Timeout (control socket)'.
    at Client.prepareTransfer (C:\Users\steph\Documents\Git Projects\FlowdexMCP\node_modules\basic-ftp\dist\Client.js:721:19)
    at async Client.list (C:\Users\steph\Documents\Git Projects\FlowdexMCP\node_modules\basic-ftp\dist\Client.js:496:13)
    at async getTreeRecursive (file:///C:/Users/steph/Documents/Git%20Projects/FlowdexMCP/index.js:628:17)
    at async file:///C:/Users/steph/Documents/Git%20Projects/FlowdexMCP/index.js:2074:20


stderr | Test/features.test.js > Enterprise Features & Edge Cases > Connection health telemetry > should return telemetry data
[Fatal Tool Error] ftp_list: Error: None of the available transfer strategies work. Last error response was 'Error: Client is closed because Timeout (control socket)'.
    at Client.prepareTransfer (C:\Users\steph\Documents\Git Projects\FlowdexMCP\node_modules\basic-ftp\dist\Client.js:721:19)
    at async Client.list (C:\Users\steph\Documents\Git Projects\FlowdexMCP\node_modules\basic-ftp\dist\Client.js:496:13)
    at async file:///C:/Users/steph/Documents/Git%20Projects/FlowdexMCP/index.js:1791:21

[Fatal Tool Error] ftp_list: Error: None of the available transfer strategies work. Last error response was 'Error: Client is closed because Timeout (control socket)'.
    at Client.prepareTransfer (C:\Users\steph\Documents\Git Projects\FlowdexMCP\node_modules\basic-ftp\dist\Client.js:721:19)
    at async Client.list (C:\Users\steph\Documents\Git Projects\FlowdexMCP\node_modules\basic-ftp\dist\Client.js:496:13)
    at async file:///C:/Users/steph/Documents/Git%20Projects/FlowdexMCP/index.js:1791:21

[Fatal Tool Error] ftp_list: Error: None of the available transfer strategies work. Last error response was 'Error: Client is closed because Timeout (control socket)'.
    at Client.prepareTransfer (C:\Users\steph\Documents\Git Projects\FlowdexMCP\node_modules\basic-ftp\dist\Client.js:721:19)
    at async Client.list (C:\Users\steph\Documents\Git Projects\FlowdexMCP\node_modules\basic-ftp\dist\Client.js:496:13)
    at async file:///C:/Users/steph/Documents/Git%20Projects/FlowdexMCP/index.js:1791:21

[Fatal Tool Error] ftp_list: Error: None of the available transfer strategies work. Last error response was 'Error: Client is closed because Timeout (control socket)'.
    at Client.prepareTransfer (C:\Users\steph\Documents\Git Projects\FlowdexMCP\node_modules\basic-ftp\dist\Client.js:721:19)
    at async Client.list (C:\Users\steph\Documents\Git Projects\FlowdexMCP\node_modules\basic-ftp\dist\Client.js:496:13)
    at async file:///C:/Users/steph/Documents/Git%20Projects/FlowdexMCP/index.js:1791:21

[Fatal Tool Error] ftp_list: Error: None of the available transfer strategies work. Last error response was 'Error: Client is closed because Timeout (control socket)'.
    at Client.prepareTransfer (C:\Users\steph\Documents\Git Projects\FlowdexMCP\node_modules\basic-ftp\dist\Client.js:721:19)
    at async Client.list (C:\Users\steph\Documents\Git Projects\FlowdexMCP\node_modules\basic-ftp\dist\Client.js:496:13)
    at async file:///C:/Users/steph/Documents/Git%20Projects/FlowdexMCP/index.js:1791:21

[Fatal Tool Error] ftp_list: Error: None of the available transfer strategies work. Last error response was 'Error: Client is closed because Timeout (control socket)'.
    at Client.prepareTransfer (C:\Users\steph\Documents\Git Projects\FlowdexMCP\node_modules\basic-ftp\dist\Client.js:721:19)
    at async Client.list (C:\Users\steph\Documents\Git Projects\FlowdexMCP\node_modules\basic-ftp\dist\Client.js:496:13)
    at async file:///C:/Users/steph/Documents/Git%20Projects/FlowdexMCP/index.js:1791:21

[Fatal Tool Error] ftp_list: Error: None of the available transfer strategies work. Last error response was 'Error: Client is closed because Timeout (control socket)'.
    at Client.prepareTransfer (C:\Users\steph\Documents\Git Projects\FlowdexMCP\node_modules\basic-ftp\dist\Client.js:721:19)
    at async Client.list (C:\Users\steph\Documents\Git Projects\FlowdexMCP\node_modules\basic-ftp\dist\Client.js:496:13)
    at async file:///C:/Users/steph/Documents/Git%20Projects/FlowdexMCP/index.js:1791:21

[Fatal Tool Error] ftp_list: Error: None of the available transfer strategies work. Last error response was 'Error: Client is closed because Timeout (control socket)'.
    at Client.prepareTransfer (C:\Users\steph\Documents\Git Projects\FlowdexMCP\node_modules\basic-ftp\dist\Client.js:721:19)
    at async Client.list (C:\Users\steph\Documents\Git Projects\FlowdexMCP\node_modules\basic-ftp\dist\Client.js:496:13)
    at async file:///C:/Users/steph/Documents/Git%20Projects/FlowdexMCP/index.js:1791:21

[Fatal Tool Error] ftp_list: Error: None of the available transfer strategies work. Last error response was 'Error: Client is closed because Timeout (control socket)'.
    at Client.prepareTransfer (C:\Users\steph\Documents\Git Projects\FlowdexMCP\node_modules\basic-ftp\dist\Client.js:721:19)
    at async Client.list (C:\Users\steph\Documents\Git Projects\FlowdexMCP\node_modules\basic-ftp\dist\Client.js:496:13)
    at async file:///C:/Users/steph/Documents/Git%20Projects/FlowdexMCP/index.js:1791:21

[Fatal Tool Error] ftp_list: Error: None of the available transfer strategies work. Last error response was 'Error: Client is closed because Timeout (control socket)'.
    at Client.prepareTransfer (C:\Users\steph\Documents\Git Projects\FlowdexMCP\node_modules\basic-ftp\dist\Client.js:721:19)
    at async Client.list (C:\Users\steph\Documents\Git Projects\FlowdexMCP\node_modules\basic-ftp\dist\Client.js:496:13)
    at async file:///C:/Users/steph/Documents/Git%20Projects/FlowdexMCP/index.js:1791:21

[Fatal Tool Error] ftp_list: Error: None of the available transfer strategies work. Last error response was 'Error: Client is closed because Timeout (control socket)'.
    at Client.prepareTransfer (C:\Users\steph\Documents\Git Projects\FlowdexMCP\node_modules\basic-ftp\dist\Client.js:721:19)
    at async Client.list (C:\Users\steph\Documents\Git Projects\FlowdexMCP\node_modules\basic-ftp\dist\Client.js:496:13)
    at async file:///C:/Users/steph/Documents/Git%20Projects/FlowdexMCP/index.js:1791:21

[Fatal Tool Error] ftp_list: Error: None of the available transfer strategies work. Last error response was 'Error: Client is closed because Timeout (control socket)'.
    at Client.prepareTransfer (C:\Users\steph\Documents\Git Projects\FlowdexMCP\node_modules\basic-ftp\dist\Client.js:721:19)
    at async Client.list (C:\Users\steph\Documents\Git Projects\FlowdexMCP\node_modules\basic-ftp\dist\Client.js:496:13)
    at async file:///C:/Users/steph/Documents/Git%20Projects/FlowdexMCP/index.js:1791:21

[Fatal Tool Error] ftp_list: Error: None of the available transfer strategies work. Last error response was 'Error: Client is closed because Timeout (control socket)'.
    at Client.prepareTransfer (C:\Users\steph\Documents\Git Projects\FlowdexMCP\node_modules\basic-ftp\dist\Client.js:721:19)
    at async Client.list (C:\Users\steph\Documents\Git Projects\FlowdexMCP\node_modules\basic-ftp\dist\Client.js:496:13)
    at async file:///C:/Users/steph/Documents/Git%20Projects/FlowdexMCP/index.js:1791:21

[Fatal Tool Error] ftp_list: Error: None of the available transfer strategies work. Last error response was 'Error: Client is closed because Timeout (control socket)'.
    at Client.prepareTransfer (C:\Users\steph\Documents\Git Projects\FlowdexMCP\node_modules\basic-ftp\dist\Client.js:721:19)
    at async Client.list (C:\Users\steph\Documents\Git Projects\FlowdexMCP\node_modules\basic-ftp\dist\Client.js:496:13)
    at async file:///C:/Users/steph/Documents/Git%20Projects/FlowdexMCP/index.js:1791:21

[Fatal Tool Error] ftp_list: Error: None of the available transfer strategies work. Last error response was 'Error: Client is closed because Timeout (control socket)'.
    at Client.prepareTransfer (C:\Users\steph\Documents\Git Projects\FlowdexMCP\node_modules\basic-ftp\dist\Client.js:721:19)
    at async Client.list (C:\Users\steph\Documents\Git Projects\FlowdexMCP\node_modules\basic-ftp\dist\Client.js:496:13)
    at async file:///C:/Users/steph/Documents/Git%20Projects/FlowdexMCP/index.js:1791:21

[Fatal Tool Error] ftp_list: Error: None of the available transfer strategies work. Last error response was 'Error: Client is closed because Timeout (control socket)'.
    at Client.prepareTransfer (C:\Users\steph\Documents\Git Projects\FlowdexMCP\node_modules\basic-ftp\dist\Client.js:721:19)
    at async Client.list (C:\Users\steph\Documents\Git Projects\FlowdexMCP\node_modules\basic-ftp\dist\Client.js:496:13)
    at async file:///C:/Users/steph/Documents/Git%20Projects/FlowdexMCP/index.js:1791:21

[Fatal Tool Error] ftp_list: Error: None of the available transfer strategies work. Last error response was 'Error: Client is closed because Timeout (control socket)'.
    at Client.prepareTransfer (C:\Users\steph\Documents\Git Projects\FlowdexMCP\node_modules\basic-ftp\dist\Client.js:721:19)
    at async Client.list (C:\Users\steph\Documents\Git Projects\FlowdexMCP\node_modules\basic-ftp\dist\Client.js:496:13)
    at async file:///C:/Users/steph/Documents/Git%20Projects/FlowdexMCP/index.js:1791:21

[Fatal Tool Error] ftp_list: Error: None of the available transfer strategies work. Last error response was 'Error: Client is closed because Timeout (control socket)'.
    at Client.prepareTransfer (C:\Users\steph\Documents\Git Projects\FlowdexMCP\node_modules\basic-ftp\dist\Client.js:721:19)
    at async Client.list (C:\Users\steph\Documents\Git Projects\FlowdexMCP\node_modules\basic-ftp\dist\Client.js:496:13)
    at async file:///C:/Users/steph/Documents/Git%20Projects/FlowdexMCP/index.js:1791:21

[Fatal Tool Error] ftp_list: Error: None of the available transfer strategies work. Last error response was 'Error: Client is closed because Timeout (control socket)'.
    at Client.prepareTransfer (C:\Users\steph\Documents\Git Projects\FlowdexMCP\node_modules\basic-ftp\dist\Client.js:721:19)
    at async Client.list (C:\Users\steph\Documents\Git Projects\FlowdexMCP\node_modules\basic-ftp\dist\Client.js:496:13)
    at async file:///C:/Users/steph/Documents/Git%20Projects/FlowdexMCP/index.js:1791:21

[Fatal Tool Error] ftp_list: Error: None of the available transfer strategies work. Last error response was 'Error: Client is closed because Timeout (control socket)'.
    at Client.prepareTransfer (C:\Users\steph\Documents\Git Projects\FlowdexMCP\node_modules\basic-ftp\dist\Client.js:721:19)
    at async Client.list (C:\Users\steph\Documents\Git Projects\FlowdexMCP\node_modules\basic-ftp\dist\Client.js:496:13)
    at async file:///C:/Users/steph/Documents/Git%20Projects/FlowdexMCP/index.js:1791:21

[Fatal Tool Error] ftp_list: Error: None of the available transfer strategies work. Last error response was 'Error: Client is closed because Timeout (control socket)'.
    at Client.prepareTransfer (C:\Users\steph\Documents\Git Projects\FlowdexMCP\node_modules\basic-ftp\dist\Client.js:721:19)
    at async Client.list (C:\Users\steph\Documents\Git Projects\FlowdexMCP\node_modules\basic-ftp\dist\Client.js:496:13)
    at async file:///C:/Users/steph/Documents/Git%20Projects/FlowdexMCP/index.js:1791:21

[Fatal Tool Error] ftp_list: Error: None of the available transfer strategies work. Last error response was 'Error: Client is closed because Timeout (control socket)'.
    at Client.prepareTransfer (C:\Users\steph\Documents\Git Projects\FlowdexMCP\node_modules\basic-ftp\dist\Client.js:721:19)
    at async Client.list (C:\Users\steph\Documents\Git Projects\FlowdexMCP\node_modules\basic-ftp\dist\Client.js:496:13)
    at async file:///C:/Users/steph/Documents/Git%20Projects/FlowdexMCP/index.js:1791:21

[Fatal Tool Error] ftp_list: Error: None of the available transfer strategies work. Last error response was 'Error: Client is closed because Timeout (control socket)'.
    at Client.prepareTransfer (C:\Users\steph\Documents\Git Projects\FlowdexMCP\node_modules\basic-ftp\dist\Client.js:721:19)
    at async Client.list (C:\Users\steph\Documents\Git Projects\FlowdexMCP\node_modules\basic-ftp\dist\Client.js:496:13)
    at async file:///C:/Users/steph/Documents/Git%20Projects/FlowdexMCP/index.js:1791:21

[Fatal Tool Error] ftp_list: Error: None of the available transfer strategies work. Last error response was 'Error: Client is closed because Timeout (control socket)'.
    at Client.prepareTransfer (C:\Users\steph\Documents\Git Projects\FlowdexMCP\node_modules\basic-ftp\dist\Client.js:721:19)
    at async Client.list (C:\Users\steph\Documents\Git Projects\FlowdexMCP\node_modules\basic-ftp\dist\Client.js:496:13)
    at async file:///C:/Users/steph/Documents/Git%20Projects/FlowdexMCP/index.js:1791:21

[Fatal Tool Error] ftp_list: Error: None of the available transfer strategies work. Last error response was 'Error: Client is closed because Timeout (control socket)'.
    at Client.prepareTransfer (C:\Users\steph\Documents\Git Projects\FlowdexMCP\node_modules\basic-ftp\dist\Client.js:721:19)
    at async Client.list (C:\Users\steph\Documents\Git Projects\FlowdexMCP\node_modules\basic-ftp\dist\Client.js:496:13)
    at async file:///C:/Users/steph/Documents/Git%20Projects/FlowdexMCP/index.js:1791:21

[Fatal Tool Error] ftp_list: Error: None of the available transfer strategies work. Last error response was 'Error: Client is closed because Timeout (control socket)'.
    at Client.prepareTransfer (C:\Users\steph\Documents\Git Projects\FlowdexMCP\node_modules\basic-ftp\dist\Client.js:721:19)
    at async Client.list (C:\Users\steph\Documents\Git Projects\FlowdexMCP\node_modules\basic-ftp\dist\Client.js:496:13)
    at async file:///C:/Users/steph/Documents/Git%20Projects/FlowdexMCP/index.js:1791:21

[Fatal Tool Error] ftp_list: Error: None of the available transfer strategies work. Last error response was 'Error: Client is closed because Timeout (control socket)'.
    at Client.prepareTransfer (C:\Users\steph\Documents\Git Projects\FlowdexMCP\node_modules\basic-ftp\dist\Client.js:721:19)
    at async Client.list (C:\Users\steph\Documents\Git Projects\FlowdexMCP\node_modules\basic-ftp\dist\Client.js:496:13)
    at async file:///C:/Users/steph/Documents/Git%20Projects/FlowdexMCP/index.js:1791:21

[Fatal Tool Error] ftp_list: Error: None of the available transfer strategies work. Last error response was 'Error: Client is closed because Timeout (control socket)'.
    at Client.prepareTransfer (C:\Users\steph\Documents\Git Projects\FlowdexMCP\node_modules\basic-ftp\dist\Client.js:721:19)
    at async Client.list (C:\Users\steph\Documents\Git Projects\FlowdexMCP\node_modules\basic-ftp\dist\Client.js:496:13)
    at async file:///C:/Users/steph/Documents/Git%20Projects/FlowdexMCP/index.js:1791:21

[Fatal Tool Error] ftp_list: Error: None of the available transfer strategies work. Last error response was 'Error: Client is closed because Timeout (control socket)'.
    at Client.prepareTransfer (C:\Users\steph\Documents\Git Projects\FlowdexMCP\node_modules\basic-ftp\dist\Client.js:721:19)
    at async Client.list (C:\Users\steph\Documents\Git Projects\FlowdexMCP\node_modules\basic-ftp\dist\Client.js:496:13)
    at async file:///C:/Users/steph/Documents/Git%20Projects/FlowdexMCP/index.js:1791:21

[Fatal Tool Error] ftp_list: Error: None of the available transfer strategies work. Last error response was 'Error: Client is closed because Timeout (control socket)'.
    at Client.prepareTransfer (C:\Users\steph\Documents\Git Projects\FlowdexMCP\node_modules\basic-ftp\dist\Client.js:721:19)
    at async Client.list (C:\Users\steph\Documents\Git Projects\FlowdexMCP\node_modules\basic-ftp\dist\Client.js:496:13)
    at async file:///C:/Users/steph/Documents/Git%20Projects/FlowdexMCP/index.js:1791:21


(node:28448) MaxListenersExceededWarning: Possible EventEmitter memory leak detected. 11 data listeners added to [Socket]. MaxListeners is 10. Use emitter.setMaxListeners() to increase limit
stderr | Test/features.test.js > Enterprise Features & Edge Cases > Edge Cases > should handle spamming commands gracefully
[Fatal Tool Error] ftp_list: Error: None of the available transfer strategies work. Last error response was 'Error: Client is closed because Timeout (control socket)'.
    at Client.prepareTransfer (C:\Users\steph\Documents\Git Projects\FlowdexMCP\node_modules\basic-ftp\dist\Client.js:721:19)
    at async Client.list (C:\Users\steph\Documents\Git Projects\FlowdexMCP\node_modules\basic-ftp\dist\Client.js:496:13)
    at async file:///C:/Users/steph/Documents/Git%20Projects/FlowdexMCP/index.js:1791:21

[Fatal Tool Error] ftp_list: Error: None of the available transfer strategies work. Last error response was 'Error: Client is closed because Timeout (control socket)'.
    at Client.prepareTransfer (C:\Users\steph\Documents\Git Projects\FlowdexMCP\node_modules\basic-ftp\dist\Client.js:721:19)
    at async Client.list (C:\Users\steph\Documents\Git Projects\FlowdexMCP\node_modules\basic-ftp\dist\Client.js:496:13)
    at async file:///C:/Users/steph/Documents/Git%20Projects/FlowdexMCP/index.js:1791:21

[Fatal Tool Error] ftp_list: Error: None of the available transfer strategies work. Last error response was 'Error: Client is closed because Timeout (control socket)'.
    at Client.prepareTransfer (C:\Users\steph\Documents\Git Projects\FlowdexMCP\node_modules\basic-ftp\dist\Client.js:721:19)
    at async Client.list (C:\Users\steph\Documents\Git Projects\FlowdexMCP\node_modules\basic-ftp\dist\Client.js:496:13)
    at async file:///C:/Users/steph/Documents/Git%20Projects/FlowdexMCP/index.js:1791:21

[Fatal Tool Error] ftp_list: Error: None of the available transfer strategies work. Last error response was 'Error: Client is closed because Timeout (control socket)'.
    at Client.prepareTransfer (C:\Users\steph\Documents\Git Projects\FlowdexMCP\node_modules\basic-ftp\dist\Client.js:721:19)
    at async Client.list (C:\Users\steph\Documents\Git Projects\FlowdexMCP\node_modules\basic-ftp\dist\Client.js:496:13)
    at async file:///C:/Users/steph/Documents/Git%20Projects/FlowdexMCP/index.js:1791:21

[Fatal Tool Error] ftp_list: Error: None of the available transfer strategies work. Last error response was 'Error: Client is closed because Timeout (control socket)'.
    at Client.prepareTransfer (C:\Users\steph\Documents\Git Projects\FlowdexMCP\node_modules\basic-ftp\dist\Client.js:721:19)
    at async Client.list (C:\Users\steph\Documents\Git Projects\FlowdexMCP\node_modules\basic-ftp\dist\Client.js:496:13)
    at async file:///C:/Users/steph/Documents/Git%20Projects/FlowdexMCP/index.js:1791:21

[Fatal Tool Error] ftp_list: Error: None of the available transfer strategies work. Last error response was 'Error: Client is closed because Timeout (control socket)'.
    at Client.prepareTransfer (C:\Users\steph\Documents\Git Projects\FlowdexMCP\node_modules\basic-ftp\dist\Client.js:721:19)
    at async Client.list (C:\Users\steph\Documents\Git Projects\FlowdexMCP\node_modules\basic-ftp\dist\Client.js:496:13)
    at async file:///C:/Users/steph/Documents/Git%20Projects/FlowdexMCP/index.js:1791:21

[Fatal Tool Error] ftp_list: Error: None of the available transfer strategies work. Last error response was 'Error: Client is closed because Timeout (control socket)'.
    at Client.prepareTransfer (C:\Users\steph\Documents\Git Projects\FlowdexMCP\node_modules\basic-ftp\dist\Client.js:721:19)
    at async Client.list (C:\Users\steph\Documents\Git Projects\FlowdexMCP\node_modules\basic-ftp\dist\Client.js:496:13)
    at async file:///C:/Users/steph/Documents/Git%20Projects/FlowdexMCP/index.js:1791:21

[Fatal Tool Error] ftp_list: Error: None of the available transfer strategies work. Last error response was 'Error: Client is closed because Timeout (control socket)'.
    at Client.prepareTransfer (C:\Users\steph\Documents\Git Projects\FlowdexMCP\node_modules\basic-ftp\dist\Client.js:721:19)
    at async Client.list (C:\Users\steph\Documents\Git Projects\FlowdexMCP\node_modules\basic-ftp\dist\Client.js:496:13)
    at async file:///C:/Users/steph/Documents/Git%20Projects/FlowdexMCP/index.js:1791:21

[Fatal Tool Error] ftp_list: Error: None of the available transfer strategies work. Last error response was 'Error: Client is closed because Timeout (control socket)'.
    at Client.prepareTransfer (C:\Users\steph\Documents\Git Projects\FlowdexMCP\node_modules\basic-ftp\dist\Client.js:721:19)
    at async Client.list (C:\Users\steph\Documents\Git Projects\FlowdexMCP\node_modules\basic-ftp\dist\Client.js:496:13)
    at async file:///C:/Users/steph/Documents/Git%20Projects/FlowdexMCP/index.js:1791:21

[Fatal Tool Error] ftp_list: Error: None of the available transfer strategies work. Last error response was 'Error: Client is closed because Timeout (control socket)'.
    at Client.prepareTransfer (C:\Users\steph\Documents\Git Projects\FlowdexMCP\node_modules\basic-ftp\dist\Client.js:721:19)
    at async Client.list (C:\Users\steph\Documents\Git Projects\FlowdexMCP\node_modules\basic-ftp\dist\Client.js:496:13)
    at async file:///C:/Users/steph/Documents/Git%20Projects/FlowdexMCP/index.js:1791:21

[Fatal Tool Error] ftp_list: Error: None of the available transfer strategies work. Last error response was 'Error: Client is closed because Timeout (control socket)'.
    at Client.prepareTransfer (C:\Users\steph\Documents\Git Projects\FlowdexMCP\node_modules\basic-ftp\dist\Client.js:721:19)
    at async Client.list (C:\Users\steph\Documents\Git Projects\FlowdexMCP\node_modules\basic-ftp\dist\Client.js:496:13)
    at async file:///C:/Users/steph/Documents/Git%20Projects/FlowdexMCP/index.js:1791:21

[Fatal Tool Error] ftp_list: Error: None of the available transfer strategies work. Last error response was 'Error: Client is closed because Timeout (control socket)'.
    at Client.prepareTransfer (C:\Users\steph\Documents\Git Projects\FlowdexMCP\node_modules\basic-ftp\dist\Client.js:721:19)
    at async Client.list (C:\Users\steph\Documents\Git Projects\FlowdexMCP\node_modules\basic-ftp\dist\Client.js:496:13)
    at async file:///C:/Users/steph/Documents/Git%20Projects/FlowdexMCP/index.js:1791:21

[Fatal Tool Error] ftp_list: Error: None of the available transfer strategies work. Last error response was 'Error: Client is closed because Timeout (control socket)'.
    at Client.prepareTransfer (C:\Users\steph\Documents\Git Projects\FlowdexMCP\node_modules\basic-ftp\dist\Client.js:721:19)
    at async Client.list (C:\Users\steph\Documents\Git Projects\FlowdexMCP\node_modules\basic-ftp\dist\Client.js:496:13)
    at async file:///C:/Users/steph/Documents/Git%20Projects/FlowdexMCP/index.js:1791:21

[Fatal Tool Error] ftp_list: Error: None of the available transfer strategies work. Last error response was 'Error: Client is closed because Timeout (control socket)'.
    at Client.prepareTransfer (C:\Users\steph\Documents\Git Projects\FlowdexMCP\node_modules\basic-ftp\dist\Client.js:721:19)
    at async Client.list (C:\Users\steph\Documents\Git Projects\FlowdexMCP\node_modules\basic-ftp\dist\Client.js:496:13)
    at async file:///C:/Users/steph/Documents/Git%20Projects/FlowdexMCP/index.js:1791:21

[Fatal Tool Error] ftp_list: Error: None of the available transfer strategies work. Last error response was 'Error: Client is closed because Timeout (control socket)'.
    at Client.prepareTransfer (C:\Users\steph\Documents\Git Projects\FlowdexMCP\node_modules\basic-ftp\dist\Client.js:721:19)
    at async Client.list (C:\Users\steph\Documents\Git Projects\FlowdexMCP\node_modules\basic-ftp\dist\Client.js:496:13)
    at async file:///C:/Users/steph/Documents/Git%20Projects/FlowdexMCP/index.js:1791:21

[Fatal Tool Error] ftp_list: Error: None of the available transfer strategies work. Last error response was 'Error: Client is closed because Timeout (control socket)'.
    at Client.prepareTransfer (C:\Users\steph\Documents\Git Projects\FlowdexMCP\node_modules\basic-ftp\dist\Client.js:721:19)
    at async Client.list (C:\Users\steph\Documents\Git Projects\FlowdexMCP\node_modules\basic-ftp\dist\Client.js:496:13)
    at async file:///C:/Users/steph/Documents/Git%20Projects/FlowdexMCP/index.js:1791:21

[Fatal Tool Error] ftp_list: Error: None of the available transfer strategies work. Last error response was 'Error: Client is closed because Timeout (control socket)'.
    at Client.prepareTransfer (C:\Users\steph\Documents\Git Projects\FlowdexMCP\node_modules\basic-ftp\dist\Client.js:721:19)
    at async Client.list (C:\Users\steph\Documents\Git Projects\FlowdexMCP\node_modules\basic-ftp\dist\Client.js:496:13)
    at async file:///C:/Users/steph/Documents/Git%20Projects/FlowdexMCP/index.js:1791:21

[Fatal Tool Error] ftp_list: Error: None of the available transfer strategies work. Last error response was 'Error: Client is closed because Timeout (control socket)'.
    at Client.prepareTransfer (C:\Users\steph\Documents\Git Projects\FlowdexMCP\node_modules\basic-ftp\dist\Client.js:721:19)
    at async Client.list (C:\Users\steph\Documents\Git Projects\FlowdexMCP\node_modules\basic-ftp\dist\Client.js:496:13)
    at async file:///C:/Users/steph/Documents/Git%20Projects/FlowdexMCP/index.js:1791:21

[Fatal Tool Error] ftp_list: Error: None of the available transfer strategies work. Last error response was 'Error: Client is closed because Timeout (control socket)'.
    at Client.prepareTransfer (C:\Users\steph\Documents\Git Projects\FlowdexMCP\node_modules\basic-ftp\dist\Client.js:721:19)
    at async Client.list (C:\Users\steph\Documents\Git Projects\FlowdexMCP\node_modules\basic-ftp\dist\Client.js:496:13)
    at async file:///C:/Users/steph/Documents/Git%20Projects/FlowdexMCP/index.js:1791:21

[Fatal Tool Error] ftp_list: Error: None of the available transfer strategies work. Last error response was 'Error: Client is closed because Timeout (control socket)'.
    at Client.prepareTransfer (C:\Users\steph\Documents\Git Projects\FlowdexMCP\node_modules\basic-ftp\dist\Client.js:721:19)
    at async Client.list (C:\Users\steph\Documents\Git Projects\FlowdexMCP\node_modules\basic-ftp\dist\Client.js:496:13)
    at async file:///C:/Users/steph/Documents/Git%20Projects/FlowdexMCP/index.js:1791:21

[Fatal Tool Error] ftp_list: Error: None of the available transfer strategies work. Last error response was 'Error: Client is closed because Timeout (control socket)'.
    at Client.prepareTransfer (C:\Users\steph\Documents\Git Projects\FlowdexMCP\node_modules\basic-ftp\dist\Client.js:721:19)
    at async Client.list (C:\Users\steph\Documents\Git Projects\FlowdexMCP\node_modules\basic-ftp\dist\Client.js:496:13)
    at async file:///C:/Users/steph/Documents/Git%20Projects/FlowdexMCP/index.js:1791:21

[Fatal Tool Error] ftp_list: Error: None of the available transfer strategies work. Last error response was 'Error: Client is closed because Timeout (control socket)'.
    at Client.prepareTransfer (C:\Users\steph\Documents\Git Projects\FlowdexMCP\node_modules\basic-ftp\dist\Client.js:721:19)
    at async Client.list (C:\Users\steph\Documents\Git Projects\FlowdexMCP\node_modules\basic-ftp\dist\Client.js:496:13)
    at async file:///C:/Users/steph/Documents/Git%20Projects/FlowdexMCP/index.js:1791:21

[Fatal Tool Error] ftp_list: Error: None of the available transfer strategies work. Last error response was 'Error: Client is closed because Timeout (control socket)'.
    at Client.prepareTransfer (C:\Users\steph\Documents\Git Projects\FlowdexMCP\node_modules\basic-ftp\dist\Client.js:721:19)
    at async Client.list (C:\Users\steph\Documents\Git Projects\FlowdexMCP\node_modules\basic-ftp\dist\Client.js:496:13)
    at async file:///C:/Users/steph/Documents/Git%20Projects/FlowdexMCP/index.js:1791:21

[Fatal Tool Error] ftp_list: Error: None of the available transfer strategies work. Last error response was 'Error: Client is closed because Timeout (control socket)'.
    at Client.prepareTransfer (C:\Users\steph\Documents\Git Projects\FlowdexMCP\node_modules\basic-ftp\dist\Client.js:721:19)
    at async Client.list (C:\Users\steph\Documents\Git Projects\FlowdexMCP\node_modules\basic-ftp\dist\Client.js:496:13)
    at async file:///C:/Users/steph/Documents/Git%20Projects/FlowdexMCP/index.js:1791:21

[Fatal Tool Error] ftp_list: Error: None of the available transfer strategies work. Last error response was 'Error: Client is closed because Timeout (control socket)'.
    at Client.prepareTransfer (C:\Users\steph\Documents\Git Projects\FlowdexMCP\node_modules\basic-ftp\dist\Client.js:721:19)
    at async Client.list (C:\Users\steph\Documents\Git Projects\FlowdexMCP\node_modules\basic-ftp\dist\Client.js:496:13)
    at async file:///C:/Users/steph/Documents/Git%20Projects/FlowdexMCP/index.js:1791:21

[Fatal Tool Error] ftp_list: Error: None of the available transfer strategies work. Last error response was 'Error: Client is closed because Timeout (control socket)'.
    at Client.prepareTransfer (C:\Users\steph\Documents\Git Projects\FlowdexMCP\node_modules\basic-ftp\dist\Client.js:721:19)
    at async Client.list (C:\Users\steph\Documents\Git Projects\FlowdexMCP\node_modules\basic-ftp\dist\Client.js:496:13)
    at async file:///C:/Users/steph/Documents/Git%20Projects/FlowdexMCP/index.js:1791:21

[Fatal Tool Error] ftp_list: Error: None of the available transfer strategies work. Last error response was 'Error: Client is closed because Timeout (control socket)'.
    at Client.prepareTransfer (C:\Users\steph\Documents\Git Projects\FlowdexMCP\node_modules\basic-ftp\dist\Client.js:721:19)
    at async Client.list (C:\Users\steph\Documents\Git Projects\FlowdexMCP\node_modules\basic-ftp\dist\Client.js:496:13)
    at async file:///C:/Users/steph/Documents/Git%20Projects/FlowdexMCP/index.js:1791:21

[Fatal Tool Error] ftp_list: Error: None of the available transfer strategies work. Last error response was 'Error: Client is closed because Timeout (control socket)'.
    at Client.prepareTransfer (C:\Users\steph\Documents\Git Projects\FlowdexMCP\node_modules\basic-ftp\dist\Client.js:721:19)
    at async Client.list (C:\Users\steph\Documents\Git Projects\FlowdexMCP\node_modules\basic-ftp\dist\Client.js:496:13)
    at async file:///C:/Users/steph/Documents/Git%20Projects/FlowdexMCP/index.js:1791:21

[Fatal Tool Error] ftp_list: Error: None of the available transfer strategies work. Last error response was 'Error: Client is closed because Timeout (control socket)'.
    at Client.prepareTransfer (C:\Users\steph\Documents\Git Projects\FlowdexMCP\node_modules\basic-ftp\dist\Client.js:721:19)
    at async Client.list (C:\Users\steph\Documents\Git Projects\FlowdexMCP\node_modules\basic-ftp\dist\Client.js:496:13)
    at async file:///C:/Users/steph/Documents/Git%20Projects/FlowdexMCP/index.js:1791:21

[Fatal Tool Error] ftp_list: Error: None of the available transfer strategies work. Last error response was 'Error: Client is closed because Timeout (control socket)'.
    at Client.prepareTransfer (C:\Users\steph\Documents\Git Projects\FlowdexMCP\node_modules\basic-ftp\dist\Client.js:721:19)
    at async Client.list (C:\Users\steph\Documents\Git Projects\FlowdexMCP\node_modules\basic-ftp\dist\Client.js:496:13)
    at async file:///C:/Users/steph/Documents/Git%20Projects/FlowdexMCP/index.js:1791:21

[Fatal Tool Error] ftp_list: Error: None of the available transfer strategies work. Last error response was 'Error: Client is closed because Timeout (control socket)'.
    at Client.prepareTransfer (C:\Users\steph\Documents\Git Projects\FlowdexMCP\node_modules\basic-ftp\dist\Client.js:721:19)
    at async Client.list (C:\Users\steph\Documents\Git Projects\FlowdexMCP\node_modules\basic-ftp\dist\Client.js:496:13)
    at async file:///C:/Users/steph/Documents/Git%20Projects/FlowdexMCP/index.js:1791:21

[Fatal Tool Error] ftp_list: Error: None of the available transfer strategies work. Last error response was 'Error: Client is closed because Timeout (control socket)'.
    at Client.prepareTransfer (C:\Users\steph\Documents\Git Projects\FlowdexMCP\node_modules\basic-ftp\dist\Client.js:721:19)
    at async Client.list (C:\Users\steph\Documents\Git Projects\FlowdexMCP\node_modules\basic-ftp\dist\Client.js:496:13)
    at async file:///C:/Users/steph/Documents/Git%20Projects/FlowdexMCP/index.js:1791:21

[Fatal Tool Error] ftp_list: Error: None of the available transfer strategies work. Last error response was 'Error: Client is closed because Timeout (control socket)'.
    at Client.prepareTransfer (C:\Users\steph\Documents\Git Projects\FlowdexMCP\node_modules\basic-ftp\dist\Client.js:721:19)
    at async Client.list (C:\Users\steph\Documents\Git Projects\FlowdexMCP\node_modules\basic-ftp\dist\Client.js:496:13)
    at async file:///C:/Users/steph/Documents/Git%20Projects/FlowdexMCP/index.js:1791:21

[Fatal Tool Error] ftp_list: Error: None of the available transfer strategies work. Last error response was 'Error: Client is closed because Timeout (control socket)'.
    at Client.prepareTransfer (C:\Users\steph\Documents\Git Projects\FlowdexMCP\node_modules\basic-ftp\dist\Client.js:721:19)
    at async Client.list (C:\Users\steph\Documents\Git Projects\FlowdexMCP\node_modules\basic-ftp\dist\Client.js:496:13)
    at async file:///C:/Users/steph/Documents/Git%20Projects/FlowdexMCP/index.js:1791:21

[Fatal Tool Error] ftp_list: Error: None of the available transfer strategies work. Last error response was 'Error: Client is closed because Timeout (control socket)'.
    at Client.prepareTransfer (C:\Users\steph\Documents\Git Projects\FlowdexMCP\node_modules\basic-ftp\dist\Client.js:721:19)
    at async Client.list (C:\Users\steph\Documents\Git Projects\FlowdexMCP\node_modules\basic-ftp\dist\Client.js:496:13)
    at async file:///C:/Users/steph/Documents/Git%20Projects/FlowdexMCP/index.js:1791:21

[Fatal Tool Error] ftp_list: Error: None of the available transfer strategies work. Last error response was 'Error: Client is closed because Timeout (control socket)'.
    at Client.prepareTransfer (C:\Users\steph\Documents\Git Projects\FlowdexMCP\node_modules\basic-ftp\dist\Client.js:721:19)
    at async Client.list (C:\Users\steph\Documents\Git Projects\FlowdexMCP\node_modules\basic-ftp\dist\Client.js:496:13)
    at async file:///C:/Users/steph/Documents/Git%20Projects/FlowdexMCP/index.js:1791:21

[Fatal Tool Error] ftp_list: Error: None of the available transfer strategies work. Last error response was 'Error: Client is closed because Timeout (control socket)'.
    at Client.prepareTransfer (C:\Users\steph\Documents\Git Projects\FlowdexMCP\node_modules\basic-ftp\dist\Client.js:721:19)
    at async Client.list (C:\Users\steph\Documents\Git Projects\FlowdexMCP\node_modules\basic-ftp\dist\Client.js:496:13)
    at async file:///C:/Users/steph/Documents/Git%20Projects/FlowdexMCP/index.js:1791:21

[Fatal Tool Error] ftp_list: Error: None of the available transfer strategies work. Last error response was 'Error: Client is closed because Timeout (control socket)'.
    at Client.prepareTransfer (C:\Users\steph\Documents\Git Projects\FlowdexMCP\node_modules\basic-ftp\dist\Client.js:721:19)
    at async Client.list (C:\Users\steph\Documents\Git Projects\FlowdexMCP\node_modules\basic-ftp\dist\Client.js:496:13)
    at async file:///C:/Users/steph/Documents/Git%20Projects/FlowdexMCP/index.js:1791:21

[Fatal Tool Error] ftp_list: Error: None of the available transfer strategies work. Last error response was 'Error: Client is closed because Timeout (control socket)'.
    at Client.prepareTransfer (C:\Users\steph\Documents\Git Projects\FlowdexMCP\node_modules\basic-ftp\dist\Client.js:721:19)
    at async Client.list (C:\Users\steph\Documents\Git Projects\FlowdexMCP\node_modules\basic-ftp\dist\Client.js:496:13)
    at async file:///C:/Users/steph/Documents/Git%20Projects/FlowdexMCP/index.js:1791:21

[Fatal Tool Error] ftp_list: Error: None of the available transfer strategies work. Last error response was 'Error: Client is closed because Timeout (control socket)'.
    at Client.prepareTransfer (C:\Users\steph\Documents\Git Projects\FlowdexMCP\node_modules\basic-ftp\dist\Client.js:721:19)
    at async Client.list (C:\Users\steph\Documents\Git Projects\FlowdexMCP\node_modules\basic-ftp\dist\Client.js:496:13)
    at async file:///C:/Users/steph/Documents/Git%20Projects/FlowdexMCP/index.js:1791:21

[Fatal Tool Error] ftp_list: Error: None of the available transfer strategies work. Last error response was 'Error: Client is closed because Timeout (control socket)'.
    at Client.prepareTransfer (C:\Users\steph\Documents\Git Projects\FlowdexMCP\node_modules\basic-ftp\dist\Client.js:721:19)
    at async Client.list (C:\Users\steph\Documents\Git Projects\FlowdexMCP\node_modules\basic-ftp\dist\Client.js:496:13)
    at async file:///C:/Users/steph/Documents/Git%20Projects/FlowdexMCP/index.js:1791:21

[Fatal Tool Error] ftp_list: Error: None of the available transfer strategies work. Last error response was 'Error: Client is closed because Timeout (control socket)'.
    at Client.prepareTransfer (C:\Users\steph\Documents\Git Projects\FlowdexMCP\node_modules\basic-ftp\dist\Client.js:721:19)
    at async Client.list (C:\Users\steph\Documents\Git Projects\FlowdexMCP\node_modules\basic-ftp\dist\Client.js:496:13)
    at async file:///C:/Users/steph/Documents/Git%20Projects/FlowdexMCP/index.js:1791:21

[Fatal Tool Error] ftp_list: Error: None of the available transfer strategies work. Last error response was 'Error: Client is closed because Timeout (control socket)'.
    at Client.prepareTransfer (C:\Users\steph\Documents\Git Projects\FlowdexMCP\node_modules\basic-ftp\dist\Client.js:721:19)
    at async Client.list (C:\Users\steph\Documents\Git Projects\FlowdexMCP\node_modules\basic-ftp\dist\Client.js:496:13)
    at async file:///C:/Users/steph/Documents/Git%20Projects/FlowdexMCP/index.js:1791:21

[Fatal Tool Error] ftp_list: Error: None of the available transfer strategies work. Last error response was 'Error: Client is closed because Timeout (control socket)'.
    at Client.prepareTransfer (C:\Users\steph\Documents\Git Projects\FlowdexMCP\node_modules\basic-ftp\dist\Client.js:721:19)
    at async Client.list (C:\Users\steph\Documents\Git Projects\FlowdexMCP\node_modules\basic-ftp\dist\Client.js:496:13)
    at async file:///C:/Users/steph/Documents/Git%20Projects/FlowdexMCP/index.js:1791:21

[Fatal Tool Error] ftp_list: Error: None of the available transfer strategies work. Last error response was 'Error: Client is closed because Timeout (control socket)'.
    at Client.prepareTransfer (C:\Users\steph\Documents\Git Projects\FlowdexMCP\node_modules\basic-ftp\dist\Client.js:721:19)
    at async Client.list (C:\Users\steph\Documents\Git Projects\FlowdexMCP\node_modules\basic-ftp\dist\Client.js:496:13)
    at async file:///C:/Users/steph/Documents/Git%20Projects/FlowdexMCP/index.js:1791:21

[Fatal Tool Error] ftp_list: Error: None of the available transfer strategies work. Last error response was 'Error: Client is closed because Timeout (control socket)'.
    at Client.prepareTransfer (C:\Users\steph\Documents\Git Projects\FlowdexMCP\node_modules\basic-ftp\dist\Client.js:721:19)
    at async Client.list (C:\Users\steph\Documents\Git Projects\FlowdexMCP\node_modules\basic-ftp\dist\Client.js:496:13)
    at async file:///C:/Users/steph/Documents/Git%20Projects/FlowdexMCP/index.js:1791:21

[Fatal Tool Error] ftp_list: Error: None of the available transfer strategies work. Last error response was 'Error: Client is closed because Timeout (control socket)'.
    at Client.prepareTransfer (C:\Users\steph\Documents\Git Projects\FlowdexMCP\node_modules\basic-ftp\dist\Client.js:721:19)
    at async Client.list (C:\Users\steph\Documents\Git Projects\FlowdexMCP\node_modules\basic-ftp\dist\Client.js:496:13)
    at async file:///C:/Users/steph/Documents/Git%20Projects/FlowdexMCP/index.js:1791:21

[Fatal Tool Error] ftp_list: Error: None of the available transfer strategies work. Last error response was 'Error: Client is closed because Timeout (control socket)'.
    at Client.prepareTransfer (C:\Users\steph\Documents\Git Projects\FlowdexMCP\node_modules\basic-ftp\dist\Client.js:721:19)
    at async Client.list (C:\Users\steph\Documents\Git Projects\FlowdexMCP\node_modules\basic-ftp\dist\Client.js:496:13)
    at async file:///C:/Users/steph/Documents/Git%20Projects/FlowdexMCP/index.js:1791:21

[Fatal Tool Error] ftp_list: Error: None of the available transfer strategies work. Last error response was 'Error: Client is closed because Timeout (control socket)'.
    at Client.prepareTransfer (C:\Users\steph\Documents\Git Projects\FlowdexMCP\node_modules\basic-ftp\dist\Client.js:721:19)
    at async Client.list (C:\Users\steph\Documents\Git Projects\FlowdexMCP\node_modules\basic-ftp\dist\Client.js:496:13)
    at async file:///C:/Users/steph/Documents/Git%20Projects/FlowdexMCP/index.js:1791:21

[Fatal Tool Error] ftp_list: Error: None of the available transfer strategies work. Last error response was 'Error: Client is closed because Timeout (control socket)'.
    at Client.prepareTransfer (C:\Users\steph\Documents\Git Projects\FlowdexMCP\node_modules\basic-ftp\dist\Client.js:721:19)
    at async Client.list (C:\Users\steph\Documents\Git Projects\FlowdexMCP\node_modules\basic-ftp\dist\Client.js:496:13)
    at async file:///C:/Users/steph/Documents/Git%20Projects/FlowdexMCP/index.js:1791:21

[Fatal Tool Error] ftp_list: Error: None of the available transfer strategies work. Last error response was 'Error: Client is closed because Timeout (control socket)'.
    at Client.prepareTransfer (C:\Users\steph\Documents\Git Projects\FlowdexMCP\node_modules\basic-ftp\dist\Client.js:721:19)
    at async Client.list (C:\Users\steph\Documents\Git Projects\FlowdexMCP\node_modules\basic-ftp\dist\Client.js:496:13)
    at async file:///C:/Users/steph/Documents/Git%20Projects/FlowdexMCP/index.js:1791:21

[Fatal Tool Error] ftp_list: Error: None of the available transfer strategies work. Last error response was 'Error: Client is closed because Timeout (control socket)'.
    at Client.prepareTransfer (C:\Users\steph\Documents\Git Projects\FlowdexMCP\node_modules\basic-ftp\dist\Client.js:721:19)
    at async Client.list (C:\Users\steph\Documents\Git Projects\FlowdexMCP\node_modules\basic-ftp\dist\Client.js:496:13)
    at async file:///C:/Users/steph/Documents/Git%20Projects/FlowdexMCP/index.js:1791:21


stderr | Test/features.test.js > Enterprise Features & Edge Cases > Edge Cases > should handle spamming commands gracefully
[Fatal Tool Error] ftp_list: Error: None of the available transfer strategies work. Last error response was 'Error: Client is closed because Timeout (control socket)'.
    at Client.prepareTransfer (C:\Users\steph\Documents\Git Projects\FlowdexMCP\node_modules\basic-ftp\dist\Client.js:721:19)
    at process.processTicksAndRejections (node:internal/process/task_queues:105:5)
    at async Client.list (C:\Users\steph\Documents\Git Projects\FlowdexMCP\node_modules\basic-ftp\dist\Client.js:496:13)
    at async file:///C:/Users/steph/Documents/Git%20Projects/FlowdexMCP/index.js:1791:21
[Fatal Tool Error] ftp_list: Error: None of the available transfer strategies work. Last error response was 'Error: Client is closed because Timeout (control socket)'.
    at Client.prepareTransfer (C:\Users\steph\Documents\Git Projects\FlowdexMCP\node_modules\basic-ftp\dist\Client.js:721:19)
    at process.processTicksAndRejections (node:internal/process/task_queues:105:5)
    at async Client.list (C:\Users\steph\Documents\Git Projects\FlowdexMCP\node_modules\basic-ftp\dist\Client.js:496:13)
    at async file:///C:/Users/steph/Documents/Git%20Projects/FlowdexMCP/index.js:1791:21

[Fatal Tool Error] ftp_list: Error: None of the available transfer strategies work. Last error response was 'Error: Client is closed because Timeout (control socket)'.
    at Client.prepareTransfer (C:\Users\steph\Documents\Git Projects\FlowdexMCP\node_modules\basic-ftp\dist\Client.js:721:19)
    at process.processTicksAndRejections (node:internal/process/task_queues:105:5)
    at async Client.list (C:\Users\steph\Documents\Git Projects\FlowdexMCP\node_modules\basic-ftp\dist\Client.js:496:13)
    at async file:///C:/Users/steph/Documents/Git%20Projects/FlowdexMCP/index.js:1791:21
[Fatal Tool Error] ftp_list: Error: None of the available transfer strategies work. Last error response was 'Error: Client is closed because Timeout (control socket)'.
    at Client.prepareTransfer (C:\Users\steph\Documents\Git Projects\FlowdexMCP\node_modules\basic-ftp\dist\Client.js:721:19)
    at process.processTicksAndRejections (node:internal/process/task_queues:105:5)
    at async Client.list (C:\Users\steph\Documents\Git Projects\FlowdexMCP\node_modules\basic-ftp\dist\Client.js:496:13)
    at async file:///C:/Users/steph/Documents/Git%20Projects/FlowdexMCP/index.js:1791:21

[Fatal Tool Error] ftp_list: Error: None of the available transfer strategies work. Last error response was 'Error: Client is closed because Timeout (control socket)'.
    at Client.prepareTransfer (C:\Users\steph\Documents\Git Projects\FlowdexMCP\node_modules\basic-ftp\dist\Client.js:721:19)
    at process.processTicksAndRejections (node:internal/process/task_queues:105:5)
    at async Client.list (C:\Users\steph\Documents\Git Projects\FlowdexMCP\node_modules\basic-ftp\dist\Client.js:496:13)
    at async file:///C:/Users/steph/Documents/Git%20Projects/FlowdexMCP/index.js:1791:21
[Fatal Tool Error] ftp_list: Error: None of the available transfer strategies work. Last error response was 'Error: Client is closed because Timeout (control socket)'.
    at Client.prepareTransfer (C:\Users\steph\Documents\Git Projects\FlowdexMCP\node_modules\basic-ftp\dist\Client.js:721:19)
    at process.processTicksAndRejections (node:internal/process/task_queues:105:5)
    at async Client.list (C:\Users\steph\Documents\Git Projects\FlowdexMCP\node_modules\basic-ftp\dist\Client.js:496:13)
    at async file:///C:/Users/steph/Documents/Git%20Projects/FlowdexMCP/index.js:1791:21

[Fatal Tool Error] ftp_list: Error: None of the available transfer strategies work. Last error response was 'Error: Client is closed because Timeout (control socket)'.
    at Client.prepareTransfer (C:\Users\steph\Documents\Git Projects\FlowdexMCP\node_modules\basic-ftp\dist\Client.js:721:19)
    at process.processTicksAndRejections (node:internal/process/task_queues:105:5)
    at async Client.list (C:\Users\steph\Documents\Git Projects\FlowdexMCP\node_modules\basic-ftp\dist\Client.js:496:13)
    at async file:///C:/Users/steph/Documents/Git%20Projects/FlowdexMCP/index.js:1791:21
[Fatal Tool Error] ftp_list: Error: None of the available transfer strategies work. Last error response was 'Error: Client is closed because Timeout (control socket)'.
    at Client.prepareTransfer (C:\Users\steph\Documents\Git Projects\FlowdexMCP\node_modules\basic-ftp\dist\Client.js:721:19)
    at process.processTicksAndRejections (node:internal/process/task_queues:105:5)
    at async Client.list (C:\Users\steph\Documents\Git Projects\FlowdexMCP\node_modules\basic-ftp\dist\Client.js:496:13)
    at async file:///C:/Users/steph/Documents/Git%20Projects/FlowdexMCP/index.js:1791:21

[Fatal Tool Error] ftp_list: Error: None of the available transfer strategies work. Last error response was 'Error: Client is closed because Timeout (control socket)'.
    at Client.prepareTransfer (C:\Users\steph\Documents\Git Projects\FlowdexMCP\node_modules\basic-ftp\dist\Client.js:721:19)
    at process.processTicksAndRejections (node:internal/process/task_queues:105:5)
    at async Client.list (C:\Users\steph\Documents\Git Projects\FlowdexMCP\node_modules\basic-ftp\dist\Client.js:496:13)
    at async file:///C:/Users/steph/Documents/Git%20Projects/FlowdexMCP/index.js:1791:21
[Fatal Tool Error] ftp_list: Error: None of the available transfer strategies work. Last error response was 'Error: Client is closed because Timeout (control socket)'.
    at Client.prepareTransfer (C:\Users\steph\Documents\Git Projects\FlowdexMCP\node_modules\basic-ftp\dist\Client.js:721:19)
    at process.processTicksAndRejections (node:internal/process/task_queues:105:5)
    at async Client.list (C:\Users\steph\Documents\Git Projects\FlowdexMCP\node_modules\basic-ftp\dist\Client.js:496:13)
    at async file:///C:/Users/steph/Documents/Git%20Projects/FlowdexMCP/index.js:1791:21

[Fatal Tool Error] ftp_list: Error: None of the available transfer strategies work. Last error response was 'Error: Client is closed because Timeout (control socket)'.
    at Client.prepareTransfer (C:\Users\steph\Documents\Git Projects\FlowdexMCP\node_modules\basic-ftp\dist\Client.js:721:19)
    at process.processTicksAndRejections (node:internal/process/task_queues:105:5)
    at async Client.list (C:\Users\steph\Documents\Git Projects\FlowdexMCP\node_modules\basic-ftp\dist\Client.js:496:13)
    at async file:///C:/Users/steph/Documents/Git%20Projects/FlowdexMCP/index.js:1791:21
[Fatal Tool Error] ftp_list: Error: None of the available transfer strategies work. Last error response was 'Error: Client is closed because Timeout (control socket)'.
    at Client.prepareTransfer (C:\Users\steph\Documents\Git Projects\FlowdexMCP\node_modules\basic-ftp\dist\Client.js:721:19)
    at process.processTicksAndRejections (node:internal/process/task_queues:105:5)
    at async Client.list (C:\Users\steph\Documents\Git Projects\FlowdexMCP\node_modules\basic-ftp\dist\Client.js:496:13)
    at async file:///C:/Users/steph/Documents/Git%20Projects/FlowdexMCP/index.js:1791:21

[Fatal Tool Error] ftp_list: Error: None of the available transfer strategies work. Last error response was 'Error: Client is closed because Timeout (control socket)'.
    at Client.prepareTransfer (C:\Users\steph\Documents\Git Projects\FlowdexMCP\node_modules\basic-ftp\dist\Client.js:721:19)
    at process.processTicksAndRejections (node:internal/process/task_queues:105:5)
    at async Client.list (C:\Users\steph\Documents\Git Projects\FlowdexMCP\node_modules\basic-ftp\dist\Client.js:496:13)
    at async file:///C:/Users/steph/Documents/Git%20Projects/FlowdexMCP/index.js:1791:21
[Fatal Tool Error] ftp_list: Error: None of the available transfer strategies work. Last error response was 'Error: Client is closed because Timeout (control socket)'.
    at Client.prepareTransfer (C:\Users\steph\Documents\Git Projects\FlowdexMCP\node_modules\basic-ftp\dist\Client.js:721:19)
    at process.processTicksAndRejections (node:internal/process/task_queues:105:5)
    at async Client.list (C:\Users\steph\Documents\Git Projects\FlowdexMCP\node_modules\basic-ftp\dist\Client.js:496:13)
    at async file:///C:/Users/steph/Documents/Git%20Projects/FlowdexMCP/index.js:1791:21

[Fatal Tool Error] ftp_list: Error: None of the available transfer strategies work. Last error response was 'Error: Client is closed because Timeout (control socket)'.
    at Client.prepareTransfer (C:\Users\steph\Documents\Git Projects\FlowdexMCP\node_modules\basic-ftp\dist\Client.js:721:19)
    at process.processTicksAndRejections (node:internal/process/task_queues:105:5)
    at async Client.list (C:\Users\steph\Documents\Git Projects\FlowdexMCP\node_modules\basic-ftp\dist\Client.js:496:13)
    at async file:///C:/Users/steph/Documents/Git%20Projects/FlowdexMCP/index.js:1791:21
[Fatal Tool Error] ftp_list: Error: None of the available transfer strategies work. Last error response was 'Error: Client is closed because Timeout (control socket)'.
    at Client.prepareTransfer (C:\Users\steph\Documents\Git Projects\FlowdexMCP\node_modules\basic-ftp\dist\Client.js:721:19)
    at process.processTicksAndRejections (node:internal/process/task_queues:105:5)
    at async Client.list (C:\Users\steph\Documents\Git Projects\FlowdexMCP\node_modules\basic-ftp\dist\Client.js:496:13)
    at async file:///C:/Users/steph/Documents/Git%20Projects/FlowdexMCP/index.js:1791:21

[Fatal Tool Error] ftp_list: Error: None of the available transfer strategies work. Last error response was 'Error: Client is closed because Timeout (control socket)'.
    at Client.prepareTransfer (C:\Users\steph\Documents\Git Projects\FlowdexMCP\node_modules\basic-ftp\dist\Client.js:721:19)
    at process.processTicksAndRejections (node:internal/process/task_queues:105:5)
    at async Client.list (C:\Users\steph\Documents\Git Projects\FlowdexMCP\node_modules\basic-ftp\dist\Client.js:496:13)
    at async file:///C:/Users/steph/Documents/Git%20Projects/FlowdexMCP/index.js:1791:21
[Fatal Tool Error] ftp_list: Error: None of the available transfer strategies work. Last error response was 'Error: Client is closed because Timeout (control socket)'.
    at Client.prepareTransfer (C:\Users\steph\Documents\Git Projects\FlowdexMCP\node_modules\basic-ftp\dist\Client.js:721:19)
    at process.processTicksAndRejections (node:internal/process/task_queues:105:5)
    at async Client.list (C:\Users\steph\Documents\Git Projects\FlowdexMCP\node_modules\basic-ftp\dist\Client.js:496:13)
    at async file:///C:/Users/steph/Documents/Git%20Projects/FlowdexMCP/index.js:1791:21

[Fatal Tool Error] ftp_list: Error: None of the available transfer strategies work. Last error response was 'Error: Client is closed because Timeout (control socket)'.
    at Client.prepareTransfer (C:\Users\steph\Documents\Git Projects\FlowdexMCP\node_modules\basic-ftp\dist\Client.js:721:19)
    at process.processTicksAndRejections (node:internal/process/task_queues:105:5)
    at async Client.list (C:\Users\steph\Documents\Git Projects\FlowdexMCP\node_modules\basic-ftp\dist\Client.js:496:13)
    at async file:///C:/Users/steph/Documents/Git%20Projects/FlowdexMCP/index.js:1791:21
[Fatal Tool Error] ftp_list: Error: None of the available transfer strategies work. Last error response was 'Error: Client is closed because Timeout (control socket)'.
    at Client.prepareTransfer (C:\Users\steph\Documents\Git Projects\FlowdexMCP\node_modules\basic-ftp\dist\Client.js:721:19)
    at process.processTicksAndRejections (node:internal/process/task_queues:105:5)
    at async Client.list (C:\Users\steph\Documents\Git Projects\FlowdexMCP\node_modules\basic-ftp\dist\Client.js:496:13)
    at async file:///C:/Users/steph/Documents/Git%20Projects/FlowdexMCP/index.js:1791:21

[Fatal Tool Error] ftp_list: Error: None of the available transfer strategies work. Last error response was 'Error: Client is closed because Timeout (control socket)'.
    at Client.prepareTransfer (C:\Users\steph\Documents\Git Projects\FlowdexMCP\node_modules\basic-ftp\dist\Client.js:721:19)
    at process.processTicksAndRejections (node:internal/process/task_queues:105:5)
    at async Client.list (C:\Users\steph\Documents\Git Projects\FlowdexMCP\node_modules\basic-ftp\dist\Client.js:496:13)
    at async file:///C:/Users/steph/Documents/Git%20Projects/FlowdexMCP/index.js:1791:21
[Fatal Tool Error] ftp_list: Error: None of the available transfer strategies work. Last error response was 'Error: Client is closed because Timeout (control socket)'.
    at Client.prepareTransfer (C:\Users\steph\Documents\Git Projects\FlowdexMCP\node_modules\basic-ftp\dist\Client.js:721:19)
    at process.processTicksAndRejections (node:internal/process/task_queues:105:5)
    at async Client.list (C:\Users\steph\Documents\Git Projects\FlowdexMCP\node_modules\basic-ftp\dist\Client.js:496:13)
    at async file:///C:/Users/steph/Documents/Git%20Projects/FlowdexMCP/index.js:1791:21

[Fatal Tool Error] ftp_list: Error: None of the available transfer strategies work. Last error response was 'Error: Client is closed because Timeout (control socket)'.
    at Client.prepareTransfer (C:\Users\steph\Documents\Git Projects\FlowdexMCP\node_modules\basic-ftp\dist\Client.js:721:19)
    at process.processTicksAndRejections (node:internal/process/task_queues:105:5)
    at async Client.list (C:\Users\steph\Documents\Git Projects\FlowdexMCP\node_modules\basic-ftp\dist\Client.js:496:13)
    at async file:///C:/Users/steph/Documents/Git%20Projects/FlowdexMCP/index.js:1791:21
[Fatal Tool Error] ftp_list: Error: None of the available transfer strategies work. Last error response was 'Error: Client is closed because Timeout (control socket)'.
    at Client.prepareTransfer (C:\Users\steph\Documents\Git Projects\FlowdexMCP\node_modules\basic-ftp\dist\Client.js:721:19)
    at process.processTicksAndRejections (node:internal/process/task_queues:105:5)
    at async Client.list (C:\Users\steph\Documents\Git Projects\FlowdexMCP\node_modules\basic-ftp\dist\Client.js:496:13)
    at async file:///C:/Users/steph/Documents/Git%20Projects/FlowdexMCP/index.js:1791:21

[Fatal Tool Error] ftp_list: Error: None of the available transfer strategies work. Last error response was 'Error: Client is closed because Timeout (control socket)'.
    at Client.prepareTransfer (C:\Users\steph\Documents\Git Projects\FlowdexMCP\node_modules\basic-ftp\dist\Client.js:721:19)
    at process.processTicksAndRejections (node:internal/process/task_queues:105:5)
    at async Client.list (C:\Users\steph\Documents\Git Projects\FlowdexMCP\node_modules\basic-ftp\dist\Client.js:496:13)
    at async file:///C:/Users/steph/Documents/Git%20Projects/FlowdexMCP/index.js:1791:21
[Fatal Tool Error] ftp_list: Error: None of the available transfer strategies work. Last error response was 'Error: Client is closed because Timeout (control socket)'.
    at Client.prepareTransfer (C:\Users\steph\Documents\Git Projects\FlowdexMCP\node_modules\basic-ftp\dist\Client.js:721:19)
    at process.processTicksAndRejections (node:internal/process/task_queues:105:5)
    at async Client.list (C:\Users\steph\Documents\Git Projects\FlowdexMCP\node_modules\basic-ftp\dist\Client.js:496:13)
    at async file:///C:/Users/steph/Documents/Git%20Projects/FlowdexMCP/index.js:1791:21

[Fatal Tool Error] ftp_list: Error: None of the available transfer strategies work. Last error response was 'Error: Client is closed because Timeout (control socket)'.
    at Client.prepareTransfer (C:\Users\steph\Documents\Git Projects\FlowdexMCP\node_modules\basic-ftp\dist\Client.js:721:19)
    at process.processTicksAndRejections (node:internal/process/task_queues:105:5)
    at async Client.list (C:\Users\steph\Documents\Git Projects\FlowdexMCP\node_modules\basic-ftp\dist\Client.js:496:13)
    at async file:///C:/Users/steph/Documents/Git%20Projects/FlowdexMCP/index.js:1791:21
[Fatal Tool Error] ftp_list: Error: None of the available transfer strategies work. Last error response was 'Error: Client is closed because Timeout (control socket)'.
    at Client.prepareTransfer (C:\Users\steph\Documents\Git Projects\FlowdexMCP\node_modules\basic-ftp\dist\Client.js:721:19)
    at process.processTicksAndRejections (node:internal/process/task_queues:105:5)
    at async Client.list (C:\Users\steph\Documents\Git Projects\FlowdexMCP\node_modules\basic-ftp\dist\Client.js:496:13)
    at async file:///C:/Users/steph/Documents/Git%20Projects/FlowdexMCP/index.js:1791:21

[Fatal Tool Error] ftp_list: Error: None of the available transfer strategies work. Last error response was 'Error: Client is closed because Timeout (control socket)'.
    at Client.prepareTransfer (C:\Users\steph\Documents\Git Projects\FlowdexMCP\node_modules\basic-ftp\dist\Client.js:721:19)
    at process.processTicksAndRejections (node:internal/process/task_queues:105:5)
    at async Client.list (C:\Users\steph\Documents\Git Projects\FlowdexMCP\node_modules\basic-ftp\dist\Client.js:496:13)
    at async file:///C:/Users/steph/Documents/Git%20Projects/FlowdexMCP/index.js:1791:21
[Fatal Tool Error] ftp_list: Error: None of the available transfer strategies work. Last error response was 'Error: Client is closed because Timeout (control socket)'.
    at Client.prepareTransfer (C:\Users\steph\Documents\Git Projects\FlowdexMCP\node_modules\basic-ftp\dist\Client.js:721:19)
    at process.processTicksAndRejections (node:internal/process/task_queues:105:5)
    at async Client.list (C:\Users\steph\Documents\Git Projects\FlowdexMCP\node_modules\basic-ftp\dist\Client.js:496:13)
    at async file:///C:/Users/steph/Documents/Git%20Projects/FlowdexMCP/index.js:1791:21

[Fatal Tool Error] ftp_list: Error: None of the available transfer strategies work. Last error response was 'Error: Client is closed because Timeout (control socket)'.
    at Client.prepareTransfer (C:\Users\steph\Documents\Git Projects\FlowdexMCP\node_modules\basic-ftp\dist\Client.js:721:19)
    at process.processTicksAndRejections (node:internal/process/task_queues:105:5)
    at async Client.list (C:\Users\steph\Documents\Git Projects\FlowdexMCP\node_modules\basic-ftp\dist\Client.js:496:13)
    at async file:///C:/Users/steph/Documents/Git%20Projects/FlowdexMCP/index.js:1791:21
[Fatal Tool Error] ftp_list: Error: None of the available transfer strategies work. Last error response was 'Error: Client is closed because Timeout (control socket)'.
    at Client.prepareTransfer (C:\Users\steph\Documents\Git Projects\FlowdexMCP\node_modules\basic-ftp\dist\Client.js:721:19)
    at process.processTicksAndRejections (node:internal/process/task_queues:105:5)
    at async Client.list (C:\Users\steph\Documents\Git Projects\FlowdexMCP\node_modules\basic-ftp\dist\Client.js:496:13)
    at async file:///C:/Users/steph/Documents/Git%20Projects/FlowdexMCP/index.js:1791:21

[Fatal Tool Error] ftp_list: Error: None of the available transfer strategies work. Last error response was 'Error: Client is closed because Timeout (control socket)'.
    at Client.prepareTransfer (C:\Users\steph\Documents\Git Projects\FlowdexMCP\node_modules\basic-ftp\dist\Client.js:721:19)
    at process.processTicksAndRejections (node:internal/process/task_queues:105:5)
    at async Client.list (C:\Users\steph\Documents\Git Projects\FlowdexMCP\node_modules\basic-ftp\dist\Client.js:496:13)
    at async file:///C:/Users/steph/Documents/Git%20Projects/FlowdexMCP/index.js:1791:21
[Fatal Tool Error] ftp_list: Error: None of the available transfer strategies work. Last error response was 'Error: Client is closed because Timeout (control socket)'.
    at Client.prepareTransfer (C:\Users\steph\Documents\Git Projects\FlowdexMCP\node_modules\basic-ftp\dist\Client.js:721:19)
    at process.processTicksAndRejections (node:internal/process/task_queues:105:5)
    at async Client.list (C:\Users\steph\Documents\Git Projects\FlowdexMCP\node_modules\basic-ftp\dist\Client.js:496:13)
    at async file:///C:/Users/steph/Documents/Git%20Projects/FlowdexMCP/index.js:1791:21

[Fatal Tool Error] ftp_list: Error: None of the available transfer strategies work. Last error response was 'Error: Client is closed because Timeout (control socket)'.
    at Client.prepareTransfer (C:\Users\steph\Documents\Git Projects\FlowdexMCP\node_modules\basic-ftp\dist\Client.js:721:19)
    at process.processTicksAndRejections (node:internal/process/task_queues:105:5)
    at async Client.list (C:\Users\steph\Documents\Git Projects\FlowdexMCP\node_modules\basic-ftp\dist\Client.js:496:13)
    at async file:///C:/Users/steph/Documents/Git%20Projects/FlowdexMCP/index.js:1791:21
[Fatal Tool Error] ftp_list: Error: None of the available transfer strategies work. Last error response was 'Error: Client is closed because Timeout (control socket)'.
    at Client.prepareTransfer (C:\Users\steph\Documents\Git Projects\FlowdexMCP\node_modules\basic-ftp\dist\Client.js:721:19)
    at process.processTicksAndRejections (node:internal/process/task_queues:105:5)
    at async Client.list (C:\Users\steph\Documents\Git Projects\FlowdexMCP\node_modules\basic-ftp\dist\Client.js:496:13)
    at async file:///C:/Users/steph/Documents/Git%20Projects/FlowdexMCP/index.js:1791:21

[Fatal Tool Error] ftp_list: Error: None of the available transfer strategies work. Last error response was 'Error: Client is closed because Timeout (control socket)'.
    at Client.prepareTransfer (C:\Users\steph\Documents\Git Projects\FlowdexMCP\node_modules\basic-ftp\dist\Client.js:721:19)
    at process.processTicksAndRejections (node:internal/process/task_queues:105:5)
    at async Client.list (C:\Users\steph\Documents\Git Projects\FlowdexMCP\node_modules\basic-ftp\dist\Client.js:496:13)
    at async file:///C:/Users/steph/Documents/Git%20Projects/FlowdexMCP/index.js:1791:21
[Fatal Tool Error] ftp_list: Error: None of the available transfer strategies work. Last error response was 'Error: Client is closed because Timeout (control socket)'.
    at Client.prepareTransfer (C:\Users\steph\Documents\Git Projects\FlowdexMCP\node_modules\basic-ftp\dist\Client.js:721:19)
    at process.processTicksAndRejections (node:internal/process/task_queues:105:5)
    at async Client.list (C:\Users\steph\Documents\Git Projects\FlowdexMCP\node_modules\basic-ftp\dist\Client.js:496:13)
    at async file:///C:/Users/steph/Documents/Git%20Projects/FlowdexMCP/index.js:1791:21

[Fatal Tool Error] ftp_list: Error: None of the available transfer strategies work. Last error response was 'Error: Client is closed because Timeout (control socket)'.
    at Client.prepareTransfer (C:\Users\steph\Documents\Git Projects\FlowdexMCP\node_modules\basic-ftp\dist\Client.js:721:19)
    at process.processTicksAndRejections (node:internal/process/task_queues:105:5)
    at async Client.list (C:\Users\steph\Documents\Git Projects\FlowdexMCP\node_modules\basic-ftp\dist\Client.js:496:13)
    at async file:///C:/Users/steph/Documents/Git%20Projects/FlowdexMCP/index.js:1791:21
[Fatal Tool Error] ftp_list: Error: None of the available transfer strategies work. Last error response was 'Error: Client is closed because Timeout (control socket)'.
    at Client.prepareTransfer (C:\Users\steph\Documents\Git Projects\FlowdexMCP\node_modules\basic-ftp\dist\Client.js:721:19)
    at process.processTicksAndRejections (node:internal/process/task_queues:105:5)
    at async Client.list (C:\Users\steph\Documents\Git Projects\FlowdexMCP\node_modules\basic-ftp\dist\Client.js:496:13)
    at async file:///C:/Users/steph/Documents/Git%20Projects/FlowdexMCP/index.js:1791:21

[Fatal Tool Error] ftp_list: Error: None of the available transfer strategies work. Last error response was 'Error: Client is closed because Timeout (control socket)'.
    at Client.prepareTransfer (C:\Users\steph\Documents\Git Projects\FlowdexMCP\node_modules\basic-ftp\dist\Client.js:721:19)
    at process.processTicksAndRejections (node:internal/process/task_queues:105:5)
    at async Client.list (C:\Users\steph\Documents\Git Projects\FlowdexMCP\node_modules\basic-ftp\dist\Client.js:496:13)
    at async file:///C:/Users/steph/Documents/Git%20Projects/FlowdexMCP/index.js:1791:21
[Fatal Tool Error] ftp_list: Error: None of the available transfer strategies work. Last error response was 'Error: Client is closed because Timeout (control socket)'.
    at Client.prepareTransfer (C:\Users\steph\Documents\Git Projects\FlowdexMCP\node_modules\basic-ftp\dist\Client.js:721:19)
    at process.processTicksAndRejections (node:internal/process/task_queues:105:5)
    at async Client.list (C:\Users\steph\Documents\Git Projects\FlowdexMCP\node_modules\basic-ftp\dist\Client.js:496:13)
    at async file:///C:/Users/steph/Documents/Git%20Projects/FlowdexMCP/index.js:1791:21

[Fatal Tool Error] ftp_list: Error: None of the available transfer strategies work. Last error response was 'Error: Client is closed because Timeout (control socket)'.
    at Client.prepareTransfer (C:\Users\steph\Documents\Git Projects\FlowdexMCP\node_modules\basic-ftp\dist\Client.js:721:19)
    at process.processTicksAndRejections (node:internal/process/task_queues:105:5)
    at async Client.list (C:\Users\steph\Documents\Git Projects\FlowdexMCP\node_modules\basic-ftp\dist\Client.js:496:13)
    at async file:///C:/Users/steph/Documents/Git%20Projects/FlowdexMCP/index.js:1791:21
[Fatal Tool Error] ftp_list: Error: None of the available transfer strategies work. Last error response was 'Error: Client is closed because Timeout (control socket)'.
    at Client.prepareTransfer (C:\Users\steph\Documents\Git Projects\FlowdexMCP\node_modules\basic-ftp\dist\Client.js:721:19)
    at process.processTicksAndRejections (node:internal/process/task_queues:105:5)
    at async Client.list (C:\Users\steph\Documents\Git Projects\FlowdexMCP\node_modules\basic-ftp\dist\Client.js:496:13)
    at async file:///C:/Users/steph/Documents/Git%20Projects/FlowdexMCP/index.js:1791:21

[Fatal Tool Error] ftp_list: Error: None of the available transfer strategies work. Last error response was 'Error: Client is closed because Timeout (control socket)'.
    at Client.prepareTransfer (C:\Users\steph\Documents\Git Projects\FlowdexMCP\node_modules\basic-ftp\dist\Client.js:721:19)
    at process.processTicksAndRejections (node:internal/process/task_queues:105:5)
    at async Client.list (C:\Users\steph\Documents\Git Projects\FlowdexMCP\node_modules\basic-ftp\dist\Client.js:496:13)
    at async file:///C:/Users/steph/Documents/Git%20Projects/FlowdexMCP/index.js:1791:21
[Fatal Tool Error] ftp_list: Error: None of the available transfer strategies work. Last error response was 'Error: Client is closed because Timeout (control socket)'.
    at Client.prepareTransfer (C:\Users\steph\Documents\Git Projects\FlowdexMCP\node_modules\basic-ftp\dist\Client.js:721:19)
    at process.processTicksAndRejections (node:internal/process/task_queues:105:5)
    at async Client.list (C:\Users\steph\Documents\Git Projects\FlowdexMCP\node_modules\basic-ftp\dist\Client.js:496:13)
    at async file:///C:/Users/steph/Documents/Git%20Projects/FlowdexMCP/index.js:1791:21

[Fatal Tool Error] ftp_list: Error: None of the available transfer strategies work. Last error response was 'Error: Client is closed because Timeout (control socket)'.
    at Client.prepareTransfer (C:\Users\steph\Documents\Git Projects\FlowdexMCP\node_modules\basic-ftp\dist\Client.js:721:19)
    at process.processTicksAndRejections (node:internal/process/task_queues:105:5)
    at async Client.list (C:\Users\steph\Documents\Git Projects\FlowdexMCP\node_modules\basic-ftp\dist\Client.js:496:13)
    at async file:///C:/Users/steph/Documents/Git%20Projects/FlowdexMCP/index.js:1791:21
[Fatal Tool Error] ftp_list: Error: None of the available transfer strategies work. Last error response was 'Error: Client is closed because Timeout (control socket)'.
    at Client.prepareTransfer (C:\Users\steph\Documents\Git Projects\FlowdexMCP\node_modules\basic-ftp\dist\Client.js:721:19)
    at process.processTicksAndRejections (node:internal/process/task_queues:105:5)
    at async Client.list (C:\Users\steph\Documents\Git Projects\FlowdexMCP\node_modules\basic-ftp\dist\Client.js:496:13)
    at async file:///C:/Users/steph/Documents/Git%20Projects/FlowdexMCP/index.js:1791:21

[Fatal Tool Error] ftp_list: Error: None of the available transfer strategies work. Last error response was 'Error: Client is closed because Timeout (control socket)'.
    at Client.prepareTransfer (C:\Users\steph\Documents\Git Projects\FlowdexMCP\node_modules\basic-ftp\dist\Client.js:721:19)
    at process.processTicksAndRejections (node:internal/process/task_queues:105:5)
    at async Client.list (C:\Users\steph\Documents\Git Projects\FlowdexMCP\node_modules\basic-ftp\dist\Client.js:496:13)
    at async file:///C:/Users/steph/Documents/Git%20Projects/FlowdexMCP/index.js:1791:21
[Fatal Tool Error] ftp_list: Error: None of the available transfer strategies work. Last error response was 'Error: Client is closed because Timeout (control socket)'.
    at Client.prepareTransfer (C:\Users\steph\Documents\Git Projects\FlowdexMCP\node_modules\basic-ftp\dist\Client.js:721:19)
    at process.processTicksAndRejections (node:internal/process/task_queues:105:5)
    at async Client.list (C:\Users\steph\Documents\Git Projects\FlowdexMCP\node_modules\basic-ftp\dist\Client.js:496:13)
    at async file:///C:/Users/steph/Documents/Git%20Projects/FlowdexMCP/index.js:1791:21

[Fatal Tool Error] ftp_list: Error: None of the available transfer strategies work. Last error response was 'Error: Client is closed because Timeout (control socket)'.
    at Client.prepareTransfer (C:\Users\steph\Documents\Git Projects\FlowdexMCP\node_modules\basic-ftp\dist\Client.js:721:19)
    at process.processTicksAndRejections (node:internal/process/task_queues:105:5)
    at async Client.list (C:\Users\steph\Documents\Git Projects\FlowdexMCP\node_modules\basic-ftp\dist\Client.js:496:13)
    at async file:///C:/Users/steph/Documents/Git%20Projects/FlowdexMCP/index.js:1791:21
[Fatal Tool Error] ftp_list: Error: None of the available transfer strategies work. Last error response was 'Error: Client is closed because Timeout (control socket)'.
    at Client.prepareTransfer (C:\Users\steph\Documents\Git Projects\FlowdexMCP\node_modules\basic-ftp\dist\Client.js:721:19)
    at process.processTicksAndRejections (node:internal/process/task_queues:105:5)
    at async Client.list (C:\Users\steph\Documents\Git Projects\FlowdexMCP\node_modules\basic-ftp\dist\Client.js:496:13)
    at async file:///C:/Users/steph/Documents/Git%20Projects/FlowdexMCP/index.js:1791:21

[Fatal Tool Error] ftp_list: Error: None of the available transfer strategies work. Last error response was 'Error: Client is closed because Timeout (control socket)'.
    at Client.prepareTransfer (C:\Users\steph\Documents\Git Projects\FlowdexMCP\node_modules\basic-ftp\dist\Client.js:721:19)
    at process.processTicksAndRejections (node:internal/process/task_queues:105:5)
    at async Client.list (C:\Users\steph\Documents\Git Projects\FlowdexMCP\node_modules\basic-ftp\dist\Client.js:496:13)
    at async file:///C:/Users/steph/Documents/Git%20Projects/FlowdexMCP/index.js:1791:21
[Fatal Tool Error] ftp_list: Error: None of the available transfer strategies work. Last error response was 'Error: Client is closed because Timeout (control socket)'.
    at Client.prepareTransfer (C:\Users\steph\Documents\Git Projects\FlowdexMCP\node_modules\basic-ftp\dist\Client.js:721:19)
    at process.processTicksAndRejections (node:internal/process/task_queues:105:5)
    at async Client.list (C:\Users\steph\Documents\Git Projects\FlowdexMCP\node_modules\basic-ftp\dist\Client.js:496:13)
    at async file:///C:/Users/steph/Documents/Git%20Projects/FlowdexMCP/index.js:1791:21

[Fatal Tool Error] ftp_list: Error: None of the available transfer strategies work. Last error response was 'Error: Client is closed because Timeout (control socket)'.
    at Client.prepareTransfer (C:\Users\steph\Documents\Git Projects\FlowdexMCP\node_modules\basic-ftp\dist\Client.js:721:19)
    at process.processTicksAndRejections (node:internal/process/task_queues:105:5)
    at async Client.list (C:\Users\steph\Documents\Git Projects\FlowdexMCP\node_modules\basic-ftp\dist\Client.js:496:13)
    at async file:///C:/Users/steph/Documents/Git%20Projects/FlowdexMCP/index.js:1791:21
[Fatal Tool Error] ftp_list: Error: None of the available transfer strategies work. Last error response was 'Error: Client is closed because Timeout (control socket)'.
    at Client.prepareTransfer (C:\Users\steph\Documents\Git Projects\FlowdexMCP\node_modules\basic-ftp\dist\Client.js:721:19)
    at process.processTicksAndRejections (node:internal/process/task_queues:105:5)
    at async Client.list (C:\Users\steph\Documents\Git Projects\FlowdexMCP\node_modules\basic-ftp\dist\Client.js:496:13)
    at async file:///C:/Users/steph/Documents/Git%20Projects/FlowdexMCP/index.js:1791:21

[Fatal Tool Error] ftp_list: Error: None of the available transfer strategies work. Last error response was 'Error: Client is closed because Timeout (control socket)'.
    at Client.prepareTransfer (C:\Users\steph\Documents\Git Projects\FlowdexMCP\node_modules\basic-ftp\dist\Client.js:721:19)
    at process.processTicksAndRejections (node:internal/process/task_queues:105:5)
    at async Client.list (C:\Users\steph\Documents\Git Projects\FlowdexMCP\node_modules\basic-ftp\dist\Client.js:496:13)
    at async file:///C:/Users/steph/Documents/Git%20Projects/FlowdexMCP/index.js:1791:21
[Fatal Tool Error] ftp_list: Error: None of the available transfer strategies work. Last error response was 'Error: Client is closed because Timeout (control socket)'.
    at Client.prepareTransfer (C:\Users\steph\Documents\Git Projects\FlowdexMCP\node_modules\basic-ftp\dist\Client.js:721:19)
    at process.processTicksAndRejections (node:internal/process/task_queues:105:5)
    at async Client.list (C:\Users\steph\Documents\Git Projects\FlowdexMCP\node_modules\basic-ftp\dist\Client.js:496:13)
    at async file:///C:/Users/steph/Documents/Git%20Projects/FlowdexMCP/index.js:1791:21

[Fatal Tool Error] ftp_list: Error: None of the available transfer strategies work. Last error response was 'Error: Client is closed because Timeout (control socket)'.
    at Client.prepareTransfer (C:\Users\steph\Documents\Git Projects\FlowdexMCP\node_modules\basic-ftp\dist\Client.js:721:19)
    at process.processTicksAndRejections (node:internal/process/task_queues:105:5)
    at async Client.list (C:\Users\steph\Documents\Git Projects\FlowdexMCP\node_modules\basic-ftp\dist\Client.js:496:13)
    at async file:///C:/Users/steph/Documents/Git%20Projects/FlowdexMCP/index.js:1791:21
[Fatal Tool Error] ftp_list: Error: None of the available transfer strategies work. Last error response was 'Error: Client is closed because Timeout (control socket)'.
    at Client.prepareTransfer (C:\Users\steph\Documents\Git Projects\FlowdexMCP\node_modules\basic-ftp\dist\Client.js:721:19)
    at process.processTicksAndRejections (node:internal/process/task_queues:105:5)
    at async Client.list (C:\Users\steph\Documents\Git Projects\FlowdexMCP\node_modules\basic-ftp\dist\Client.js:496:13)
    at async file:///C:/Users/steph/Documents/Git%20Projects/FlowdexMCP/index.js:1791:21

[Fatal Tool Error] ftp_list: Error: None of the available transfer strategies work. Last error response was 'Error: Client is closed because Timeout (control socket)'.
    at Client.prepareTransfer (C:\Users\steph\Documents\Git Projects\FlowdexMCP\node_modules\basic-ftp\dist\Client.js:721:19)
    at process.processTicksAndRejections (node:internal/process/task_queues:105:5)
    at async Client.list (C:\Users\steph\Documents\Git Projects\FlowdexMCP\node_modules\basic-ftp\dist\Client.js:496:13)
    at async file:///C:/Users/steph/Documents/Git%20Projects/FlowdexMCP/index.js:1791:21
[Fatal Tool Error] ftp_list: Error: None of the available transfer strategies work. Last error response was 'Error: Client is closed because Timeout (control socket)'.
    at Client.prepareTransfer (C:\Users\steph\Documents\Git Projects\FlowdexMCP\node_modules\basic-ftp\dist\Client.js:721:19)
    at process.processTicksAndRejections (node:internal/process/task_queues:105:5)
    at async Client.list (C:\Users\steph\Documents\Git Projects\FlowdexMCP\node_modules\basic-ftp\dist\Client.js:496:13)
    at async file:///C:/Users/steph/Documents/Git%20Projects/FlowdexMCP/index.js:1791:21

[Fatal Tool Error] ftp_list: Error: None of the available transfer strategies work. Last error response was 'Error: Client is closed because Timeout (control socket)'.
    at Client.prepareTransfer (C:\Users\steph\Documents\Git Projects\FlowdexMCP\node_modules\basic-ftp\dist\Client.js:721:19)
    at process.processTicksAndRejections (node:internal/process/task_queues:105:5)
    at async Client.list (C:\Users\steph\Documents\Git Projects\FlowdexMCP\node_modules\basic-ftp\dist\Client.js:496:13)
    at async file:///C:/Users/steph/Documents/Git%20Projects/FlowdexMCP/index.js:1791:21
[Fatal Tool Error] ftp_list: Error: None of the available transfer strategies work. Last error response was 'Error: Client is closed because Timeout (control socket)'.
    at Client.prepareTransfer (C:\Users\steph\Documents\Git Projects\FlowdexMCP\node_modules\basic-ftp\dist\Client.js:721:19)
    at process.processTicksAndRejections (node:internal/process/task_queues:105:5)
    at async Client.list (C:\Users\steph\Documents\Git Projects\FlowdexMCP\node_modules\basic-ftp\dist\Client.js:496:13)
    at async file:///C:/Users/steph/Documents/Git%20Projects/FlowdexMCP/index.js:1791:21

[Fatal Tool Error] ftp_list: Error: None of the available transfer strategies work. Last error response was 'Error: Client is closed because Timeout (control socket)'.
    at Client.prepareTransfer (C:\Users\steph\Documents\Git Projects\FlowdexMCP\node_modules\basic-ftp\dist\Client.js:721:19)
    at process.processTicksAndRejections (node:internal/process/task_queues:105:5)
    at async Client.list (C:\Users\steph\Documents\Git Projects\FlowdexMCP\node_modules\basic-ftp\dist\Client.js:496:13)
    at async file:///C:/Users/steph/Documents/Git%20Projects/FlowdexMCP/index.js:1791:21
[Fatal Tool Error] ftp_list: Error: None of the available transfer strategies work. Last error response was 'Error: Client is closed because Timeout (control socket)'.
    at Client.prepareTransfer (C:\Users\steph\Documents\Git Projects\FlowdexMCP\node_modules\basic-ftp\dist\Client.js:721:19)
    at process.processTicksAndRejections (node:internal/process/task_queues:105:5)
    at async Client.list (C:\Users\steph\Documents\Git Projects\FlowdexMCP\node_modules\basic-ftp\dist\Client.js:496:13)
    at async file:///C:/Users/steph/Documents/Git%20Projects/FlowdexMCP/index.js:1791:21

[Fatal Tool Error] ftp_list: Error: None of the available transfer strategies work. Last error response was 'Error: Client is closed because Timeout (control socket)'.
    at Client.prepareTransfer (C:\Users\steph\Documents\Git Projects\FlowdexMCP\node_modules\basic-ftp\dist\Client.js:721:19)
    at process.processTicksAndRejections (node:internal/process/task_queues:105:5)
    at async Client.list (C:\Users\steph\Documents\Git Projects\FlowdexMCP\node_modules\basic-ftp\dist\Client.js:496:13)
    at async file:///C:/Users/steph/Documents/Git%20Projects/FlowdexMCP/index.js:1791:21
[Fatal Tool Error] ftp_list: Error: None of the available transfer strategies work. Last error response was 'Error: Client is closed because Timeout (control socket)'.
    at Client.prepareTransfer (C:\Users\steph\Documents\Git Projects\FlowdexMCP\node_modules\basic-ftp\dist\Client.js:721:19)
    at process.processTicksAndRejections (node:internal/process/task_queues:105:5)
    at async Client.list (C:\Users\steph\Documents\Git Projects\FlowdexMCP\node_modules\basic-ftp\dist\Client.js:496:13)
    at async file:///C:/Users/steph/Documents/Git%20Projects/FlowdexMCP/index.js:1791:21

[Fatal Tool Error] ftp_list: Error: None of the available transfer strategies work. Last error response was 'Error: Client is closed because Timeout (control socket)'.
    at Client.prepareTransfer (C:\Users\steph\Documents\Git Projects\FlowdexMCP\node_modules\basic-ftp\dist\Client.js:721:19)
    at process.processTicksAndRejections (node:internal/process/task_queues:105:5)
    at async Client.list (C:\Users\steph\Documents\Git Projects\FlowdexMCP\node_modules\basic-ftp\dist\Client.js:496:13)
    at async file:///C:/Users/steph/Documents/Git%20Projects/FlowdexMCP/index.js:1791:21
[Fatal Tool Error] ftp_list: Error: None of the available transfer strategies work. Last error response was 'Error: Client is closed because Timeout (control socket)'.
    at Client.prepareTransfer (C:\Users\steph\Documents\Git Projects\FlowdexMCP\node_modules\basic-ftp\dist\Client.js:721:19)
    at process.processTicksAndRejections (node:internal/process/task_queues:105:5)
    at async Client.list (C:\Users\steph\Documents\Git Projects\FlowdexMCP\node_modules\basic-ftp\dist\Client.js:496:13)
    at async file:///C:/Users/steph/Documents/Git%20Projects/FlowdexMCP/index.js:1791:21

[Fatal Tool Error] ftp_list: Error: None of the available transfer strategies work. Last error response was 'Error: Client is closed because Timeout (control socket)'.
    at Client.prepareTransfer (C:\Users\steph\Documents\Git Projects\FlowdexMCP\node_modules\basic-ftp\dist\Client.js:721:19)
    at process.processTicksAndRejections (node:internal/process/task_queues:105:5)
    at async Client.list (C:\Users\steph\Documents\Git Projects\FlowdexMCP\node_modules\basic-ftp\dist\Client.js:496:13)
    at async file:///C:/Users/steph/Documents/Git%20Projects/FlowdexMCP/index.js:1791:21
[Fatal Tool Error] ftp_list: Error: None of the available transfer strategies work. Last error response was 'Error: Client is closed because Timeout (control socket)'.
    at Client.prepareTransfer (C:\Users\steph\Documents\Git Projects\FlowdexMCP\node_modules\basic-ftp\dist\Client.js:721:19)
    at process.processTicksAndRejections (node:internal/process/task_queues:105:5)
    at async Client.list (C:\Users\steph\Documents\Git Projects\FlowdexMCP\node_modules\basic-ftp\dist\Client.js:496:13)
    at async file:///C:/Users/steph/Documents/Git%20Projects/FlowdexMCP/index.js:1791:21

[Fatal Tool Error] ftp_list: Error: None of the available transfer strategies work. Last error response was 'Error: Client is closed because Timeout (control socket)'.
    at Client.prepareTransfer (C:\Users\steph\Documents\Git Projects\FlowdexMCP\node_modules\basic-ftp\dist\Client.js:721:19)
    at process.processTicksAndRejections (node:internal/process/task_queues:105:5)
    at async Client.list (C:\Users\steph\Documents\Git Projects\FlowdexMCP\node_modules\basic-ftp\dist\Client.js:496:13)
    at async file:///C:/Users/steph/Documents/Git%20Projects/FlowdexMCP/index.js:1791:21
[Fatal Tool Error] ftp_list: Error: None of the available transfer strategies work. Last error response was 'Error: Client is closed because Timeout (control socket)'.
    at Client.prepareTransfer (C:\Users\steph\Documents\Git Projects\FlowdexMCP\node_modules\basic-ftp\dist\Client.js:721:19)
    at process.processTicksAndRejections (node:internal/process/task_queues:105:5)
    at async Client.list (C:\Users\steph\Documents\Git Projects\FlowdexMCP\node_modules\basic-ftp\dist\Client.js:496:13)
    at async file:///C:/Users/steph/Documents/Git%20Projects/FlowdexMCP/index.js:1791:21

[Fatal Tool Error] ftp_list: Error: None of the available transfer strategies work. Last error response was 'Error: Client is closed because Timeout (control socket)'.
    at Client.prepareTransfer (C:\Users\steph\Documents\Git Projects\FlowdexMCP\node_modules\basic-ftp\dist\Client.js:721:19)
    at process.processTicksAndRejections (node:internal/process/task_queues:105:5)
    at async Client.list (C:\Users\steph\Documents\Git Projects\FlowdexMCP\node_modules\basic-ftp\dist\Client.js:496:13)
    at async file:///C:/Users/steph/Documents/Git%20Projects/FlowdexMCP/index.js:1791:21
[Fatal Tool Error] ftp_list: Error: None of the available transfer strategies work. Last error response was 'Error: Client is closed because Timeout (control socket)'.
    at Client.prepareTransfer (C:\Users\steph\Documents\Git Projects\FlowdexMCP\node_modules\basic-ftp\dist\Client.js:721:19)
    at process.processTicksAndRejections (node:internal/process/task_queues:105:5)
    at async Client.list (C:\Users\steph\Documents\Git Projects\FlowdexMCP\node_modules\basic-ftp\dist\Client.js:496:13)
    at async file:///C:/Users/steph/Documents/Git%20Projects/FlowdexMCP/index.js:1791:21

[Fatal Tool Error] ftp_list: Error: None of the available transfer strategies work. Last error response was 'Error: Client is closed because Timeout (control socket)'.
    at Client.prepareTransfer (C:\Users\steph\Documents\Git Projects\FlowdexMCP\node_modules\basic-ftp\dist\Client.js:721:19)
    at process.processTicksAndRejections (node:internal/process/task_queues:105:5)
    at async Client.list (C:\Users\steph\Documents\Git Projects\FlowdexMCP\node_modules\basic-ftp\dist\Client.js:496:13)
    at async file:///C:/Users/steph/Documents/Git%20Projects/FlowdexMCP/index.js:1791:21
[Fatal Tool Error] ftp_list: Error: None of the available transfer strategies work. Last error response was 'Error: Client is closed because Timeout (control socket)'.
    at Client.prepareTransfer (C:\Users\steph\Documents\Git Projects\FlowdexMCP\node_modules\basic-ftp\dist\Client.js:721:19)
    at process.processTicksAndRejections (node:internal/process/task_queues:105:5)
    at async Client.list (C:\Users\steph\Documents\Git Projects\FlowdexMCP\node_modules\basic-ftp\dist\Client.js:496:13)
    at async file:///C:/Users/steph/Documents/Git%20Projects/FlowdexMCP/index.js:1791:21

[Fatal Tool Error] ftp_list: Error: None of the available transfer strategies work. Last error response was 'Error: Client is closed because Timeout (control socket)'.
    at Client.prepareTransfer (C:\Users\steph\Documents\Git Projects\FlowdexMCP\node_modules\basic-ftp\dist\Client.js:721:19)
    at process.processTicksAndRejections (node:internal/process/task_queues:105:5)
    at async Client.list (C:\Users\steph\Documents\Git Projects\FlowdexMCP\node_modules\basic-ftp\dist\Client.js:496:13)
    at async file:///C:/Users/steph/Documents/Git%20Projects/FlowdexMCP/index.js:1791:21
[Fatal Tool Error] ftp_list: Error: None of the available transfer strategies work. Last error response was 'Error: Client is closed because Timeout (control socket)'.
    at Client.prepareTransfer (C:\Users\steph\Documents\Git Projects\FlowdexMCP\node_modules\basic-ftp\dist\Client.js:721:19)
    at process.processTicksAndRejections (node:internal/process/task_queues:105:5)
    at async Client.list (C:\Users\steph\Documents\Git Projects\FlowdexMCP\node_modules\basic-ftp\dist\Client.js:496:13)
    at async file:///C:/Users/steph/Documents/Git%20Projects/FlowdexMCP/index.js:1791:21

[Fatal Tool Error] ftp_list: Error: None of the available transfer strategies work. Last error response was 'Error: Client is closed because Timeout (control socket)'.
    at Client.prepareTransfer (C:\Users\steph\Documents\Git Projects\FlowdexMCP\node_modules\basic-ftp\dist\Client.js:721:19)
    at process.processTicksAndRejections (node:internal/process/task_queues:105:5)
    at async Client.list (C:\Users\steph\Documents\Git Projects\FlowdexMCP\node_modules\basic-ftp\dist\Client.js:496:13)
    at async file:///C:/Users/steph/Documents/Git%20Projects/FlowdexMCP/index.js:1791:21
[Fatal Tool Error] ftp_list: Error: None of the available transfer strategies work. Last error response was 'Error: Client is closed because Timeout (control socket)'.
    at Client.prepareTransfer (C:\Users\steph\Documents\Git Projects\FlowdexMCP\node_modules\basic-ftp\dist\Client.js:721:19)
    at process.processTicksAndRejections (node:internal/process/task_queues:105:5)
    at async Client.list (C:\Users\steph\Documents\Git Projects\FlowdexMCP\node_modules\basic-ftp\dist\Client.js:496:13)
    at async file:///C:/Users/steph/Documents/Git%20Projects/FlowdexMCP/index.js:1791:21

[Fatal Tool Error] ftp_list: Error: None of the available transfer strategies work. Last error response was 'Error: Client is closed because Timeout (control socket)'.
    at Client.prepareTransfer (C:\Users\steph\Documents\Git Projects\FlowdexMCP\node_modules\basic-ftp\dist\Client.js:721:19)
    at process.processTicksAndRejections (node:internal/process/task_queues:105:5)
    at async Client.list (C:\Users\steph\Documents\Git Projects\FlowdexMCP\node_modules\basic-ftp\dist\Client.js:496:13)
    at async file:///C:/Users/steph/Documents/Git%20Projects/FlowdexMCP/index.js:1791:21
[Fatal Tool Error] ftp_list: Error: None of the available transfer strategies work. Last error response was 'Error: Client is closed because Timeout (control socket)'.
    at Client.prepareTransfer (C:\Users\steph\Documents\Git Projects\FlowdexMCP\node_modules\basic-ftp\dist\Client.js:721:19)
    at process.processTicksAndRejections (node:internal/process/task_queues:105:5)
    at async Client.list (C:\Users\steph\Documents\Git Projects\FlowdexMCP\node_modules\basic-ftp\dist\Client.js:496:13)
    at async file:///C:/Users/steph/Documents/Git%20Projects/FlowdexMCP/index.js:1791:21

[Fatal Tool Error] ftp_list: Error: None of the available transfer strategies work. Last error response was 'Error: Client is closed because Timeout (control socket)'.
    at Client.prepareTransfer (C:\Users\steph\Documents\Git Projects\FlowdexMCP\node_modules\basic-ftp\dist\Client.js:721:19)
    at process.processTicksAndRejections (node:internal/process/task_queues:105:5)
    at async Client.list (C:\Users\steph\Documents\Git Projects\FlowdexMCP\node_modules\basic-ftp\dist\Client.js:496:13)
    at async file:///C:/Users/steph/Documents/Git%20Projects/FlowdexMCP/index.js:1791:21
[Fatal Tool Error] ftp_list: Error: None of the available transfer strategies work. Last error response was 'Error: Client is closed because Timeout (control socket)'.
    at Client.prepareTransfer (C:\Users\steph\Documents\Git Projects\FlowdexMCP\node_modules\basic-ftp\dist\Client.js:721:19)
    at process.processTicksAndRejections (node:internal/process/task_queues:105:5)
    at async Client.list (C:\Users\steph\Documents\Git Projects\FlowdexMCP\node_modules\basic-ftp\dist\Client.js:496:13)
    at async file:///C:/Users/steph/Documents/Git%20Projects/FlowdexMCP/index.js:1791:21

[Fatal Tool Error] ftp_list: Error: None of the available transfer strategies work. Last error response was 'Error: Client is closed because Timeout (control socket)'.
    at Client.prepareTransfer (C:\Users\steph\Documents\Git Projects\FlowdexMCP\node_modules\basic-ftp\dist\Client.js:721:19)
    at process.processTicksAndRejections (node:internal/process/task_queues:105:5)
    at async Client.list (C:\Users\steph\Documents\Git Projects\FlowdexMCP\node_modules\basic-ftp\dist\Client.js:496:13)
    at async file:///C:/Users/steph/Documents/Git%20Projects/FlowdexMCP/index.js:1791:21
[Fatal Tool Error] ftp_list: Error: None of the available transfer strategies work. Last error response was 'Error: Client is closed because Timeout (control socket)'.
    at Client.prepareTransfer (C:\Users\steph\Documents\Git Projects\FlowdexMCP\node_modules\basic-ftp\dist\Client.js:721:19)
    at process.processTicksAndRejections (node:internal/process/task_queues:105:5)
    at async Client.list (C:\Users\steph\Documents\Git Projects\FlowdexMCP\node_modules\basic-ftp\dist\Client.js:496:13)
    at async file:///C:/Users/steph/Documents/Git%20Projects/FlowdexMCP/index.js:1791:21

[Fatal Tool Error] ftp_list: Error: None of the available transfer strategies work. Last error response was 'Error: Client is closed because Timeout (control socket)'.
    at Client.prepareTransfer (C:\Users\steph\Documents\Git Projects\FlowdexMCP\node_modules\basic-ftp\dist\Client.js:721:19)
    at process.processTicksAndRejections (node:internal/process/task_queues:105:5)
    at async Client.list (C:\Users\steph\Documents\Git Projects\FlowdexMCP\node_modules\basic-ftp\dist\Client.js:496:13)
    at async file:///C:/Users/steph/Documents/Git%20Projects/FlowdexMCP/index.js:1791:21
[Fatal Tool Error] ftp_list: Error: None of the available transfer strategies work. Last error response was 'Error: Client is closed because Timeout (control socket)'.
    at Client.prepareTransfer (C:\Users\steph\Documents\Git Projects\FlowdexMCP\node_modules\basic-ftp\dist\Client.js:721:19)
    at process.processTicksAndRejections (node:internal/process/task_queues:105:5)
    at async Client.list (C:\Users\steph\Documents\Git Projects\FlowdexMCP\node_modules\basic-ftp\dist\Client.js:496:13)
    at async file:///C:/Users/steph/Documents/Git%20Projects/FlowdexMCP/index.js:1791:21

[Fatal Tool Error] ftp_list: Error: None of the available transfer strategies work. Last error response was 'Error: Client is closed because Timeout (control socket)'.
    at Client.prepareTransfer (C:\Users\steph\Documents\Git Projects\FlowdexMCP\node_modules\basic-ftp\dist\Client.js:721:19)
    at process.processTicksAndRejections (node:internal/process/task_queues:105:5)
    at async Client.list (C:\Users\steph\Documents\Git Projects\FlowdexMCP\node_modules\basic-ftp\dist\Client.js:496:13)
    at async file:///C:/Users/steph/Documents/Git%20Projects/FlowdexMCP/index.js:1791:21
[Fatal Tool Error] ftp_list: Error: None of the available transfer strategies work. Last error response was 'Error: Client is closed because Timeout (control socket)'.
    at Client.prepareTransfer (C:\Users\steph\Documents\Git Projects\FlowdexMCP\node_modules\basic-ftp\dist\Client.js:721:19)
    at process.processTicksAndRejections (node:internal/process/task_queues:105:5)
    at async Client.list (C:\Users\steph\Documents\Git Projects\FlowdexMCP\node_modules\basic-ftp\dist\Client.js:496:13)
    at async file:///C:/Users/steph/Documents/Git%20Projects/FlowdexMCP/index.js:1791:21

[Fatal Tool Error] ftp_list: Error: None of the available transfer strategies work. Last error response was 'Error: Client is closed because Timeout (control socket)'.
    at Client.prepareTransfer (C:\Users\steph\Documents\Git Projects\FlowdexMCP\node_modules\basic-ftp\dist\Client.js:721:19)
    at process.processTicksAndRejections (node:internal/process/task_queues:105:5)
    at async Client.list (C:\Users\steph\Documents\Git Projects\FlowdexMCP\node_modules\basic-ftp\dist\Client.js:496:13)
    at async file:///C:/Users/steph/Documents/Git%20Projects/FlowdexMCP/index.js:1791:21
[Fatal Tool Error] ftp_list: Error: None of the available transfer strategies work. Last error response was 'Error: Client is closed because Timeout (control socket)'.
    at Client.prepareTransfer (C:\Users\steph\Documents\Git Projects\FlowdexMCP\node_modules\basic-ftp\dist\Client.js:721:19)
    at process.processTicksAndRejections (node:internal/process/task_queues:105:5)
    at async Client.list (C:\Users\steph\Documents\Git Projects\FlowdexMCP\node_modules\basic-ftp\dist\Client.js:496:13)
    at async file:///C:/Users/steph/Documents/Git%20Projects/FlowdexMCP/index.js:1791:21

[Fatal Tool Error] ftp_list: Error: None of the available transfer strategies work. Last error response was 'Error: Client is closed because Timeout (control socket)'.
    at Client.prepareTransfer (C:\Users\steph\Documents\Git Projects\FlowdexMCP\node_modules\basic-ftp\dist\Client.js:721:19)
    at process.processTicksAndRejections (node:internal/process/task_queues:105:5)
    at async Client.list (C:\Users\steph\Documents\Git Projects\FlowdexMCP\node_modules\basic-ftp\dist\Client.js:496:13)
    at async file:///C:/Users/steph/Documents/Git%20Projects/FlowdexMCP/index.js:1791:21
[Fatal Tool Error] ftp_list: Error: None of the available transfer strategies work. Last error response was 'Error: Client is closed because Timeout (control socket)'.
    at Client.prepareTransfer (C:\Users\steph\Documents\Git Projects\FlowdexMCP\node_modules\basic-ftp\dist\Client.js:721:19)
    at process.processTicksAndRejections (node:internal/process/task_queues:105:5)
    at async Client.list (C:\Users\steph\Documents\Git Projects\FlowdexMCP\node_modules\basic-ftp\dist\Client.js:496:13)
    at async file:///C:/Users/steph/Documents/Git%20Projects/FlowdexMCP/index.js:1791:21

[Fatal Tool Error] ftp_list: Error: None of the available transfer strategies work. Last error response was 'Error: Client is closed because Timeout (control socket)'.
    at Client.prepareTransfer (C:\Users\steph\Documents\Git Projects\FlowdexMCP\node_modules\basic-ftp\dist\Client.js:721:19)
    at process.processTicksAndRejections (node:internal/process/task_queues:105:5)
    at async Client.list (C:\Users\steph\Documents\Git Projects\FlowdexMCP\node_modules\basic-ftp\dist\Client.js:496:13)
    at async file:///C:/Users/steph/Documents/Git%20Projects/FlowdexMCP/index.js:1791:21
[Fatal Tool Error] ftp_list: Error: None of the available transfer strategies work. Last error response was 'Error: Client is closed because Timeout (control socket)'.
    at Client.prepareTransfer (C:\Users\steph\Documents\Git Projects\FlowdexMCP\node_modules\basic-ftp\dist\Client.js:721:19)
    at process.processTicksAndRejections (node:internal/process/task_queues:105:5)
    at async Client.list (C:\Users\steph\Documents\Git Projects\FlowdexMCP\node_modules\basic-ftp\dist\Client.js:496:13)
    at async file:///C:/Users/steph/Documents/Git%20Projects/FlowdexMCP/index.js:1791:21

[Fatal Tool Error] ftp_list: Error: None of the available transfer strategies work. Last error response was 'Error: Client is closed because Timeout (control socket)'.
    at Client.prepareTransfer (C:\Users\steph\Documents\Git Projects\FlowdexMCP\node_modules\basic-ftp\dist\Client.js:721:19)
    at process.processTicksAndRejections (node:internal/process/task_queues:105:5)
    at async Client.list (C:\Users\steph\Documents\Git Projects\FlowdexMCP\node_modules\basic-ftp\dist\Client.js:496:13)
    at async file:///C:/Users/steph/Documents/Git%20Projects/FlowdexMCP/index.js:1791:21
[Fatal Tool Error] ftp_list: Error: None of the available transfer strategies work. Last error response was 'Error: Client is closed because Timeout (control socket)'.
    at Client.prepareTransfer (C:\Users\steph\Documents\Git Projects\FlowdexMCP\node_modules\basic-ftp\dist\Client.js:721:19)
    at process.processTicksAndRejections (node:internal/process/task_queues:105:5)
    at async Client.list (C:\Users\steph\Documents\Git Projects\FlowdexMCP\node_modules\basic-ftp\dist\Client.js:496:13)
    at async file:///C:/Users/steph/Documents/Git%20Projects/FlowdexMCP/index.js:1791:21

[Fatal Tool Error] ftp_list: Error: None of the available transfer strategies work. Last error response was 'Error: Client is closed because Timeout (control socket)'.
    at Client.prepareTransfer (C:\Users\steph\Documents\Git Projects\FlowdexMCP\node_modules\basic-ftp\dist\Client.js:721:19)
    at process.processTicksAndRejections (node:internal/process/task_queues:105:5)
    at async Client.list (C:\Users\steph\Documents\Git Projects\FlowdexMCP\node_modules\basic-ftp\dist\Client.js:496:13)
    at async file:///C:/Users/steph/Documents/Git%20Projects/FlowdexMCP/index.js:1791:21
[Fatal Tool Error] ftp_list: Error: None of the available transfer strategies work. Last error response was 'Error: Client is closed because Timeout (control socket)'.
    at Client.prepareTransfer (C:\Users\steph\Documents\Git Projects\FlowdexMCP\node_modules\basic-ftp\dist\Client.js:721:19)
    at process.processTicksAndRejections (node:internal/process/task_queues:105:5)
    at async Client.list (C:\Users\steph\Documents\Git Projects\FlowdexMCP\node_modules\basic-ftp\dist\Client.js:496:13)
    at async file:///C:/Users/steph/Documents/Git%20Projects/FlowdexMCP/index.js:1791:21

[Fatal Tool Error] ftp_list: Error: None of the available transfer strategies work. Last error response was 'Error: Client is closed because Timeout (control socket)'.
    at Client.prepareTransfer (C:\Users\steph\Documents\Git Projects\FlowdexMCP\node_modules\basic-ftp\dist\Client.js:721:19)
    at process.processTicksAndRejections (node:internal/process/task_queues:105:5)
    at async Client.list (C:\Users\steph\Documents\Git Projects\FlowdexMCP\node_modules\basic-ftp\dist\Client.js:496:13)
    at async file:///C:/Users/steph/Documents/Git%20Projects/FlowdexMCP/index.js:1791:21
[Fatal Tool Error] ftp_list: Error: None of the available transfer strategies work. Last error response was 'Error: Client is closed because Timeout (control socket)'.
    at Client.prepareTransfer (C:\Users\steph\Documents\Git Projects\FlowdexMCP\node_modules\basic-ftp\dist\Client.js:721:19)
    at process.processTicksAndRejections (node:internal/process/task_queues:105:5)
    at async Client.list (C:\Users\steph\Documents\Git Projects\FlowdexMCP\node_modules\basic-ftp\dist\Client.js:496:13)
    at async file:///C:/Users/steph/Documents/Git%20Projects/FlowdexMCP/index.js:1791:21


stderr | Test/features.test.js > Enterprise Features & Edge Cases > Edge Cases > should handle spamming commands gracefully
[Fatal Tool Error] ftp_list: Error: None of the available transfer strategies work. Last error response was 'Error: Client is closed because Timeout (control socket)'.
    at Client.prepareTransfer (C:\Users\steph\Documents\Git Projects\FlowdexMCP\node_modules\basic-ftp\dist\Client.js:721:19)
    at process.processTicksAndRejections (node:internal/process/task_queues:105:5)
    at async Client.list (C:\Users\steph\Documents\Git Projects\FlowdexMCP\node_modules\basic-ftp\dist\Client.js:496:13)
    at async file:///C:/Users/steph/Documents/Git%20Projects/FlowdexMCP/index.js:1791:21
[Fatal Tool Error] ftp_list: Error: None of the available transfer strategies work. Last error response was 'Error: Client is closed because Timeout (control socket)'.
    at Client.prepareTransfer (C:\Users\steph\Documents\Git Projects\FlowdexMCP\node_modules\basic-ftp\dist\Client.js:721:19)
    at process.processTicksAndRejections (node:internal/process/task_queues:105:5)
    at async Client.list (C:\Users\steph\Documents\Git Projects\FlowdexMCP\node_modules\basic-ftp\dist\Client.js:496:13)
    at async file:///C:/Users/steph/Documents/Git%20Projects/FlowdexMCP/index.js:1791:21
[Fatal Tool Error] ftp_list: Error: None of the available transfer strategies work. Last error response was 'Error: Client is closed because Timeout (control socket)'.
    at Client.prepareTransfer (C:\Users\steph\Documents\Git Projects\FlowdexMCP\node_modules\basic-ftp\dist\Client.js:721:19)
    at process.processTicksAndRejections (node:internal/process/task_queues:105:5)
    at async Client.list (C:\Users\steph\Documents\Git Projects\FlowdexMCP\node_modules\basic-ftp\dist\Client.js:496:13)
    at async file:///C:/Users/steph/Documents/Git%20Projects/FlowdexMCP/index.js:1791:21
[Fatal Tool Error] ftp_list: Error: None of the available transfer strategies work. Last error response was 'Error: Client is closed because Timeout (control socket)'.
    at Client.prepareTransfer (C:\Users\steph\Documents\Git Projects\FlowdexMCP\node_modules\basic-ftp\dist\Client.js:721:19)
    at process.processTicksAndRejections (node:internal/process/task_queues:105:5)
    at async Client.list (C:\Users\steph\Documents\Git Projects\FlowdexMCP\node_modules\basic-ftp\dist\Client.js:496:13)
    at async file:///C:/Users/steph/Documents/Git%20Projects/FlowdexMCP/index.js:1791:21

[Fatal Tool Error] ftp_list: Error: None of the available transfer strategies work. Last error response was 'Error: Client is closed because Timeout (control socket)'.
    at Client.prepareTransfer (C:\Users\steph\Documents\Git Projects\FlowdexMCP\node_modules\basic-ftp\dist\Client.js:721:19)
    at process.processTicksAndRejections (node:internal/process/task_queues:105:5)
    at async Client.list (C:\Users\steph\Documents\Git Projects\FlowdexMCP\node_modules\basic-ftp\dist\Client.js:496:13)
    at async file:///C:/Users/steph/Documents/Git%20Projects/FlowdexMCP/index.js:1791:21
[Fatal Tool Error] ftp_list: Error: None of the available transfer strategies work. Last error response was 'Error: Client is closed because Timeout (control socket)'.
    at Client.prepareTransfer (C:\Users\steph\Documents\Git Projects\FlowdexMCP\node_modules\basic-ftp\dist\Client.js:721:19)
    at process.processTicksAndRejections (node:internal/process/task_queues:105:5)
    at async Client.list (C:\Users\steph\Documents\Git Projects\FlowdexMCP\node_modules\basic-ftp\dist\Client.js:496:13)
    at async file:///C:/Users/steph/Documents/Git%20Projects/FlowdexMCP/index.js:1791:21
[Fatal Tool Error] ftp_list: Error: None of the available transfer strategies work. Last error response was 'Error: Client is closed because Timeout (control socket)'.
    at Client.prepareTransfer (C:\Users\steph\Documents\Git Projects\FlowdexMCP\node_modules\basic-ftp\dist\Client.js:721:19)
    at process.processTicksAndRejections (node:internal/process/task_queues:105:5)
    at async Client.list (C:\Users\steph\Documents\Git Projects\FlowdexMCP\node_modules\basic-ftp\dist\Client.js:496:13)
    at async file:///C:/Users/steph/Documents/Git%20Projects/FlowdexMCP/index.js:1791:21
[Fatal Tool Error] ftp_list: Error: None of the available transfer strategies work. Last error response was 'Error: Client is closed because Timeout (control socket)'.
    at Client.prepareTransfer (C:\Users\steph\Documents\Git Projects\FlowdexMCP\node_modules\basic-ftp\dist\Client.js:721:19)
    at process.processTicksAndRejections (node:internal/process/task_queues:105:5)
    at async Client.list (C:\Users\steph\Documents\Git Projects\FlowdexMCP\node_modules\basic-ftp\dist\Client.js:496:13)
    at async file:///C:/Users/steph/Documents/Git%20Projects/FlowdexMCP/index.js:1791:21

[Fatal Tool Error] ftp_list: Error: None of the available transfer strategies work. Last error response was 'Error: Client is closed because Timeout (control socket)'.
    at Client.prepareTransfer (C:\Users\steph\Documents\Git Projects\FlowdexMCP\node_modules\basic-ftp\dist\Client.js:721:19)
    at process.processTicksAndRejections (node:internal/process/task_queues:105:5)
    at async Client.list (C:\Users\steph\Documents\Git Projects\FlowdexMCP\node_modules\basic-ftp\dist\Client.js:496:13)
    at async file:///C:/Users/steph/Documents/Git%20Projects/FlowdexMCP/index.js:1791:21
[Fatal Tool Error] ftp_list: Error: None of the available transfer strategies work. Last error response was 'Error: Client is closed because Timeout (control socket)'.
    at Client.prepareTransfer (C:\Users\steph\Documents\Git Projects\FlowdexMCP\node_modules\basic-ftp\dist\Client.js:721:19)
    at process.processTicksAndRejections (node:internal/process/task_queues:105:5)
    at async Client.list (C:\Users\steph\Documents\Git Projects\FlowdexMCP\node_modules\basic-ftp\dist\Client.js:496:13)
    at async file:///C:/Users/steph/Documents/Git%20Projects/FlowdexMCP/index.js:1791:21
[Fatal Tool Error] ftp_list: Error: None of the available transfer strategies work. Last error response was 'Error: Client is closed because Timeout (control socket)'.
    at Client.prepareTransfer (C:\Users\steph\Documents\Git Projects\FlowdexMCP\node_modules\basic-ftp\dist\Client.js:721:19)
    at process.processTicksAndRejections (node:internal/process/task_queues:105:5)
    at async Client.list (C:\Users\steph\Documents\Git Projects\FlowdexMCP\node_modules\basic-ftp\dist\Client.js:496:13)
    at async file:///C:/Users/steph/Documents/Git%20Projects/FlowdexMCP/index.js:1791:21
[Fatal Tool Error] ftp_list: Error: None of the available transfer strategies work. Last error response was 'Error: Client is closed because Timeout (control socket)'.
    at Client.prepareTransfer (C:\Users\steph\Documents\Git Projects\FlowdexMCP\node_modules\basic-ftp\dist\Client.js:721:19)
    at process.processTicksAndRejections (node:internal/process/task_queues:105:5)
    at async Client.list (C:\Users\steph\Documents\Git Projects\FlowdexMCP\node_modules\basic-ftp\dist\Client.js:496:13)
    at async file:///C:/Users/steph/Documents/Git%20Projects/FlowdexMCP/index.js:1791:21

[Fatal Tool Error] ftp_list: Error: None of the available transfer strategies work. Last error response was 'Error: Client is closed because Timeout (control socket)'.
    at Client.prepareTransfer (C:\Users\steph\Documents\Git Projects\FlowdexMCP\node_modules\basic-ftp\dist\Client.js:721:19)
    at process.processTicksAndRejections (node:internal/process/task_queues:105:5)
    at async Client.list (C:\Users\steph\Documents\Git Projects\FlowdexMCP\node_modules\basic-ftp\dist\Client.js:496:13)
    at async file:///C:/Users/steph/Documents/Git%20Projects/FlowdexMCP/index.js:1791:21
[Fatal Tool Error] ftp_list: Error: None of the available transfer strategies work. Last error response was 'Error: Client is closed because Timeout (control socket)'.
    at Client.prepareTransfer (C:\Users\steph\Documents\Git Projects\FlowdexMCP\node_modules\basic-ftp\dist\Client.js:721:19)
    at process.processTicksAndRejections (node:internal/process/task_queues:105:5)
    at async Client.list (C:\Users\steph\Documents\Git Projects\FlowdexMCP\node_modules\basic-ftp\dist\Client.js:496:13)
    at async file:///C:/Users/steph/Documents/Git%20Projects/FlowdexMCP/index.js:1791:21
[Fatal Tool Error] ftp_list: Error: None of the available transfer strategies work. Last error response was 'Error: Client is closed because Timeout (control socket)'.
    at Client.prepareTransfer (C:\Users\steph\Documents\Git Projects\FlowdexMCP\node_modules\basic-ftp\dist\Client.js:721:19)
    at process.processTicksAndRejections (node:internal/process/task_queues:105:5)
    at async Client.list (C:\Users\steph\Documents\Git Projects\FlowdexMCP\node_modules\basic-ftp\dist\Client.js:496:13)
    at async file:///C:/Users/steph/Documents/Git%20Projects/FlowdexMCP/index.js:1791:21
[Fatal Tool Error] ftp_list: Error: None of the available transfer strategies work. Last error response was 'Error: Client is closed because Timeout (control socket)'.
    at Client.prepareTransfer (C:\Users\steph\Documents\Git Projects\FlowdexMCP\node_modules\basic-ftp\dist\Client.js:721:19)
    at process.processTicksAndRejections (node:internal/process/task_queues:105:5)
    at async Client.list (C:\Users\steph\Documents\Git Projects\FlowdexMCP\node_modules\basic-ftp\dist\Client.js:496:13)
    at async file:///C:/Users/steph/Documents/Git%20Projects/FlowdexMCP/index.js:1791:21

[Fatal Tool Error] ftp_list: Error: None of the available transfer strategies work. Last error response was 'Error: Client is closed because Timeout (control socket)'.
    at Client.prepareTransfer (C:\Users\steph\Documents\Git Projects\FlowdexMCP\node_modules\basic-ftp\dist\Client.js:721:19)
    at process.processTicksAndRejections (node:internal/process/task_queues:105:5)
    at async Client.list (C:\Users\steph\Documents\Git Projects\FlowdexMCP\node_modules\basic-ftp\dist\Client.js:496:13)
    at async file:///C:/Users/steph/Documents/Git%20Projects/FlowdexMCP/index.js:1791:21
[Fatal Tool Error] ftp_list: Error: None of the available transfer strategies work. Last error response was 'Error: Client is closed because Timeout (control socket)'.
    at Client.prepareTransfer (C:\Users\steph\Documents\Git Projects\FlowdexMCP\node_modules\basic-ftp\dist\Client.js:721:19)
    at process.processTicksAndRejections (node:internal/process/task_queues:105:5)
    at async Client.list (C:\Users\steph\Documents\Git Projects\FlowdexMCP\node_modules\basic-ftp\dist\Client.js:496:13)
    at async file:///C:/Users/steph/Documents/Git%20Projects/FlowdexMCP/index.js:1791:21
[Fatal Tool Error] ftp_list: Error: None of the available transfer strategies work. Last error response was 'Error: Client is closed because Timeout (control socket)'.
    at Client.prepareTransfer (C:\Users\steph\Documents\Git Projects\FlowdexMCP\node_modules\basic-ftp\dist\Client.js:721:19)
    at process.processTicksAndRejections (node:internal/process/task_queues:105:5)
    at async Client.list (C:\Users\steph\Documents\Git Projects\FlowdexMCP\node_modules\basic-ftp\dist\Client.js:496:13)
    at async file:///C:/Users/steph/Documents/Git%20Projects/FlowdexMCP/index.js:1791:21
[Fatal Tool Error] ftp_list: Error: None of the available transfer strategies work. Last error response was 'Error: Client is closed because Timeout (control socket)'.
    at Client.prepareTransfer (C:\Users\steph\Documents\Git Projects\FlowdexMCP\node_modules\basic-ftp\dist\Client.js:721:19)
    at process.processTicksAndRejections (node:internal/process/task_queues:105:5)
    at async Client.list (C:\Users\steph\Documents\Git Projects\FlowdexMCP\node_modules\basic-ftp\dist\Client.js:496:13)
    at async file:///C:/Users/steph/Documents/Git%20Projects/FlowdexMCP/index.js:1791:21

[Fatal Tool Error] ftp_list: Error: None of the available transfer strategies work. Last error response was 'Error: Client is closed because Timeout (control socket)'.
    at Client.prepareTransfer (C:\Users\steph\Documents\Git Projects\FlowdexMCP\node_modules\basic-ftp\dist\Client.js:721:19)
    at process.processTicksAndRejections (node:internal/process/task_queues:105:5)
    at async Client.list (C:\Users\steph\Documents\Git Projects\FlowdexMCP\node_modules\basic-ftp\dist\Client.js:496:13)
    at async file:///C:/Users/steph/Documents/Git%20Projects/FlowdexMCP/index.js:1791:21
[Fatal Tool Error] ftp_list: Error: None of the available transfer strategies work. Last error response was 'Error: Client is closed because Timeout (control socket)'.
    at Client.prepareTransfer (C:\Users\steph\Documents\Git Projects\FlowdexMCP\node_modules\basic-ftp\dist\Client.js:721:19)
    at process.processTicksAndRejections (node:internal/process/task_queues:105:5)
    at async Client.list (C:\Users\steph\Documents\Git Projects\FlowdexMCP\node_modules\basic-ftp\dist\Client.js:496:13)
    at async file:///C:/Users/steph/Documents/Git%20Projects/FlowdexMCP/index.js:1791:21
[Fatal Tool Error] ftp_list: Error: None of the available transfer strategies work. Last error response was 'Error: Client is closed because Timeout (control socket)'.
    at Client.prepareTransfer (C:\Users\steph\Documents\Git Projects\FlowdexMCP\node_modules\basic-ftp\dist\Client.js:721:19)
    at process.processTicksAndRejections (node:internal/process/task_queues:105:5)
    at async Client.list (C:\Users\steph\Documents\Git Projects\FlowdexMCP\node_modules\basic-ftp\dist\Client.js:496:13)
    at async file:///C:/Users/steph/Documents/Git%20Projects/FlowdexMCP/index.js:1791:21
[Fatal Tool Error] ftp_list: Error: None of the available transfer strategies work. Last error response was 'Error: Client is closed because Timeout (control socket)'.
    at Client.prepareTransfer (C:\Users\steph\Documents\Git Projects\FlowdexMCP\node_modules\basic-ftp\dist\Client.js:721:19)
    at process.processTicksAndRejections (node:internal/process/task_queues:105:5)
    at async Client.list (C:\Users\steph\Documents\Git Projects\FlowdexMCP\node_modules\basic-ftp\dist\Client.js:496:13)
    at async file:///C:/Users/steph/Documents/Git%20Projects/FlowdexMCP/index.js:1791:21

[Fatal Tool Error] ftp_list: Error: None of the available transfer strategies work. Last error response was 'Error: Client is closed because Timeout (control socket)'.
    at Client.prepareTransfer (C:\Users\steph\Documents\Git Projects\FlowdexMCP\node_modules\basic-ftp\dist\Client.js:721:19)
    at process.processTicksAndRejections (node:internal/process/task_queues:105:5)
    at async Client.list (C:\Users\steph\Documents\Git Projects\FlowdexMCP\node_modules\basic-ftp\dist\Client.js:496:13)
    at async file:///C:/Users/steph/Documents/Git%20Projects/FlowdexMCP/index.js:1791:21
[Fatal Tool Error] ftp_list: Error: None of the available transfer strategies work. Last error response was 'Error: Client is closed because Timeout (control socket)'.
    at Client.prepareTransfer (C:\Users\steph\Documents\Git Projects\FlowdexMCP\node_modules\basic-ftp\dist\Client.js:721:19)
    at process.processTicksAndRejections (node:internal/process/task_queues:105:5)
    at async Client.list (C:\Users\steph\Documents\Git Projects\FlowdexMCP\node_modules\basic-ftp\dist\Client.js:496:13)
    at async file:///C:/Users/steph/Documents/Git%20Projects/FlowdexMCP/index.js:1791:21
[Fatal Tool Error] ftp_list: Error: None of the available transfer strategies work. Last error response was 'Error: Client is closed because Timeout (control socket)'.
    at Client.prepareTransfer (C:\Users\steph\Documents\Git Projects\FlowdexMCP\node_modules\basic-ftp\dist\Client.js:721:19)
    at process.processTicksAndRejections (node:internal/process/task_queues:105:5)
    at async Client.list (C:\Users\steph\Documents\Git Projects\FlowdexMCP\node_modules\basic-ftp\dist\Client.js:496:13)
    at async file:///C:/Users/steph/Documents/Git%20Projects/FlowdexMCP/index.js:1791:21
[Fatal Tool Error] ftp_list: Error: None of the available transfer strategies work. Last error response was 'Error: Client is closed because Timeout (control socket)'.
    at Client.prepareTransfer (C:\Users\steph\Documents\Git Projects\FlowdexMCP\node_modules\basic-ftp\dist\Client.js:721:19)
    at process.processTicksAndRejections (node:internal/process/task_queues:105:5)
    at async Client.list (C:\Users\steph\Documents\Git Projects\FlowdexMCP\node_modules\basic-ftp\dist\Client.js:496:13)
    at async file:///C:/Users/steph/Documents/Git%20Projects/FlowdexMCP/index.js:1791:21

[Fatal Tool Error] ftp_list: Error: None of the available transfer strategies work. Last error response was 'Error: Client is closed because Timeout (control socket)'.
    at Client.prepareTransfer (C:\Users\steph\Documents\Git Projects\FlowdexMCP\node_modules\basic-ftp\dist\Client.js:721:19)
    at process.processTicksAndRejections (node:internal/process/task_queues:105:5)
    at async Client.list (C:\Users\steph\Documents\Git Projects\FlowdexMCP\node_modules\basic-ftp\dist\Client.js:496:13)
    at async file:///C:/Users/steph/Documents/Git%20Projects/FlowdexMCP/index.js:1791:21
[Fatal Tool Error] ftp_list: Error: None of the available transfer strategies work. Last error response was 'Error: Client is closed because Timeout (control socket)'.
    at Client.prepareTransfer (C:\Users\steph\Documents\Git Projects\FlowdexMCP\node_modules\basic-ftp\dist\Client.js:721:19)
    at process.processTicksAndRejections (node:internal/process/task_queues:105:5)
    at async Client.list (C:\Users\steph\Documents\Git Projects\FlowdexMCP\node_modules\basic-ftp\dist\Client.js:496:13)
    at async file:///C:/Users/steph/Documents/Git%20Projects/FlowdexMCP/index.js:1791:21
[Fatal Tool Error] ftp_list: Error: None of the available transfer strategies work. Last error response was 'Error: Client is closed because Timeout (control socket)'.
    at Client.prepareTransfer (C:\Users\steph\Documents\Git Projects\FlowdexMCP\node_modules\basic-ftp\dist\Client.js:721:19)
    at process.processTicksAndRejections (node:internal/process/task_queues:105:5)
    at async Client.list (C:\Users\steph\Documents\Git Projects\FlowdexMCP\node_modules\basic-ftp\dist\Client.js:496:13)
    at async file:///C:/Users/steph/Documents/Git%20Projects/FlowdexMCP/index.js:1791:21
[Fatal Tool Error] ftp_list: Error: None of the available transfer strategies work. Last error response was 'Error: Client is closed because Timeout (control socket)'.
    at Client.prepareTransfer (C:\Users\steph\Documents\Git Projects\FlowdexMCP\node_modules\basic-ftp\dist\Client.js:721:19)
    at process.processTicksAndRejections (node:internal/process/task_queues:105:5)
    at async Client.list (C:\Users\steph\Documents\Git Projects\FlowdexMCP\node_modules\basic-ftp\dist\Client.js:496:13)
    at async file:///C:/Users/steph/Documents/Git%20Projects/FlowdexMCP/index.js:1791:21

[Fatal Tool Error] ftp_list: Error: None of the available transfer strategies work. Last error response was 'Error: Client is closed because Timeout (control socket)'.
    at Client.prepareTransfer (C:\Users\steph\Documents\Git Projects\FlowdexMCP\node_modules\basic-ftp\dist\Client.js:721:19)
    at process.processTicksAndRejections (node:internal/process/task_queues:105:5)
    at async Client.list (C:\Users\steph\Documents\Git Projects\FlowdexMCP\node_modules\basic-ftp\dist\Client.js:496:13)
    at async file:///C:/Users/steph/Documents/Git%20Projects/FlowdexMCP/index.js:1791:21
[Fatal Tool Error] ftp_list: Error: None of the available transfer strategies work. Last error response was 'Error: Client is closed because Timeout (control socket)'.
    at Client.prepareTransfer (C:\Users\steph\Documents\Git Projects\FlowdexMCP\node_modules\basic-ftp\dist\Client.js:721:19)
    at process.processTicksAndRejections (node:internal/process/task_queues:105:5)
    at async Client.list (C:\Users\steph\Documents\Git Projects\FlowdexMCP\node_modules\basic-ftp\dist\Client.js:496:13)
    at async file:///C:/Users/steph/Documents/Git%20Projects/FlowdexMCP/index.js:1791:21
[Fatal Tool Error] ftp_list: Error: None of the available transfer strategies work. Last error response was 'Error: Client is closed because Timeout (control socket)'.
    at Client.prepareTransfer (C:\Users\steph\Documents\Git Projects\FlowdexMCP\node_modules\basic-ftp\dist\Client.js:721:19)
    at process.processTicksAndRejections (node:internal/process/task_queues:105:5)
    at async Client.list (C:\Users\steph\Documents\Git Projects\FlowdexMCP\node_modules\basic-ftp\dist\Client.js:496:13)
    at async file:///C:/Users/steph/Documents/Git%20Projects/FlowdexMCP/index.js:1791:21
[Fatal Tool Error] ftp_list: Error: None of the available transfer strategies work. Last error response was 'Error: Client is closed because Timeout (control socket)'.
    at Client.prepareTransfer (C:\Users\steph\Documents\Git Projects\FlowdexMCP\node_modules\basic-ftp\dist\Client.js:721:19)
    at process.processTicksAndRejections (node:internal/process/task_queues:105:5)
    at async Client.list (C:\Users\steph\Documents\Git Projects\FlowdexMCP\node_modules\basic-ftp\dist\Client.js:496:13)
    at async file:///C:/Users/steph/Documents/Git%20Projects/FlowdexMCP/index.js:1791:21

[Fatal Tool Error] ftp_list: Error: None of the available transfer strategies work. Last error response was 'Error: Client is closed because Timeout (control socket)'.
    at Client.prepareTransfer (C:\Users\steph\Documents\Git Projects\FlowdexMCP\node_modules\basic-ftp\dist\Client.js:721:19)
    at process.processTicksAndRejections (node:internal/process/task_queues:105:5)
    at async Client.list (C:\Users\steph\Documents\Git Projects\FlowdexMCP\node_modules\basic-ftp\dist\Client.js:496:13)
    at async file:///C:/Users/steph/Documents/Git%20Projects/FlowdexMCP/index.js:1791:21
[Fatal Tool Error] ftp_list: Error: None of the available transfer strategies work. Last error response was 'Error: Client is closed because Timeout (control socket)'.
    at Client.prepareTransfer (C:\Users\steph\Documents\Git Projects\FlowdexMCP\node_modules\basic-ftp\dist\Client.js:721:19)
    at process.processTicksAndRejections (node:internal/process/task_queues:105:5)
    at async Client.list (C:\Users\steph\Documents\Git Projects\FlowdexMCP\node_modules\basic-ftp\dist\Client.js:496:13)
    at async file:///C:/Users/steph/Documents/Git%20Projects/FlowdexMCP/index.js:1791:21
[Fatal Tool Error] ftp_list: Error: None of the available transfer strategies work. Last error response was 'Error: Client is closed because Timeout (control socket)'.
    at Client.prepareTransfer (C:\Users\steph\Documents\Git Projects\FlowdexMCP\node_modules\basic-ftp\dist\Client.js:721:19)
    at process.processTicksAndRejections (node:internal/process/task_queues:105:5)
    at async Client.list (C:\Users\steph\Documents\Git Projects\FlowdexMCP\node_modules\basic-ftp\dist\Client.js:496:13)
    at async file:///C:/Users/steph/Documents/Git%20Projects/FlowdexMCP/index.js:1791:21
[Fatal Tool Error] ftp_list: Error: None of the available transfer strategies work. Last error response was 'Error: Client is closed because Timeout (control socket)'.
    at Client.prepareTransfer (C:\Users\steph\Documents\Git Projects\FlowdexMCP\node_modules\basic-ftp\dist\Client.js:721:19)
    at process.processTicksAndRejections (node:internal/process/task_queues:105:5)
    at async Client.list (C:\Users\steph\Documents\Git Projects\FlowdexMCP\node_modules\basic-ftp\dist\Client.js:496:13)
    at async file:///C:/Users/steph/Documents/Git%20Projects/FlowdexMCP/index.js:1791:21

[Fatal Tool Error] ftp_list: Error: None of the available transfer strategies work. Last error response was 'Error: Client is closed because Timeout (control socket)'.
    at Client.prepareTransfer (C:\Users\steph\Documents\Git Projects\FlowdexMCP\node_modules\basic-ftp\dist\Client.js:721:19)
    at process.processTicksAndRejections (node:internal/process/task_queues:105:5)
    at async Client.list (C:\Users\steph\Documents\Git Projects\FlowdexMCP\node_modules\basic-ftp\dist\Client.js:496:13)
    at async file:///C:/Users/steph/Documents/Git%20Projects/FlowdexMCP/index.js:1791:21
[Fatal Tool Error] ftp_list: Error: None of the available transfer strategies work. Last error response was 'Error: Client is closed because Timeout (control socket)'.
    at Client.prepareTransfer (C:\Users\steph\Documents\Git Projects\FlowdexMCP\node_modules\basic-ftp\dist\Client.js:721:19)
    at process.processTicksAndRejections (node:internal/process/task_queues:105:5)
    at async Client.list (C:\Users\steph\Documents\Git Projects\FlowdexMCP\node_modules\basic-ftp\dist\Client.js:496:13)
    at async file:///C:/Users/steph/Documents/Git%20Projects/FlowdexMCP/index.js:1791:21
[Fatal Tool Error] ftp_list: Error: None of the available transfer strategies work. Last error response was 'Error: Client is closed because Timeout (control socket)'.
    at Client.prepareTransfer (C:\Users\steph\Documents\Git Projects\FlowdexMCP\node_modules\basic-ftp\dist\Client.js:721:19)
    at process.processTicksAndRejections (node:internal/process/task_queues:105:5)
    at async Client.list (C:\Users\steph\Documents\Git Projects\FlowdexMCP\node_modules\basic-ftp\dist\Client.js:496:13)
    at async file:///C:/Users/steph/Documents/Git%20Projects/FlowdexMCP/index.js:1791:21
[Fatal Tool Error] ftp_list: Error: None of the available transfer strategies work. Last error response was 'Error: Client is closed because Timeout (control socket)'.
    at Client.prepareTransfer (C:\Users\steph\Documents\Git Projects\FlowdexMCP\node_modules\basic-ftp\dist\Client.js:721:19)
    at process.processTicksAndRejections (node:internal/process/task_queues:105:5)
    at async Client.list (C:\Users\steph\Documents\Git Projects\FlowdexMCP\node_modules\basic-ftp\dist\Client.js:496:13)
    at async file:///C:/Users/steph/Documents/Git%20Projects/FlowdexMCP/index.js:1791:21

[Fatal Tool Error] ftp_list: Error: None of the available transfer strategies work. Last error response was 'Error: Client is closed because Timeout (control socket)'.
    at Client.prepareTransfer (C:\Users\steph\Documents\Git Projects\FlowdexMCP\node_modules\basic-ftp\dist\Client.js:721:19)
    at process.processTicksAndRejections (node:internal/process/task_queues:105:5)
    at async Client.list (C:\Users\steph\Documents\Git Projects\FlowdexMCP\node_modules\basic-ftp\dist\Client.js:496:13)
    at async file:///C:/Users/steph/Documents/Git%20Projects/FlowdexMCP/index.js:1791:21
[Fatal Tool Error] ftp_list: Error: None of the available transfer strategies work. Last error response was 'Error: Client is closed because Timeout (control socket)'.
    at Client.prepareTransfer (C:\Users\steph\Documents\Git Projects\FlowdexMCP\node_modules\basic-ftp\dist\Client.js:721:19)
    at process.processTicksAndRejections (node:internal/process/task_queues:105:5)
    at async Client.list (C:\Users\steph\Documents\Git Projects\FlowdexMCP\node_modules\basic-ftp\dist\Client.js:496:13)
    at async file:///C:/Users/steph/Documents/Git%20Projects/FlowdexMCP/index.js:1791:21
[Fatal Tool Error] ftp_list: Error: None of the available transfer strategies work. Last error response was 'Error: Client is closed because Timeout (control socket)'.
    at Client.prepareTransfer (C:\Users\steph\Documents\Git Projects\FlowdexMCP\node_modules\basic-ftp\dist\Client.js:721:19)
    at process.processTicksAndRejections (node:internal/process/task_queues:105:5)
    at async Client.list (C:\Users\steph\Documents\Git Projects\FlowdexMCP\node_modules\basic-ftp\dist\Client.js:496:13)
    at async file:///C:/Users/steph/Documents/Git%20Projects/FlowdexMCP/index.js:1791:21
[Fatal Tool Error] ftp_list: Error: None of the available transfer strategies work. Last error response was 'Error: Client is closed because Timeout (control socket)'.
    at Client.prepareTransfer (C:\Users\steph\Documents\Git Projects\FlowdexMCP\node_modules\basic-ftp\dist\Client.js:721:19)
    at process.processTicksAndRejections (node:internal/process/task_queues:105:5)
    at async Client.list (C:\Users\steph\Documents\Git Projects\FlowdexMCP\node_modules\basic-ftp\dist\Client.js:496:13)
    at async file:///C:/Users/steph/Documents/Git%20Projects/FlowdexMCP/index.js:1791:21

[Fatal Tool Error] ftp_list: Error: None of the available transfer strategies work. Last error response was 'Error: Client is closed because Timeout (control socket)'.
    at Client.prepareTransfer (C:\Users\steph\Documents\Git Projects\FlowdexMCP\node_modules\basic-ftp\dist\Client.js:721:19)
    at process.processTicksAndRejections (node:internal/process/task_queues:105:5)
    at async Client.list (C:\Users\steph\Documents\Git Projects\FlowdexMCP\node_modules\basic-ftp\dist\Client.js:496:13)
    at async file:///C:/Users/steph/Documents/Git%20Projects/FlowdexMCP/index.js:1791:21
[Fatal Tool Error] ftp_list: Error: None of the available transfer strategies work. Last error response was 'Error: Client is closed because Timeout (control socket)'.
    at Client.prepareTransfer (C:\Users\steph\Documents\Git Projects\FlowdexMCP\node_modules\basic-ftp\dist\Client.js:721:19)
    at process.processTicksAndRejections (node:internal/process/task_queues:105:5)
    at async Client.list (C:\Users\steph\Documents\Git Projects\FlowdexMCP\node_modules\basic-ftp\dist\Client.js:496:13)
    at async file:///C:/Users/steph/Documents/Git%20Projects/FlowdexMCP/index.js:1791:21
[Fatal Tool Error] ftp_list: Error: None of the available transfer strategies work. Last error response was 'Error: Client is closed because Timeout (control socket)'.
    at Client.prepareTransfer (C:\Users\steph\Documents\Git Projects\FlowdexMCP\node_modules\basic-ftp\dist\Client.js:721:19)
    at process.processTicksAndRejections (node:internal/process/task_queues:105:5)
    at async Client.list (C:\Users\steph\Documents\Git Projects\FlowdexMCP\node_modules\basic-ftp\dist\Client.js:496:13)
    at async file:///C:/Users/steph/Documents/Git%20Projects/FlowdexMCP/index.js:1791:21
[Fatal Tool Error] ftp_list: Error: None of the available transfer strategies work. Last error response was 'Error: Client is closed because Timeout (control socket)'.
    at Client.prepareTransfer (C:\Users\steph\Documents\Git Projects\FlowdexMCP\node_modules\basic-ftp\dist\Client.js:721:19)
    at process.processTicksAndRejections (node:internal/process/task_queues:105:5)
    at async Client.list (C:\Users\steph\Documents\Git Projects\FlowdexMCP\node_modules\basic-ftp\dist\Client.js:496:13)
    at async file:///C:/Users/steph/Documents/Git%20Projects/FlowdexMCP/index.js:1791:21

[Fatal Tool Error] ftp_list: Error: None of the available transfer strategies work. Last error response was 'Error: Client is closed because Timeout (control socket)'.
    at Client.prepareTransfer (C:\Users\steph\Documents\Git Projects\FlowdexMCP\node_modules\basic-ftp\dist\Client.js:721:19)
    at process.processTicksAndRejections (node:internal/process/task_queues:105:5)
    at async Client.list (C:\Users\steph\Documents\Git Projects\FlowdexMCP\node_modules\basic-ftp\dist\Client.js:496:13)
    at async file:///C:/Users/steph/Documents/Git%20Projects/FlowdexMCP/index.js:1791:21
[Fatal Tool Error] ftp_list: Error: None of the available transfer strategies work. Last error response was 'Error: Client is closed because Timeout (control socket)'.
    at Client.prepareTransfer (C:\Users\steph\Documents\Git Projects\FlowdexMCP\node_modules\basic-ftp\dist\Client.js:721:19)
    at process.processTicksAndRejections (node:internal/process/task_queues:105:5)
    at async Client.list (C:\Users\steph\Documents\Git Projects\FlowdexMCP\node_modules\basic-ftp\dist\Client.js:496:13)
    at async file:///C:/Users/steph/Documents/Git%20Projects/FlowdexMCP/index.js:1791:21
[Fatal Tool Error] ftp_list: Error: None of the available transfer strategies work. Last error response was 'Error: Client is closed because Timeout (control socket)'.
    at Client.prepareTransfer (C:\Users\steph\Documents\Git Projects\FlowdexMCP\node_modules\basic-ftp\dist\Client.js:721:19)
    at process.processTicksAndRejections (node:internal/process/task_queues:105:5)
    at async Client.list (C:\Users\steph\Documents\Git Projects\FlowdexMCP\node_modules\basic-ftp\dist\Client.js:496:13)
    at async file:///C:/Users/steph/Documents/Git%20Projects/FlowdexMCP/index.js:1791:21
[Fatal Tool Error] ftp_list: Error: None of the available transfer strategies work. Last error response was 'Error: Client is closed because Timeout (control socket)'.
    at Client.prepareTransfer (C:\Users\steph\Documents\Git Projects\FlowdexMCP\node_modules\basic-ftp\dist\Client.js:721:19)
    at process.processTicksAndRejections (node:internal/process/task_queues:105:5)
    at async Client.list (C:\Users\steph\Documents\Git Projects\FlowdexMCP\node_modules\basic-ftp\dist\Client.js:496:13)
    at async file:///C:/Users/steph/Documents/Git%20Projects/FlowdexMCP/index.js:1791:21

[Fatal Tool Error] ftp_list: Error: None of the available transfer strategies work. Last error response was 'Error: Client is closed because Timeout (control socket)'.
    at Client.prepareTransfer (C:\Users\steph\Documents\Git Projects\FlowdexMCP\node_modules\basic-ftp\dist\Client.js:721:19)
    at process.processTicksAndRejections (node:internal/process/task_queues:105:5)
    at async Client.list (C:\Users\steph\Documents\Git Projects\FlowdexMCP\node_modules\basic-ftp\dist\Client.js:496:13)
    at async file:///C:/Users/steph/Documents/Git%20Projects/FlowdexMCP/index.js:1791:21
[Fatal Tool Error] ftp_list: Error: None of the available transfer strategies work. Last error response was 'Error: Client is closed because Timeout (control socket)'.
    at Client.prepareTransfer (C:\Users\steph\Documents\Git Projects\FlowdexMCP\node_modules\basic-ftp\dist\Client.js:721:19)
    at process.processTicksAndRejections (node:internal/process/task_queues:105:5)
    at async Client.list (C:\Users\steph\Documents\Git Projects\FlowdexMCP\node_modules\basic-ftp\dist\Client.js:496:13)
    at async file:///C:/Users/steph/Documents/Git%20Projects/FlowdexMCP/index.js:1791:21
[Fatal Tool Error] ftp_list: Error: None of the available transfer strategies work. Last error response was 'Error: Client is closed because Timeout (control socket)'.
    at Client.prepareTransfer (C:\Users\steph\Documents\Git Projects\FlowdexMCP\node_modules\basic-ftp\dist\Client.js:721:19)
    at process.processTicksAndRejections (node:internal/process/task_queues:105:5)
    at async Client.list (C:\Users\steph\Documents\Git Projects\FlowdexMCP\node_modules\basic-ftp\dist\Client.js:496:13)
    at async file:///C:/Users/steph/Documents/Git%20Projects/FlowdexMCP/index.js:1791:21
[Fatal Tool Error] ftp_list: Error: None of the available transfer strategies work. Last error response was 'Error: Client is closed because Timeout (control socket)'.
    at Client.prepareTransfer (C:\Users\steph\Documents\Git Projects\FlowdexMCP\node_modules\basic-ftp\dist\Client.js:721:19)
    at process.processTicksAndRejections (node:internal/process/task_queues:105:5)
    at async Client.list (C:\Users\steph\Documents\Git Projects\FlowdexMCP\node_modules\basic-ftp\dist\Client.js:496:13)
    at async file:///C:/Users/steph/Documents/Git%20Projects/FlowdexMCP/index.js:1791:21

[Fatal Tool Error] ftp_list: Error: None of the available transfer strategies work. Last error response was 'Error: Client is closed because Timeout (control socket)'.
    at Client.prepareTransfer (C:\Users\steph\Documents\Git Projects\FlowdexMCP\node_modules\basic-ftp\dist\Client.js:721:19)
    at process.processTicksAndRejections (node:internal/process/task_queues:105:5)
    at async Client.list (C:\Users\steph\Documents\Git Projects\FlowdexMCP\node_modules\basic-ftp\dist\Client.js:496:13)
    at async file:///C:/Users/steph/Documents/Git%20Projects/FlowdexMCP/index.js:1791:21
[Fatal Tool Error] ftp_list: Error: None of the available transfer strategies work. Last error response was 'Error: Client is closed because Timeout (control socket)'.
    at Client.prepareTransfer (C:\Users\steph\Documents\Git Projects\FlowdexMCP\node_modules\basic-ftp\dist\Client.js:721:19)
    at process.processTicksAndRejections (node:internal/process/task_queues:105:5)
    at async Client.list (C:\Users\steph\Documents\Git Projects\FlowdexMCP\node_modules\basic-ftp\dist\Client.js:496:13)
    at async file:///C:/Users/steph/Documents/Git%20Projects/FlowdexMCP/index.js:1791:21
[Fatal Tool Error] ftp_list: Error: None of the available transfer strategies work. Last error response was 'Error: Client is closed because Timeout (control socket)'.
    at Client.prepareTransfer (C:\Users\steph\Documents\Git Projects\FlowdexMCP\node_modules\basic-ftp\dist\Client.js:721:19)
    at process.processTicksAndRejections (node:internal/process/task_queues:105:5)
    at async Client.list (C:\Users\steph\Documents\Git Projects\FlowdexMCP\node_modules\basic-ftp\dist\Client.js:496:13)
    at async file:///C:/Users/steph/Documents/Git%20Projects/FlowdexMCP/index.js:1791:21
[Fatal Tool Error] ftp_list: Error: None of the available transfer strategies work. Last error response was 'Error: Client is closed because Timeout (control socket)'.
    at Client.prepareTransfer (C:\Users\steph\Documents\Git Projects\FlowdexMCP\node_modules\basic-ftp\dist\Client.js:721:19)
    at process.processTicksAndRejections (node:internal/process/task_queues:105:5)
    at async Client.list (C:\Users\steph\Documents\Git Projects\FlowdexMCP\node_modules\basic-ftp\dist\Client.js:496:13)
    at async file:///C:/Users/steph/Documents/Git%20Projects/FlowdexMCP/index.js:1791:21

[Fatal Tool Error] ftp_list: Error: None of the available transfer strategies work. Last error response was 'Error: Client is closed because Timeout (control socket)'.
    at Client.prepareTransfer (C:\Users\steph\Documents\Git Projects\FlowdexMCP\node_modules\basic-ftp\dist\Client.js:721:19)
    at process.processTicksAndRejections (node:internal/process/task_queues:105:5)
    at async Client.list (C:\Users\steph\Documents\Git Projects\FlowdexMCP\node_modules\basic-ftp\dist\Client.js:496:13)
    at async file:///C:/Users/steph/Documents/Git%20Projects/FlowdexMCP/index.js:1791:21
[Fatal Tool Error] ftp_list: Error: None of the available transfer strategies work. Last error response was 'Error: Client is closed because Timeout (control socket)'.
    at Client.prepareTransfer (C:\Users\steph\Documents\Git Projects\FlowdexMCP\node_modules\basic-ftp\dist\Client.js:721:19)
    at process.processTicksAndRejections (node:internal/process/task_queues:105:5)
    at async Client.list (C:\Users\steph\Documents\Git Projects\FlowdexMCP\node_modules\basic-ftp\dist\Client.js:496:13)
    at async file:///C:/Users/steph/Documents/Git%20Projects/FlowdexMCP/index.js:1791:21
[Fatal Tool Error] ftp_list: Error: None of the available transfer strategies work. Last error response was 'Error: Client is closed because Timeout (control socket)'.
    at Client.prepareTransfer (C:\Users\steph\Documents\Git Projects\FlowdexMCP\node_modules\basic-ftp\dist\Client.js:721:19)
    at process.processTicksAndRejections (node:internal/process/task_queues:105:5)
    at async Client.list (C:\Users\steph\Documents\Git Projects\FlowdexMCP\node_modules\basic-ftp\dist\Client.js:496:13)
    at async file:///C:/Users/steph/Documents/Git%20Projects/FlowdexMCP/index.js:1791:21
[Fatal Tool Error] ftp_list: Error: None of the available transfer strategies work. Last error response was 'Error: Client is closed because Timeout (control socket)'.
    at Client.prepareTransfer (C:\Users\steph\Documents\Git Projects\FlowdexMCP\node_modules\basic-ftp\dist\Client.js:721:19)
    at process.processTicksAndRejections (node:internal/process/task_queues:105:5)
    at async Client.list (C:\Users\steph\Documents\Git Projects\FlowdexMCP\node_modules\basic-ftp\dist\Client.js:496:13)
    at async file:///C:/Users/steph/Documents/Git%20Projects/FlowdexMCP/index.js:1791:21

[Fatal Tool Error] ftp_list: Error: None of the available transfer strategies work. Last error response was 'Error: Client is closed because Timeout (control socket)'.
    at Client.prepareTransfer (C:\Users\steph\Documents\Git Projects\FlowdexMCP\node_modules\basic-ftp\dist\Client.js:721:19)
    at process.processTicksAndRejections (node:internal/process/task_queues:105:5)
    at async Client.list (C:\Users\steph\Documents\Git Projects\FlowdexMCP\node_modules\basic-ftp\dist\Client.js:496:13)
    at async file:///C:/Users/steph/Documents/Git%20Projects/FlowdexMCP/index.js:1791:21
[Fatal Tool Error] ftp_list: Error: None of the available transfer strategies work. Last error response was 'Error: Client is closed because Timeout (control socket)'.
    at Client.prepareTransfer (C:\Users\steph\Documents\Git Projects\FlowdexMCP\node_modules\basic-ftp\dist\Client.js:721:19)
    at process.processTicksAndRejections (node:internal/process/task_queues:105:5)
    at async Client.list (C:\Users\steph\Documents\Git Projects\FlowdexMCP\node_modules\basic-ftp\dist\Client.js:496:13)
    at async file:///C:/Users/steph/Documents/Git%20Projects/FlowdexMCP/index.js:1791:21
[Fatal Tool Error] ftp_list: Error: None of the available transfer strategies work. Last error response was 'Error: Client is closed because Timeout (control socket)'.
    at Client.prepareTransfer (C:\Users\steph\Documents\Git Projects\FlowdexMCP\node_modules\basic-ftp\dist\Client.js:721:19)
    at process.processTicksAndRejections (node:internal/process/task_queues:105:5)
    at async Client.list (C:\Users\steph\Documents\Git Projects\FlowdexMCP\node_modules\basic-ftp\dist\Client.js:496:13)
    at async file:///C:/Users/steph/Documents/Git%20Projects/FlowdexMCP/index.js:1791:21
[Fatal Tool Error] ftp_list: Error: None of the available transfer strategies work. Last error response was 'Error: Client is closed because Timeout (control socket)'.
    at Client.prepareTransfer (C:\Users\steph\Documents\Git Projects\FlowdexMCP\node_modules\basic-ftp\dist\Client.js:721:19)
    at process.processTicksAndRejections (node:internal/process/task_queues:105:5)
    at async Client.list (C:\Users\steph\Documents\Git Projects\FlowdexMCP\node_modules\basic-ftp\dist\Client.js:496:13)
    at async file:///C:/Users/steph/Documents/Git%20Projects/FlowdexMCP/index.js:1791:21

[Fatal Tool Error] ftp_list: Error: None of the available transfer strategies work. Last error response was 'Error: Client is closed because Timeout (control socket)'.
    at Client.prepareTransfer (C:\Users\steph\Documents\Git Projects\FlowdexMCP\node_modules\basic-ftp\dist\Client.js:721:19)
    at process.processTicksAndRejections (node:internal/process/task_queues:105:5)
    at async Client.list (C:\Users\steph\Documents\Git Projects\FlowdexMCP\node_modules\basic-ftp\dist\Client.js:496:13)
    at async file:///C:/Users/steph/Documents/Git%20Projects/FlowdexMCP/index.js:1791:21
[Fatal Tool Error] ftp_list: Error: None of the available transfer strategies work. Last error response was 'Error: Client is closed because Timeout (control socket)'.
    at Client.prepareTransfer (C:\Users\steph\Documents\Git Projects\FlowdexMCP\node_modules\basic-ftp\dist\Client.js:721:19)
    at process.processTicksAndRejections (node:internal/process/task_queues:105:5)
    at async Client.list (C:\Users\steph\Documents\Git Projects\FlowdexMCP\node_modules\basic-ftp\dist\Client.js:496:13)
    at async file:///C:/Users/steph/Documents/Git%20Projects/FlowdexMCP/index.js:1791:21
[Fatal Tool Error] ftp_list: Error: None of the available transfer strategies work. Last error response was 'Error: Client is closed because Timeout (control socket)'.
    at Client.prepareTransfer (C:\Users\steph\Documents\Git Projects\FlowdexMCP\node_modules\basic-ftp\dist\Client.js:721:19)
    at process.processTicksAndRejections (node:internal/process/task_queues:105:5)
    at async Client.list (C:\Users\steph\Documents\Git Projects\FlowdexMCP\node_modules\basic-ftp\dist\Client.js:496:13)
    at async file:///C:/Users/steph/Documents/Git%20Projects/FlowdexMCP/index.js:1791:21
[Fatal Tool Error] ftp_list: Error: None of the available transfer strategies work. Last error response was 'Error: Client is closed because Timeout (control socket)'.
    at Client.prepareTransfer (C:\Users\steph\Documents\Git Projects\FlowdexMCP\node_modules\basic-ftp\dist\Client.js:721:19)
    at process.processTicksAndRejections (node:internal/process/task_queues:105:5)
    at async Client.list (C:\Users\steph\Documents\Git Projects\FlowdexMCP\node_modules\basic-ftp\dist\Client.js:496:13)
    at async file:///C:/Users/steph/Documents/Git%20Projects/FlowdexMCP/index.js:1791:21

[Fatal Tool Error] ftp_list: Error: None of the available transfer strategies work. Last error response was 'Error: Client is closed because Timeout (control socket)'.
    at Client.prepareTransfer (C:\Users\steph\Documents\Git Projects\FlowdexMCP\node_modules\basic-ftp\dist\Client.js:721:19)
    at process.processTicksAndRejections (node:internal/process/task_queues:105:5)
    at async Client.list (C:\Users\steph\Documents\Git Projects\FlowdexMCP\node_modules\basic-ftp\dist\Client.js:496:13)
    at async file:///C:/Users/steph/Documents/Git%20Projects/FlowdexMCP/index.js:1791:21
[Fatal Tool Error] ftp_list: Error: None of the available transfer strategies work. Last error response was 'Error: Client is closed because Timeout (control socket)'.
    at Client.prepareTransfer (C:\Users\steph\Documents\Git Projects\FlowdexMCP\node_modules\basic-ftp\dist\Client.js:721:19)
    at process.processTicksAndRejections (node:internal/process/task_queues:105:5)
    at async Client.list (C:\Users\steph\Documents\Git Projects\FlowdexMCP\node_modules\basic-ftp\dist\Client.js:496:13)
    at async file:///C:/Users/steph/Documents/Git%20Projects/FlowdexMCP/index.js:1791:21
[Fatal Tool Error] ftp_list: Error: None of the available transfer strategies work. Last error response was 'Error: Client is closed because Timeout (control socket)'.
    at Client.prepareTransfer (C:\Users\steph\Documents\Git Projects\FlowdexMCP\node_modules\basic-ftp\dist\Client.js:721:19)
    at process.processTicksAndRejections (node:internal/process/task_queues:105:5)
    at async Client.list (C:\Users\steph\Documents\Git Projects\FlowdexMCP\node_modules\basic-ftp\dist\Client.js:496:13)
    at async file:///C:/Users/steph/Documents/Git%20Projects/FlowdexMCP/index.js:1791:21
[Fatal Tool Error] ftp_list: Error: None of the available transfer strategies work. Last error response was 'Error: Client is closed because Timeout (control socket)'.
    at Client.prepareTransfer (C:\Users\steph\Documents\Git Projects\FlowdexMCP\node_modules\basic-ftp\dist\Client.js:721:19)
    at process.processTicksAndRejections (node:internal/process/task_queues:105:5)
    at async Client.list (C:\Users\steph\Documents\Git Projects\FlowdexMCP\node_modules\basic-ftp\dist\Client.js:496:13)
    at async file:///C:/Users/steph/Documents/Git%20Projects/FlowdexMCP/index.js:1791:21

[Fatal Tool Error] ftp_list: Error: None of the available transfer strategies work. Last error response was 'Error: Client is closed because Timeout (control socket)'.
    at Client.prepareTransfer (C:\Users\steph\Documents\Git Projects\FlowdexMCP\node_modules\basic-ftp\dist\Client.js:721:19)
    at process.processTicksAndRejections (node:internal/process/task_queues:105:5)
    at async Client.list (C:\Users\steph\Documents\Git Projects\FlowdexMCP\node_modules\basic-ftp\dist\Client.js:496:13)
    at async file:///C:/Users/steph/Documents/Git%20Projects/FlowdexMCP/index.js:1791:21
[Fatal Tool Error] ftp_list: Error: None of the available transfer strategies work. Last error response was 'Error: Client is closed because Timeout (control socket)'.
    at Client.prepareTransfer (C:\Users\steph\Documents\Git Projects\FlowdexMCP\node_modules\basic-ftp\dist\Client.js:721:19)
    at process.processTicksAndRejections (node:internal/process/task_queues:105:5)
    at async Client.list (C:\Users\steph\Documents\Git Projects\FlowdexMCP\node_modules\basic-ftp\dist\Client.js:496:13)
    at async file:///C:/Users/steph/Documents/Git%20Projects/FlowdexMCP/index.js:1791:21
[Fatal Tool Error] ftp_list: Error: None of the available transfer strategies work. Last error response was 'Error: Client is closed because Timeout (control socket)'.
    at Client.prepareTransfer (C:\Users\steph\Documents\Git Projects\FlowdexMCP\node_modules\basic-ftp\dist\Client.js:721:19)
    at process.processTicksAndRejections (node:internal/process/task_queues:105:5)
    at async Client.list (C:\Users\steph\Documents\Git Projects\FlowdexMCP\node_modules\basic-ftp\dist\Client.js:496:13)
    at async file:///C:/Users/steph/Documents/Git%20Projects/FlowdexMCP/index.js:1791:21
[Fatal Tool Error] ftp_list: Error: None of the available transfer strategies work. Last error response was 'Error: Client is closed because Timeout (control socket)'.
    at Client.prepareTransfer (C:\Users\steph\Documents\Git Projects\FlowdexMCP\node_modules\basic-ftp\dist\Client.js:721:19)
    at process.processTicksAndRejections (node:internal/process/task_queues:105:5)
    at async Client.list (C:\Users\steph\Documents\Git Projects\FlowdexMCP\node_modules\basic-ftp\dist\Client.js:496:13)
    at async file:///C:/Users/steph/Documents/Git%20Projects/FlowdexMCP/index.js:1791:21

[Fatal Tool Error] ftp_list: Error: None of the available transfer strategies work. Last error response was 'Error: Client is closed because Timeout (control socket)'.
    at Client.prepareTransfer (C:\Users\steph\Documents\Git Projects\FlowdexMCP\node_modules\basic-ftp\dist\Client.js:721:19)
    at process.processTicksAndRejections (node:internal/process/task_queues:105:5)
    at async Client.list (C:\Users\steph\Documents\Git Projects\FlowdexMCP\node_modules\basic-ftp\dist\Client.js:496:13)
    at async file:///C:/Users/steph/Documents/Git%20Projects/FlowdexMCP/index.js:1791:21
[Fatal Tool Error] ftp_list: Error: None of the available transfer strategies work. Last error response was 'Error: Client is closed because Timeout (control socket)'.
    at Client.prepareTransfer (C:\Users\steph\Documents\Git Projects\FlowdexMCP\node_modules\basic-ftp\dist\Client.js:721:19)
    at process.processTicksAndRejections (node:internal/process/task_queues:105:5)
    at async Client.list (C:\Users\steph\Documents\Git Projects\FlowdexMCP\node_modules\basic-ftp\dist\Client.js:496:13)
    at async file:///C:/Users/steph/Documents/Git%20Projects/FlowdexMCP/index.js:1791:21
[Fatal Tool Error] ftp_list: Error: None of the available transfer strategies work. Last error response was 'Error: Client is closed because Timeout (control socket)'.
    at Client.prepareTransfer (C:\Users\steph\Documents\Git Projects\FlowdexMCP\node_modules\basic-ftp\dist\Client.js:721:19)
    at process.processTicksAndRejections (node:internal/process/task_queues:105:5)
    at async Client.list (C:\Users\steph\Documents\Git Projects\FlowdexMCP\node_modules\basic-ftp\dist\Client.js:496:13)
    at async file:///C:/Users/steph/Documents/Git%20Projects/FlowdexMCP/index.js:1791:21
[Fatal Tool Error] ftp_list: Error: None of the available transfer strategies work. Last error response was 'Error: Client is closed because Timeout (control socket)'.
    at Client.prepareTransfer (C:\Users\steph\Documents\Git Projects\FlowdexMCP\node_modules\basic-ftp\dist\Client.js:721:19)
    at process.processTicksAndRejections (node:internal/process/task_queues:105:5)
    at async Client.list (C:\Users\steph\Documents\Git Projects\FlowdexMCP\node_modules\basic-ftp\dist\Client.js:496:13)
    at async file:///C:/Users/steph/Documents/Git%20Projects/FlowdexMCP/index.js:1791:21

[Fatal Tool Error] ftp_list: Error: None of the available transfer strategies work. Last error response was 'Error: Client is closed because Timeout (control socket)'.
    at Client.prepareTransfer (C:\Users\steph\Documents\Git Projects\FlowdexMCP\node_modules\basic-ftp\dist\Client.js:721:19)
    at process.processTicksAndRejections (node:internal/process/task_queues:105:5)
    at async Client.list (C:\Users\steph\Documents\Git Projects\FlowdexMCP\node_modules\basic-ftp\dist\Client.js:496:13)
    at async file:///C:/Users/steph/Documents/Git%20Projects/FlowdexMCP/index.js:1791:21
[Fatal Tool Error] ftp_list: Error: None of the available transfer strategies work. Last error response was 'Error: Client is closed because Timeout (control socket)'.
    at Client.prepareTransfer (C:\Users\steph\Documents\Git Projects\FlowdexMCP\node_modules\basic-ftp\dist\Client.js:721:19)
    at process.processTicksAndRejections (node:internal/process/task_queues:105:5)
    at async Client.list (C:\Users\steph\Documents\Git Projects\FlowdexMCP\node_modules\basic-ftp\dist\Client.js:496:13)
    at async file:///C:/Users/steph/Documents/Git%20Projects/FlowdexMCP/index.js:1791:21
[Fatal Tool Error] ftp_list: Error: None of the available transfer strategies work. Last error response was 'Error: Client is closed because Timeout (control socket)'.
    at Client.prepareTransfer (C:\Users\steph\Documents\Git Projects\FlowdexMCP\node_modules\basic-ftp\dist\Client.js:721:19)
    at process.processTicksAndRejections (node:internal/process/task_queues:105:5)
    at async Client.list (C:\Users\steph\Documents\Git Projects\FlowdexMCP\node_modules\basic-ftp\dist\Client.js:496:13)
    at async file:///C:/Users/steph/Documents/Git%20Projects/FlowdexMCP/index.js:1791:21
[Fatal Tool Error] ftp_list: Error: None of the available transfer strategies work. Last error response was 'Error: Client is closed because Timeout (control socket)'.
    at Client.prepareTransfer (C:\Users\steph\Documents\Git Projects\FlowdexMCP\node_modules\basic-ftp\dist\Client.js:721:19)
    at process.processTicksAndRejections (node:internal/process/task_queues:105:5)
    at async Client.list (C:\Users\steph\Documents\Git Projects\FlowdexMCP\node_modules\basic-ftp\dist\Client.js:496:13)
    at async file:///C:/Users/steph/Documents/Git%20Projects/FlowdexMCP/index.js:1791:21

[Fatal Tool Error] ftp_list: Error: None of the available transfer strategies work. Last error response was 'Error: Client is closed because Timeout (control socket)'.
    at Client.prepareTransfer (C:\Users\steph\Documents\Git Projects\FlowdexMCP\node_modules\basic-ftp\dist\Client.js:721:19)
    at process.processTicksAndRejections (node:internal/process/task_queues:105:5)
    at async Client.list (C:\Users\steph\Documents\Git Projects\FlowdexMCP\node_modules\basic-ftp\dist\Client.js:496:13)
    at async file:///C:/Users/steph/Documents/Git%20Projects/FlowdexMCP/index.js:1791:21
[Fatal Tool Error] ftp_list: Error: None of the available transfer strategies work. Last error response was 'Error: Client is closed because Timeout (control socket)'.
    at Client.prepareTransfer (C:\Users\steph\Documents\Git Projects\FlowdexMCP\node_modules\basic-ftp\dist\Client.js:721:19)
    at process.processTicksAndRejections (node:internal/process/task_queues:105:5)
    at async Client.list (C:\Users\steph\Documents\Git Projects\FlowdexMCP\node_modules\basic-ftp\dist\Client.js:496:13)
    at async file:///C:/Users/steph/Documents/Git%20Projects/FlowdexMCP/index.js:1791:21
[Fatal Tool Error] ftp_list: Error: None of the available transfer strategies work. Last error response was 'Error: Client is closed because Timeout (control socket)'.
    at Client.prepareTransfer (C:\Users\steph\Documents\Git Projects\FlowdexMCP\node_modules\basic-ftp\dist\Client.js:721:19)
    at process.processTicksAndRejections (node:internal/process/task_queues:105:5)
    at async Client.list (C:\Users\steph\Documents\Git Projects\FlowdexMCP\node_modules\basic-ftp\dist\Client.js:496:13)
    at async file:///C:/Users/steph/Documents/Git%20Projects/FlowdexMCP/index.js:1791:21
[Fatal Tool Error] ftp_list: Error: None of the available transfer strategies work. Last error response was 'Error: Client is closed because Timeout (control socket)'.
    at Client.prepareTransfer (C:\Users\steph\Documents\Git Projects\FlowdexMCP\node_modules\basic-ftp\dist\Client.js:721:19)
    at process.processTicksAndRejections (node:internal/process/task_queues:105:5)
    at async Client.list (C:\Users\steph\Documents\Git Projects\FlowdexMCP\node_modules\basic-ftp\dist\Client.js:496:13)
    at async file:///C:/Users/steph/Documents/Git%20Projects/FlowdexMCP/index.js:1791:21

[Fatal Tool Error] ftp_list: Error: None of the available transfer strategies work. Last error response was 'Error: Client is closed because Timeout (control socket)'.
    at Client.prepareTransfer (C:\Users\steph\Documents\Git Projects\FlowdexMCP\node_modules\basic-ftp\dist\Client.js:721:19)
    at process.processTicksAndRejections (node:internal/process/task_queues:105:5)
    at async Client.list (C:\Users\steph\Documents\Git Projects\FlowdexMCP\node_modules\basic-ftp\dist\Client.js:496:13)
    at async file:///C:/Users/steph/Documents/Git%20Projects/FlowdexMCP/index.js:1791:21
[Fatal Tool Error] ftp_list: Error: None of the available transfer strategies work. Last error response was 'Error: Client is closed because Timeout (control socket)'.
    at Client.prepareTransfer (C:\Users\steph\Documents\Git Projects\FlowdexMCP\node_modules\basic-ftp\dist\Client.js:721:19)
    at process.processTicksAndRejections (node:internal/process/task_queues:105:5)
    at async Client.list (C:\Users\steph\Documents\Git Projects\FlowdexMCP\node_modules\basic-ftp\dist\Client.js:496:13)
    at async file:///C:/Users/steph/Documents/Git%20Projects/FlowdexMCP/index.js:1791:21
[Fatal Tool Error] ftp_list: Error: None of the available transfer strategies work. Last error response was 'Error: Client is closed because Timeout (control socket)'.
    at Client.prepareTransfer (C:\Users\steph\Documents\Git Projects\FlowdexMCP\node_modules\basic-ftp\dist\Client.js:721:19)
    at process.processTicksAndRejections (node:internal/process/task_queues:105:5)
    at async Client.list (C:\Users\steph\Documents\Git Projects\FlowdexMCP\node_modules\basic-ftp\dist\Client.js:496:13)
    at async file:///C:/Users/steph/Documents/Git%20Projects/FlowdexMCP/index.js:1791:21
[Fatal Tool Error] ftp_list: Error: None of the available transfer strategies work. Last error response was 'Error: Client is closed because Timeout (control socket)'.
    at Client.prepareTransfer (C:\Users\steph\Documents\Git Projects\FlowdexMCP\node_modules\basic-ftp\dist\Client.js:721:19)
    at process.processTicksAndRejections (node:internal/process/task_queues:105:5)
    at async Client.list (C:\Users\steph\Documents\Git Projects\FlowdexMCP\node_modules\basic-ftp\dist\Client.js:496:13)
    at async file:///C:/Users/steph/Documents/Git%20Projects/FlowdexMCP/index.js:1791:21

[Fatal Tool Error] ftp_list: Error: None of the available transfer strategies work. Last error response was 'Error: Client is closed because Timeout (control socket)'.
    at Client.prepareTransfer (C:\Users\steph\Documents\Git Projects\FlowdexMCP\node_modules\basic-ftp\dist\Client.js:721:19)
    at process.processTicksAndRejections (node:internal/process/task_queues:105:5)
    at async Client.list (C:\Users\steph\Documents\Git Projects\FlowdexMCP\node_modules\basic-ftp\dist\Client.js:496:13)
    at async file:///C:/Users/steph/Documents/Git%20Projects/FlowdexMCP/index.js:1791:21
[Fatal Tool Error] ftp_list: Error: None of the available transfer strategies work. Last error response was 'Error: Client is closed because Timeout (control socket)'.
    at Client.prepareTransfer (C:\Users\steph\Documents\Git Projects\FlowdexMCP\node_modules\basic-ftp\dist\Client.js:721:19)
    at process.processTicksAndRejections (node:internal/process/task_queues:105:5)
    at async Client.list (C:\Users\steph\Documents\Git Projects\FlowdexMCP\node_modules\basic-ftp\dist\Client.js:496:13)
    at async file:///C:/Users/steph/Documents/Git%20Projects/FlowdexMCP/index.js:1791:21
[Fatal Tool Error] ftp_list: Error: None of the available transfer strategies work. Last error response was 'Error: Client is closed because Timeout (control socket)'.
    at Client.prepareTransfer (C:\Users\steph\Documents\Git Projects\FlowdexMCP\node_modules\basic-ftp\dist\Client.js:721:19)
    at process.processTicksAndRejections (node:internal/process/task_queues:105:5)
    at async Client.list (C:\Users\steph\Documents\Git Projects\FlowdexMCP\node_modules\basic-ftp\dist\Client.js:496:13)
    at async file:///C:/Users/steph/Documents/Git%20Projects/FlowdexMCP/index.js:1791:21
[Fatal Tool Error] ftp_list: Error: None of the available transfer strategies work. Last error response was 'Error: Client is closed because Timeout (control socket)'.
    at Client.prepareTransfer (C:\Users\steph\Documents\Git Projects\FlowdexMCP\node_modules\basic-ftp\dist\Client.js:721:19)
    at process.processTicksAndRejections (node:internal/process/task_queues:105:5)
    at async Client.list (C:\Users\steph\Documents\Git Projects\FlowdexMCP\node_modules\basic-ftp\dist\Client.js:496:13)
    at async file:///C:/Users/steph/Documents/Git%20Projects/FlowdexMCP/index.js:1791:21

[Fatal Tool Error] ftp_list: Error: None of the available transfer strategies work. Last error response was 'Error: Client is closed because Timeout (control socket)'.
    at Client.prepareTransfer (C:\Users\steph\Documents\Git Projects\FlowdexMCP\node_modules\basic-ftp\dist\Client.js:721:19)
    at process.processTicksAndRejections (node:internal/process/task_queues:105:5)
    at async Client.list (C:\Users\steph\Documents\Git Projects\FlowdexMCP\node_modules\basic-ftp\dist\Client.js:496:13)
    at async file:///C:/Users/steph/Documents/Git%20Projects/FlowdexMCP/index.js:1791:21
[Fatal Tool Error] ftp_list: Error: None of the available transfer strategies work. Last error response was 'Error: Client is closed because Timeout (control socket)'.
    at Client.prepareTransfer (C:\Users\steph\Documents\Git Projects\FlowdexMCP\node_modules\basic-ftp\dist\Client.js:721:19)
    at process.processTicksAndRejections (node:internal/process/task_queues:105:5)
    at async Client.list (C:\Users\steph\Documents\Git Projects\FlowdexMCP\node_modules\basic-ftp\dist\Client.js:496:13)
    at async file:///C:/Users/steph/Documents/Git%20Projects/FlowdexMCP/index.js:1791:21
[Fatal Tool Error] ftp_list: Error: None of the available transfer strategies work. Last error response was 'Error: Client is closed because Timeout (control socket)'.
    at Client.prepareTransfer (C:\Users\steph\Documents\Git Projects\FlowdexMCP\node_modules\basic-ftp\dist\Client.js:721:19)
    at process.processTicksAndRejections (node:internal/process/task_queues:105:5)
    at async Client.list (C:\Users\steph\Documents\Git Projects\FlowdexMCP\node_modules\basic-ftp\dist\Client.js:496:13)
    at async file:///C:/Users/steph/Documents/Git%20Projects/FlowdexMCP/index.js:1791:21
[Fatal Tool Error] ftp_list: Error: None of the available transfer strategies work. Last error response was 'Error: Client is closed because Timeout (control socket)'.
    at Client.prepareTransfer (C:\Users\steph\Documents\Git Projects\FlowdexMCP\node_modules\basic-ftp\dist\Client.js:721:19)
    at process.processTicksAndRejections (node:internal/process/task_queues:105:5)
    at async Client.list (C:\Users\steph\Documents\Git Projects\FlowdexMCP\node_modules\basic-ftp\dist\Client.js:496:13)
    at async file:///C:/Users/steph/Documents/Git%20Projects/FlowdexMCP/index.js:1791:21

[Fatal Tool Error] ftp_list: Error: None of the available transfer strategies work. Last error response was 'Error: Client is closed because Timeout (control socket)'.
    at Client.prepareTransfer (C:\Users\steph\Documents\Git Projects\FlowdexMCP\node_modules\basic-ftp\dist\Client.js:721:19)
    at process.processTicksAndRejections (node:internal/process/task_queues:105:5)
    at async Client.list (C:\Users\steph\Documents\Git Projects\FlowdexMCP\node_modules\basic-ftp\dist\Client.js:496:13)
    at async file:///C:/Users/steph/Documents/Git%20Projects/FlowdexMCP/index.js:1791:21
[Fatal Tool Error] ftp_list: Error: None of the available transfer strategies work. Last error response was 'Error: Client is closed because Timeout (control socket)'.
    at Client.prepareTransfer (C:\Users\steph\Documents\Git Projects\FlowdexMCP\node_modules\basic-ftp\dist\Client.js:721:19)
    at process.processTicksAndRejections (node:internal/process/task_queues:105:5)
    at async Client.list (C:\Users\steph\Documents\Git Projects\FlowdexMCP\node_modules\basic-ftp\dist\Client.js:496:13)
    at async file:///C:/Users/steph/Documents/Git%20Projects/FlowdexMCP/index.js:1791:21
[Fatal Tool Error] ftp_list: Error: None of the available transfer strategies work. Last error response was 'Error: Client is closed because Timeout (control socket)'.
    at Client.prepareTransfer (C:\Users\steph\Documents\Git Projects\FlowdexMCP\node_modules\basic-ftp\dist\Client.js:721:19)
    at process.processTicksAndRejections (node:internal/process/task_queues:105:5)
    at async Client.list (C:\Users\steph\Documents\Git Projects\FlowdexMCP\node_modules\basic-ftp\dist\Client.js:496:13)
    at async file:///C:/Users/steph/Documents/Git%20Projects/FlowdexMCP/index.js:1791:21
[Fatal Tool Error] ftp_list: Error: None of the available transfer strategies work. Last error response was 'Error: Client is closed because Timeout (control socket)'.
    at Client.prepareTransfer (C:\Users\steph\Documents\Git Projects\FlowdexMCP\node_modules\basic-ftp\dist\Client.js:721:19)
    at process.processTicksAndRejections (node:internal/process/task_queues:105:5)
    at async Client.list (C:\Users\steph\Documents\Git Projects\FlowdexMCP\node_modules\basic-ftp\dist\Client.js:496:13)
    at async file:///C:/Users/steph/Documents/Git%20Projects/FlowdexMCP/index.js:1791:21

[Fatal Tool Error] ftp_list: Error: None of the available transfer strategies work. Last error response was 'Error: Client is closed because Timeout (control socket)'.
    at Client.prepareTransfer (C:\Users\steph\Documents\Git Projects\FlowdexMCP\node_modules\basic-ftp\dist\Client.js:721:19)
    at process.processTicksAndRejections (node:internal/process/task_queues:105:5)
    at async Client.list (C:\Users\steph\Documents\Git Projects\FlowdexMCP\node_modules\basic-ftp\dist\Client.js:496:13)
    at async file:///C:/Users/steph/Documents/Git%20Projects/FlowdexMCP/index.js:1791:21
[Fatal Tool Error] ftp_list: Error: None of the available transfer strategies work. Last error response was 'Error: Client is closed because Timeout (control socket)'.
    at Client.prepareTransfer (C:\Users\steph\Documents\Git Projects\FlowdexMCP\node_modules\basic-ftp\dist\Client.js:721:19)
    at process.processTicksAndRejections (node:internal/process/task_queues:105:5)
    at async Client.list (C:\Users\steph\Documents\Git Projects\FlowdexMCP\node_modules\basic-ftp\dist\Client.js:496:13)
    at async file:///C:/Users/steph/Documents/Git%20Projects/FlowdexMCP/index.js:1791:21
[Fatal Tool Error] ftp_list: Error: None of the available transfer strategies work. Last error response was 'Error: Client is closed because Timeout (control socket)'.
    at Client.prepareTransfer (C:\Users\steph\Documents\Git Projects\FlowdexMCP\node_modules\basic-ftp\dist\Client.js:721:19)
    at process.processTicksAndRejections (node:internal/process/task_queues:105:5)
    at async Client.list (C:\Users\steph\Documents\Git Projects\FlowdexMCP\node_modules\basic-ftp\dist\Client.js:496:13)
    at async file:///C:/Users/steph/Documents/Git%20Projects/FlowdexMCP/index.js:1791:21
[Fatal Tool Error] ftp_list: Error: None of the available transfer strategies work. Last error response was 'Error: Client is closed because Timeout (control socket)'.
    at Client.prepareTransfer (C:\Users\steph\Documents\Git Projects\FlowdexMCP\node_modules\basic-ftp\dist\Client.js:721:19)
    at process.processTicksAndRejections (node:internal/process/task_queues:105:5)
    at async Client.list (C:\Users\steph\Documents\Git Projects\FlowdexMCP\node_modules\basic-ftp\dist\Client.js:496:13)
    at async file:///C:/Users/steph/Documents/Git%20Projects/FlowdexMCP/index.js:1791:21

[Fatal Tool Error] ftp_list: Error: None of the available transfer strategies work. Last error response was 'Error: Client is closed because Timeout (control socket)'.
    at Client.prepareTransfer (C:\Users\steph\Documents\Git Projects\FlowdexMCP\node_modules\basic-ftp\dist\Client.js:721:19)
    at process.processTicksAndRejections (node:internal/process/task_queues:105:5)
    at async Client.list (C:\Users\steph\Documents\Git Projects\FlowdexMCP\node_modules\basic-ftp\dist\Client.js:496:13)
    at async file:///C:/Users/steph/Documents/Git%20Projects/FlowdexMCP/index.js:1791:21
[Fatal Tool Error] ftp_list: Error: None of the available transfer strategies work. Last error response was 'Error: Client is closed because Timeout (control socket)'.
    at Client.prepareTransfer (C:\Users\steph\Documents\Git Projects\FlowdexMCP\node_modules\basic-ftp\dist\Client.js:721:19)
    at process.processTicksAndRejections (node:internal/process/task_queues:105:5)
    at async Client.list (C:\Users\steph\Documents\Git Projects\FlowdexMCP\node_modules\basic-ftp\dist\Client.js:496:13)
    at async file:///C:/Users/steph/Documents/Git%20Projects/FlowdexMCP/index.js:1791:21
[Fatal Tool Error] ftp_list: Error: None of the available transfer strategies work. Last error response was 'Error: Client is closed because Timeout (control socket)'.
    at Client.prepareTransfer (C:\Users\steph\Documents\Git Projects\FlowdexMCP\node_modules\basic-ftp\dist\Client.js:721:19)
    at process.processTicksAndRejections (node:internal/process/task_queues:105:5)
    at async Client.list (C:\Users\steph\Documents\Git Projects\FlowdexMCP\node_modules\basic-ftp\dist\Client.js:496:13)
    at async file:///C:/Users/steph/Documents/Git%20Projects/FlowdexMCP/index.js:1791:21
[Fatal Tool Error] ftp_list: Error: None of the available transfer strategies work. Last error response was 'Error: Client is closed because Timeout (control socket)'.
    at Client.prepareTransfer (C:\Users\steph\Documents\Git Projects\FlowdexMCP\node_modules\basic-ftp\dist\Client.js:721:19)
    at process.processTicksAndRejections (node:internal/process/task_queues:105:5)
    at async Client.list (C:\Users\steph\Documents\Git Projects\FlowdexMCP\node_modules\basic-ftp\dist\Client.js:496:13)
    at async file:///C:/Users/steph/Documents/Git%20Projects/FlowdexMCP/index.js:1791:21

[Fatal Tool Error] ftp_list: Error: None of the available transfer strategies work. Last error response was 'Error: Client is closed because Timeout (control socket)'.
    at Client.prepareTransfer (C:\Users\steph\Documents\Git Projects\FlowdexMCP\node_modules\basic-ftp\dist\Client.js:721:19)
    at process.processTicksAndRejections (node:internal/process/task_queues:105:5)
    at async Client.list (C:\Users\steph\Documents\Git Projects\FlowdexMCP\node_modules\basic-ftp\dist\Client.js:496:13)
    at async file:///C:/Users/steph/Documents/Git%20Projects/FlowdexMCP/index.js:1791:21
[Fatal Tool Error] ftp_list: Error: None of the available transfer strategies work. Last error response was 'Error: Client is closed because Timeout (control socket)'.
    at Client.prepareTransfer (C:\Users\steph\Documents\Git Projects\FlowdexMCP\node_modules\basic-ftp\dist\Client.js:721:19)
    at process.processTicksAndRejections (node:internal/process/task_queues:105:5)
    at async Client.list (C:\Users\steph\Documents\Git Projects\FlowdexMCP\node_modules\basic-ftp\dist\Client.js:496:13)
    at async file:///C:/Users/steph/Documents/Git%20Projects/FlowdexMCP/index.js:1791:21
[Fatal Tool Error] ftp_list: Error: None of the available transfer strategies work. Last error response was 'Error: Client is closed because Timeout (control socket)'.
    at Client.prepareTransfer (C:\Users\steph\Documents\Git Projects\FlowdexMCP\node_modules\basic-ftp\dist\Client.js:721:19)
    at process.processTicksAndRejections (node:internal/process/task_queues:105:5)
    at async Client.list (C:\Users\steph\Documents\Git Projects\FlowdexMCP\node_modules\basic-ftp\dist\Client.js:496:13)
    at async file:///C:/Users/steph/Documents/Git%20Projects/FlowdexMCP/index.js:1791:21
[Fatal Tool Error] ftp_list: Error: None of the available transfer strategies work. Last error response was 'Error: Client is closed because Timeout (control socket)'.
    at Client.prepareTransfer (C:\Users\steph\Documents\Git Projects\FlowdexMCP\node_modules\basic-ftp\dist\Client.js:721:19)
    at process.processTicksAndRejections (node:internal/process/task_queues:105:5)
    at async Client.list (C:\Users\steph\Documents\Git Projects\FlowdexMCP\node_modules\basic-ftp\dist\Client.js:496:13)
    at async file:///C:/Users/steph/Documents/Git%20Projects/FlowdexMCP/index.js:1791:21

[Fatal Tool Error] ftp_list: Error: None of the available transfer strategies work. Last error response was 'Error: Client is closed because Timeout (control socket)'.
    at Client.prepareTransfer (C:\Users\steph\Documents\Git Projects\FlowdexMCP\node_modules\basic-ftp\dist\Client.js:721:19)
    at process.processTicksAndRejections (node:internal/process/task_queues:105:5)
    at async Client.list (C:\Users\steph\Documents\Git Projects\FlowdexMCP\node_modules\basic-ftp\dist\Client.js:496:13)
    at async file:///C:/Users/steph/Documents/Git%20Projects/FlowdexMCP/index.js:1791:21
[Fatal Tool Error] ftp_list: Error: None of the available transfer strategies work. Last error response was 'Error: Client is closed because Timeout (control socket)'.
    at Client.prepareTransfer (C:\Users\steph\Documents\Git Projects\FlowdexMCP\node_modules\basic-ftp\dist\Client.js:721:19)
    at process.processTicksAndRejections (node:internal/process/task_queues:105:5)
    at async Client.list (C:\Users\steph\Documents\Git Projects\FlowdexMCP\node_modules\basic-ftp\dist\Client.js:496:13)
    at async file:///C:/Users/steph/Documents/Git%20Projects/FlowdexMCP/index.js:1791:21
[Fatal Tool Error] ftp_list: Error: None of the available transfer strategies work. Last error response was 'Error: Client is closed because Timeout (control socket)'.
    at Client.prepareTransfer (C:\Users\steph\Documents\Git Projects\FlowdexMCP\node_modules\basic-ftp\dist\Client.js:721:19)
    at process.processTicksAndRejections (node:internal/process/task_queues:105:5)
    at async Client.list (C:\Users\steph\Documents\Git Projects\FlowdexMCP\node_modules\basic-ftp\dist\Client.js:496:13)
    at async file:///C:/Users/steph/Documents/Git%20Projects/FlowdexMCP/index.js:1791:21
[Fatal Tool Error] ftp_list: Error: None of the available transfer strategies work. Last error response was 'Error: Client is closed because Timeout (control socket)'.
    at Client.prepareTransfer (C:\Users\steph\Documents\Git Projects\FlowdexMCP\node_modules\basic-ftp\dist\Client.js:721:19)
    at process.processTicksAndRejections (node:internal/process/task_queues:105:5)
    at async Client.list (C:\Users\steph\Documents\Git Projects\FlowdexMCP\node_modules\basic-ftp\dist\Client.js:496:13)
    at async file:///C:/Users/steph/Documents/Git%20Projects/FlowdexMCP/index.js:1791:21

[Fatal Tool Error] ftp_list: Error: None of the available transfer strategies work. Last error response was 'Error: Client is closed because Timeout (control socket)'.
    at Client.prepareTransfer (C:\Users\steph\Documents\Git Projects\FlowdexMCP\node_modules\basic-ftp\dist\Client.js:721:19)
    at process.processTicksAndRejections (node:internal/process/task_queues:105:5)
    at async Client.list (C:\Users\steph\Documents\Git Projects\FlowdexMCP\node_modules\basic-ftp\dist\Client.js:496:13)
    at async file:///C:/Users/steph/Documents/Git%20Projects/FlowdexMCP/index.js:1791:21
[Fatal Tool Error] ftp_list: Error: None of the available transfer strategies work. Last error response was 'Error: Client is closed because Timeout (control socket)'.
    at Client.prepareTransfer (C:\Users\steph\Documents\Git Projects\FlowdexMCP\node_modules\basic-ftp\dist\Client.js:721:19)
    at process.processTicksAndRejections (node:internal/process/task_queues:105:5)
    at async Client.list (C:\Users\steph\Documents\Git Projects\FlowdexMCP\node_modules\basic-ftp\dist\Client.js:496:13)
    at async file:///C:/Users/steph/Documents/Git%20Projects/FlowdexMCP/index.js:1791:21
[Fatal Tool Error] ftp_list: Error: None of the available transfer strategies work. Last error response was 'Error: Client is closed because Timeout (control socket)'.
    at Client.prepareTransfer (C:\Users\steph\Documents\Git Projects\FlowdexMCP\node_modules\basic-ftp\dist\Client.js:721:19)
    at process.processTicksAndRejections (node:internal/process/task_queues:105:5)
    at async Client.list (C:\Users\steph\Documents\Git Projects\FlowdexMCP\node_modules\basic-ftp\dist\Client.js:496:13)
    at async file:///C:/Users/steph/Documents/Git%20Projects/FlowdexMCP/index.js:1791:21
[Fatal Tool Error] ftp_list: Error: None of the available transfer strategies work. Last error response was 'Error: Client is closed because Timeout (control socket)'.
    at Client.prepareTransfer (C:\Users\steph\Documents\Git Projects\FlowdexMCP\node_modules\basic-ftp\dist\Client.js:721:19)
    at process.processTicksAndRejections (node:internal/process/task_queues:105:5)
    at async Client.list (C:\Users\steph\Documents\Git Projects\FlowdexMCP\node_modules\basic-ftp\dist\Client.js:496:13)
    at async file:///C:/Users/steph/Documents/Git%20Projects/FlowdexMCP/index.js:1791:21

[Fatal Tool Error] ftp_list: Error: None of the available transfer strategies work. Last error response was 'Error: Client is closed because Timeout (control socket)'.
    at Client.prepareTransfer (C:\Users\steph\Documents\Git Projects\FlowdexMCP\node_modules\basic-ftp\dist\Client.js:721:19)
    at process.processTicksAndRejections (node:internal/process/task_queues:105:5)
    at async Client.list (C:\Users\steph\Documents\Git Projects\FlowdexMCP\node_modules\basic-ftp\dist\Client.js:496:13)
    at async file:///C:/Users/steph/Documents/Git%20Projects/FlowdexMCP/index.js:1791:21
[Fatal Tool Error] ftp_list: Error: None of the available transfer strategies work. Last error response was 'Error: Client is closed because Timeout (control socket)'.
    at Client.prepareTransfer (C:\Users\steph\Documents\Git Projects\FlowdexMCP\node_modules\basic-ftp\dist\Client.js:721:19)
    at process.processTicksAndRejections (node:internal/process/task_queues:105:5)
    at async Client.list (C:\Users\steph\Documents\Git Projects\FlowdexMCP\node_modules\basic-ftp\dist\Client.js:496:13)
    at async file:///C:/Users/steph/Documents/Git%20Projects/FlowdexMCP/index.js:1791:21
[Fatal Tool Error] ftp_list: Error: None of the available transfer strategies work. Last error response was 'Error: Client is closed because Timeout (control socket)'.
    at Client.prepareTransfer (C:\Users\steph\Documents\Git Projects\FlowdexMCP\node_modules\basic-ftp\dist\Client.js:721:19)
    at process.processTicksAndRejections (node:internal/process/task_queues:105:5)
    at async Client.list (C:\Users\steph\Documents\Git Projects\FlowdexMCP\node_modules\basic-ftp\dist\Client.js:496:13)
    at async file:///C:/Users/steph/Documents/Git%20Projects/FlowdexMCP/index.js:1791:21
[Fatal Tool Error] ftp_list: Error: None of the available transfer strategies work. Last error response was 'Error: Client is closed because Timeout (control socket)'.
    at Client.prepareTransfer (C:\Users\steph\Documents\Git Projects\FlowdexMCP\node_modules\basic-ftp\dist\Client.js:721:19)
    at process.processTicksAndRejections (node:internal/process/task_queues:105:5)
    at async Client.list (C:\Users\steph\Documents\Git Projects\FlowdexMCP\node_modules\basic-ftp\dist\Client.js:496:13)
    at async file:///C:/Users/steph/Documents/Git%20Projects/FlowdexMCP/index.js:1791:21

[Fatal Tool Error] ftp_list: Error: None of the available transfer strategies work. Last error response was 'Error: Client is closed because Timeout (control socket)'.
    at Client.prepareTransfer (C:\Users\steph\Documents\Git Projects\FlowdexMCP\node_modules\basic-ftp\dist\Client.js:721:19)
    at process.processTicksAndRejections (node:internal/process/task_queues:105:5)
    at async Client.list (C:\Users\steph\Documents\Git Projects\FlowdexMCP\node_modules\basic-ftp\dist\Client.js:496:13)
    at async file:///C:/Users/steph/Documents/Git%20Projects/FlowdexMCP/index.js:1791:21
[Fatal Tool Error] ftp_list: Error: None of the available transfer strategies work. Last error response was 'Error: Client is closed because Timeout (control socket)'.
    at Client.prepareTransfer (C:\Users\steph\Documents\Git Projects\FlowdexMCP\node_modules\basic-ftp\dist\Client.js:721:19)
    at process.processTicksAndRejections (node:internal/process/task_queues:105:5)
    at async Client.list (C:\Users\steph\Documents\Git Projects\FlowdexMCP\node_modules\basic-ftp\dist\Client.js:496:13)
    at async file:///C:/Users/steph/Documents/Git%20Projects/FlowdexMCP/index.js:1791:21
[Fatal Tool Error] ftp_list: Error: None of the available transfer strategies work. Last error response was 'Error: Client is closed because Timeout (control socket)'.
    at Client.prepareTransfer (C:\Users\steph\Documents\Git Projects\FlowdexMCP\node_modules\basic-ftp\dist\Client.js:721:19)
    at process.processTicksAndRejections (node:internal/process/task_queues:105:5)
    at async Client.list (C:\Users\steph\Documents\Git Projects\FlowdexMCP\node_modules\basic-ftp\dist\Client.js:496:13)
    at async file:///C:/Users/steph/Documents/Git%20Projects/FlowdexMCP/index.js:1791:21
[Fatal Tool Error] ftp_list: Error: None of the available transfer strategies work. Last error response was 'Error: Client is closed because Timeout (control socket)'.
    at Client.prepareTransfer (C:\Users\steph\Documents\Git Projects\FlowdexMCP\node_modules\basic-ftp\dist\Client.js:721:19)
    at process.processTicksAndRejections (node:internal/process/task_queues:105:5)
    at async Client.list (C:\Users\steph\Documents\Git Projects\FlowdexMCP\node_modules\basic-ftp\dist\Client.js:496:13)
    at async file:///C:/Users/steph/Documents/Git%20Projects/FlowdexMCP/index.js:1791:21

[Fatal Tool Error] ftp_list: Error: None of the available transfer strategies work. Last error response was 'Error: Client is closed because Timeout (control socket)'.
    at Client.prepareTransfer (C:\Users\steph\Documents\Git Projects\FlowdexMCP\node_modules\basic-ftp\dist\Client.js:721:19)
    at process.processTicksAndRejections (node:internal/process/task_queues:105:5)
    at async Client.list (C:\Users\steph\Documents\Git Projects\FlowdexMCP\node_modules\basic-ftp\dist\Client.js:496:13)
    at async file:///C:/Users/steph/Documents/Git%20Projects/FlowdexMCP/index.js:1791:21
[Fatal Tool Error] ftp_list: Error: None of the available transfer strategies work. Last error response was 'Error: Client is closed because Timeout (control socket)'.
    at Client.prepareTransfer (C:\Users\steph\Documents\Git Projects\FlowdexMCP\node_modules\basic-ftp\dist\Client.js:721:19)
    at process.processTicksAndRejections (node:internal/process/task_queues:105:5)
    at async Client.list (C:\Users\steph\Documents\Git Projects\FlowdexMCP\node_modules\basic-ftp\dist\Client.js:496:13)
    at async file:///C:/Users/steph/Documents/Git%20Projects/FlowdexMCP/index.js:1791:21
[Fatal Tool Error] ftp_list: Error: None of the available transfer strategies work. Last error response was 'Error: Client is closed because Timeout (control socket)'.
    at Client.prepareTransfer (C:\Users\steph\Documents\Git Projects\FlowdexMCP\node_modules\basic-ftp\dist\Client.js:721:19)
    at process.processTicksAndRejections (node:internal/process/task_queues:105:5)
    at async Client.list (C:\Users\steph\Documents\Git Projects\FlowdexMCP\node_modules\basic-ftp\dist\Client.js:496:13)
    at async file:///C:/Users/steph/Documents/Git%20Projects/FlowdexMCP/index.js:1791:21
[Fatal Tool Error] ftp_list: Error: None of the available transfer strategies work. Last error response was 'Error: Client is closed because Timeout (control socket)'.
    at Client.prepareTransfer (C:\Users\steph\Documents\Git Projects\FlowdexMCP\node_modules\basic-ftp\dist\Client.js:721:19)
    at process.processTicksAndRejections (node:internal/process/task_queues:105:5)
    at async Client.list (C:\Users\steph\Documents\Git Projects\FlowdexMCP\node_modules\basic-ftp\dist\Client.js:496:13)
    at async file:///C:/Users/steph/Documents/Git%20Projects/FlowdexMCP/index.js:1791:21

[Fatal Tool Error] ftp_list: Error: None of the available transfer strategies work. Last error response was 'Error: Client is closed because Timeout (control socket)'.
    at Client.prepareTransfer (C:\Users\steph\Documents\Git Projects\FlowdexMCP\node_modules\basic-ftp\dist\Client.js:721:19)
    at process.processTicksAndRejections (node:internal/process/task_queues:105:5)
    at async Client.list (C:\Users\steph\Documents\Git Projects\FlowdexMCP\node_modules\basic-ftp\dist\Client.js:496:13)
    at async file:///C:/Users/steph/Documents/Git%20Projects/FlowdexMCP/index.js:1791:21
[Fatal Tool Error] ftp_list: Error: None of the available transfer strategies work. Last error response was 'Error: Client is closed because Timeout (control socket)'.
    at Client.prepareTransfer (C:\Users\steph\Documents\Git Projects\FlowdexMCP\node_modules\basic-ftp\dist\Client.js:721:19)
    at process.processTicksAndRejections (node:internal/process/task_queues:105:5)
    at async Client.list (C:\Users\steph\Documents\Git Projects\FlowdexMCP\node_modules\basic-ftp\dist\Client.js:496:13)
    at async file:///C:/Users/steph/Documents/Git%20Projects/FlowdexMCP/index.js:1791:21
[Fatal Tool Error] ftp_list: Error: None of the available transfer strategies work. Last error response was 'Error: Client is closed because Timeout (control socket)'.
    at Client.prepareTransfer (C:\Users\steph\Documents\Git Projects\FlowdexMCP\node_modules\basic-ftp\dist\Client.js:721:19)
    at process.processTicksAndRejections (node:internal/process/task_queues:105:5)
    at async Client.list (C:\Users\steph\Documents\Git Projects\FlowdexMCP\node_modules\basic-ftp\dist\Client.js:496:13)
    at async file:///C:/Users/steph/Documents/Git%20Projects/FlowdexMCP/index.js:1791:21
[Fatal Tool Error] ftp_list: Error: None of the available transfer strategies work. Last error response was 'Error: Client is closed because Timeout (control socket)'.
    at Client.prepareTransfer (C:\Users\steph\Documents\Git Projects\FlowdexMCP\node_modules\basic-ftp\dist\Client.js:721:19)
    at process.processTicksAndRejections (node:internal/process/task_queues:105:5)
    at async Client.list (C:\Users\steph\Documents\Git Projects\FlowdexMCP\node_modules\basic-ftp\dist\Client.js:496:13)
    at async file:///C:/Users/steph/Documents/Git%20Projects/FlowdexMCP/index.js:1791:21

[Fatal Tool Error] ftp_list: Error: None of the available transfer strategies work. Last error response was 'Error: Client is closed because Timeout (control socket)'.
    at Client.prepareTransfer (C:\Users\steph\Documents\Git Projects\FlowdexMCP\node_modules\basic-ftp\dist\Client.js:721:19)
    at process.processTicksAndRejections (node:internal/process/task_queues:105:5)
    at async Client.list (C:\Users\steph\Documents\Git Projects\FlowdexMCP\node_modules\basic-ftp\dist\Client.js:496:13)
    at async file:///C:/Users/steph/Documents/Git%20Projects/FlowdexMCP/index.js:1791:21
[Fatal Tool Error] ftp_list: Error: None of the available transfer strategies work. Last error response was 'Error: Client is closed because Timeout (control socket)'.
    at Client.prepareTransfer (C:\Users\steph\Documents\Git Projects\FlowdexMCP\node_modules\basic-ftp\dist\Client.js:721:19)
    at process.processTicksAndRejections (node:internal/process/task_queues:105:5)
    at async Client.list (C:\Users\steph\Documents\Git Projects\FlowdexMCP\node_modules\basic-ftp\dist\Client.js:496:13)
    at async file:///C:/Users/steph/Documents/Git%20Projects/FlowdexMCP/index.js:1791:21
[Fatal Tool Error] ftp_list: Error: None of the available transfer strategies work. Last error response was 'Error: Client is closed because Timeout (control socket)'.
    at Client.prepareTransfer (C:\Users\steph\Documents\Git Projects\FlowdexMCP\node_modules\basic-ftp\dist\Client.js:721:19)
    at process.processTicksAndRejections (node:internal/process/task_queues:105:5)
    at async Client.list (C:\Users\steph\Documents\Git Projects\FlowdexMCP\node_modules\basic-ftp\dist\Client.js:496:13)
    at async file:///C:/Users/steph/Documents/Git%20Projects/FlowdexMCP/index.js:1791:21
[Fatal Tool Error] ftp_list: Error: None of the available transfer strategies work. Last error response was 'Error: Client is closed because Timeout (control socket)'.
    at Client.prepareTransfer (C:\Users\steph\Documents\Git Projects\FlowdexMCP\node_modules\basic-ftp\dist\Client.js:721:19)
    at process.processTicksAndRejections (node:internal/process/task_queues:105:5)
    at async Client.list (C:\Users\steph\Documents\Git Projects\FlowdexMCP\node_modules\basic-ftp\dist\Client.js:496:13)
    at async file:///C:/Users/steph/Documents/Git%20Projects/FlowdexMCP/index.js:1791:21

[Fatal Tool Error] ftp_list: Error: None of the available transfer strategies work. Last error response was 'Error: Client is closed because Timeout (control socket)'.
    at Client.prepareTransfer (C:\Users\steph\Documents\Git Projects\FlowdexMCP\node_modules\basic-ftp\dist\Client.js:721:19)
    at process.processTicksAndRejections (node:internal/process/task_queues:105:5)
    at async Client.list (C:\Users\steph\Documents\Git Projects\FlowdexMCP\node_modules\basic-ftp\dist\Client.js:496:13)
    at async file:///C:/Users/steph/Documents/Git%20Projects/FlowdexMCP/index.js:1791:21
[Fatal Tool Error] ftp_list: Error: None of the available transfer strategies work. Last error response was 'Error: Client is closed because Timeout (control socket)'.
    at Client.prepareTransfer (C:\Users\steph\Documents\Git Projects\FlowdexMCP\node_modules\basic-ftp\dist\Client.js:721:19)
    at process.processTicksAndRejections (node:internal/process/task_queues:105:5)
    at async Client.list (C:\Users\steph\Documents\Git Projects\FlowdexMCP\node_modules\basic-ftp\dist\Client.js:496:13)
    at async file:///C:/Users/steph/Documents/Git%20Projects/FlowdexMCP/index.js:1791:21
[Fatal Tool Error] ftp_list: Error: None of the available transfer strategies work. Last error response was 'Error: Client is closed because Timeout (control socket)'.
    at Client.prepareTransfer (C:\Users\steph\Documents\Git Projects\FlowdexMCP\node_modules\basic-ftp\dist\Client.js:721:19)
    at process.processTicksAndRejections (node:internal/process/task_queues:105:5)
    at async Client.list (C:\Users\steph\Documents\Git Projects\FlowdexMCP\node_modules\basic-ftp\dist\Client.js:496:13)
    at async file:///C:/Users/steph/Documents/Git%20Projects/FlowdexMCP/index.js:1791:21
[Fatal Tool Error] ftp_list: Error: None of the available transfer strategies work. Last error response was 'Error: Client is closed because Timeout (control socket)'.
    at Client.prepareTransfer (C:\Users\steph\Documents\Git Projects\FlowdexMCP\node_modules\basic-ftp\dist\Client.js:721:19)
    at process.processTicksAndRejections (node:internal/process/task_queues:105:5)
    at async Client.list (C:\Users\steph\Documents\Git Projects\FlowdexMCP\node_modules\basic-ftp\dist\Client.js:496:13)
    at async file:///C:/Users/steph/Documents/Git%20Projects/FlowdexMCP/index.js:1791:21

[Fatal Tool Error] ftp_list: Error: None of the available transfer strategies work. Last error response was 'Error: Client is closed because Timeout (control socket)'.
    at Client.prepareTransfer (C:\Users\steph\Documents\Git Projects\FlowdexMCP\node_modules\basic-ftp\dist\Client.js:721:19)
    at process.processTicksAndRejections (node:internal/process/task_queues:105:5)
    at async Client.list (C:\Users\steph\Documents\Git Projects\FlowdexMCP\node_modules\basic-ftp\dist\Client.js:496:13)
    at async file:///C:/Users/steph/Documents/Git%20Projects/FlowdexMCP/index.js:1791:21
[Fatal Tool Error] ftp_list: Error: None of the available transfer strategies work. Last error response was 'Error: Client is closed because Timeout (control socket)'.
    at Client.prepareTransfer (C:\Users\steph\Documents\Git Projects\FlowdexMCP\node_modules\basic-ftp\dist\Client.js:721:19)
    at process.processTicksAndRejections (node:internal/process/task_queues:105:5)
    at async Client.list (C:\Users\steph\Documents\Git Projects\FlowdexMCP\node_modules\basic-ftp\dist\Client.js:496:13)
    at async file:///C:/Users/steph/Documents/Git%20Projects/FlowdexMCP/index.js:1791:21
[Fatal Tool Error] ftp_list: Error: None of the available transfer strategies work. Last error response was 'Error: Client is closed because Timeout (control socket)'.
    at Client.prepareTransfer (C:\Users\steph\Documents\Git Projects\FlowdexMCP\node_modules\basic-ftp\dist\Client.js:721:19)
    at process.processTicksAndRejections (node:internal/process/task_queues:105:5)
    at async Client.list (C:\Users\steph\Documents\Git Projects\FlowdexMCP\node_modules\basic-ftp\dist\Client.js:496:13)
    at async file:///C:/Users/steph/Documents/Git%20Projects/FlowdexMCP/index.js:1791:21
[Fatal Tool Error] ftp_list: Error: None of the available transfer strategies work. Last error response was 'Error: Client is closed because Timeout (control socket)'.
    at Client.prepareTransfer (C:\Users\steph\Documents\Git Projects\FlowdexMCP\node_modules\basic-ftp\dist\Client.js:721:19)
    at process.processTicksAndRejections (node:internal/process/task_queues:105:5)
    at async Client.list (C:\Users\steph\Documents\Git Projects\FlowdexMCP\node_modules\basic-ftp\dist\Client.js:496:13)
    at async file:///C:/Users/steph/Documents/Git%20Projects/FlowdexMCP/index.js:1791:21

[Fatal Tool Error] ftp_list: Error: None of the available transfer strategies work. Last error response was 'Error: Client is closed because Timeout (control socket)'.
    at Client.prepareTransfer (C:\Users\steph\Documents\Git Projects\FlowdexMCP\node_modules\basic-ftp\dist\Client.js:721:19)
    at process.processTicksAndRejections (node:internal/process/task_queues:105:5)
    at async Client.list (C:\Users\steph\Documents\Git Projects\FlowdexMCP\node_modules\basic-ftp\dist\Client.js:496:13)
    at async file:///C:/Users/steph/Documents/Git%20Projects/FlowdexMCP/index.js:1791:21
[Fatal Tool Error] ftp_list: Error: None of the available transfer strategies work. Last error response was 'Error: Client is closed because Timeout (control socket)'.
    at Client.prepareTransfer (C:\Users\steph\Documents\Git Projects\FlowdexMCP\node_modules\basic-ftp\dist\Client.js:721:19)
    at process.processTicksAndRejections (node:internal/process/task_queues:105:5)
    at async Client.list (C:\Users\steph\Documents\Git Projects\FlowdexMCP\node_modules\basic-ftp\dist\Client.js:496:13)
    at async file:///C:/Users/steph/Documents/Git%20Projects/FlowdexMCP/index.js:1791:21
[Fatal Tool Error] ftp_list: Error: None of the available transfer strategies work. Last error response was 'Error: Client is closed because Timeout (control socket)'.
    at Client.prepareTransfer (C:\Users\steph\Documents\Git Projects\FlowdexMCP\node_modules\basic-ftp\dist\Client.js:721:19)
    at process.processTicksAndRejections (node:internal/process/task_queues:105:5)
    at async Client.list (C:\Users\steph\Documents\Git Projects\FlowdexMCP\node_modules\basic-ftp\dist\Client.js:496:13)
    at async file:///C:/Users/steph/Documents/Git%20Projects/FlowdexMCP/index.js:1791:21
[Fatal Tool Error] ftp_list: Error: None of the available transfer strategies work. Last error response was 'Error: Client is closed because Timeout (control socket)'.
    at Client.prepareTransfer (C:\Users\steph\Documents\Git Projects\FlowdexMCP\node_modules\basic-ftp\dist\Client.js:721:19)
    at process.processTicksAndRejections (node:internal/process/task_queues:105:5)
    at async Client.list (C:\Users\steph\Documents\Git Projects\FlowdexMCP\node_modules\basic-ftp\dist\Client.js:496:13)
    at async file:///C:/Users/steph/Documents/Git%20Projects/FlowdexMCP/index.js:1791:21

[Fatal Tool Error] ftp_list: Error: None of the available transfer strategies work. Last error response was 'Error: Client is closed because Timeout (control socket)'.
    at Client.prepareTransfer (C:\Users\steph\Documents\Git Projects\FlowdexMCP\node_modules\basic-ftp\dist\Client.js:721:19)
    at process.processTicksAndRejections (node:internal/process/task_queues:105:5)
    at async Client.list (C:\Users\steph\Documents\Git Projects\FlowdexMCP\node_modules\basic-ftp\dist\Client.js:496:13)
    at async file:///C:/Users/steph/Documents/Git%20Projects/FlowdexMCP/index.js:1791:21
[Fatal Tool Error] ftp_list: Error: None of the available transfer strategies work. Last error response was 'Error: Client is closed because Timeout (control socket)'.
    at Client.prepareTransfer (C:\Users\steph\Documents\Git Projects\FlowdexMCP\node_modules\basic-ftp\dist\Client.js:721:19)
    at process.processTicksAndRejections (node:internal/process/task_queues:105:5)
    at async Client.list (C:\Users\steph\Documents\Git Projects\FlowdexMCP\node_modules\basic-ftp\dist\Client.js:496:13)
    at async file:///C:/Users/steph/Documents/Git%20Projects/FlowdexMCP/index.js:1791:21
[Fatal Tool Error] ftp_list: Error: None of the available transfer strategies work. Last error response was 'Error: Client is closed because Timeout (control socket)'.
    at Client.prepareTransfer (C:\Users\steph\Documents\Git Projects\FlowdexMCP\node_modules\basic-ftp\dist\Client.js:721:19)
    at process.processTicksAndRejections (node:internal/process/task_queues:105:5)
    at async Client.list (C:\Users\steph\Documents\Git Projects\FlowdexMCP\node_modules\basic-ftp\dist\Client.js:496:13)
    at async file:///C:/Users/steph/Documents/Git%20Projects/FlowdexMCP/index.js:1791:21
[Fatal Tool Error] ftp_list: Error: None of the available transfer strategies work. Last error response was 'Error: Client is closed because Timeout (control socket)'.
    at Client.prepareTransfer (C:\Users\steph\Documents\Git Projects\FlowdexMCP\node_modules\basic-ftp\dist\Client.js:721:19)
    at process.processTicksAndRejections (node:internal/process/task_queues:105:5)
    at async Client.list (C:\Users\steph\Documents\Git Projects\FlowdexMCP\node_modules\basic-ftp\dist\Client.js:496:13)
    at async file:///C:/Users/steph/Documents/Git%20Projects/FlowdexMCP/index.js:1791:21

[Fatal Tool Error] ftp_list: Error: None of the available transfer strategies work. Last error response was 'Error: Client is closed because Timeout (control socket)'.
    at Client.prepareTransfer (C:\Users\steph\Documents\Git Projects\FlowdexMCP\node_modules\basic-ftp\dist\Client.js:721:19)
    at process.processTicksAndRejections (node:internal/process/task_queues:105:5)
    at async Client.list (C:\Users\steph\Documents\Git Projects\FlowdexMCP\node_modules\basic-ftp\dist\Client.js:496:13)
    at async file:///C:/Users/steph/Documents/Git%20Projects/FlowdexMCP/index.js:1791:21
[Fatal Tool Error] ftp_list: Error: None of the available transfer strategies work. Last error response was 'Error: Client is closed because Timeout (control socket)'.
    at Client.prepareTransfer (C:\Users\steph\Documents\Git Projects\FlowdexMCP\node_modules\basic-ftp\dist\Client.js:721:19)
    at process.processTicksAndRejections (node:internal/process/task_queues:105:5)
    at async Client.list (C:\Users\steph\Documents\Git Projects\FlowdexMCP\node_modules\basic-ftp\dist\Client.js:496:13)
    at async file:///C:/Users/steph/Documents/Git%20Projects/FlowdexMCP/index.js:1791:21
[Fatal Tool Error] ftp_list: Error: None of the available transfer strategies work. Last error response was 'Error: Client is closed because Timeout (control socket)'.
    at Client.prepareTransfer (C:\Users\steph\Documents\Git Projects\FlowdexMCP\node_modules\basic-ftp\dist\Client.js:721:19)
    at process.processTicksAndRejections (node:internal/process/task_queues:105:5)
    at async Client.list (C:\Users\steph\Documents\Git Projects\FlowdexMCP\node_modules\basic-ftp\dist\Client.js:496:13)
    at async file:///C:/Users/steph/Documents/Git%20Projects/FlowdexMCP/index.js:1791:21
[Fatal Tool Error] ftp_list: Error: None of the available transfer strategies work. Last error response was 'Error: Client is closed because Timeout (control socket)'.
    at Client.prepareTransfer (C:\Users\steph\Documents\Git Projects\FlowdexMCP\node_modules\basic-ftp\dist\Client.js:721:19)
    at process.processTicksAndRejections (node:internal/process/task_queues:105:5)
    at async Client.list (C:\Users\steph\Documents\Git Projects\FlowdexMCP\node_modules\basic-ftp\dist\Client.js:496:13)
    at async file:///C:/Users/steph/Documents/Git%20Projects/FlowdexMCP/index.js:1791:21

[Fatal Tool Error] ftp_list: Error: None of the available transfer strategies work. Last error response was 'Error: Client is closed because Timeout (control socket)'.
    at Client.prepareTransfer (C:\Users\steph\Documents\Git Projects\FlowdexMCP\node_modules\basic-ftp\dist\Client.js:721:19)
    at process.processTicksAndRejections (node:internal/process/task_queues:105:5)
    at async Client.list (C:\Users\steph\Documents\Git Projects\FlowdexMCP\node_modules\basic-ftp\dist\Client.js:496:13)
    at async file:///C:/Users/steph/Documents/Git%20Projects/FlowdexMCP/index.js:1791:21
[Fatal Tool Error] ftp_list: Error: None of the available transfer strategies work. Last error response was 'Error: Client is closed because Timeout (control socket)'.
    at Client.prepareTransfer (C:\Users\steph\Documents\Git Projects\FlowdexMCP\node_modules\basic-ftp\dist\Client.js:721:19)
    at process.processTicksAndRejections (node:internal/process/task_queues:105:5)
    at async Client.list (C:\Users\steph\Documents\Git Projects\FlowdexMCP\node_modules\basic-ftp\dist\Client.js:496:13)
    at async file:///C:/Users/steph/Documents/Git%20Projects/FlowdexMCP/index.js:1791:21
[Fatal Tool Error] ftp_list: Error: None of the available transfer strategies work. Last error response was 'Error: Client is closed because Timeout (control socket)'.
    at Client.prepareTransfer (C:\Users\steph\Documents\Git Projects\FlowdexMCP\node_modules\basic-ftp\dist\Client.js:721:19)
    at process.processTicksAndRejections (node:internal/process/task_queues:105:5)
    at async Client.list (C:\Users\steph\Documents\Git Projects\FlowdexMCP\node_modules\basic-ftp\dist\Client.js:496:13)
    at async file:///C:/Users/steph/Documents/Git%20Projects/FlowdexMCP/index.js:1791:21
[Fatal Tool Error] ftp_list: Error: None of the available transfer strategies work. Last error response was 'Error: Client is closed because Timeout (control socket)'.
    at Client.prepareTransfer (C:\Users\steph\Documents\Git Projects\FlowdexMCP\node_modules\basic-ftp\dist\Client.js:721:19)
    at process.processTicksAndRejections (node:internal/process/task_queues:105:5)
    at async Client.list (C:\Users\steph\Documents\Git Projects\FlowdexMCP\node_modules\basic-ftp\dist\Client.js:496:13)
    at async file:///C:/Users/steph/Documents/Git%20Projects/FlowdexMCP/index.js:1791:21

[Fatal Tool Error] ftp_list: Error: None of the available transfer strategies work. Last error response was 'Error: Client is closed because Timeout (control socket)'.
    at Client.prepareTransfer (C:\Users\steph\Documents\Git Projects\FlowdexMCP\node_modules\basic-ftp\dist\Client.js:721:19)
    at process.processTicksAndRejections (node:internal/process/task_queues:105:5)
    at async Client.list (C:\Users\steph\Documents\Git Projects\FlowdexMCP\node_modules\basic-ftp\dist\Client.js:496:13)
    at async file:///C:/Users/steph/Documents/Git%20Projects/FlowdexMCP/index.js:1791:21
[Fatal Tool Error] ftp_list: Error: None of the available transfer strategies work. Last error response was 'Error: Client is closed because Timeout (control socket)'.
    at Client.prepareTransfer (C:\Users\steph\Documents\Git Projects\FlowdexMCP\node_modules\basic-ftp\dist\Client.js:721:19)
    at process.processTicksAndRejections (node:internal/process/task_queues:105:5)
    at async Client.list (C:\Users\steph\Documents\Git Projects\FlowdexMCP\node_modules\basic-ftp\dist\Client.js:496:13)
    at async file:///C:/Users/steph/Documents/Git%20Projects/FlowdexMCP/index.js:1791:21
[Fatal Tool Error] ftp_list: Error: None of the available transfer strategies work. Last error response was 'Error: Client is closed because Timeout (control socket)'.
    at Client.prepareTransfer (C:\Users\steph\Documents\Git Projects\FlowdexMCP\node_modules\basic-ftp\dist\Client.js:721:19)
    at process.processTicksAndRejections (node:internal/process/task_queues:105:5)
    at async Client.list (C:\Users\steph\Documents\Git Projects\FlowdexMCP\node_modules\basic-ftp\dist\Client.js:496:13)
    at async file:///C:/Users/steph/Documents/Git%20Projects/FlowdexMCP/index.js:1791:21
[Fatal Tool Error] ftp_list: Error: None of the available transfer strategies work. Last error response was 'Error: Client is closed because Timeout (control socket)'.
    at Client.prepareTransfer (C:\Users\steph\Documents\Git Projects\FlowdexMCP\node_modules\basic-ftp\dist\Client.js:721:19)
    at process.processTicksAndRejections (node:internal/process/task_queues:105:5)
    at async Client.list (C:\Users\steph\Documents\Git Projects\FlowdexMCP\node_modules\basic-ftp\dist\Client.js:496:13)
    at async file:///C:/Users/steph/Documents/Git%20Projects/FlowdexMCP/index.js:1791:21

[Fatal Tool Error] ftp_list: Error: None of the available transfer strategies work. Last error response was 'Error: Client is closed because Timeout (control socket)'.
    at Client.prepareTransfer (C:\Users\steph\Documents\Git Projects\FlowdexMCP\node_modules\basic-ftp\dist\Client.js:721:19)
    at process.processTicksAndRejections (node:internal/process/task_queues:105:5)
    at async Client.list (C:\Users\steph\Documents\Git Projects\FlowdexMCP\node_modules\basic-ftp\dist\Client.js:496:13)
    at async file:///C:/Users/steph/Documents/Git%20Projects/FlowdexMCP/index.js:1791:21
[Fatal Tool Error] ftp_list: Error: None of the available transfer strategies work. Last error response was 'Error: Client is closed because Timeout (control socket)'.
    at Client.prepareTransfer (C:\Users\steph\Documents\Git Projects\FlowdexMCP\node_modules\basic-ftp\dist\Client.js:721:19)
    at process.processTicksAndRejections (node:internal/process/task_queues:105:5)
    at async Client.list (C:\Users\steph\Documents\Git Projects\FlowdexMCP\node_modules\basic-ftp\dist\Client.js:496:13)
    at async file:///C:/Users/steph/Documents/Git%20Projects/FlowdexMCP/index.js:1791:21
[Fatal Tool Error] ftp_list: Error: None of the available transfer strategies work. Last error response was 'Error: Client is closed because Timeout (control socket)'.
    at Client.prepareTransfer (C:\Users\steph\Documents\Git Projects\FlowdexMCP\node_modules\basic-ftp\dist\Client.js:721:19)
    at process.processTicksAndRejections (node:internal/process/task_queues:105:5)
    at async Client.list (C:\Users\steph\Documents\Git Projects\FlowdexMCP\node_modules\basic-ftp\dist\Client.js:496:13)
    at async file:///C:/Users/steph/Documents/Git%20Projects/FlowdexMCP/index.js:1791:21
[Fatal Tool Error] ftp_list: Error: None of the available transfer strategies work. Last error response was 'Error: Client is closed because Timeout (control socket)'.
    at Client.prepareTransfer (C:\Users\steph\Documents\Git Projects\FlowdexMCP\node_modules\basic-ftp\dist\Client.js:721:19)
    at process.processTicksAndRejections (node:internal/process/task_queues:105:5)
    at async Client.list (C:\Users\steph\Documents\Git Projects\FlowdexMCP\node_modules\basic-ftp\dist\Client.js:496:13)
    at async file:///C:/Users/steph/Documents/Git%20Projects/FlowdexMCP/index.js:1791:21

[Fatal Tool Error] ftp_list: Error: None of the available transfer strategies work. Last error response was 'Error: Client is closed because Timeout (control socket)'.
    at Client.prepareTransfer (C:\Users\steph\Documents\Git Projects\FlowdexMCP\node_modules\basic-ftp\dist\Client.js:721:19)
    at process.processTicksAndRejections (node:internal/process/task_queues:105:5)
    at async Client.list (C:\Users\steph\Documents\Git Projects\FlowdexMCP\node_modules\basic-ftp\dist\Client.js:496:13)
    at async file:///C:/Users/steph/Documents/Git%20Projects/FlowdexMCP/index.js:1791:21
[Fatal Tool Error] ftp_list: Error: None of the available transfer strategies work. Last error response was 'Error: Client is closed because Timeout (control socket)'.
    at Client.prepareTransfer (C:\Users\steph\Documents\Git Projects\FlowdexMCP\node_modules\basic-ftp\dist\Client.js:721:19)
    at process.processTicksAndRejections (node:internal/process/task_queues:105:5)
    at async Client.list (C:\Users\steph\Documents\Git Projects\FlowdexMCP\node_modules\basic-ftp\dist\Client.js:496:13)
    at async file:///C:/Users/steph/Documents/Git%20Projects/FlowdexMCP/index.js:1791:21
[Fatal Tool Error] ftp_list: Error: None of the available transfer strategies work. Last error response was 'Error: Client is closed because Timeout (control socket)'.
    at Client.prepareTransfer (C:\Users\steph\Documents\Git Projects\FlowdexMCP\node_modules\basic-ftp\dist\Client.js:721:19)
    at process.processTicksAndRejections (node:internal/process/task_queues:105:5)
    at async Client.list (C:\Users\steph\Documents\Git Projects\FlowdexMCP\node_modules\basic-ftp\dist\Client.js:496:13)
    at async file:///C:/Users/steph/Documents/Git%20Projects/FlowdexMCP/index.js:1791:21
[Fatal Tool Error] ftp_list: Error: None of the available transfer strategies work. Last error response was 'Error: Client is closed because Timeout (control socket)'.
    at Client.prepareTransfer (C:\Users\steph\Documents\Git Projects\FlowdexMCP\node_modules\basic-ftp\dist\Client.js:721:19)
    at process.processTicksAndRejections (node:internal/process/task_queues:105:5)
    at async Client.list (C:\Users\steph\Documents\Git Projects\FlowdexMCP\node_modules\basic-ftp\dist\Client.js:496:13)
    at async file:///C:/Users/steph/Documents/Git%20Projects/FlowdexMCP/index.js:1791:21

[Fatal Tool Error] ftp_list: Error: None of the available transfer strategies work. Last error response was 'Error: Client is closed because Timeout (control socket)'.
    at Client.prepareTransfer (C:\Users\steph\Documents\Git Projects\FlowdexMCP\node_modules\basic-ftp\dist\Client.js:721:19)
    at process.processTicksAndRejections (node:internal/process/task_queues:105:5)
    at async Client.list (C:\Users\steph\Documents\Git Projects\FlowdexMCP\node_modules\basic-ftp\dist\Client.js:496:13)
    at async file:///C:/Users/steph/Documents/Git%20Projects/FlowdexMCP/index.js:1791:21
[Fatal Tool Error] ftp_list: Error: None of the available transfer strategies work. Last error response was 'Error: Client is closed because Timeout (control socket)'.
    at Client.prepareTransfer (C:\Users\steph\Documents\Git Projects\FlowdexMCP\node_modules\basic-ftp\dist\Client.js:721:19)
    at process.processTicksAndRejections (node:internal/process/task_queues:105:5)
    at async Client.list (C:\Users\steph\Documents\Git Projects\FlowdexMCP\node_modules\basic-ftp\dist\Client.js:496:13)
    at async file:///C:/Users/steph/Documents/Git%20Projects/FlowdexMCP/index.js:1791:21
[Fatal Tool Error] ftp_list: Error: None of the available transfer strategies work. Last error response was 'Error: Client is closed because Timeout (control socket)'.
    at Client.prepareTransfer (C:\Users\steph\Documents\Git Projects\FlowdexMCP\node_modules\basic-ftp\dist\Client.js:721:19)
    at process.processTicksAndRejections (node:internal/process/task_queues:105:5)
    at async Client.list (C:\Users\steph\Documents\Git Projects\FlowdexMCP\node_modules\basic-ftp\dist\Client.js:496:13)
    at async file:///C:/Users/steph/Documents/Git%20Projects/FlowdexMCP/index.js:1791:21
[Fatal Tool Error] ftp_list: Error: None of the available transfer strategies work. Last error response was 'Error: Client is closed because Timeout (control socket)'.
    at Client.prepareTransfer (C:\Users\steph\Documents\Git Projects\FlowdexMCP\node_modules\basic-ftp\dist\Client.js:721:19)
    at process.processTicksAndRejections (node:internal/process/task_queues:105:5)
    at async Client.list (C:\Users\steph\Documents\Git Projects\FlowdexMCP\node_modules\basic-ftp\dist\Client.js:496:13)
    at async file:///C:/Users/steph/Documents/Git%20Projects/FlowdexMCP/index.js:1791:21

[Fatal Tool Error] ftp_list: Error: None of the available transfer strategies work. Last error response was 'Error: Client is closed because Timeout (control socket)'.
    at Client.prepareTransfer (C:\Users\steph\Documents\Git Projects\FlowdexMCP\node_modules\basic-ftp\dist\Client.js:721:19)
    at process.processTicksAndRejections (node:internal/process/task_queues:105:5)
    at async Client.list (C:\Users\steph\Documents\Git Projects\FlowdexMCP\node_modules\basic-ftp\dist\Client.js:496:13)
    at async file:///C:/Users/steph/Documents/Git%20Projects/FlowdexMCP/index.js:1791:21
[Fatal Tool Error] ftp_list: Error: None of the available transfer strategies work. Last error response was 'Error: Client is closed because Timeout (control socket)'.
    at Client.prepareTransfer (C:\Users\steph\Documents\Git Projects\FlowdexMCP\node_modules\basic-ftp\dist\Client.js:721:19)
    at process.processTicksAndRejections (node:internal/process/task_queues:105:5)
    at async Client.list (C:\Users\steph\Documents\Git Projects\FlowdexMCP\node_modules\basic-ftp\dist\Client.js:496:13)
    at async file:///C:/Users/steph/Documents/Git%20Projects/FlowdexMCP/index.js:1791:21
[Fatal Tool Error] ftp_list: Error: None of the available transfer strategies work. Last error response was 'Error: Client is closed because Timeout (control socket)'.
    at Client.prepareTransfer (C:\Users\steph\Documents\Git Projects\FlowdexMCP\node_modules\basic-ftp\dist\Client.js:721:19)
    at process.processTicksAndRejections (node:internal/process/task_queues:105:5)
    at async Client.list (C:\Users\steph\Documents\Git Projects\FlowdexMCP\node_modules\basic-ftp\dist\Client.js:496:13)
    at async file:///C:/Users/steph/Documents/Git%20Projects/FlowdexMCP/index.js:1791:21
[Fatal Tool Error] ftp_list: Error: None of the available transfer strategies work. Last error response was 'Error: Client is closed because Timeout (control socket)'.
    at Client.prepareTransfer (C:\Users\steph\Documents\Git Projects\FlowdexMCP\node_modules\basic-ftp\dist\Client.js:721:19)
    at process.processTicksAndRejections (node:internal/process/task_queues:105:5)
    at async Client.list (C:\Users\steph\Documents\Git Projects\FlowdexMCP\node_modules\basic-ftp\dist\Client.js:496:13)
    at async file:///C:/Users/steph/Documents/Git%20Projects/FlowdexMCP/index.js:1791:21

[Fatal Tool Error] ftp_list: Error: None of the available transfer strategies work. Last error response was 'Error: Client is closed because Timeout (control socket)'.
    at Client.prepareTransfer (C:\Users\steph\Documents\Git Projects\FlowdexMCP\node_modules\basic-ftp\dist\Client.js:721:19)
    at process.processTicksAndRejections (node:internal/process/task_queues:105:5)
    at async Client.list (C:\Users\steph\Documents\Git Projects\FlowdexMCP\node_modules\basic-ftp\dist\Client.js:496:13)
    at async file:///C:/Users/steph/Documents/Git%20Projects/FlowdexMCP/index.js:1791:21
[Fatal Tool Error] ftp_list: Error: None of the available transfer strategies work. Last error response was 'Error: Client is closed because Timeout (control socket)'.
    at Client.prepareTransfer (C:\Users\steph\Documents\Git Projects\FlowdexMCP\node_modules\basic-ftp\dist\Client.js:721:19)
    at process.processTicksAndRejections (node:internal/process/task_queues:105:5)
    at async Client.list (C:\Users\steph\Documents\Git Projects\FlowdexMCP\node_modules\basic-ftp\dist\Client.js:496:13)
    at async file:///C:/Users/steph/Documents/Git%20Projects/FlowdexMCP/index.js:1791:21
[Fatal Tool Error] ftp_list: Error: None of the available transfer strategies work. Last error response was 'Error: Client is closed because Timeout (control socket)'.
    at Client.prepareTransfer (C:\Users\steph\Documents\Git Projects\FlowdexMCP\node_modules\basic-ftp\dist\Client.js:721:19)
    at process.processTicksAndRejections (node:internal/process/task_queues:105:5)
    at async Client.list (C:\Users\steph\Documents\Git Projects\FlowdexMCP\node_modules\basic-ftp\dist\Client.js:496:13)
    at async file:///C:/Users/steph/Documents/Git%20Projects/FlowdexMCP/index.js:1791:21
[Fatal Tool Error] ftp_list: Error: None of the available transfer strategies work. Last error response was 'Error: Client is closed because Timeout (control socket)'.
    at Client.prepareTransfer (C:\Users\steph\Documents\Git Projects\FlowdexMCP\node_modules\basic-ftp\dist\Client.js:721:19)
    at process.processTicksAndRejections (node:internal/process/task_queues:105:5)
    at async Client.list (C:\Users\steph\Documents\Git Projects\FlowdexMCP\node_modules\basic-ftp\dist\Client.js:496:13)
    at async file:///C:/Users/steph/Documents/Git%20Projects/FlowdexMCP/index.js:1791:21

[Fatal Tool Error] ftp_list: Error: None of the available transfer strategies work. Last error response was 'Error: Client is closed because Timeout (control socket)'.
    at Client.prepareTransfer (C:\Users\steph\Documents\Git Projects\FlowdexMCP\node_modules\basic-ftp\dist\Client.js:721:19)
    at process.processTicksAndRejections (node:internal/process/task_queues:105:5)
    at async Client.list (C:\Users\steph\Documents\Git Projects\FlowdexMCP\node_modules\basic-ftp\dist\Client.js:496:13)
    at async file:///C:/Users/steph/Documents/Git%20Projects/FlowdexMCP/index.js:1791:21
[Fatal Tool Error] ftp_list: Error: None of the available transfer strategies work. Last error response was 'Error: Client is closed because Timeout (control socket)'.
    at Client.prepareTransfer (C:\Users\steph\Documents\Git Projects\FlowdexMCP\node_modules\basic-ftp\dist\Client.js:721:19)
    at process.processTicksAndRejections (node:internal/process/task_queues:105:5)
    at async Client.list (C:\Users\steph\Documents\Git Projects\FlowdexMCP\node_modules\basic-ftp\dist\Client.js:496:13)
    at async file:///C:/Users/steph/Documents/Git%20Projects/FlowdexMCP/index.js:1791:21
[Fatal Tool Error] ftp_list: Error: None of the available transfer strategies work. Last error response was 'Error: Client is closed because Timeout (control socket)'.
    at Client.prepareTransfer (C:\Users\steph\Documents\Git Projects\FlowdexMCP\node_modules\basic-ftp\dist\Client.js:721:19)
    at process.processTicksAndRejections (node:internal/process/task_queues:105:5)
    at async Client.list (C:\Users\steph\Documents\Git Projects\FlowdexMCP\node_modules\basic-ftp\dist\Client.js:496:13)
    at async file:///C:/Users/steph/Documents/Git%20Projects/FlowdexMCP/index.js:1791:21
[Fatal Tool Error] ftp_list: Error: None of the available transfer strategies work. Last error response was 'Error: Client is closed because Timeout (control socket)'.
    at Client.prepareTransfer (C:\Users\steph\Documents\Git Projects\FlowdexMCP\node_modules\basic-ftp\dist\Client.js:721:19)
    at process.processTicksAndRejections (node:internal/process/task_queues:105:5)
    at async Client.list (C:\Users\steph\Documents\Git Projects\FlowdexMCP\node_modules\basic-ftp\dist\Client.js:496:13)
    at async file:///C:/Users/steph/Documents/Git%20Projects/FlowdexMCP/index.js:1791:21

[Fatal Tool Error] ftp_list: Error: None of the available transfer strategies work. Last error response was 'Error: Client is closed because Timeout (control socket)'.
    at Client.prepareTransfer (C:\Users\steph\Documents\Git Projects\FlowdexMCP\node_modules\basic-ftp\dist\Client.js:721:19)
    at process.processTicksAndRejections (node:internal/process/task_queues:105:5)
    at async Client.list (C:\Users\steph\Documents\Git Projects\FlowdexMCP\node_modules\basic-ftp\dist\Client.js:496:13)
    at async file:///C:/Users/steph/Documents/Git%20Projects/FlowdexMCP/index.js:1791:21
[Fatal Tool Error] ftp_list: Error: None of the available transfer strategies work. Last error response was 'Error: Client is closed because Timeout (control socket)'.
    at Client.prepareTransfer (C:\Users\steph\Documents\Git Projects\FlowdexMCP\node_modules\basic-ftp\dist\Client.js:721:19)
    at process.processTicksAndRejections (node:internal/process/task_queues:105:5)
    at async Client.list (C:\Users\steph\Documents\Git Projects\FlowdexMCP\node_modules\basic-ftp\dist\Client.js:496:13)
    at async file:///C:/Users/steph/Documents/Git%20Projects/FlowdexMCP/index.js:1791:21
[Fatal Tool Error] ftp_list: Error: None of the available transfer strategies work. Last error response was 'Error: Client is closed because Timeout (control socket)'.
    at Client.prepareTransfer (C:\Users\steph\Documents\Git Projects\FlowdexMCP\node_modules\basic-ftp\dist\Client.js:721:19)
    at process.processTicksAndRejections (node:internal/process/task_queues:105:5)
    at async Client.list (C:\Users\steph\Documents\Git Projects\FlowdexMCP\node_modules\basic-ftp\dist\Client.js:496:13)
    at async file:///C:/Users/steph/Documents/Git%20Projects/FlowdexMCP/index.js:1791:21
[Fatal Tool Error] ftp_list: Error: None of the available transfer strategies work. Last error response was 'Error: Client is closed because Timeout (control socket)'.
    at Client.prepareTransfer (C:\Users\steph\Documents\Git Projects\FlowdexMCP\node_modules\basic-ftp\dist\Client.js:721:19)
    at process.processTicksAndRejections (node:internal/process/task_queues:105:5)
    at async Client.list (C:\Users\steph\Documents\Git Projects\FlowdexMCP\node_modules\basic-ftp\dist\Client.js:496:13)
    at async file:///C:/Users/steph/Documents/Git%20Projects/FlowdexMCP/index.js:1791:21


stderr | Test/features.test.js > Enterprise Features & Edge Cases > Edge Cases > should handle spamming commands gracefully
[Fatal Tool Error] ftp_list: Error: None of the available transfer strategies work. Last error response was 'Error: Client is closed because Timeout (control socket)'.
    at Client.prepareTransfer (C:\Users\steph\Documents\Git Projects\FlowdexMCP\node_modules\basic-ftp\dist\Client.js:721:19)
    at process.processTicksAndRejections (node:internal/process/task_queues:105:5)
    at async Client.list (C:\Users\steph\Documents\Git Projects\FlowdexMCP\node_modules\basic-ftp\dist\Client.js:496:13)
    at async file:///C:/Users/steph/Documents/Git%20Projects/FlowdexMCP/index.js:1791:21
[Fatal Tool Error] ftp_list: Error: None of the available transfer strategies work. Last error response was 'Error: Client is closed because Timeout (control socket)'.
    at Client.prepareTransfer (C:\Users\steph\Documents\Git Projects\FlowdexMCP\node_modules\basic-ftp\dist\Client.js:721:19)
    at process.processTicksAndRejections (node:internal/process/task_queues:105:5)
    at async Client.list (C:\Users\steph\Documents\Git Projects\FlowdexMCP\node_modules\basic-ftp\dist\Client.js:496:13)
    at async file:///C:/Users/steph/Documents/Git%20Projects/FlowdexMCP/index.js:1791:21
[Fatal Tool Error] ftp_list: Error: None of the available transfer strategies work. Last error response was 'Error: Client is closed because Timeout (control socket)'.
    at Client.prepareTransfer (C:\Users\steph\Documents\Git Projects\FlowdexMCP\node_modules\basic-ftp\dist\Client.js:721:19)
    at process.processTicksAndRejections (node:internal/process/task_queues:105:5)
    at async Client.list (C:\Users\steph\Documents\Git Projects\FlowdexMCP\node_modules\basic-ftp\dist\Client.js:496:13)
    at async file:///C:/Users/steph/Documents/Git%20Projects/FlowdexMCP/index.js:1791:21
[Fatal Tool Error] ftp_list: Error: None of the available transfer strategies work. Last error response was 'Error: Client is closed because Timeout (control socket)'.
    at Client.prepareTransfer (C:\Users\steph\Documents\Git Projects\FlowdexMCP\node_modules\basic-ftp\dist\Client.js:721:19)
    at process.processTicksAndRejections (node:internal/process/task_queues:105:5)
    at async Client.list (C:\Users\steph\Documents\Git Projects\FlowdexMCP\node_modules\basic-ftp\dist\Client.js:496:13)
    at async file:///C:/Users/steph/Documents/Git%20Projects/FlowdexMCP/index.js:1791:21
[Fatal Tool Error] ftp_list: Error: None of the available transfer strategies work. Last error response was 'Error: Client is closed because Timeout (control socket)'.
    at Client.prepareTransfer (C:\Users\steph\Documents\Git Projects\FlowdexMCP\node_modules\basic-ftp\dist\Client.js:721:19)
    at process.processTicksAndRejections (node:internal/process/task_queues:105:5)
    at async Client.list (C:\Users\steph\Documents\Git Projects\FlowdexMCP\node_modules\basic-ftp\dist\Client.js:496:13)
    at async file:///C:/Users/steph/Documents/Git%20Projects/FlowdexMCP/index.js:1791:21

[Fatal Tool Error] ftp_list: Error: None of the available transfer strategies work. Last error response was 'Error: Client is closed because Timeout (control socket)'.
    at Client.prepareTransfer (C:\Users\steph\Documents\Git Projects\FlowdexMCP\node_modules\basic-ftp\dist\Client.js:721:19)
    at process.processTicksAndRejections (node:internal/process/task_queues:105:5)
    at async Client.list (C:\Users\steph\Documents\Git Projects\FlowdexMCP\node_modules\basic-ftp\dist\Client.js:496:13)
    at async file:///C:/Users/steph/Documents/Git%20Projects/FlowdexMCP/index.js:1791:21
[Fatal Tool Error] ftp_list: Error: None of the available transfer strategies work. Last error response was 'Error: Client is closed because Timeout (control socket)'.
    at Client.prepareTransfer (C:\Users\steph\Documents\Git Projects\FlowdexMCP\node_modules\basic-ftp\dist\Client.js:721:19)
    at process.processTicksAndRejections (node:internal/process/task_queues:105:5)
    at async Client.list (C:\Users\steph\Documents\Git Projects\FlowdexMCP\node_modules\basic-ftp\dist\Client.js:496:13)
    at async file:///C:/Users/steph/Documents/Git%20Projects/FlowdexMCP/index.js:1791:21
[Fatal Tool Error] ftp_list: Error: None of the available transfer strategies work. Last error response was 'Error: Client is closed because Timeout (control socket)'.
    at Client.prepareTransfer (C:\Users\steph\Documents\Git Projects\FlowdexMCP\node_modules\basic-ftp\dist\Client.js:721:19)
    at process.processTicksAndRejections (node:internal/process/task_queues:105:5)
    at async Client.list (C:\Users\steph\Documents\Git Projects\FlowdexMCP\node_modules\basic-ftp\dist\Client.js:496:13)
    at async file:///C:/Users/steph/Documents/Git%20Projects/FlowdexMCP/index.js:1791:21
[Fatal Tool Error] ftp_list: Error: None of the available transfer strategies work. Last error response was 'Error: Client is closed because Timeout (control socket)'.
    at Client.prepareTransfer (C:\Users\steph\Documents\Git Projects\FlowdexMCP\node_modules\basic-ftp\dist\Client.js:721:19)
    at process.processTicksAndRejections (node:internal/process/task_queues:105:5)
    at async Client.list (C:\Users\steph\Documents\Git Projects\FlowdexMCP\node_modules\basic-ftp\dist\Client.js:496:13)
    at async file:///C:/Users/steph/Documents/Git%20Projects/FlowdexMCP/index.js:1791:21
[Fatal Tool Error] ftp_list: Error: None of the available transfer strategies work. Last error response was 'Error: Client is closed because Timeout (control socket)'.
    at Client.prepareTransfer (C:\Users\steph\Documents\Git Projects\FlowdexMCP\node_modules\basic-ftp\dist\Client.js:721:19)
    at process.processTicksAndRejections (node:internal/process/task_queues:105:5)
    at async Client.list (C:\Users\steph\Documents\Git Projects\FlowdexMCP\node_modules\basic-ftp\dist\Client.js:496:13)
    at async file:///C:/Users/steph/Documents/Git%20Projects/FlowdexMCP/index.js:1791:21

[Fatal Tool Error] ftp_list: Error: None of the available transfer strategies work. Last error response was 'Error: Client is closed because Timeout (control socket)'.
    at Client.prepareTransfer (C:\Users\steph\Documents\Git Projects\FlowdexMCP\node_modules\basic-ftp\dist\Client.js:721:19)
    at process.processTicksAndRejections (node:internal/process/task_queues:105:5)
    at async Client.list (C:\Users\steph\Documents\Git Projects\FlowdexMCP\node_modules\basic-ftp\dist\Client.js:496:13)
    at async file:///C:/Users/steph/Documents/Git%20Projects/FlowdexMCP/index.js:1791:21
[Fatal Tool Error] ftp_list: Error: None of the available transfer strategies work. Last error response was 'Error: Client is closed because Timeout (control socket)'.
    at Client.prepareTransfer (C:\Users\steph\Documents\Git Projects\FlowdexMCP\node_modules\basic-ftp\dist\Client.js:721:19)
    at process.processTicksAndRejections (node:internal/process/task_queues:105:5)
    at async Client.list (C:\Users\steph\Documents\Git Projects\FlowdexMCP\node_modules\basic-ftp\dist\Client.js:496:13)
    at async file:///C:/Users/steph/Documents/Git%20Projects/FlowdexMCP/index.js:1791:21
[Fatal Tool Error] ftp_list: Error: None of the available transfer strategies work. Last error response was 'Error: Client is closed because Timeout (control socket)'.
    at Client.prepareTransfer (C:\Users\steph\Documents\Git Projects\FlowdexMCP\node_modules\basic-ftp\dist\Client.js:721:19)
    at process.processTicksAndRejections (node:internal/process/task_queues:105:5)
    at async Client.list (C:\Users\steph\Documents\Git Projects\FlowdexMCP\node_modules\basic-ftp\dist\Client.js:496:13)
    at async file:///C:/Users/steph/Documents/Git%20Projects/FlowdexMCP/index.js:1791:21
[Fatal Tool Error] ftp_list: Error: None of the available transfer strategies work. Last error response was 'Error: Client is closed because Timeout (control socket)'.
    at Client.prepareTransfer (C:\Users\steph\Documents\Git Projects\FlowdexMCP\node_modules\basic-ftp\dist\Client.js:721:19)
    at process.processTicksAndRejections (node:internal/process/task_queues:105:5)
    at async Client.list (C:\Users\steph\Documents\Git Projects\FlowdexMCP\node_modules\basic-ftp\dist\Client.js:496:13)
    at async file:///C:/Users/steph/Documents/Git%20Projects/FlowdexMCP/index.js:1791:21
[Fatal Tool Error] ftp_list: Error: None of the available transfer strategies work. Last error response was 'Error: Client is closed because Timeout (control socket)'.
    at Client.prepareTransfer (C:\Users\steph\Documents\Git Projects\FlowdexMCP\node_modules\basic-ftp\dist\Client.js:721:19)
    at process.processTicksAndRejections (node:internal/process/task_queues:105:5)
    at async Client.list (C:\Users\steph\Documents\Git Projects\FlowdexMCP\node_modules\basic-ftp\dist\Client.js:496:13)
    at async file:///C:/Users/steph/Documents/Git%20Projects/FlowdexMCP/index.js:1791:21

[Fatal Tool Error] ftp_list: Error: None of the available transfer strategies work. Last error response was 'Error: Client is closed because Timeout (control socket)'.
    at Client.prepareTransfer (C:\Users\steph\Documents\Git Projects\FlowdexMCP\node_modules\basic-ftp\dist\Client.js:721:19)
    at process.processTicksAndRejections (node:internal/process/task_queues:105:5)
    at async Client.list (C:\Users\steph\Documents\Git Projects\FlowdexMCP\node_modules\basic-ftp\dist\Client.js:496:13)
    at async file:///C:/Users/steph/Documents/Git%20Projects/FlowdexMCP/index.js:1791:21
[Fatal Tool Error] ftp_list: Error: None of the available transfer strategies work. Last error response was 'Error: Client is closed because Timeout (control socket)'.
    at Client.prepareTransfer (C:\Users\steph\Documents\Git Projects\FlowdexMCP\node_modules\basic-ftp\dist\Client.js:721:19)
    at process.processTicksAndRejections (node:internal/process/task_queues:105:5)
    at async Client.list (C:\Users\steph\Documents\Git Projects\FlowdexMCP\node_modules\basic-ftp\dist\Client.js:496:13)
    at async file:///C:/Users/steph/Documents/Git%20Projects/FlowdexMCP/index.js:1791:21
[Fatal Tool Error] ftp_list: Error: None of the available transfer strategies work. Last error response was 'Error: Client is closed because Timeout (control socket)'.
    at Client.prepareTransfer (C:\Users\steph\Documents\Git Projects\FlowdexMCP\node_modules\basic-ftp\dist\Client.js:721:19)
    at process.processTicksAndRejections (node:internal/process/task_queues:105:5)
    at async Client.list (C:\Users\steph\Documents\Git Projects\FlowdexMCP\node_modules\basic-ftp\dist\Client.js:496:13)
    at async file:///C:/Users/steph/Documents/Git%20Projects/FlowdexMCP/index.js:1791:21
[Fatal Tool Error] ftp_list: Error: None of the available transfer strategies work. Last error response was 'Error: Client is closed because Timeout (control socket)'.
    at Client.prepareTransfer (C:\Users\steph\Documents\Git Projects\FlowdexMCP\node_modules\basic-ftp\dist\Client.js:721:19)
    at process.processTicksAndRejections (node:internal/process/task_queues:105:5)
    at async Client.list (C:\Users\steph\Documents\Git Projects\FlowdexMCP\node_modules\basic-ftp\dist\Client.js:496:13)
    at async file:///C:/Users/steph/Documents/Git%20Projects/FlowdexMCP/index.js:1791:21
[Fatal Tool Error] ftp_list: Error: None of the available transfer strategies work. Last error response was 'Error: Client is closed because Timeout (control socket)'.
    at Client.prepareTransfer (C:\Users\steph\Documents\Git Projects\FlowdexMCP\node_modules\basic-ftp\dist\Client.js:721:19)
    at process.processTicksAndRejections (node:internal/process/task_queues:105:5)
    at async Client.list (C:\Users\steph\Documents\Git Projects\FlowdexMCP\node_modules\basic-ftp\dist\Client.js:496:13)
    at async file:///C:/Users/steph/Documents/Git%20Projects/FlowdexMCP/index.js:1791:21

[Fatal Tool Error] ftp_list: Error: None of the available transfer strategies work. Last error response was 'Error: Client is closed because Timeout (control socket)'.
    at Client.prepareTransfer (C:\Users\steph\Documents\Git Projects\FlowdexMCP\node_modules\basic-ftp\dist\Client.js:721:19)
    at process.processTicksAndRejections (node:internal/process/task_queues:105:5)
    at async Client.list (C:\Users\steph\Documents\Git Projects\FlowdexMCP\node_modules\basic-ftp\dist\Client.js:496:13)
    at async file:///C:/Users/steph/Documents/Git%20Projects/FlowdexMCP/index.js:1791:21
[Fatal Tool Error] ftp_list: Error: None of the available transfer strategies work. Last error response was 'Error: Client is closed because Timeout (control socket)'.
    at Client.prepareTransfer (C:\Users\steph\Documents\Git Projects\FlowdexMCP\node_modules\basic-ftp\dist\Client.js:721:19)
    at process.processTicksAndRejections (node:internal/process/task_queues:105:5)
    at async Client.list (C:\Users\steph\Documents\Git Projects\FlowdexMCP\node_modules\basic-ftp\dist\Client.js:496:13)
    at async file:///C:/Users/steph/Documents/Git%20Projects/FlowdexMCP/index.js:1791:21
[Fatal Tool Error] ftp_list: Error: None of the available transfer strategies work. Last error response was 'Error: Client is closed because Timeout (control socket)'.
    at Client.prepareTransfer (C:\Users\steph\Documents\Git Projects\FlowdexMCP\node_modules\basic-ftp\dist\Client.js:721:19)
    at process.processTicksAndRejections (node:internal/process/task_queues:105:5)
    at async Client.list (C:\Users\steph\Documents\Git Projects\FlowdexMCP\node_modules\basic-ftp\dist\Client.js:496:13)
    at async file:///C:/Users/steph/Documents/Git%20Projects/FlowdexMCP/index.js:1791:21
[Fatal Tool Error] ftp_list: Error: None of the available transfer strategies work. Last error response was 'Error: Client is closed because Timeout (control socket)'.
    at Client.prepareTransfer (C:\Users\steph\Documents\Git Projects\FlowdexMCP\node_modules\basic-ftp\dist\Client.js:721:19)
    at process.processTicksAndRejections (node:internal/process/task_queues:105:5)
    at async Client.list (C:\Users\steph\Documents\Git Projects\FlowdexMCP\node_modules\basic-ftp\dist\Client.js:496:13)
    at async file:///C:/Users/steph/Documents/Git%20Projects/FlowdexMCP/index.js:1791:21
[Fatal Tool Error] ftp_list: Error: None of the available transfer strategies work. Last error response was 'Error: Client is closed because Timeout (control socket)'.
    at Client.prepareTransfer (C:\Users\steph\Documents\Git Projects\FlowdexMCP\node_modules\basic-ftp\dist\Client.js:721:19)
    at process.processTicksAndRejections (node:internal/process/task_queues:105:5)
    at async Client.list (C:\Users\steph\Documents\Git Projects\FlowdexMCP\node_modules\basic-ftp\dist\Client.js:496:13)
    at async file:///C:/Users/steph/Documents/Git%20Projects/FlowdexMCP/index.js:1791:21

[Fatal Tool Error] ftp_list: Error: None of the available transfer strategies work. Last error response was 'Error: Client is closed because Timeout (control socket)'.
    at Client.prepareTransfer (C:\Users\steph\Documents\Git Projects\FlowdexMCP\node_modules\basic-ftp\dist\Client.js:721:19)
    at process.processTicksAndRejections (node:internal/process/task_queues:105:5)
    at async Client.list (C:\Users\steph\Documents\Git Projects\FlowdexMCP\node_modules\basic-ftp\dist\Client.js:496:13)
    at async file:///C:/Users/steph/Documents/Git%20Projects/FlowdexMCP/index.js:1791:21
[Fatal Tool Error] ftp_list: Error: None of the available transfer strategies work. Last error response was 'Error: Client is closed because Timeout (control socket)'.
    at Client.prepareTransfer (C:\Users\steph\Documents\Git Projects\FlowdexMCP\node_modules\basic-ftp\dist\Client.js:721:19)
    at process.processTicksAndRejections (node:internal/process/task_queues:105:5)
    at async Client.list (C:\Users\steph\Documents\Git Projects\FlowdexMCP\node_modules\basic-ftp\dist\Client.js:496:13)
    at async file:///C:/Users/steph/Documents/Git%20Projects/FlowdexMCP/index.js:1791:21
[Fatal Tool Error] ftp_list: Error: None of the available transfer strategies work. Last error response was 'Error: Client is closed because Timeout (control socket)'.
    at Client.prepareTransfer (C:\Users\steph\Documents\Git Projects\FlowdexMCP\node_modules\basic-ftp\dist\Client.js:721:19)
    at process.processTicksAndRejections (node:internal/process/task_queues:105:5)
    at async Client.list (C:\Users\steph\Documents\Git Projects\FlowdexMCP\node_modules\basic-ftp\dist\Client.js:496:13)
    at async file:///C:/Users/steph/Documents/Git%20Projects/FlowdexMCP/index.js:1791:21
[Fatal Tool Error] ftp_list: Error: None of the available transfer strategies work. Last error response was 'Error: Client is closed because Timeout (control socket)'.
    at Client.prepareTransfer (C:\Users\steph\Documents\Git Projects\FlowdexMCP\node_modules\basic-ftp\dist\Client.js:721:19)
    at process.processTicksAndRejections (node:internal/process/task_queues:105:5)
    at async Client.list (C:\Users\steph\Documents\Git Projects\FlowdexMCP\node_modules\basic-ftp\dist\Client.js:496:13)
    at async file:///C:/Users/steph/Documents/Git%20Projects/FlowdexMCP/index.js:1791:21
[Fatal Tool Error] ftp_list: Error: None of the available transfer strategies work. Last error response was 'Error: Client is closed because Timeout (control socket)'.
    at Client.prepareTransfer (C:\Users\steph\Documents\Git Projects\FlowdexMCP\node_modules\basic-ftp\dist\Client.js:721:19)
    at process.processTicksAndRejections (node:internal/process/task_queues:105:5)
    at async Client.list (C:\Users\steph\Documents\Git Projects\FlowdexMCP\node_modules\basic-ftp\dist\Client.js:496:13)
    at async file:///C:/Users/steph/Documents/Git%20Projects/FlowdexMCP/index.js:1791:21

[Fatal Tool Error] ftp_list: Error: None of the available transfer strategies work. Last error response was 'Error: Client is closed because Timeout (control socket)'.
    at Client.prepareTransfer (C:\Users\steph\Documents\Git Projects\FlowdexMCP\node_modules\basic-ftp\dist\Client.js:721:19)
    at process.processTicksAndRejections (node:internal/process/task_queues:105:5)
    at async Client.list (C:\Users\steph\Documents\Git Projects\FlowdexMCP\node_modules\basic-ftp\dist\Client.js:496:13)
    at async file:///C:/Users/steph/Documents/Git%20Projects/FlowdexMCP/index.js:1791:21
[Fatal Tool Error] ftp_list: Error: None of the available transfer strategies work. Last error response was 'Error: Client is closed because Timeout (control socket)'.
    at Client.prepareTransfer (C:\Users\steph\Documents\Git Projects\FlowdexMCP\node_modules\basic-ftp\dist\Client.js:721:19)
    at process.processTicksAndRejections (node:internal/process/task_queues:105:5)
    at async Client.list (C:\Users\steph\Documents\Git Projects\FlowdexMCP\node_modules\basic-ftp\dist\Client.js:496:13)
    at async file:///C:/Users/steph/Documents/Git%20Projects/FlowdexMCP/index.js:1791:21
[Fatal Tool Error] ftp_list: Error: None of the available transfer strategies work. Last error response was 'Error: Client is closed because Timeout (control socket)'.
    at Client.prepareTransfer (C:\Users\steph\Documents\Git Projects\FlowdexMCP\node_modules\basic-ftp\dist\Client.js:721:19)
    at process.processTicksAndRejections (node:internal/process/task_queues:105:5)
    at async Client.list (C:\Users\steph\Documents\Git Projects\FlowdexMCP\node_modules\basic-ftp\dist\Client.js:496:13)
    at async file:///C:/Users/steph/Documents/Git%20Projects/FlowdexMCP/index.js:1791:21
[Fatal Tool Error] ftp_list: Error: None of the available transfer strategies work. Last error response was 'Error: Client is closed because Timeout (control socket)'.
    at Client.prepareTransfer (C:\Users\steph\Documents\Git Projects\FlowdexMCP\node_modules\basic-ftp\dist\Client.js:721:19)
    at process.processTicksAndRejections (node:internal/process/task_queues:105:5)
    at async Client.list (C:\Users\steph\Documents\Git Projects\FlowdexMCP\node_modules\basic-ftp\dist\Client.js:496:13)
    at async file:///C:/Users/steph/Documents/Git%20Projects/FlowdexMCP/index.js:1791:21
[Fatal Tool Error] ftp_list: Error: None of the available transfer strategies work. Last error response was 'Error: Client is closed because Timeout (control socket)'.
    at Client.prepareTransfer (C:\Users\steph\Documents\Git Projects\FlowdexMCP\node_modules\basic-ftp\dist\Client.js:721:19)
    at process.processTicksAndRejections (node:internal/process/task_queues:105:5)
    at async Client.list (C:\Users\steph\Documents\Git Projects\FlowdexMCP\node_modules\basic-ftp\dist\Client.js:496:13)
    at async file:///C:/Users/steph/Documents/Git%20Projects/FlowdexMCP/index.js:1791:21

[Fatal Tool Error] ftp_list: Error: None of the available transfer strategies work. Last error response was 'Error: Client is closed because Timeout (control socket)'.
    at Client.prepareTransfer (C:\Users\steph\Documents\Git Projects\FlowdexMCP\node_modules\basic-ftp\dist\Client.js:721:19)
    at process.processTicksAndRejections (node:internal/process/task_queues:105:5)
    at async Client.list (C:\Users\steph\Documents\Git Projects\FlowdexMCP\node_modules\basic-ftp\dist\Client.js:496:13)
    at async file:///C:/Users/steph/Documents/Git%20Projects/FlowdexMCP/index.js:1791:21
[Fatal Tool Error] ftp_list: Error: None of the available transfer strategies work. Last error response was 'Error: Client is closed because Timeout (control socket)'.
    at Client.prepareTransfer (C:\Users\steph\Documents\Git Projects\FlowdexMCP\node_modules\basic-ftp\dist\Client.js:721:19)
    at process.processTicksAndRejections (node:internal/process/task_queues:105:5)
    at async Client.list (C:\Users\steph\Documents\Git Projects\FlowdexMCP\node_modules\basic-ftp\dist\Client.js:496:13)
    at async file:///C:/Users/steph/Documents/Git%20Projects/FlowdexMCP/index.js:1791:21
[Fatal Tool Error] ftp_list: Error: None of the available transfer strategies work. Last error response was 'Error: Client is closed because Timeout (control socket)'.
    at Client.prepareTransfer (C:\Users\steph\Documents\Git Projects\FlowdexMCP\node_modules\basic-ftp\dist\Client.js:721:19)
    at process.processTicksAndRejections (node:internal/process/task_queues:105:5)
    at async Client.list (C:\Users\steph\Documents\Git Projects\FlowdexMCP\node_modules\basic-ftp\dist\Client.js:496:13)
    at async file:///C:/Users/steph/Documents/Git%20Projects/FlowdexMCP/index.js:1791:21
[Fatal Tool Error] ftp_list: Error: None of the available transfer strategies work. Last error response was 'Error: Client is closed because Timeout (control socket)'.
    at Client.prepareTransfer (C:\Users\steph\Documents\Git Projects\FlowdexMCP\node_modules\basic-ftp\dist\Client.js:721:19)
    at process.processTicksAndRejections (node:internal/process/task_queues:105:5)
    at async Client.list (C:\Users\steph\Documents\Git Projects\FlowdexMCP\node_modules\basic-ftp\dist\Client.js:496:13)
    at async file:///C:/Users/steph/Documents/Git%20Projects/FlowdexMCP/index.js:1791:21
[Fatal Tool Error] ftp_list: Error: None of the available transfer strategies work. Last error response was 'Error: Client is closed because Timeout (control socket)'.
    at Client.prepareTransfer (C:\Users\steph\Documents\Git Projects\FlowdexMCP\node_modules\basic-ftp\dist\Client.js:721:19)
    at process.processTicksAndRejections (node:internal/process/task_queues:105:5)
    at async Client.list (C:\Users\steph\Documents\Git Projects\FlowdexMCP\node_modules\basic-ftp\dist\Client.js:496:13)
    at async file:///C:/Users/steph/Documents/Git%20Projects/FlowdexMCP/index.js:1791:21

[Fatal Tool Error] ftp_list: Error: None of the available transfer strategies work. Last error response was 'Error: Client is closed because Timeout (control socket)'.
    at Client.prepareTransfer (C:\Users\steph\Documents\Git Projects\FlowdexMCP\node_modules\basic-ftp\dist\Client.js:721:19)
    at process.processTicksAndRejections (node:internal/process/task_queues:105:5)
    at async Client.list (C:\Users\steph\Documents\Git Projects\FlowdexMCP\node_modules\basic-ftp\dist\Client.js:496:13)
    at async file:///C:/Users/steph/Documents/Git%20Projects/FlowdexMCP/index.js:1791:21
[Fatal Tool Error] ftp_list: Error: None of the available transfer strategies work. Last error response was 'Error: Client is closed because Timeout (control socket)'.
    at Client.prepareTransfer (C:\Users\steph\Documents\Git Projects\FlowdexMCP\node_modules\basic-ftp\dist\Client.js:721:19)
    at process.processTicksAndRejections (node:internal/process/task_queues:105:5)
    at async Client.list (C:\Users\steph\Documents\Git Projects\FlowdexMCP\node_modules\basic-ftp\dist\Client.js:496:13)
    at async file:///C:/Users/steph/Documents/Git%20Projects/FlowdexMCP/index.js:1791:21
[Fatal Tool Error] ftp_list: Error: None of the available transfer strategies work. Last error response was 'Error: Client is closed because Timeout (control socket)'.
    at Client.prepareTransfer (C:\Users\steph\Documents\Git Projects\FlowdexMCP\node_modules\basic-ftp\dist\Client.js:721:19)
    at process.processTicksAndRejections (node:internal/process/task_queues:105:5)
    at async Client.list (C:\Users\steph\Documents\Git Projects\FlowdexMCP\node_modules\basic-ftp\dist\Client.js:496:13)
    at async file:///C:/Users/steph/Documents/Git%20Projects/FlowdexMCP/index.js:1791:21
[Fatal Tool Error] ftp_list: Error: None of the available transfer strategies work. Last error response was 'Error: Client is closed because Timeout (control socket)'.
    at Client.prepareTransfer (C:\Users\steph\Documents\Git Projects\FlowdexMCP\node_modules\basic-ftp\dist\Client.js:721:19)
    at process.processTicksAndRejections (node:internal/process/task_queues:105:5)
    at async Client.list (C:\Users\steph\Documents\Git Projects\FlowdexMCP\node_modules\basic-ftp\dist\Client.js:496:13)
    at async file:///C:/Users/steph/Documents/Git%20Projects/FlowdexMCP/index.js:1791:21
[Fatal Tool Error] ftp_list: Error: None of the available transfer strategies work. Last error response was 'Error: Client is closed because Timeout (control socket)'.
    at Client.prepareTransfer (C:\Users\steph\Documents\Git Projects\FlowdexMCP\node_modules\basic-ftp\dist\Client.js:721:19)
    at process.processTicksAndRejections (node:internal/process/task_queues:105:5)
    at async Client.list (C:\Users\steph\Documents\Git Projects\FlowdexMCP\node_modules\basic-ftp\dist\Client.js:496:13)
    at async file:///C:/Users/steph/Documents/Git%20Projects/FlowdexMCP/index.js:1791:21

[Fatal Tool Error] ftp_list: Error: None of the available transfer strategies work. Last error response was 'Error: Client is closed because Timeout (control socket)'.
    at Client.prepareTransfer (C:\Users\steph\Documents\Git Projects\FlowdexMCP\node_modules\basic-ftp\dist\Client.js:721:19)
    at process.processTicksAndRejections (node:internal/process/task_queues:105:5)
    at async Client.list (C:\Users\steph\Documents\Git Projects\FlowdexMCP\node_modules\basic-ftp\dist\Client.js:496:13)
    at async file:///C:/Users/steph/Documents/Git%20Projects/FlowdexMCP/index.js:1791:21
[Fatal Tool Error] ftp_list: Error: None of the available transfer strategies work. Last error response was 'Error: Client is closed because Timeout (control socket)'.
    at Client.prepareTransfer (C:\Users\steph\Documents\Git Projects\FlowdexMCP\node_modules\basic-ftp\dist\Client.js:721:19)
    at process.processTicksAndRejections (node:internal/process/task_queues:105:5)
    at async Client.list (C:\Users\steph\Documents\Git Projects\FlowdexMCP\node_modules\basic-ftp\dist\Client.js:496:13)
    at async file:///C:/Users/steph/Documents/Git%20Projects/FlowdexMCP/index.js:1791:21
[Fatal Tool Error] ftp_list: Error: None of the available transfer strategies work. Last error response was 'Error: Client is closed because Timeout (control socket)'.
    at Client.prepareTransfer (C:\Users\steph\Documents\Git Projects\FlowdexMCP\node_modules\basic-ftp\dist\Client.js:721:19)
    at process.processTicksAndRejections (node:internal/process/task_queues:105:5)
    at async Client.list (C:\Users\steph\Documents\Git Projects\FlowdexMCP\node_modules\basic-ftp\dist\Client.js:496:13)
    at async file:///C:/Users/steph/Documents/Git%20Projects/FlowdexMCP/index.js:1791:21
[Fatal Tool Error] ftp_list: Error: None of the available transfer strategies work. Last error response was 'Error: Client is closed because Timeout (control socket)'.
    at Client.prepareTransfer (C:\Users\steph\Documents\Git Projects\FlowdexMCP\node_modules\basic-ftp\dist\Client.js:721:19)
    at process.processTicksAndRejections (node:internal/process/task_queues:105:5)
    at async Client.list (C:\Users\steph\Documents\Git Projects\FlowdexMCP\node_modules\basic-ftp\dist\Client.js:496:13)
    at async file:///C:/Users/steph/Documents/Git%20Projects/FlowdexMCP/index.js:1791:21
[Fatal Tool Error] ftp_list: Error: None of the available transfer strategies work. Last error response was 'Error: Client is closed because Timeout (control socket)'.
    at Client.prepareTransfer (C:\Users\steph\Documents\Git Projects\FlowdexMCP\node_modules\basic-ftp\dist\Client.js:721:19)
    at process.processTicksAndRejections (node:internal/process/task_queues:105:5)
    at async Client.list (C:\Users\steph\Documents\Git Projects\FlowdexMCP\node_modules\basic-ftp\dist\Client.js:496:13)
    at async file:///C:/Users/steph/Documents/Git%20Projects/FlowdexMCP/index.js:1791:21

[Fatal Tool Error] ftp_list: Error: None of the available transfer strategies work. Last error response was 'Error: Client is closed because Timeout (control socket)'.
    at Client.prepareTransfer (C:\Users\steph\Documents\Git Projects\FlowdexMCP\node_modules\basic-ftp\dist\Client.js:721:19)
    at process.processTicksAndRejections (node:internal/process/task_queues:105:5)
    at async Client.list (C:\Users\steph\Documents\Git Projects\FlowdexMCP\node_modules\basic-ftp\dist\Client.js:496:13)
    at async file:///C:/Users/steph/Documents/Git%20Projects/FlowdexMCP/index.js:1791:21
[Fatal Tool Error] ftp_list: Error: None of the available transfer strategies work. Last error response was 'Error: Client is closed because Timeout (control socket)'.
    at Client.prepareTransfer (C:\Users\steph\Documents\Git Projects\FlowdexMCP\node_modules\basic-ftp\dist\Client.js:721:19)
    at process.processTicksAndRejections (node:internal/process/task_queues:105:5)
    at async Client.list (C:\Users\steph\Documents\Git Projects\FlowdexMCP\node_modules\basic-ftp\dist\Client.js:496:13)
    at async file:///C:/Users/steph/Documents/Git%20Projects/FlowdexMCP/index.js:1791:21
[Fatal Tool Error] ftp_list: Error: None of the available transfer strategies work. Last error response was 'Error: Client is closed because Timeout (control socket)'.
    at Client.prepareTransfer (C:\Users\steph\Documents\Git Projects\FlowdexMCP\node_modules\basic-ftp\dist\Client.js:721:19)
    at process.processTicksAndRejections (node:internal/process/task_queues:105:5)
    at async Client.list (C:\Users\steph\Documents\Git Projects\FlowdexMCP\node_modules\basic-ftp\dist\Client.js:496:13)
    at async file:///C:/Users/steph/Documents/Git%20Projects/FlowdexMCP/index.js:1791:21
[Fatal Tool Error] ftp_list: Error: None of the available transfer strategies work. Last error response was 'Error: Client is closed because Timeout (control socket)'.
    at Client.prepareTransfer (C:\Users\steph\Documents\Git Projects\FlowdexMCP\node_modules\basic-ftp\dist\Client.js:721:19)
    at process.processTicksAndRejections (node:internal/process/task_queues:105:5)
    at async Client.list (C:\Users\steph\Documents\Git Projects\FlowdexMCP\node_modules\basic-ftp\dist\Client.js:496:13)
    at async file:///C:/Users/steph/Documents/Git%20Projects/FlowdexMCP/index.js:1791:21
[Fatal Tool Error] ftp_list: Error: None of the available transfer strategies work. Last error response was 'Error: Client is closed because Timeout (control socket)'.
    at Client.prepareTransfer (C:\Users\steph\Documents\Git Projects\FlowdexMCP\node_modules\basic-ftp\dist\Client.js:721:19)
    at process.processTicksAndRejections (node:internal/process/task_queues:105:5)
    at async Client.list (C:\Users\steph\Documents\Git Projects\FlowdexMCP\node_modules\basic-ftp\dist\Client.js:496:13)
    at async file:///C:/Users/steph/Documents/Git%20Projects/FlowdexMCP/index.js:1791:21

[Fatal Tool Error] ftp_list: Error: None of the available transfer strategies work. Last error response was 'Error: Client is closed because Timeout (control socket)'.
    at Client.prepareTransfer (C:\Users\steph\Documents\Git Projects\FlowdexMCP\node_modules\basic-ftp\dist\Client.js:721:19)
    at process.processTicksAndRejections (node:internal/process/task_queues:105:5)
    at async Client.list (C:\Users\steph\Documents\Git Projects\FlowdexMCP\node_modules\basic-ftp\dist\Client.js:496:13)
    at async file:///C:/Users/steph/Documents/Git%20Projects/FlowdexMCP/index.js:1791:21
[Fatal Tool Error] ftp_list: Error: None of the available transfer strategies work. Last error response was 'Error: Client is closed because Timeout (control socket)'.
    at Client.prepareTransfer (C:\Users\steph\Documents\Git Projects\FlowdexMCP\node_modules\basic-ftp\dist\Client.js:721:19)
    at process.processTicksAndRejections (node:internal/process/task_queues:105:5)
    at async Client.list (C:\Users\steph\Documents\Git Projects\FlowdexMCP\node_modules\basic-ftp\dist\Client.js:496:13)
    at async file:///C:/Users/steph/Documents/Git%20Projects/FlowdexMCP/index.js:1791:21
[Fatal Tool Error] ftp_list: Error: None of the available transfer strategies work. Last error response was 'Error: Client is closed because Timeout (control socket)'.
    at Client.prepareTransfer (C:\Users\steph\Documents\Git Projects\FlowdexMCP\node_modules\basic-ftp\dist\Client.js:721:19)
    at process.processTicksAndRejections (node:internal/process/task_queues:105:5)
    at async Client.list (C:\Users\steph\Documents\Git Projects\FlowdexMCP\node_modules\basic-ftp\dist\Client.js:496:13)
    at async file:///C:/Users/steph/Documents/Git%20Projects/FlowdexMCP/index.js:1791:21
[Fatal Tool Error] ftp_list: Error: None of the available transfer strategies work. Last error response was 'Error: Client is closed because Timeout (control socket)'.
    at Client.prepareTransfer (C:\Users\steph\Documents\Git Projects\FlowdexMCP\node_modules\basic-ftp\dist\Client.js:721:19)
    at process.processTicksAndRejections (node:internal/process/task_queues:105:5)
    at async Client.list (C:\Users\steph\Documents\Git Projects\FlowdexMCP\node_modules\basic-ftp\dist\Client.js:496:13)
    at async file:///C:/Users/steph/Documents/Git%20Projects/FlowdexMCP/index.js:1791:21
[Fatal Tool Error] ftp_list: Error: None of the available transfer strategies work. Last error response was 'Error: Client is closed because Timeout (control socket)'.
    at Client.prepareTransfer (C:\Users\steph\Documents\Git Projects\FlowdexMCP\node_modules\basic-ftp\dist\Client.js:721:19)
    at process.processTicksAndRejections (node:internal/process/task_queues:105:5)
    at async Client.list (C:\Users\steph\Documents\Git Projects\FlowdexMCP\node_modules\basic-ftp\dist\Client.js:496:13)
    at async file:///C:/Users/steph/Documents/Git%20Projects/FlowdexMCP/index.js:1791:21

[Fatal Tool Error] ftp_list: Error: None of the available transfer strategies work. Last error response was 'Error: Client is closed because Timeout (control socket)'.
    at Client.prepareTransfer (C:\Users\steph\Documents\Git Projects\FlowdexMCP\node_modules\basic-ftp\dist\Client.js:721:19)
    at process.processTicksAndRejections (node:internal/process/task_queues:105:5)
    at async Client.list (C:\Users\steph\Documents\Git Projects\FlowdexMCP\node_modules\basic-ftp\dist\Client.js:496:13)
    at async file:///C:/Users/steph/Documents/Git%20Projects/FlowdexMCP/index.js:1791:21
[Fatal Tool Error] ftp_list: Error: None of the available transfer strategies work. Last error response was 'Error: Client is closed because Timeout (control socket)'.
    at Client.prepareTransfer (C:\Users\steph\Documents\Git Projects\FlowdexMCP\node_modules\basic-ftp\dist\Client.js:721:19)
    at process.processTicksAndRejections (node:internal/process/task_queues:105:5)
    at async Client.list (C:\Users\steph\Documents\Git Projects\FlowdexMCP\node_modules\basic-ftp\dist\Client.js:496:13)
    at async file:///C:/Users/steph/Documents/Git%20Projects/FlowdexMCP/index.js:1791:21
[Fatal Tool Error] ftp_list: Error: None of the available transfer strategies work. Last error response was 'Error: Client is closed because Timeout (control socket)'.
    at Client.prepareTransfer (C:\Users\steph\Documents\Git Projects\FlowdexMCP\node_modules\basic-ftp\dist\Client.js:721:19)
    at process.processTicksAndRejections (node:internal/process/task_queues:105:5)
    at async Client.list (C:\Users\steph\Documents\Git Projects\FlowdexMCP\node_modules\basic-ftp\dist\Client.js:496:13)
    at async file:///C:/Users/steph/Documents/Git%20Projects/FlowdexMCP/index.js:1791:21
[Fatal Tool Error] ftp_list: Error: None of the available transfer strategies work. Last error response was 'Error: Client is closed because Timeout (control socket)'.
    at Client.prepareTransfer (C:\Users\steph\Documents\Git Projects\FlowdexMCP\node_modules\basic-ftp\dist\Client.js:721:19)
    at process.processTicksAndRejections (node:internal/process/task_queues:105:5)
    at async Client.list (C:\Users\steph\Documents\Git Projects\FlowdexMCP\node_modules\basic-ftp\dist\Client.js:496:13)
    at async file:///C:/Users/steph/Documents/Git%20Projects/FlowdexMCP/index.js:1791:21
[Fatal Tool Error] ftp_list: Error: None of the available transfer strategies work. Last error response was 'Error: Client is closed because Timeout (control socket)'.
    at Client.prepareTransfer (C:\Users\steph\Documents\Git Projects\FlowdexMCP\node_modules\basic-ftp\dist\Client.js:721:19)
    at process.processTicksAndRejections (node:internal/process/task_queues:105:5)
    at async Client.list (C:\Users\steph\Documents\Git Projects\FlowdexMCP\node_modules\basic-ftp\dist\Client.js:496:13)
    at async file:///C:/Users/steph/Documents/Git%20Projects/FlowdexMCP/index.js:1791:21

[Fatal Tool Error] ftp_list: Error: None of the available transfer strategies work. Last error response was 'Error: Client is closed because Timeout (control socket)'.
    at Client.prepareTransfer (C:\Users\steph\Documents\Git Projects\FlowdexMCP\node_modules\basic-ftp\dist\Client.js:721:19)
    at process.processTicksAndRejections (node:internal/process/task_queues:105:5)
    at async Client.list (C:\Users\steph\Documents\Git Projects\FlowdexMCP\node_modules\basic-ftp\dist\Client.js:496:13)
    at async file:///C:/Users/steph/Documents/Git%20Projects/FlowdexMCP/index.js:1791:21
[Fatal Tool Error] ftp_list: Error: None of the available transfer strategies work. Last error response was 'Error: Client is closed because Timeout (control socket)'.
    at Client.prepareTransfer (C:\Users\steph\Documents\Git Projects\FlowdexMCP\node_modules\basic-ftp\dist\Client.js:721:19)
    at process.processTicksAndRejections (node:internal/process/task_queues:105:5)
    at async Client.list (C:\Users\steph\Documents\Git Projects\FlowdexMCP\node_modules\basic-ftp\dist\Client.js:496:13)
    at async file:///C:/Users/steph/Documents/Git%20Projects/FlowdexMCP/index.js:1791:21
[Fatal Tool Error] ftp_list: Error: None of the available transfer strategies work. Last error response was 'Error: Client is closed because Timeout (control socket)'.
    at Client.prepareTransfer (C:\Users\steph\Documents\Git Projects\FlowdexMCP\node_modules\basic-ftp\dist\Client.js:721:19)
    at process.processTicksAndRejections (node:internal/process/task_queues:105:5)
    at async Client.list (C:\Users\steph\Documents\Git Projects\FlowdexMCP\node_modules\basic-ftp\dist\Client.js:496:13)
    at async file:///C:/Users/steph/Documents/Git%20Projects/FlowdexMCP/index.js:1791:21
[Fatal Tool Error] ftp_list: Error: None of the available transfer strategies work. Last error response was 'Error: Client is closed because Timeout (control socket)'.
    at Client.prepareTransfer (C:\Users\steph\Documents\Git Projects\FlowdexMCP\node_modules\basic-ftp\dist\Client.js:721:19)
    at process.processTicksAndRejections (node:internal/process/task_queues:105:5)
    at async Client.list (C:\Users\steph\Documents\Git Projects\FlowdexMCP\node_modules\basic-ftp\dist\Client.js:496:13)
    at async file:///C:/Users/steph/Documents/Git%20Projects/FlowdexMCP/index.js:1791:21
[Fatal Tool Error] ftp_list: Error: None of the available transfer strategies work. Last error response was 'Error: Client is closed because Timeout (control socket)'.
    at Client.prepareTransfer (C:\Users\steph\Documents\Git Projects\FlowdexMCP\node_modules\basic-ftp\dist\Client.js:721:19)
    at process.processTicksAndRejections (node:internal/process/task_queues:105:5)
    at async Client.list (C:\Users\steph\Documents\Git Projects\FlowdexMCP\node_modules\basic-ftp\dist\Client.js:496:13)
    at async file:///C:/Users/steph/Documents/Git%20Projects/FlowdexMCP/index.js:1791:21

[Fatal Tool Error] ftp_list: Error: None of the available transfer strategies work. Last error response was 'Error: Client is closed because Timeout (control socket)'.
    at Client.prepareTransfer (C:\Users\steph\Documents\Git Projects\FlowdexMCP\node_modules\basic-ftp\dist\Client.js:721:19)
    at process.processTicksAndRejections (node:internal/process/task_queues:105:5)
    at async Client.list (C:\Users\steph\Documents\Git Projects\FlowdexMCP\node_modules\basic-ftp\dist\Client.js:496:13)
    at async file:///C:/Users/steph/Documents/Git%20Projects/FlowdexMCP/index.js:1791:21
[Fatal Tool Error] ftp_list: Error: None of the available transfer strategies work. Last error response was 'Error: Client is closed because Timeout (control socket)'.
    at Client.prepareTransfer (C:\Users\steph\Documents\Git Projects\FlowdexMCP\node_modules\basic-ftp\dist\Client.js:721:19)
    at process.processTicksAndRejections (node:internal/process/task_queues:105:5)
    at async Client.list (C:\Users\steph\Documents\Git Projects\FlowdexMCP\node_modules\basic-ftp\dist\Client.js:496:13)
    at async file:///C:/Users/steph/Documents/Git%20Projects/FlowdexMCP/index.js:1791:21
[Fatal Tool Error] ftp_list: Error: None of the available transfer strategies work. Last error response was 'Error: Client is closed because Timeout (control socket)'.
    at Client.prepareTransfer (C:\Users\steph\Documents\Git Projects\FlowdexMCP\node_modules\basic-ftp\dist\Client.js:721:19)
    at process.processTicksAndRejections (node:internal/process/task_queues:105:5)
    at async Client.list (C:\Users\steph\Documents\Git Projects\FlowdexMCP\node_modules\basic-ftp\dist\Client.js:496:13)
    at async file:///C:/Users/steph/Documents/Git%20Projects/FlowdexMCP/index.js:1791:21
[Fatal Tool Error] ftp_list: Error: None of the available transfer strategies work. Last error response was 'Error: Client is closed because Timeout (control socket)'.
    at Client.prepareTransfer (C:\Users\steph\Documents\Git Projects\FlowdexMCP\node_modules\basic-ftp\dist\Client.js:721:19)
    at process.processTicksAndRejections (node:internal/process/task_queues:105:5)
    at async Client.list (C:\Users\steph\Documents\Git Projects\FlowdexMCP\node_modules\basic-ftp\dist\Client.js:496:13)
    at async file:///C:/Users/steph/Documents/Git%20Projects/FlowdexMCP/index.js:1791:21
[Fatal Tool Error] ftp_list: Error: None of the available transfer strategies work. Last error response was 'Error: Client is closed because Timeout (control socket)'.
    at Client.prepareTransfer (C:\Users\steph\Documents\Git Projects\FlowdexMCP\node_modules\basic-ftp\dist\Client.js:721:19)
    at process.processTicksAndRejections (node:internal/process/task_queues:105:5)
    at async Client.list (C:\Users\steph\Documents\Git Projects\FlowdexMCP\node_modules\basic-ftp\dist\Client.js:496:13)
    at async file:///C:/Users/steph/Documents/Git%20Projects/FlowdexMCP/index.js:1791:21

[Fatal Tool Error] ftp_list: Error: None of the available transfer strategies work. Last error response was 'Error: Client is closed because Timeout (control socket)'.
    at Client.prepareTransfer (C:\Users\steph\Documents\Git Projects\FlowdexMCP\node_modules\basic-ftp\dist\Client.js:721:19)
    at process.processTicksAndRejections (node:internal/process/task_queues:105:5)
    at async Client.list (C:\Users\steph\Documents\Git Projects\FlowdexMCP\node_modules\basic-ftp\dist\Client.js:496:13)
    at async file:///C:/Users/steph/Documents/Git%20Projects/FlowdexMCP/index.js:1791:21
[Fatal Tool Error] ftp_list: Error: None of the available transfer strategies work. Last error response was 'Error: Client is closed because Timeout (control socket)'.
    at Client.prepareTransfer (C:\Users\steph\Documents\Git Projects\FlowdexMCP\node_modules\basic-ftp\dist\Client.js:721:19)
    at process.processTicksAndRejections (node:internal/process/task_queues:105:5)
    at async Client.list (C:\Users\steph\Documents\Git Projects\FlowdexMCP\node_modules\basic-ftp\dist\Client.js:496:13)
    at async file:///C:/Users/steph/Documents/Git%20Projects/FlowdexMCP/index.js:1791:21
[Fatal Tool Error] ftp_list: Error: None of the available transfer strategies work. Last error response was 'Error: Client is closed because Timeout (control socket)'.
    at Client.prepareTransfer (C:\Users\steph\Documents\Git Projects\FlowdexMCP\node_modules\basic-ftp\dist\Client.js:721:19)
    at process.processTicksAndRejections (node:internal/process/task_queues:105:5)
    at async Client.list (C:\Users\steph\Documents\Git Projects\FlowdexMCP\node_modules\basic-ftp\dist\Client.js:496:13)
    at async file:///C:/Users/steph/Documents/Git%20Projects/FlowdexMCP/index.js:1791:21
[Fatal Tool Error] ftp_list: Error: None of the available transfer strategies work. Last error response was 'Error: Client is closed because Timeout (control socket)'.
    at Client.prepareTransfer (C:\Users\steph\Documents\Git Projects\FlowdexMCP\node_modules\basic-ftp\dist\Client.js:721:19)
    at process.processTicksAndRejections (node:internal/process/task_queues:105:5)
    at async Client.list (C:\Users\steph\Documents\Git Projects\FlowdexMCP\node_modules\basic-ftp\dist\Client.js:496:13)
    at async file:///C:/Users/steph/Documents/Git%20Projects/FlowdexMCP/index.js:1791:21
[Fatal Tool Error] ftp_list: Error: None of the available transfer strategies work. Last error response was 'Error: Client is closed because Timeout (control socket)'.
    at Client.prepareTransfer (C:\Users\steph\Documents\Git Projects\FlowdexMCP\node_modules\basic-ftp\dist\Client.js:721:19)
    at process.processTicksAndRejections (node:internal/process/task_queues:105:5)
    at async Client.list (C:\Users\steph\Documents\Git Projects\FlowdexMCP\node_modules\basic-ftp\dist\Client.js:496:13)
    at async file:///C:/Users/steph/Documents/Git%20Projects/FlowdexMCP/index.js:1791:21

[Fatal Tool Error] ftp_list: Error: None of the available transfer strategies work. Last error response was 'Error: Client is closed because Timeout (control socket)'.
    at Client.prepareTransfer (C:\Users\steph\Documents\Git Projects\FlowdexMCP\node_modules\basic-ftp\dist\Client.js:721:19)
    at process.processTicksAndRejections (node:internal/process/task_queues:105:5)
    at async Client.list (C:\Users\steph\Documents\Git Projects\FlowdexMCP\node_modules\basic-ftp\dist\Client.js:496:13)
    at async file:///C:/Users/steph/Documents/Git%20Projects/FlowdexMCP/index.js:1791:21
[Fatal Tool Error] ftp_list: Error: None of the available transfer strategies work. Last error response was 'Error: Client is closed because Timeout (control socket)'.
    at Client.prepareTransfer (C:\Users\steph\Documents\Git Projects\FlowdexMCP\node_modules\basic-ftp\dist\Client.js:721:19)
    at process.processTicksAndRejections (node:internal/process/task_queues:105:5)
    at async Client.list (C:\Users\steph\Documents\Git Projects\FlowdexMCP\node_modules\basic-ftp\dist\Client.js:496:13)
    at async file:///C:/Users/steph/Documents/Git%20Projects/FlowdexMCP/index.js:1791:21
[Fatal Tool Error] ftp_list: Error: None of the available transfer strategies work. Last error response was 'Error: Client is closed because Timeout (control socket)'.
    at Client.prepareTransfer (C:\Users\steph\Documents\Git Projects\FlowdexMCP\node_modules\basic-ftp\dist\Client.js:721:19)
    at process.processTicksAndRejections (node:internal/process/task_queues:105:5)
    at async Client.list (C:\Users\steph\Documents\Git Projects\FlowdexMCP\node_modules\basic-ftp\dist\Client.js:496:13)
    at async file:///C:/Users/steph/Documents/Git%20Projects/FlowdexMCP/index.js:1791:21
[Fatal Tool Error] ftp_list: Error: None of the available transfer strategies work. Last error response was 'Error: Client is closed because Timeout (control socket)'.
    at Client.prepareTransfer (C:\Users\steph\Documents\Git Projects\FlowdexMCP\node_modules\basic-ftp\dist\Client.js:721:19)
    at process.processTicksAndRejections (node:internal/process/task_queues:105:5)
    at async Client.list (C:\Users\steph\Documents\Git Projects\FlowdexMCP\node_modules\basic-ftp\dist\Client.js:496:13)
    at async file:///C:/Users/steph/Documents/Git%20Projects/FlowdexMCP/index.js:1791:21
[Fatal Tool Error] ftp_list: Error: None of the available transfer strategies work. Last error response was 'Error: Client is closed because Timeout (control socket)'.
    at Client.prepareTransfer (C:\Users\steph\Documents\Git Projects\FlowdexMCP\node_modules\basic-ftp\dist\Client.js:721:19)
    at process.processTicksAndRejections (node:internal/process/task_queues:105:5)
    at async Client.list (C:\Users\steph\Documents\Git Projects\FlowdexMCP\node_modules\basic-ftp\dist\Client.js:496:13)
    at async file:///C:/Users/steph/Documents/Git%20Projects/FlowdexMCP/index.js:1791:21

[Fatal Tool Error] ftp_list: Error: None of the available transfer strategies work. Last error response was 'Error: Client is closed because Timeout (control socket)'.
    at Client.prepareTransfer (C:\Users\steph\Documents\Git Projects\FlowdexMCP\node_modules\basic-ftp\dist\Client.js:721:19)
    at process.processTicksAndRejections (node:internal/process/task_queues:105:5)
    at async Client.list (C:\Users\steph\Documents\Git Projects\FlowdexMCP\node_modules\basic-ftp\dist\Client.js:496:13)
    at async file:///C:/Users/steph/Documents/Git%20Projects/FlowdexMCP/index.js:1791:21
[Fatal Tool Error] ftp_list: Error: None of the available transfer strategies work. Last error response was 'Error: Client is closed because Timeout (control socket)'.
    at Client.prepareTransfer (C:\Users\steph\Documents\Git Projects\FlowdexMCP\node_modules\basic-ftp\dist\Client.js:721:19)
    at process.processTicksAndRejections (node:internal/process/task_queues:105:5)
    at async Client.list (C:\Users\steph\Documents\Git Projects\FlowdexMCP\node_modules\basic-ftp\dist\Client.js:496:13)
    at async file:///C:/Users/steph/Documents/Git%20Projects/FlowdexMCP/index.js:1791:21
[Fatal Tool Error] ftp_list: Error: None of the available transfer strategies work. Last error response was 'Error: Client is closed because Timeout (control socket)'.
    at Client.prepareTransfer (C:\Users\steph\Documents\Git Projects\FlowdexMCP\node_modules\basic-ftp\dist\Client.js:721:19)
    at process.processTicksAndRejections (node:internal/process/task_queues:105:5)
    at async Client.list (C:\Users\steph\Documents\Git Projects\FlowdexMCP\node_modules\basic-ftp\dist\Client.js:496:13)
    at async file:///C:/Users/steph/Documents/Git%20Projects/FlowdexMCP/index.js:1791:21
[Fatal Tool Error] ftp_list: Error: None of the available transfer strategies work. Last error response was 'Error: Client is closed because Timeout (control socket)'.
    at Client.prepareTransfer (C:\Users\steph\Documents\Git Projects\FlowdexMCP\node_modules\basic-ftp\dist\Client.js:721:19)
    at process.processTicksAndRejections (node:internal/process/task_queues:105:5)
    at async Client.list (C:\Users\steph\Documents\Git Projects\FlowdexMCP\node_modules\basic-ftp\dist\Client.js:496:13)
    at async file:///C:/Users/steph/Documents/Git%20Projects/FlowdexMCP/index.js:1791:21
[Fatal Tool Error] ftp_list: Error: None of the available transfer strategies work. Last error response was 'Error: Client is closed because Timeout (control socket)'.
    at Client.prepareTransfer (C:\Users\steph\Documents\Git Projects\FlowdexMCP\node_modules\basic-ftp\dist\Client.js:721:19)
    at process.processTicksAndRejections (node:internal/process/task_queues:105:5)
    at async Client.list (C:\Users\steph\Documents\Git Projects\FlowdexMCP\node_modules\basic-ftp\dist\Client.js:496:13)
    at async file:///C:/Users/steph/Documents/Git%20Projects/FlowdexMCP/index.js:1791:21

[Fatal Tool Error] ftp_list: Error: None of the available transfer strategies work. Last error response was 'Error: Client is closed because Timeout (control socket)'.
    at Client.prepareTransfer (C:\Users\steph\Documents\Git Projects\FlowdexMCP\node_modules\basic-ftp\dist\Client.js:721:19)
    at process.processTicksAndRejections (node:internal/process/task_queues:105:5)
    at async Client.list (C:\Users\steph\Documents\Git Projects\FlowdexMCP\node_modules\basic-ftp\dist\Client.js:496:13)
    at async file:///C:/Users/steph/Documents/Git%20Projects/FlowdexMCP/index.js:1791:21
[Fatal Tool Error] ftp_list: Error: None of the available transfer strategies work. Last error response was 'Error: Client is closed because Timeout (control socket)'.
    at Client.prepareTransfer (C:\Users\steph\Documents\Git Projects\FlowdexMCP\node_modules\basic-ftp\dist\Client.js:721:19)
    at process.processTicksAndRejections (node:internal/process/task_queues:105:5)
    at async Client.list (C:\Users\steph\Documents\Git Projects\FlowdexMCP\node_modules\basic-ftp\dist\Client.js:496:13)
    at async file:///C:/Users/steph/Documents/Git%20Projects/FlowdexMCP/index.js:1791:21
[Fatal Tool Error] ftp_list: Error: None of the available transfer strategies work. Last error response was 'Error: Client is closed because Timeout (control socket)'.
    at Client.prepareTransfer (C:\Users\steph\Documents\Git Projects\FlowdexMCP\node_modules\basic-ftp\dist\Client.js:721:19)
    at process.processTicksAndRejections (node:internal/process/task_queues:105:5)
    at async Client.list (C:\Users\steph\Documents\Git Projects\FlowdexMCP\node_modules\basic-ftp\dist\Client.js:496:13)
    at async file:///C:/Users/steph/Documents/Git%20Projects/FlowdexMCP/index.js:1791:21
[Fatal Tool Error] ftp_list: Error: None of the available transfer strategies work. Last error response was 'Error: Client is closed because Timeout (control socket)'.
    at Client.prepareTransfer (C:\Users\steph\Documents\Git Projects\FlowdexMCP\node_modules\basic-ftp\dist\Client.js:721:19)
    at process.processTicksAndRejections (node:internal/process/task_queues:105:5)
    at async Client.list (C:\Users\steph\Documents\Git Projects\FlowdexMCP\node_modules\basic-ftp\dist\Client.js:496:13)
    at async file:///C:/Users/steph/Documents/Git%20Projects/FlowdexMCP/index.js:1791:21
[Fatal Tool Error] ftp_list: Error: None of the available transfer strategies work. Last error response was 'Error: Client is closed because Timeout (control socket)'.
    at Client.prepareTransfer (C:\Users\steph\Documents\Git Projects\FlowdexMCP\node_modules\basic-ftp\dist\Client.js:721:19)
    at process.processTicksAndRejections (node:internal/process/task_queues:105:5)
    at async Client.list (C:\Users\steph\Documents\Git Projects\FlowdexMCP\node_modules\basic-ftp\dist\Client.js:496:13)
    at async file:///C:/Users/steph/Documents/Git%20Projects/FlowdexMCP/index.js:1791:21

[Fatal Tool Error] ftp_list: Error: None of the available transfer strategies work. Last error response was 'Error: Client is closed because Timeout (control socket)'.
    at Client.prepareTransfer (C:\Users\steph\Documents\Git Projects\FlowdexMCP\node_modules\basic-ftp\dist\Client.js:721:19)
    at process.processTicksAndRejections (node:internal/process/task_queues:105:5)
    at async Client.list (C:\Users\steph\Documents\Git Projects\FlowdexMCP\node_modules\basic-ftp\dist\Client.js:496:13)
    at async file:///C:/Users/steph/Documents/Git%20Projects/FlowdexMCP/index.js:1791:21
[Fatal Tool Error] ftp_list: Error: None of the available transfer strategies work. Last error response was 'Error: Client is closed because Timeout (control socket)'.
    at Client.prepareTransfer (C:\Users\steph\Documents\Git Projects\FlowdexMCP\node_modules\basic-ftp\dist\Client.js:721:19)
    at process.processTicksAndRejections (node:internal/process/task_queues:105:5)
    at async Client.list (C:\Users\steph\Documents\Git Projects\FlowdexMCP\node_modules\basic-ftp\dist\Client.js:496:13)
    at async file:///C:/Users/steph/Documents/Git%20Projects/FlowdexMCP/index.js:1791:21
[Fatal Tool Error] ftp_list: Error: None of the available transfer strategies work. Last error response was 'Error: Client is closed because Timeout (control socket)'.
    at Client.prepareTransfer (C:\Users\steph\Documents\Git Projects\FlowdexMCP\node_modules\basic-ftp\dist\Client.js:721:19)
    at process.processTicksAndRejections (node:internal/process/task_queues:105:5)
    at async Client.list (C:\Users\steph\Documents\Git Projects\FlowdexMCP\node_modules\basic-ftp\dist\Client.js:496:13)
    at async file:///C:/Users/steph/Documents/Git%20Projects/FlowdexMCP/index.js:1791:21
[Fatal Tool Error] ftp_list: Error: None of the available transfer strategies work. Last error response was 'Error: Client is closed because Timeout (control socket)'.
    at Client.prepareTransfer (C:\Users\steph\Documents\Git Projects\FlowdexMCP\node_modules\basic-ftp\dist\Client.js:721:19)
    at process.processTicksAndRejections (node:internal/process/task_queues:105:5)
    at async Client.list (C:\Users\steph\Documents\Git Projects\FlowdexMCP\node_modules\basic-ftp\dist\Client.js:496:13)
    at async file:///C:/Users/steph/Documents/Git%20Projects/FlowdexMCP/index.js:1791:21
[Fatal Tool Error] ftp_list: Error: None of the available transfer strategies work. Last error response was 'Error: Client is closed because Timeout (control socket)'.
    at Client.prepareTransfer (C:\Users\steph\Documents\Git Projects\FlowdexMCP\node_modules\basic-ftp\dist\Client.js:721:19)
    at process.processTicksAndRejections (node:internal/process/task_queues:105:5)
    at async Client.list (C:\Users\steph\Documents\Git Projects\FlowdexMCP\node_modules\basic-ftp\dist\Client.js:496:13)
    at async file:///C:/Users/steph/Documents/Git%20Projects/FlowdexMCP/index.js:1791:21

[Fatal Tool Error] ftp_list: Error: None of the available transfer strategies work. Last error response was 'Error: Client is closed because Timeout (control socket)'.
    at Client.prepareTransfer (C:\Users\steph\Documents\Git Projects\FlowdexMCP\node_modules\basic-ftp\dist\Client.js:721:19)
    at process.processTicksAndRejections (node:internal/process/task_queues:105:5)
    at async Client.list (C:\Users\steph\Documents\Git Projects\FlowdexMCP\node_modules\basic-ftp\dist\Client.js:496:13)
    at async file:///C:/Users/steph/Documents/Git%20Projects/FlowdexMCP/index.js:1791:21
[Fatal Tool Error] ftp_list: Error: None of the available transfer strategies work. Last error response was 'Error: Client is closed because Timeout (control socket)'.
    at Client.prepareTransfer (C:\Users\steph\Documents\Git Projects\FlowdexMCP\node_modules\basic-ftp\dist\Client.js:721:19)
    at process.processTicksAndRejections (node:internal/process/task_queues:105:5)
    at async Client.list (C:\Users\steph\Documents\Git Projects\FlowdexMCP\node_modules\basic-ftp\dist\Client.js:496:13)
    at async file:///C:/Users/steph/Documents/Git%20Projects/FlowdexMCP/index.js:1791:21
[Fatal Tool Error] ftp_list: Error: None of the available transfer strategies work. Last error response was 'Error: Client is closed because Timeout (control socket)'.
    at Client.prepareTransfer (C:\Users\steph\Documents\Git Projects\FlowdexMCP\node_modules\basic-ftp\dist\Client.js:721:19)
    at process.processTicksAndRejections (node:internal/process/task_queues:105:5)
    at async Client.list (C:\Users\steph\Documents\Git Projects\FlowdexMCP\node_modules\basic-ftp\dist\Client.js:496:13)
    at async file:///C:/Users/steph/Documents/Git%20Projects/FlowdexMCP/index.js:1791:21
[Fatal Tool Error] ftp_list: Error: None of the available transfer strategies work. Last error response was 'Error: Client is closed because Timeout (control socket)'.
    at Client.prepareTransfer (C:\Users\steph\Documents\Git Projects\FlowdexMCP\node_modules\basic-ftp\dist\Client.js:721:19)
    at process.processTicksAndRejections (node:internal/process/task_queues:105:5)
    at async Client.list (C:\Users\steph\Documents\Git Projects\FlowdexMCP\node_modules\basic-ftp\dist\Client.js:496:13)
    at async file:///C:/Users/steph/Documents/Git%20Projects/FlowdexMCP/index.js:1791:21
[Fatal Tool Error] ftp_list: Error: None of the available transfer strategies work. Last error response was 'Error: Client is closed because Timeout (control socket)'.
    at Client.prepareTransfer (C:\Users\steph\Documents\Git Projects\FlowdexMCP\node_modules\basic-ftp\dist\Client.js:721:19)
    at process.processTicksAndRejections (node:internal/process/task_queues:105:5)
    at async Client.list (C:\Users\steph\Documents\Git Projects\FlowdexMCP\node_modules\basic-ftp\dist\Client.js:496:13)
    at async file:///C:/Users/steph/Documents/Git%20Projects/FlowdexMCP/index.js:1791:21

[Fatal Tool Error] ftp_list: Error: None of the available transfer strategies work. Last error response was 'Error: Client is closed because Timeout (control socket)'.
    at Client.prepareTransfer (C:\Users\steph\Documents\Git Projects\FlowdexMCP\node_modules\basic-ftp\dist\Client.js:721:19)
    at process.processTicksAndRejections (node:internal/process/task_queues:105:5)
    at async Client.list (C:\Users\steph\Documents\Git Projects\FlowdexMCP\node_modules\basic-ftp\dist\Client.js:496:13)
    at async file:///C:/Users/steph/Documents/Git%20Projects/FlowdexMCP/index.js:1791:21
[Fatal Tool Error] ftp_list: Error: None of the available transfer strategies work. Last error response was 'Error: Client is closed because Timeout (control socket)'.
    at Client.prepareTransfer (C:\Users\steph\Documents\Git Projects\FlowdexMCP\node_modules\basic-ftp\dist\Client.js:721:19)
    at process.processTicksAndRejections (node:internal/process/task_queues:105:5)
    at async Client.list (C:\Users\steph\Documents\Git Projects\FlowdexMCP\node_modules\basic-ftp\dist\Client.js:496:13)
    at async file:///C:/Users/steph/Documents/Git%20Projects/FlowdexMCP/index.js:1791:21
[Fatal Tool Error] ftp_list: Error: None of the available transfer strategies work. Last error response was 'Error: Client is closed because Timeout (control socket)'.
    at Client.prepareTransfer (C:\Users\steph\Documents\Git Projects\FlowdexMCP\node_modules\basic-ftp\dist\Client.js:721:19)
    at process.processTicksAndRejections (node:internal/process/task_queues:105:5)
    at async Client.list (C:\Users\steph\Documents\Git Projects\FlowdexMCP\node_modules\basic-ftp\dist\Client.js:496:13)
    at async file:///C:/Users/steph/Documents/Git%20Projects/FlowdexMCP/index.js:1791:21
[Fatal Tool Error] ftp_list: Error: None of the available transfer strategies work. Last error response was 'Error: Client is closed because Timeout (control socket)'.
    at Client.prepareTransfer (C:\Users\steph\Documents\Git Projects\FlowdexMCP\node_modules\basic-ftp\dist\Client.js:721:19)
    at process.processTicksAndRejections (node:internal/process/task_queues:105:5)
    at async Client.list (C:\Users\steph\Documents\Git Projects\FlowdexMCP\node_modules\basic-ftp\dist\Client.js:496:13)
    at async file:///C:/Users/steph/Documents/Git%20Projects/FlowdexMCP/index.js:1791:21
[Fatal Tool Error] ftp_list: Error: None of the available transfer strategies work. Last error response was 'Error: Client is closed because Timeout (control socket)'.
    at Client.prepareTransfer (C:\Users\steph\Documents\Git Projects\FlowdexMCP\node_modules\basic-ftp\dist\Client.js:721:19)
    at process.processTicksAndRejections (node:internal/process/task_queues:105:5)
    at async Client.list (C:\Users\steph\Documents\Git Projects\FlowdexMCP\node_modules\basic-ftp\dist\Client.js:496:13)
    at async file:///C:/Users/steph/Documents/Git%20Projects/FlowdexMCP/index.js:1791:21

[Fatal Tool Error] ftp_list: Error: None of the available transfer strategies work. Last error response was 'Error: Client is closed because Timeout (control socket)'.
    at Client.prepareTransfer (C:\Users\steph\Documents\Git Projects\FlowdexMCP\node_modules\basic-ftp\dist\Client.js:721:19)
    at process.processTicksAndRejections (node:internal/process/task_queues:105:5)
    at async Client.list (C:\Users\steph\Documents\Git Projects\FlowdexMCP\node_modules\basic-ftp\dist\Client.js:496:13)
    at async file:///C:/Users/steph/Documents/Git%20Projects/FlowdexMCP/index.js:1791:21
[Fatal Tool Error] ftp_list: Error: None of the available transfer strategies work. Last error response was 'Error: Client is closed because Timeout (control socket)'.
    at Client.prepareTransfer (C:\Users\steph\Documents\Git Projects\FlowdexMCP\node_modules\basic-ftp\dist\Client.js:721:19)
    at process.processTicksAndRejections (node:internal/process/task_queues:105:5)
    at async Client.list (C:\Users\steph\Documents\Git Projects\FlowdexMCP\node_modules\basic-ftp\dist\Client.js:496:13)
    at async file:///C:/Users/steph/Documents/Git%20Projects/FlowdexMCP/index.js:1791:21
[Fatal Tool Error] ftp_list: Error: None of the available transfer strategies work. Last error response was 'Error: Client is closed because Timeout (control socket)'.
    at Client.prepareTransfer (C:\Users\steph\Documents\Git Projects\FlowdexMCP\node_modules\basic-ftp\dist\Client.js:721:19)
    at process.processTicksAndRejections (node:internal/process/task_queues:105:5)
    at async Client.list (C:\Users\steph\Documents\Git Projects\FlowdexMCP\node_modules\basic-ftp\dist\Client.js:496:13)
    at async file:///C:/Users/steph/Documents/Git%20Projects/FlowdexMCP/index.js:1791:21
[Fatal Tool Error] ftp_list: Error: None of the available transfer strategies work. Last error response was 'Error: Client is closed because Timeout (control socket)'.
    at Client.prepareTransfer (C:\Users\steph\Documents\Git Projects\FlowdexMCP\node_modules\basic-ftp\dist\Client.js:721:19)
    at process.processTicksAndRejections (node:internal/process/task_queues:105:5)
    at async Client.list (C:\Users\steph\Documents\Git Projects\FlowdexMCP\node_modules\basic-ftp\dist\Client.js:496:13)
    at async file:///C:/Users/steph/Documents/Git%20Projects/FlowdexMCP/index.js:1791:21
[Fatal Tool Error] ftp_list: Error: None of the available transfer strategies work. Last error response was 'Error: Client is closed because Timeout (control socket)'.
    at Client.prepareTransfer (C:\Users\steph\Documents\Git Projects\FlowdexMCP\node_modules\basic-ftp\dist\Client.js:721:19)
    at process.processTicksAndRejections (node:internal/process/task_queues:105:5)
    at async Client.list (C:\Users\steph\Documents\Git Projects\FlowdexMCP\node_modules\basic-ftp\dist\Client.js:496:13)
    at async file:///C:/Users/steph/Documents/Git%20Projects/FlowdexMCP/index.js:1791:21

[Fatal Tool Error] ftp_list: Error: None of the available transfer strategies work. Last error response was 'Error: Client is closed because Timeout (control socket)'.
    at Client.prepareTransfer (C:\Users\steph\Documents\Git Projects\FlowdexMCP\node_modules\basic-ftp\dist\Client.js:721:19)
    at process.processTicksAndRejections (node:internal/process/task_queues:105:5)
    at async Client.list (C:\Users\steph\Documents\Git Projects\FlowdexMCP\node_modules\basic-ftp\dist\Client.js:496:13)
    at async file:///C:/Users/steph/Documents/Git%20Projects/FlowdexMCP/index.js:1791:21
[Fatal Tool Error] ftp_list: Error: None of the available transfer strategies work. Last error response was 'Error: Client is closed because Timeout (control socket)'.
    at Client.prepareTransfer (C:\Users\steph\Documents\Git Projects\FlowdexMCP\node_modules\basic-ftp\dist\Client.js:721:19)
    at process.processTicksAndRejections (node:internal/process/task_queues:105:5)
    at async Client.list (C:\Users\steph\Documents\Git Projects\FlowdexMCP\node_modules\basic-ftp\dist\Client.js:496:13)
    at async file:///C:/Users/steph/Documents/Git%20Projects/FlowdexMCP/index.js:1791:21
[Fatal Tool Error] ftp_list: Error: None of the available transfer strategies work. Last error response was 'Error: Client is closed because Timeout (control socket)'.
    at Client.prepareTransfer (C:\Users\steph\Documents\Git Projects\FlowdexMCP\node_modules\basic-ftp\dist\Client.js:721:19)
    at process.processTicksAndRejections (node:internal/process/task_queues:105:5)
    at async Client.list (C:\Users\steph\Documents\Git Projects\FlowdexMCP\node_modules\basic-ftp\dist\Client.js:496:13)
    at async file:///C:/Users/steph/Documents/Git%20Projects/FlowdexMCP/index.js:1791:21
[Fatal Tool Error] ftp_list: Error: None of the available transfer strategies work. Last error response was 'Error: Client is closed because Timeout (control socket)'.
    at Client.prepareTransfer (C:\Users\steph\Documents\Git Projects\FlowdexMCP\node_modules\basic-ftp\dist\Client.js:721:19)
    at process.processTicksAndRejections (node:internal/process/task_queues:105:5)
    at async Client.list (C:\Users\steph\Documents\Git Projects\FlowdexMCP\node_modules\basic-ftp\dist\Client.js:496:13)
    at async file:///C:/Users/steph/Documents/Git%20Projects/FlowdexMCP/index.js:1791:21
[Fatal Tool Error] ftp_list: Error: None of the available transfer strategies work. Last error response was 'Error: Client is closed because Timeout (control socket)'.
    at Client.prepareTransfer (C:\Users\steph\Documents\Git Projects\FlowdexMCP\node_modules\basic-ftp\dist\Client.js:721:19)
    at process.processTicksAndRejections (node:internal/process/task_queues:105:5)
    at async Client.list (C:\Users\steph\Documents\Git Projects\FlowdexMCP\node_modules\basic-ftp\dist\Client.js:496:13)
    at async file:///C:/Users/steph/Documents/Git%20Projects/FlowdexMCP/index.js:1791:21

[Fatal Tool Error] ftp_list: Error: None of the available transfer strategies work. Last error response was 'Error: Client is closed because Timeout (control socket)'.
    at Client.prepareTransfer (C:\Users\steph\Documents\Git Projects\FlowdexMCP\node_modules\basic-ftp\dist\Client.js:721:19)
    at process.processTicksAndRejections (node:internal/process/task_queues:105:5)
    at async Client.list (C:\Users\steph\Documents\Git Projects\FlowdexMCP\node_modules\basic-ftp\dist\Client.js:496:13)
    at async file:///C:/Users/steph/Documents/Git%20Projects/FlowdexMCP/index.js:1791:21
[Fatal Tool Error] ftp_list: Error: None of the available transfer strategies work. Last error response was 'Error: Client is closed because Timeout (control socket)'.
    at Client.prepareTransfer (C:\Users\steph\Documents\Git Projects\FlowdexMCP\node_modules\basic-ftp\dist\Client.js:721:19)
    at process.processTicksAndRejections (node:internal/process/task_queues:105:5)
    at async Client.list (C:\Users\steph\Documents\Git Projects\FlowdexMCP\node_modules\basic-ftp\dist\Client.js:496:13)
    at async file:///C:/Users/steph/Documents/Git%20Projects/FlowdexMCP/index.js:1791:21
[Fatal Tool Error] ftp_list: Error: None of the available transfer strategies work. Last error response was 'Error: Client is closed because Timeout (control socket)'.
    at Client.prepareTransfer (C:\Users\steph\Documents\Git Projects\FlowdexMCP\node_modules\basic-ftp\dist\Client.js:721:19)
    at process.processTicksAndRejections (node:internal/process/task_queues:105:5)
    at async Client.list (C:\Users\steph\Documents\Git Projects\FlowdexMCP\node_modules\basic-ftp\dist\Client.js:496:13)
    at async file:///C:/Users/steph/Documents/Git%20Projects/FlowdexMCP/index.js:1791:21
[Fatal Tool Error] ftp_list: Error: None of the available transfer strategies work. Last error response was 'Error: Client is closed because Timeout (control socket)'.
    at Client.prepareTransfer (C:\Users\steph\Documents\Git Projects\FlowdexMCP\node_modules\basic-ftp\dist\Client.js:721:19)
    at process.processTicksAndRejections (node:internal/process/task_queues:105:5)
    at async Client.list (C:\Users\steph\Documents\Git Projects\FlowdexMCP\node_modules\basic-ftp\dist\Client.js:496:13)
    at async file:///C:/Users/steph/Documents/Git%20Projects/FlowdexMCP/index.js:1791:21
[Fatal Tool Error] ftp_list: Error: None of the available transfer strategies work. Last error response was 'Error: Client is closed because Timeout (control socket)'.
    at Client.prepareTransfer (C:\Users\steph\Documents\Git Projects\FlowdexMCP\node_modules\basic-ftp\dist\Client.js:721:19)
    at process.processTicksAndRejections (node:internal/process/task_queues:105:5)
    at async Client.list (C:\Users\steph\Documents\Git Projects\FlowdexMCP\node_modules\basic-ftp\dist\Client.js:496:13)
    at async file:///C:/Users/steph/Documents/Git%20Projects/FlowdexMCP/index.js:1791:21

[Fatal Tool Error] ftp_list: Error: None of the available transfer strategies work. Last error response was 'Error: Client is closed because Timeout (control socket)'.
    at Client.prepareTransfer (C:\Users\steph\Documents\Git Projects\FlowdexMCP\node_modules\basic-ftp\dist\Client.js:721:19)
    at process.processTicksAndRejections (node:internal/process/task_queues:105:5)
    at async Client.list (C:\Users\steph\Documents\Git Projects\FlowdexMCP\node_modules\basic-ftp\dist\Client.js:496:13)
    at async file:///C:/Users/steph/Documents/Git%20Projects/FlowdexMCP/index.js:1791:21
[Fatal Tool Error] ftp_list: Error: None of the available transfer strategies work. Last error response was 'Error: Client is closed because Timeout (control socket)'.
    at Client.prepareTransfer (C:\Users\steph\Documents\Git Projects\FlowdexMCP\node_modules\basic-ftp\dist\Client.js:721:19)
    at process.processTicksAndRejections (node:internal/process/task_queues:105:5)
    at async Client.list (C:\Users\steph\Documents\Git Projects\FlowdexMCP\node_modules\basic-ftp\dist\Client.js:496:13)
    at async file:///C:/Users/steph/Documents/Git%20Projects/FlowdexMCP/index.js:1791:21
[Fatal Tool Error] ftp_list: Error: None of the available transfer strategies work. Last error response was 'Error: Client is closed because Timeout (control socket)'.
    at Client.prepareTransfer (C:\Users\steph\Documents\Git Projects\FlowdexMCP\node_modules\basic-ftp\dist\Client.js:721:19)
    at process.processTicksAndRejections (node:internal/process/task_queues:105:5)
    at async Client.list (C:\Users\steph\Documents\Git Projects\FlowdexMCP\node_modules\basic-ftp\dist\Client.js:496:13)
    at async file:///C:/Users/steph/Documents/Git%20Projects/FlowdexMCP/index.js:1791:21
[Fatal Tool Error] ftp_list: Error: None of the available transfer strategies work. Last error response was 'Error: Client is closed because Timeout (control socket)'.
    at Client.prepareTransfer (C:\Users\steph\Documents\Git Projects\FlowdexMCP\node_modules\basic-ftp\dist\Client.js:721:19)
    at process.processTicksAndRejections (node:internal/process/task_queues:105:5)
    at async Client.list (C:\Users\steph\Documents\Git Projects\FlowdexMCP\node_modules\basic-ftp\dist\Client.js:496:13)
    at async file:///C:/Users/steph/Documents/Git%20Projects/FlowdexMCP/index.js:1791:21
[Fatal Tool Error] ftp_list: Error: None of the available transfer strategies work. Last error response was 'Error: Client is closed because Timeout (control socket)'.
    at Client.prepareTransfer (C:\Users\steph\Documents\Git Projects\FlowdexMCP\node_modules\basic-ftp\dist\Client.js:721:19)
    at process.processTicksAndRejections (node:internal/process/task_queues:105:5)
    at async Client.list (C:\Users\steph\Documents\Git Projects\FlowdexMCP\node_modules\basic-ftp\dist\Client.js:496:13)
    at async file:///C:/Users/steph/Documents/Git%20Projects/FlowdexMCP/index.js:1791:21

[Fatal Tool Error] ftp_list: Error: None of the available transfer strategies work. Last error response was 'Error: Client is closed because Timeout (control socket)'.
    at Client.prepareTransfer (C:\Users\steph\Documents\Git Projects\FlowdexMCP\node_modules\basic-ftp\dist\Client.js:721:19)
    at process.processTicksAndRejections (node:internal/process/task_queues:105:5)
    at async Client.list (C:\Users\steph\Documents\Git Projects\FlowdexMCP\node_modules\basic-ftp\dist\Client.js:496:13)
    at async file:///C:/Users/steph/Documents/Git%20Projects/FlowdexMCP/index.js:1791:21
[Fatal Tool Error] ftp_list: Error: None of the available transfer strategies work. Last error response was 'Error: Client is closed because Timeout (control socket)'.
    at Client.prepareTransfer (C:\Users\steph\Documents\Git Projects\FlowdexMCP\node_modules\basic-ftp\dist\Client.js:721:19)
    at process.processTicksAndRejections (node:internal/process/task_queues:105:5)
    at async Client.list (C:\Users\steph\Documents\Git Projects\FlowdexMCP\node_modules\basic-ftp\dist\Client.js:496:13)
    at async file:///C:/Users/steph/Documents/Git%20Projects/FlowdexMCP/index.js:1791:21
[Fatal Tool Error] ftp_list: Error: None of the available transfer strategies work. Last error response was 'Error: Client is closed because Timeout (control socket)'.
    at Client.prepareTransfer (C:\Users\steph\Documents\Git Projects\FlowdexMCP\node_modules\basic-ftp\dist\Client.js:721:19)
    at process.processTicksAndRejections (node:internal/process/task_queues:105:5)
    at async Client.list (C:\Users\steph\Documents\Git Projects\FlowdexMCP\node_modules\basic-ftp\dist\Client.js:496:13)
    at async file:///C:/Users/steph/Documents/Git%20Projects/FlowdexMCP/index.js:1791:21
[Fatal Tool Error] ftp_list: Error: None of the available transfer strategies work. Last error response was 'Error: Client is closed because Timeout (control socket)'.
    at Client.prepareTransfer (C:\Users\steph\Documents\Git Projects\FlowdexMCP\node_modules\basic-ftp\dist\Client.js:721:19)
    at process.processTicksAndRejections (node:internal/process/task_queues:105:5)
    at async Client.list (C:\Users\steph\Documents\Git Projects\FlowdexMCP\node_modules\basic-ftp\dist\Client.js:496:13)
    at async file:///C:/Users/steph/Documents/Git%20Projects/FlowdexMCP/index.js:1791:21
[Fatal Tool Error] ftp_list: Error: None of the available transfer strategies work. Last error response was 'Error: Client is closed because Timeout (control socket)'.
    at Client.prepareTransfer (C:\Users\steph\Documents\Git Projects\FlowdexMCP\node_modules\basic-ftp\dist\Client.js:721:19)
    at process.processTicksAndRejections (node:internal/process/task_queues:105:5)
    at async Client.list (C:\Users\steph\Documents\Git Projects\FlowdexMCP\node_modules\basic-ftp\dist\Client.js:496:13)
    at async file:///C:/Users/steph/Documents/Git%20Projects/FlowdexMCP/index.js:1791:21

[Fatal Tool Error] ftp_list: Error: None of the available transfer strategies work. Last error response was 'Error: Client is closed because Timeout (control socket)'.
    at Client.prepareTransfer (C:\Users\steph\Documents\Git Projects\FlowdexMCP\node_modules\basic-ftp\dist\Client.js:721:19)
    at process.processTicksAndRejections (node:internal/process/task_queues:105:5)
    at async Client.list (C:\Users\steph\Documents\Git Projects\FlowdexMCP\node_modules\basic-ftp\dist\Client.js:496:13)
    at async file:///C:/Users/steph/Documents/Git%20Projects/FlowdexMCP/index.js:1791:21
[Fatal Tool Error] ftp_list: Error: None of the available transfer strategies work. Last error response was 'Error: Client is closed because Timeout (control socket)'.
    at Client.prepareTransfer (C:\Users\steph\Documents\Git Projects\FlowdexMCP\node_modules\basic-ftp\dist\Client.js:721:19)
    at process.processTicksAndRejections (node:internal/process/task_queues:105:5)
    at async Client.list (C:\Users\steph\Documents\Git Projects\FlowdexMCP\node_modules\basic-ftp\dist\Client.js:496:13)
    at async file:///C:/Users/steph/Documents/Git%20Projects/FlowdexMCP/index.js:1791:21
[Fatal Tool Error] ftp_list: Error: None of the available transfer strategies work. Last error response was 'Error: Client is closed because Timeout (control socket)'.
    at Client.prepareTransfer (C:\Users\steph\Documents\Git Projects\FlowdexMCP\node_modules\basic-ftp\dist\Client.js:721:19)
    at process.processTicksAndRejections (node:internal/process/task_queues:105:5)
    at async Client.list (C:\Users\steph\Documents\Git Projects\FlowdexMCP\node_modules\basic-ftp\dist\Client.js:496:13)
    at async file:///C:/Users/steph/Documents/Git%20Projects/FlowdexMCP/index.js:1791:21
[Fatal Tool Error] ftp_list: Error: None of the available transfer strategies work. Last error response was 'Error: Client is closed because Timeout (control socket)'.
    at Client.prepareTransfer (C:\Users\steph\Documents\Git Projects\FlowdexMCP\node_modules\basic-ftp\dist\Client.js:721:19)
    at process.processTicksAndRejections (node:internal/process/task_queues:105:5)
    at async Client.list (C:\Users\steph\Documents\Git Projects\FlowdexMCP\node_modules\basic-ftp\dist\Client.js:496:13)
    at async file:///C:/Users/steph/Documents/Git%20Projects/FlowdexMCP/index.js:1791:21
[Fatal Tool Error] ftp_list: Error: None of the available transfer strategies work. Last error response was 'Error: Client is closed because Timeout (control socket)'.
    at Client.prepareTransfer (C:\Users\steph\Documents\Git Projects\FlowdexMCP\node_modules\basic-ftp\dist\Client.js:721:19)
    at process.processTicksAndRejections (node:internal/process/task_queues:105:5)
    at async Client.list (C:\Users\steph\Documents\Git Projects\FlowdexMCP\node_modules\basic-ftp\dist\Client.js:496:13)
    at async file:///C:/Users/steph/Documents/Git%20Projects/FlowdexMCP/index.js:1791:21

[Fatal Tool Error] ftp_list: Error: None of the available transfer strategies work. Last error response was 'Error: Client is closed because Timeout (control socket)'.
    at Client.prepareTransfer (C:\Users\steph\Documents\Git Projects\FlowdexMCP\node_modules\basic-ftp\dist\Client.js:721:19)
    at process.processTicksAndRejections (node:internal/process/task_queues:105:5)
    at async Client.list (C:\Users\steph\Documents\Git Projects\FlowdexMCP\node_modules\basic-ftp\dist\Client.js:496:13)
    at async file:///C:/Users/steph/Documents/Git%20Projects/FlowdexMCP/index.js:1791:21
[Fatal Tool Error] ftp_list: Error: None of the available transfer strategies work. Last error response was 'Error: Client is closed because Timeout (control socket)'.
    at Client.prepareTransfer (C:\Users\steph\Documents\Git Projects\FlowdexMCP\node_modules\basic-ftp\dist\Client.js:721:19)
    at process.processTicksAndRejections (node:internal/process/task_queues:105:5)
    at async Client.list (C:\Users\steph\Documents\Git Projects\FlowdexMCP\node_modules\basic-ftp\dist\Client.js:496:13)
    at async file:///C:/Users/steph/Documents/Git%20Projects/FlowdexMCP/index.js:1791:21
[Fatal Tool Error] ftp_list: Error: None of the available transfer strategies work. Last error response was 'Error: Client is closed because Timeout (control socket)'.
    at Client.prepareTransfer (C:\Users\steph\Documents\Git Projects\FlowdexMCP\node_modules\basic-ftp\dist\Client.js:721:19)
    at process.processTicksAndRejections (node:internal/process/task_queues:105:5)
    at async Client.list (C:\Users\steph\Documents\Git Projects\FlowdexMCP\node_modules\basic-ftp\dist\Client.js:496:13)
    at async file:///C:/Users/steph/Documents/Git%20Projects/FlowdexMCP/index.js:1791:21
[Fatal Tool Error] ftp_list: Error: None of the available transfer strategies work. Last error response was 'Error: Client is closed because Timeout (control socket)'.
    at Client.prepareTransfer (C:\Users\steph\Documents\Git Projects\FlowdexMCP\node_modules\basic-ftp\dist\Client.js:721:19)
    at process.processTicksAndRejections (node:internal/process/task_queues:105:5)
    at async Client.list (C:\Users\steph\Documents\Git Projects\FlowdexMCP\node_modules\basic-ftp\dist\Client.js:496:13)
    at async file:///C:/Users/steph/Documents/Git%20Projects/FlowdexMCP/index.js:1791:21
[Fatal Tool Error] ftp_list: Error: None of the available transfer strategies work. Last error response was 'Error: Client is closed because Timeout (control socket)'.
    at Client.prepareTransfer (C:\Users\steph\Documents\Git Projects\FlowdexMCP\node_modules\basic-ftp\dist\Client.js:721:19)
    at process.processTicksAndRejections (node:internal/process/task_queues:105:5)
    at async Client.list (C:\Users\steph\Documents\Git Projects\FlowdexMCP\node_modules\basic-ftp\dist\Client.js:496:13)
    at async file:///C:/Users/steph/Documents/Git%20Projects/FlowdexMCP/index.js:1791:21

[Fatal Tool Error] ftp_list: Error: None of the available transfer strategies work. Last error response was 'Error: Client is closed because Timeout (control socket)'.
    at Client.prepareTransfer (C:\Users\steph\Documents\Git Projects\FlowdexMCP\node_modules\basic-ftp\dist\Client.js:721:19)
    at process.processTicksAndRejections (node:internal/process/task_queues:105:5)
    at async Client.list (C:\Users\steph\Documents\Git Projects\FlowdexMCP\node_modules\basic-ftp\dist\Client.js:496:13)
    at async file:///C:/Users/steph/Documents/Git%20Projects/FlowdexMCP/index.js:1791:21
[Fatal Tool Error] ftp_list: Error: None of the available transfer strategies work. Last error response was 'Error: Client is closed because Timeout (control socket)'.
    at Client.prepareTransfer (C:\Users\steph\Documents\Git Projects\FlowdexMCP\node_modules\basic-ftp\dist\Client.js:721:19)
    at process.processTicksAndRejections (node:internal/process/task_queues:105:5)
    at async Client.list (C:\Users\steph\Documents\Git Projects\FlowdexMCP\node_modules\basic-ftp\dist\Client.js:496:13)
    at async file:///C:/Users/steph/Documents/Git%20Projects/FlowdexMCP/index.js:1791:21
[Fatal Tool Error] ftp_list: Error: None of the available transfer strategies work. Last error response was 'Error: Client is closed because Timeout (control socket)'.
    at Client.prepareTransfer (C:\Users\steph\Documents\Git Projects\FlowdexMCP\node_modules\basic-ftp\dist\Client.js:721:19)
    at process.processTicksAndRejections (node:internal/process/task_queues:105:5)
    at async Client.list (C:\Users\steph\Documents\Git Projects\FlowdexMCP\node_modules\basic-ftp\dist\Client.js:496:13)
    at async file:///C:/Users/steph/Documents/Git%20Projects/FlowdexMCP/index.js:1791:21
[Fatal Tool Error] ftp_list: Error: None of the available transfer strategies work. Last error response was 'Error: Client is closed because Timeout (control socket)'.
    at Client.prepareTransfer (C:\Users\steph\Documents\Git Projects\FlowdexMCP\node_modules\basic-ftp\dist\Client.js:721:19)
    at process.processTicksAndRejections (node:internal/process/task_queues:105:5)
    at async Client.list (C:\Users\steph\Documents\Git Projects\FlowdexMCP\node_modules\basic-ftp\dist\Client.js:496:13)
    at async file:///C:/Users/steph/Documents/Git%20Projects/FlowdexMCP/index.js:1791:21
[Fatal Tool Error] ftp_list: Error: None of the available transfer strategies work. Last error response was 'Error: Client is closed because Timeout (control socket)'.
    at Client.prepareTransfer (C:\Users\steph\Documents\Git Projects\FlowdexMCP\node_modules\basic-ftp\dist\Client.js:721:19)
    at process.processTicksAndRejections (node:internal/process/task_queues:105:5)
    at async Client.list (C:\Users\steph\Documents\Git Projects\FlowdexMCP\node_modules\basic-ftp\dist\Client.js:496:13)
    at async file:///C:/Users/steph/Documents/Git%20Projects/FlowdexMCP/index.js:1791:21

[Fatal Tool Error] ftp_list: Error: None of the available transfer strategies work. Last error response was 'Error: Client is closed because Timeout (control socket)'.
    at Client.prepareTransfer (C:\Users\steph\Documents\Git Projects\FlowdexMCP\node_modules\basic-ftp\dist\Client.js:721:19)
    at process.processTicksAndRejections (node:internal/process/task_queues:105:5)
    at async Client.list (C:\Users\steph\Documents\Git Projects\FlowdexMCP\node_modules\basic-ftp\dist\Client.js:496:13)
    at async file:///C:/Users/steph/Documents/Git%20Projects/FlowdexMCP/index.js:1791:21
[Fatal Tool Error] ftp_list: Error: None of the available transfer strategies work. Last error response was 'Error: Client is closed because Timeout (control socket)'.
    at Client.prepareTransfer (C:\Users\steph\Documents\Git Projects\FlowdexMCP\node_modules\basic-ftp\dist\Client.js:721:19)
    at process.processTicksAndRejections (node:internal/process/task_queues:105:5)
    at async Client.list (C:\Users\steph\Documents\Git Projects\FlowdexMCP\node_modules\basic-ftp\dist\Client.js:496:13)
    at async file:///C:/Users/steph/Documents/Git%20Projects/FlowdexMCP/index.js:1791:21
[Fatal Tool Error] ftp_list: Error: None of the available transfer strategies work. Last error response was 'Error: Client is closed because Timeout (control socket)'.
    at Client.prepareTransfer (C:\Users\steph\Documents\Git Projects\FlowdexMCP\node_modules\basic-ftp\dist\Client.js:721:19)
    at process.processTicksAndRejections (node:internal/process/task_queues:105:5)
    at async Client.list (C:\Users\steph\Documents\Git Projects\FlowdexMCP\node_modules\basic-ftp\dist\Client.js:496:13)
    at async file:///C:/Users/steph/Documents/Git%20Projects/FlowdexMCP/index.js:1791:21
[Fatal Tool Error] ftp_list: Error: None of the available transfer strategies work. Last error response was 'Error: Client is closed because Timeout (control socket)'.
    at Client.prepareTransfer (C:\Users\steph\Documents\Git Projects\FlowdexMCP\node_modules\basic-ftp\dist\Client.js:721:19)
    at process.processTicksAndRejections (node:internal/process/task_queues:105:5)
    at async Client.list (C:\Users\steph\Documents\Git Projects\FlowdexMCP\node_modules\basic-ftp\dist\Client.js:496:13)
    at async file:///C:/Users/steph/Documents/Git%20Projects/FlowdexMCP/index.js:1791:21
[Fatal Tool Error] ftp_list: Error: None of the available transfer strategies work. Last error response was 'Error: Client is closed because Timeout (control socket)'.
    at Client.prepareTransfer (C:\Users\steph\Documents\Git Projects\FlowdexMCP\node_modules\basic-ftp\dist\Client.js:721:19)
    at process.processTicksAndRejections (node:internal/process/task_queues:105:5)
    at async Client.list (C:\Users\steph\Documents\Git Projects\FlowdexMCP\node_modules\basic-ftp\dist\Client.js:496:13)
    at async file:///C:/Users/steph/Documents/Git%20Projects/FlowdexMCP/index.js:1791:21

[Fatal Tool Error] ftp_list: Error: None of the available transfer strategies work. Last error response was 'Error: Client is closed because Timeout (control socket)'.
    at Client.prepareTransfer (C:\Users\steph\Documents\Git Projects\FlowdexMCP\node_modules\basic-ftp\dist\Client.js:721:19)
    at process.processTicksAndRejections (node:internal/process/task_queues:105:5)
    at async Client.list (C:\Users\steph\Documents\Git Projects\FlowdexMCP\node_modules\basic-ftp\dist\Client.js:496:13)
    at async file:///C:/Users/steph/Documents/Git%20Projects/FlowdexMCP/index.js:1791:21
[Fatal Tool Error] ftp_list: Error: None of the available transfer strategies work. Last error response was 'Error: Client is closed because Timeout (control socket)'.
    at Client.prepareTransfer (C:\Users\steph\Documents\Git Projects\FlowdexMCP\node_modules\basic-ftp\dist\Client.js:721:19)
    at process.processTicksAndRejections (node:internal/process/task_queues:105:5)
    at async Client.list (C:\Users\steph\Documents\Git Projects\FlowdexMCP\node_modules\basic-ftp\dist\Client.js:496:13)
    at async file:///C:/Users/steph/Documents/Git%20Projects/FlowdexMCP/index.js:1791:21
[Fatal Tool Error] ftp_list: Error: None of the available transfer strategies work. Last error response was 'Error: Client is closed because Timeout (control socket)'.
    at Client.prepareTransfer (C:\Users\steph\Documents\Git Projects\FlowdexMCP\node_modules\basic-ftp\dist\Client.js:721:19)
    at process.processTicksAndRejections (node:internal/process/task_queues:105:5)
    at async Client.list (C:\Users\steph\Documents\Git Projects\FlowdexMCP\node_modules\basic-ftp\dist\Client.js:496:13)
    at async file:///C:/Users/steph/Documents/Git%20Projects/FlowdexMCP/index.js:1791:21
[Fatal Tool Error] ftp_list: Error: None of the available transfer strategies work. Last error response was 'Error: Client is closed because Timeout (control socket)'.
    at Client.prepareTransfer (C:\Users\steph\Documents\Git Projects\FlowdexMCP\node_modules\basic-ftp\dist\Client.js:721:19)
    at process.processTicksAndRejections (node:internal/process/task_queues:105:5)
    at async Client.list (C:\Users\steph\Documents\Git Projects\FlowdexMCP\node_modules\basic-ftp\dist\Client.js:496:13)
    at async file:///C:/Users/steph/Documents/Git%20Projects/FlowdexMCP/index.js:1791:21
[Fatal Tool Error] ftp_list: Error: None of the available transfer strategies work. Last error response was 'Error: Client is closed because Timeout (control socket)'.
    at Client.prepareTransfer (C:\Users\steph\Documents\Git Projects\FlowdexMCP\node_modules\basic-ftp\dist\Client.js:721:19)
    at process.processTicksAndRejections (node:internal/process/task_queues:105:5)
    at async Client.list (C:\Users\steph\Documents\Git Projects\FlowdexMCP\node_modules\basic-ftp\dist\Client.js:496:13)
    at async file:///C:/Users/steph/Documents/Git%20Projects/FlowdexMCP/index.js:1791:21

[Fatal Tool Error] ftp_list: Error: None of the available transfer strategies work. Last error response was 'Error: Client is closed because Timeout (control socket)'.
    at Client.prepareTransfer (C:\Users\steph\Documents\Git Projects\FlowdexMCP\node_modules\basic-ftp\dist\Client.js:721:19)
    at process.processTicksAndRejections (node:internal/process/task_queues:105:5)
    at async Client.list (C:\Users\steph\Documents\Git Projects\FlowdexMCP\node_modules\basic-ftp\dist\Client.js:496:13)
    at async file:///C:/Users/steph/Documents/Git%20Projects/FlowdexMCP/index.js:1791:21
[Fatal Tool Error] ftp_list: Error: None of the available transfer strategies work. Last error response was 'Error: Client is closed because Timeout (control socket)'.
    at Client.prepareTransfer (C:\Users\steph\Documents\Git Projects\FlowdexMCP\node_modules\basic-ftp\dist\Client.js:721:19)
    at process.processTicksAndRejections (node:internal/process/task_queues:105:5)
    at async Client.list (C:\Users\steph\Documents\Git Projects\FlowdexMCP\node_modules\basic-ftp\dist\Client.js:496:13)
    at async file:///C:/Users/steph/Documents/Git%20Projects/FlowdexMCP/index.js:1791:21
[Fatal Tool Error] ftp_list: Error: None of the available transfer strategies work. Last error response was 'Error: Client is closed because Timeout (control socket)'.
    at Client.prepareTransfer (C:\Users\steph\Documents\Git Projects\FlowdexMCP\node_modules\basic-ftp\dist\Client.js:721:19)
    at process.processTicksAndRejections (node:internal/process/task_queues:105:5)
    at async Client.list (C:\Users\steph\Documents\Git Projects\FlowdexMCP\node_modules\basic-ftp\dist\Client.js:496:13)
    at async file:///C:/Users/steph/Documents/Git%20Projects/FlowdexMCP/index.js:1791:21
[Fatal Tool Error] ftp_list: Error: None of the available transfer strategies work. Last error response was 'Error: Client is closed because Timeout (control socket)'.
    at Client.prepareTransfer (C:\Users\steph\Documents\Git Projects\FlowdexMCP\node_modules\basic-ftp\dist\Client.js:721:19)
    at process.processTicksAndRejections (node:internal/process/task_queues:105:5)
    at async Client.list (C:\Users\steph\Documents\Git Projects\FlowdexMCP\node_modules\basic-ftp\dist\Client.js:496:13)
    at async file:///C:/Users/steph/Documents/Git%20Projects/FlowdexMCP/index.js:1791:21
[Fatal Tool Error] ftp_list: Error: None of the available transfer strategies work. Last error response was 'Error: Client is closed because Timeout (control socket)'.
    at Client.prepareTransfer (C:\Users\steph\Documents\Git Projects\FlowdexMCP\node_modules\basic-ftp\dist\Client.js:721:19)
    at process.processTicksAndRejections (node:internal/process/task_queues:105:5)
    at async Client.list (C:\Users\steph\Documents\Git Projects\FlowdexMCP\node_modules\basic-ftp\dist\Client.js:496:13)
    at async file:///C:/Users/steph/Documents/Git%20Projects/FlowdexMCP/index.js:1791:21

[Fatal Tool Error] ftp_list: Error: None of the available transfer strategies work. Last error response was 'Error: Client is closed because Timeout (control socket)'.
    at Client.prepareTransfer (C:\Users\steph\Documents\Git Projects\FlowdexMCP\node_modules\basic-ftp\dist\Client.js:721:19)
    at process.processTicksAndRejections (node:internal/process/task_queues:105:5)
    at async Client.list (C:\Users\steph\Documents\Git Projects\FlowdexMCP\node_modules\basic-ftp\dist\Client.js:496:13)
    at async file:///C:/Users/steph/Documents/Git%20Projects/FlowdexMCP/index.js:1791:21
[Fatal Tool Error] ftp_list: Error: None of the available transfer strategies work. Last error response was 'Error: Client is closed because Timeout (control socket)'.
    at Client.prepareTransfer (C:\Users\steph\Documents\Git Projects\FlowdexMCP\node_modules\basic-ftp\dist\Client.js:721:19)
    at process.processTicksAndRejections (node:internal/process/task_queues:105:5)
    at async Client.list (C:\Users\steph\Documents\Git Projects\FlowdexMCP\node_modules\basic-ftp\dist\Client.js:496:13)
    at async file:///C:/Users/steph/Documents/Git%20Projects/FlowdexMCP/index.js:1791:21
[Fatal Tool Error] ftp_list: Error: None of the available transfer strategies work. Last error response was 'Error: Client is closed because Timeout (control socket)'.
    at Client.prepareTransfer (C:\Users\steph\Documents\Git Projects\FlowdexMCP\node_modules\basic-ftp\dist\Client.js:721:19)
    at process.processTicksAndRejections (node:internal/process/task_queues:105:5)
    at async Client.list (C:\Users\steph\Documents\Git Projects\FlowdexMCP\node_modules\basic-ftp\dist\Client.js:496:13)
    at async file:///C:/Users/steph/Documents/Git%20Projects/FlowdexMCP/index.js:1791:21
[Fatal Tool Error] ftp_list: Error: None of the available transfer strategies work. Last error response was 'Error: Client is closed because Timeout (control socket)'.
    at Client.prepareTransfer (C:\Users\steph\Documents\Git Projects\FlowdexMCP\node_modules\basic-ftp\dist\Client.js:721:19)
    at process.processTicksAndRejections (node:internal/process/task_queues:105:5)
    at async Client.list (C:\Users\steph\Documents\Git Projects\FlowdexMCP\node_modules\basic-ftp\dist\Client.js:496:13)
    at async file:///C:/Users/steph/Documents/Git%20Projects/FlowdexMCP/index.js:1791:21
[Fatal Tool Error] ftp_list: Error: None of the available transfer strategies work. Last error response was 'Error: Client is closed because Timeout (control socket)'.
    at Client.prepareTransfer (C:\Users\steph\Documents\Git Projects\FlowdexMCP\node_modules\basic-ftp\dist\Client.js:721:19)
    at process.processTicksAndRejections (node:internal/process/task_queues:105:5)
    at async Client.list (C:\Users\steph\Documents\Git Projects\FlowdexMCP\node_modules\basic-ftp\dist\Client.js:496:13)
    at async file:///C:/Users/steph/Documents/Git%20Projects/FlowdexMCP/index.js:1791:21

[Fatal Tool Error] ftp_list: Error: None of the available transfer strategies work. Last error response was 'Error: Client is closed because Timeout (control socket)'.
    at Client.prepareTransfer (C:\Users\steph\Documents\Git Projects\FlowdexMCP\node_modules\basic-ftp\dist\Client.js:721:19)
    at process.processTicksAndRejections (node:internal/process/task_queues:105:5)
    at async Client.list (C:\Users\steph\Documents\Git Projects\FlowdexMCP\node_modules\basic-ftp\dist\Client.js:496:13)
    at async file:///C:/Users/steph/Documents/Git%20Projects/FlowdexMCP/index.js:1791:21
[Fatal Tool Error] ftp_list: Error: None of the available transfer strategies work. Last error response was 'Error: Client is closed because Timeout (control socket)'.
    at Client.prepareTransfer (C:\Users\steph\Documents\Git Projects\FlowdexMCP\node_modules\basic-ftp\dist\Client.js:721:19)
    at process.processTicksAndRejections (node:internal/process/task_queues:105:5)
    at async Client.list (C:\Users\steph\Documents\Git Projects\FlowdexMCP\node_modules\basic-ftp\dist\Client.js:496:13)
    at async file:///C:/Users/steph/Documents/Git%20Projects/FlowdexMCP/index.js:1791:21
[Fatal Tool Error] ftp_list: Error: None of the available transfer strategies work. Last error response was 'Error: Client is closed because Timeout (control socket)'.
    at Client.prepareTransfer (C:\Users\steph\Documents\Git Projects\FlowdexMCP\node_modules\basic-ftp\dist\Client.js:721:19)
    at process.processTicksAndRejections (node:internal/process/task_queues:105:5)
    at async Client.list (C:\Users\steph\Documents\Git Projects\FlowdexMCP\node_modules\basic-ftp\dist\Client.js:496:13)
    at async file:///C:/Users/steph/Documents/Git%20Projects/FlowdexMCP/index.js:1791:21
[Fatal Tool Error] ftp_list: Error: None of the available transfer strategies work. Last error response was 'Error: Client is closed because Timeout (control socket)'.
    at Client.prepareTransfer (C:\Users\steph\Documents\Git Projects\FlowdexMCP\node_modules\basic-ftp\dist\Client.js:721:19)
    at process.processTicksAndRejections (node:internal/process/task_queues:105:5)
    at async Client.list (C:\Users\steph\Documents\Git Projects\FlowdexMCP\node_modules\basic-ftp\dist\Client.js:496:13)
    at async file:///C:/Users/steph/Documents/Git%20Projects/FlowdexMCP/index.js:1791:21
[Fatal Tool Error] ftp_list: Error: None of the available transfer strategies work. Last error response was 'Error: Client is closed because Timeout (control socket)'.
    at Client.prepareTransfer (C:\Users\steph\Documents\Git Projects\FlowdexMCP\node_modules\basic-ftp\dist\Client.js:721:19)
    at process.processTicksAndRejections (node:internal/process/task_queues:105:5)
    at async Client.list (C:\Users\steph\Documents\Git Projects\FlowdexMCP\node_modules\basic-ftp\dist\Client.js:496:13)
    at async file:///C:/Users/steph/Documents/Git%20Projects/FlowdexMCP/index.js:1791:21

[Fatal Tool Error] ftp_list: Error: None of the available transfer strategies work. Last error response was 'Error: Client is closed because Timeout (control socket)'.
    at Client.prepareTransfer (C:\Users\steph\Documents\Git Projects\FlowdexMCP\node_modules\basic-ftp\dist\Client.js:721:19)
    at process.processTicksAndRejections (node:internal/process/task_queues:105:5)
    at async Client.list (C:\Users\steph\Documents\Git Projects\FlowdexMCP\node_modules\basic-ftp\dist\Client.js:496:13)
    at async file:///C:/Users/steph/Documents/Git%20Projects/FlowdexMCP/index.js:1791:21
[Fatal Tool Error] ftp_list: Error: None of the available transfer strategies work. Last error response was 'Error: Client is closed because Timeout (control socket)'.
    at Client.prepareTransfer (C:\Users\steph\Documents\Git Projects\FlowdexMCP\node_modules\basic-ftp\dist\Client.js:721:19)
    at process.processTicksAndRejections (node:internal/process/task_queues:105:5)
    at async Client.list (C:\Users\steph\Documents\Git Projects\FlowdexMCP\node_modules\basic-ftp\dist\Client.js:496:13)
    at async file:///C:/Users/steph/Documents/Git%20Projects/FlowdexMCP/index.js:1791:21
[Fatal Tool Error] ftp_list: Error: None of the available transfer strategies work. Last error response was 'Error: Client is closed because Timeout (control socket)'.
    at Client.prepareTransfer (C:\Users\steph\Documents\Git Projects\FlowdexMCP\node_modules\basic-ftp\dist\Client.js:721:19)
    at process.processTicksAndRejections (node:internal/process/task_queues:105:5)
    at async Client.list (C:\Users\steph\Documents\Git Projects\FlowdexMCP\node_modules\basic-ftp\dist\Client.js:496:13)
    at async file:///C:/Users/steph/Documents/Git%20Projects/FlowdexMCP/index.js:1791:21
[Fatal Tool Error] ftp_list: Error: None of the available transfer strategies work. Last error response was 'Error: Client is closed because Timeout (control socket)'.
    at Client.prepareTransfer (C:\Users\steph\Documents\Git Projects\FlowdexMCP\node_modules\basic-ftp\dist\Client.js:721:19)
    at process.processTicksAndRejections (node:internal/process/task_queues:105:5)
    at async Client.list (C:\Users\steph\Documents\Git Projects\FlowdexMCP\node_modules\basic-ftp\dist\Client.js:496:13)
    at async file:///C:/Users/steph/Documents/Git%20Projects/FlowdexMCP/index.js:1791:21
[Fatal Tool Error] ftp_list: Error: None of the available transfer strategies work. Last error response was 'Error: Client is closed because Timeout (control socket)'.
    at Client.prepareTransfer (C:\Users\steph\Documents\Git Projects\FlowdexMCP\node_modules\basic-ftp\dist\Client.js:721:19)
    at process.processTicksAndRejections (node:internal/process/task_queues:105:5)
    at async Client.list (C:\Users\steph\Documents\Git Projects\FlowdexMCP\node_modules\basic-ftp\dist\Client.js:496:13)
    at async file:///C:/Users/steph/Documents/Git%20Projects/FlowdexMCP/index.js:1791:21

[Fatal Tool Error] ftp_list: Error: None of the available transfer strategies work. Last error response was 'Error: Client is closed because Timeout (control socket)'.
    at Client.prepareTransfer (C:\Users\steph\Documents\Git Projects\FlowdexMCP\node_modules\basic-ftp\dist\Client.js:721:19)
    at process.processTicksAndRejections (node:internal/process/task_queues:105:5)
    at async Client.list (C:\Users\steph\Documents\Git Projects\FlowdexMCP\node_modules\basic-ftp\dist\Client.js:496:13)
    at async file:///C:/Users/steph/Documents/Git%20Projects/FlowdexMCP/index.js:1791:21
[Fatal Tool Error] ftp_list: Error: None of the available transfer strategies work. Last error response was 'Error: Client is closed because Timeout (control socket)'.
    at Client.prepareTransfer (C:\Users\steph\Documents\Git Projects\FlowdexMCP\node_modules\basic-ftp\dist\Client.js:721:19)
    at process.processTicksAndRejections (node:internal/process/task_queues:105:5)
    at async Client.list (C:\Users\steph\Documents\Git Projects\FlowdexMCP\node_modules\basic-ftp\dist\Client.js:496:13)
    at async file:///C:/Users/steph/Documents/Git%20Projects/FlowdexMCP/index.js:1791:21
[Fatal Tool Error] ftp_list: Error: None of the available transfer strategies work. Last error response was 'Error: Client is closed because Timeout (control socket)'.
    at Client.prepareTransfer (C:\Users\steph\Documents\Git Projects\FlowdexMCP\node_modules\basic-ftp\dist\Client.js:721:19)
    at process.processTicksAndRejections (node:internal/process/task_queues:105:5)
    at async Client.list (C:\Users\steph\Documents\Git Projects\FlowdexMCP\node_modules\basic-ftp\dist\Client.js:496:13)
    at async file:///C:/Users/steph/Documents/Git%20Projects/FlowdexMCP/index.js:1791:21
[Fatal Tool Error] ftp_list: Error: None of the available transfer strategies work. Last error response was 'Error: Client is closed because Timeout (control socket)'.
    at Client.prepareTransfer (C:\Users\steph\Documents\Git Projects\FlowdexMCP\node_modules\basic-ftp\dist\Client.js:721:19)
    at process.processTicksAndRejections (node:internal/process/task_queues:105:5)
    at async Client.list (C:\Users\steph\Documents\Git Projects\FlowdexMCP\node_modules\basic-ftp\dist\Client.js:496:13)
    at async file:///C:/Users/steph/Documents/Git%20Projects/FlowdexMCP/index.js:1791:21
[Fatal Tool Error] ftp_list: Error: None of the available transfer strategies work. Last error response was 'Error: Client is closed because Timeout (control socket)'.
    at Client.prepareTransfer (C:\Users\steph\Documents\Git Projects\FlowdexMCP\node_modules\basic-ftp\dist\Client.js:721:19)
    at process.processTicksAndRejections (node:internal/process/task_queues:105:5)
    at async Client.list (C:\Users\steph\Documents\Git Projects\FlowdexMCP\node_modules\basic-ftp\dist\Client.js:496:13)
    at async file:///C:/Users/steph/Documents/Git%20Projects/FlowdexMCP/index.js:1791:21

[Fatal Tool Error] ftp_list: Error: None of the available transfer strategies work. Last error response was 'Error: Client is closed because Timeout (control socket)'.
    at Client.prepareTransfer (C:\Users\steph\Documents\Git Projects\FlowdexMCP\node_modules\basic-ftp\dist\Client.js:721:19)
    at process.processTicksAndRejections (node:internal/process/task_queues:105:5)
    at async Client.list (C:\Users\steph\Documents\Git Projects\FlowdexMCP\node_modules\basic-ftp\dist\Client.js:496:13)
    at async file:///C:/Users/steph/Documents/Git%20Projects/FlowdexMCP/index.js:1791:21
[Fatal Tool Error] ftp_list: Error: None of the available transfer strategies work. Last error response was 'Error: Client is closed because Timeout (control socket)'.
    at Client.prepareTransfer (C:\Users\steph\Documents\Git Projects\FlowdexMCP\node_modules\basic-ftp\dist\Client.js:721:19)
    at process.processTicksAndRejections (node:internal/process/task_queues:105:5)
    at async Client.list (C:\Users\steph\Documents\Git Projects\FlowdexMCP\node_modules\basic-ftp\dist\Client.js:496:13)
    at async file:///C:/Users/steph/Documents/Git%20Projects/FlowdexMCP/index.js:1791:21
[Fatal Tool Error] ftp_list: Error: None of the available transfer strategies work. Last error response was 'Error: Client is closed because Timeout (control socket)'.
    at Client.prepareTransfer (C:\Users\steph\Documents\Git Projects\FlowdexMCP\node_modules\basic-ftp\dist\Client.js:721:19)
    at process.processTicksAndRejections (node:internal/process/task_queues:105:5)
    at async Client.list (C:\Users\steph\Documents\Git Projects\FlowdexMCP\node_modules\basic-ftp\dist\Client.js:496:13)
    at async file:///C:/Users/steph/Documents/Git%20Projects/FlowdexMCP/index.js:1791:21
[Fatal Tool Error] ftp_list: Error: None of the available transfer strategies work. Last error response was 'Error: Client is closed because Timeout (control socket)'.
    at Client.prepareTransfer (C:\Users\steph\Documents\Git Projects\FlowdexMCP\node_modules\basic-ftp\dist\Client.js:721:19)
    at process.processTicksAndRejections (node:internal/process/task_queues:105:5)
    at async Client.list (C:\Users\steph\Documents\Git Projects\FlowdexMCP\node_modules\basic-ftp\dist\Client.js:496:13)
    at async file:///C:/Users/steph/Documents/Git%20Projects/FlowdexMCP/index.js:1791:21
[Fatal Tool Error] ftp_list: Error: None of the available transfer strategies work. Last error response was 'Error: Client is closed because Timeout (control socket)'.
    at Client.prepareTransfer (C:\Users\steph\Documents\Git Projects\FlowdexMCP\node_modules\basic-ftp\dist\Client.js:721:19)
    at process.processTicksAndRejections (node:internal/process/task_queues:105:5)
    at async Client.list (C:\Users\steph\Documents\Git Projects\FlowdexMCP\node_modules\basic-ftp\dist\Client.js:496:13)
    at async file:///C:/Users/steph/Documents/Git%20Projects/FlowdexMCP/index.js:1791:21

[Fatal Tool Error] ftp_list: Error: None of the available transfer strategies work. Last error response was 'Error: Client is closed because Timeout (control socket)'.
    at Client.prepareTransfer (C:\Users\steph\Documents\Git Projects\FlowdexMCP\node_modules\basic-ftp\dist\Client.js:721:19)
    at process.processTicksAndRejections (node:internal/process/task_queues:105:5)
    at async Client.list (C:\Users\steph\Documents\Git Projects\FlowdexMCP\node_modules\basic-ftp\dist\Client.js:496:13)
    at async file:///C:/Users/steph/Documents/Git%20Projects/FlowdexMCP/index.js:1791:21
[Fatal Tool Error] ftp_list: Error: None of the available transfer strategies work. Last error response was 'Error: Client is closed because Timeout (control socket)'.
    at Client.prepareTransfer (C:\Users\steph\Documents\Git Projects\FlowdexMCP\node_modules\basic-ftp\dist\Client.js:721:19)
    at process.processTicksAndRejections (node:internal/process/task_queues:105:5)
    at async Client.list (C:\Users\steph\Documents\Git Projects\FlowdexMCP\node_modules\basic-ftp\dist\Client.js:496:13)
    at async file:///C:/Users/steph/Documents/Git%20Projects/FlowdexMCP/index.js:1791:21
[Fatal Tool Error] ftp_list: Error: None of the available transfer strategies work. Last error response was 'Error: Client is closed because Timeout (control socket)'.
    at Client.prepareTransfer (C:\Users\steph\Documents\Git Projects\FlowdexMCP\node_modules\basic-ftp\dist\Client.js:721:19)
    at process.processTicksAndRejections (node:internal/process/task_queues:105:5)
    at async Client.list (C:\Users\steph\Documents\Git Projects\FlowdexMCP\node_modules\basic-ftp\dist\Client.js:496:13)
    at async file:///C:/Users/steph/Documents/Git%20Projects/FlowdexMCP/index.js:1791:21
[Fatal Tool Error] ftp_list: Error: None of the available transfer strategies work. Last error response was 'Error: Client is closed because Timeout (control socket)'.
    at Client.prepareTransfer (C:\Users\steph\Documents\Git Projects\FlowdexMCP\node_modules\basic-ftp\dist\Client.js:721:19)
    at process.processTicksAndRejections (node:internal/process/task_queues:105:5)
    at async Client.list (C:\Users\steph\Documents\Git Projects\FlowdexMCP\node_modules\basic-ftp\dist\Client.js:496:13)
    at async file:///C:/Users/steph/Documents/Git%20Projects/FlowdexMCP/index.js:1791:21
[Fatal Tool Error] ftp_list: Error: None of the available transfer strategies work. Last error response was 'Error: Client is closed because Timeout (control socket)'.
    at Client.prepareTransfer (C:\Users\steph\Documents\Git Projects\FlowdexMCP\node_modules\basic-ftp\dist\Client.js:721:19)
    at process.processTicksAndRejections (node:internal/process/task_queues:105:5)
    at async Client.list (C:\Users\steph\Documents\Git Projects\FlowdexMCP\node_modules\basic-ftp\dist\Client.js:496:13)
    at async file:///C:/Users/steph/Documents/Git%20Projects/FlowdexMCP/index.js:1791:21

[Fatal Tool Error] ftp_list: Error: None of the available transfer strategies work. Last error response was 'Error: Client is closed because Timeout (control socket)'.
    at Client.prepareTransfer (C:\Users\steph\Documents\Git Projects\FlowdexMCP\node_modules\basic-ftp\dist\Client.js:721:19)
    at process.processTicksAndRejections (node:internal/process/task_queues:105:5)
    at async Client.list (C:\Users\steph\Documents\Git Projects\FlowdexMCP\node_modules\basic-ftp\dist\Client.js:496:13)
    at async file:///C:/Users/steph/Documents/Git%20Projects/FlowdexMCP/index.js:1791:21
[Fatal Tool Error] ftp_list: Error: None of the available transfer strategies work. Last error response was 'Error: Client is closed because Timeout (control socket)'.
    at Client.prepareTransfer (C:\Users\steph\Documents\Git Projects\FlowdexMCP\node_modules\basic-ftp\dist\Client.js:721:19)
    at process.processTicksAndRejections (node:internal/process/task_queues:105:5)
    at async Client.list (C:\Users\steph\Documents\Git Projects\FlowdexMCP\node_modules\basic-ftp\dist\Client.js:496:13)
    at async file:///C:/Users/steph/Documents/Git%20Projects/FlowdexMCP/index.js:1791:21
[Fatal Tool Error] ftp_list: Error: None of the available transfer strategies work. Last error response was 'Error: Client is closed because Timeout (control socket)'.
    at Client.prepareTransfer (C:\Users\steph\Documents\Git Projects\FlowdexMCP\node_modules\basic-ftp\dist\Client.js:721:19)
    at process.processTicksAndRejections (node:internal/process/task_queues:105:5)
    at async Client.list (C:\Users\steph\Documents\Git Projects\FlowdexMCP\node_modules\basic-ftp\dist\Client.js:496:13)
    at async file:///C:/Users/steph/Documents/Git%20Projects/FlowdexMCP/index.js:1791:21
[Fatal Tool Error] ftp_list: Error: None of the available transfer strategies work. Last error response was 'Error: Client is closed because Timeout (control socket)'.
    at Client.prepareTransfer (C:\Users\steph\Documents\Git Projects\FlowdexMCP\node_modules\basic-ftp\dist\Client.js:721:19)
    at process.processTicksAndRejections (node:internal/process/task_queues:105:5)
    at async Client.list (C:\Users\steph\Documents\Git Projects\FlowdexMCP\node_modules\basic-ftp\dist\Client.js:496:13)
    at async file:///C:/Users/steph/Documents/Git%20Projects/FlowdexMCP/index.js:1791:21
[Fatal Tool Error] ftp_list: Error: None of the available transfer strategies work. Last error response was 'Error: Client is closed because Timeout (control socket)'.
    at Client.prepareTransfer (C:\Users\steph\Documents\Git Projects\FlowdexMCP\node_modules\basic-ftp\dist\Client.js:721:19)
    at process.processTicksAndRejections (node:internal/process/task_queues:105:5)
    at async Client.list (C:\Users\steph\Documents\Git Projects\FlowdexMCP\node_modules\basic-ftp\dist\Client.js:496:13)
    at async file:///C:/Users/steph/Documents/Git%20Projects/FlowdexMCP/index.js:1791:21

[Fatal Tool Error] ftp_list: Error: None of the available transfer strategies work. Last error response was 'Error: Client is closed because Timeout (control socket)'.
    at Client.prepareTransfer (C:\Users\steph\Documents\Git Projects\FlowdexMCP\node_modules\basic-ftp\dist\Client.js:721:19)
    at process.processTicksAndRejections (node:internal/process/task_queues:105:5)
    at async Client.list (C:\Users\steph\Documents\Git Projects\FlowdexMCP\node_modules\basic-ftp\dist\Client.js:496:13)
    at async file:///C:/Users/steph/Documents/Git%20Projects/FlowdexMCP/index.js:1791:21
[Fatal Tool Error] ftp_list: Error: None of the available transfer strategies work. Last error response was 'Error: Client is closed because Timeout (control socket)'.
    at Client.prepareTransfer (C:\Users\steph\Documents\Git Projects\FlowdexMCP\node_modules\basic-ftp\dist\Client.js:721:19)
    at process.processTicksAndRejections (node:internal/process/task_queues:105:5)
    at async Client.list (C:\Users\steph\Documents\Git Projects\FlowdexMCP\node_modules\basic-ftp\dist\Client.js:496:13)
    at async file:///C:/Users/steph/Documents/Git%20Projects/FlowdexMCP/index.js:1791:21
[Fatal Tool Error] ftp_list: Error: None of the available transfer strategies work. Last error response was 'Error: Client is closed because Timeout (control socket)'.
    at Client.prepareTransfer (C:\Users\steph\Documents\Git Projects\FlowdexMCP\node_modules\basic-ftp\dist\Client.js:721:19)
    at process.processTicksAndRejections (node:internal/process/task_queues:105:5)
    at async Client.list (C:\Users\steph\Documents\Git Projects\FlowdexMCP\node_modules\basic-ftp\dist\Client.js:496:13)
    at async file:///C:/Users/steph/Documents/Git%20Projects/FlowdexMCP/index.js:1791:21
[Fatal Tool Error] ftp_list: Error: None of the available transfer strategies work. Last error response was 'Error: Client is closed because Timeout (control socket)'.
    at Client.prepareTransfer (C:\Users\steph\Documents\Git Projects\FlowdexMCP\node_modules\basic-ftp\dist\Client.js:721:19)
    at process.processTicksAndRejections (node:internal/process/task_queues:105:5)
    at async Client.list (C:\Users\steph\Documents\Git Projects\FlowdexMCP\node_modules\basic-ftp\dist\Client.js:496:13)
    at async file:///C:/Users/steph/Documents/Git%20Projects/FlowdexMCP/index.js:1791:21
[Fatal Tool Error] ftp_list: Error: None of the available transfer strategies work. Last error response was 'Error: Client is closed because Timeout (control socket)'.
    at Client.prepareTransfer (C:\Users\steph\Documents\Git Projects\FlowdexMCP\node_modules\basic-ftp\dist\Client.js:721:19)
    at process.processTicksAndRejections (node:internal/process/task_queues:105:5)
    at async Client.list (C:\Users\steph\Documents\Git Projects\FlowdexMCP\node_modules\basic-ftp\dist\Client.js:496:13)
    at async file:///C:/Users/steph/Documents/Git%20Projects/FlowdexMCP/index.js:1791:21

[Fatal Tool Error] ftp_list: Error: None of the available transfer strategies work. Last error response was 'Error: Client is closed because Timeout (control socket)'.
    at Client.prepareTransfer (C:\Users\steph\Documents\Git Projects\FlowdexMCP\node_modules\basic-ftp\dist\Client.js:721:19)
    at process.processTicksAndRejections (node:internal/process/task_queues:105:5)
    at async Client.list (C:\Users\steph\Documents\Git Projects\FlowdexMCP\node_modules\basic-ftp\dist\Client.js:496:13)
    at async file:///C:/Users/steph/Documents/Git%20Projects/FlowdexMCP/index.js:1791:21
[Fatal Tool Error] ftp_list: Error: None of the available transfer strategies work. Last error response was 'Error: Client is closed because Timeout (control socket)'.
    at Client.prepareTransfer (C:\Users\steph\Documents\Git Projects\FlowdexMCP\node_modules\basic-ftp\dist\Client.js:721:19)
    at process.processTicksAndRejections (node:internal/process/task_queues:105:5)
    at async Client.list (C:\Users\steph\Documents\Git Projects\FlowdexMCP\node_modules\basic-ftp\dist\Client.js:496:13)
    at async file:///C:/Users/steph/Documents/Git%20Projects/FlowdexMCP/index.js:1791:21
[Fatal Tool Error] ftp_list: Error: None of the available transfer strategies work. Last error response was 'Error: Client is closed because Timeout (control socket)'.
    at Client.prepareTransfer (C:\Users\steph\Documents\Git Projects\FlowdexMCP\node_modules\basic-ftp\dist\Client.js:721:19)
    at process.processTicksAndRejections (node:internal/process/task_queues:105:5)
    at async Client.list (C:\Users\steph\Documents\Git Projects\FlowdexMCP\node_modules\basic-ftp\dist\Client.js:496:13)
    at async file:///C:/Users/steph/Documents/Git%20Projects/FlowdexMCP/index.js:1791:21
[Fatal Tool Error] ftp_list: Error: None of the available transfer strategies work. Last error response was 'Error: Client is closed because Timeout (control socket)'.
    at Client.prepareTransfer (C:\Users\steph\Documents\Git Projects\FlowdexMCP\node_modules\basic-ftp\dist\Client.js:721:19)
    at process.processTicksAndRejections (node:internal/process/task_queues:105:5)
    at async Client.list (C:\Users\steph\Documents\Git Projects\FlowdexMCP\node_modules\basic-ftp\dist\Client.js:496:13)
    at async file:///C:/Users/steph/Documents/Git%20Projects/FlowdexMCP/index.js:1791:21
[Fatal Tool Error] ftp_list: Error: None of the available transfer strategies work. Last error response was 'Error: Client is closed because Timeout (control socket)'.
    at Client.prepareTransfer (C:\Users\steph\Documents\Git Projects\FlowdexMCP\node_modules\basic-ftp\dist\Client.js:721:19)
    at process.processTicksAndRejections (node:internal/process/task_queues:105:5)
    at async Client.list (C:\Users\steph\Documents\Git Projects\FlowdexMCP\node_modules\basic-ftp\dist\Client.js:496:13)
    at async file:///C:/Users/steph/Documents/Git%20Projects/FlowdexMCP/index.js:1791:21

[Fatal Tool Error] ftp_list: Error: None of the available transfer strategies work. Last error response was 'Error: Client is closed because Timeout (control socket)'.
    at Client.prepareTransfer (C:\Users\steph\Documents\Git Projects\FlowdexMCP\node_modules\basic-ftp\dist\Client.js:721:19)
    at process.processTicksAndRejections (node:internal/process/task_queues:105:5)
    at async Client.list (C:\Users\steph\Documents\Git Projects\FlowdexMCP\node_modules\basic-ftp\dist\Client.js:496:13)
    at async file:///C:/Users/steph/Documents/Git%20Projects/FlowdexMCP/index.js:1791:21
[Fatal Tool Error] ftp_list: Error: None of the available transfer strategies work. Last error response was 'Error: Client is closed because Timeout (control socket)'.
    at Client.prepareTransfer (C:\Users\steph\Documents\Git Projects\FlowdexMCP\node_modules\basic-ftp\dist\Client.js:721:19)
    at process.processTicksAndRejections (node:internal/process/task_queues:105:5)
    at async Client.list (C:\Users\steph\Documents\Git Projects\FlowdexMCP\node_modules\basic-ftp\dist\Client.js:496:13)
    at async file:///C:/Users/steph/Documents/Git%20Projects/FlowdexMCP/index.js:1791:21
[Fatal Tool Error] ftp_list: Error: None of the available transfer strategies work. Last error response was 'Error: Client is closed because Timeout (control socket)'.
    at Client.prepareTransfer (C:\Users\steph\Documents\Git Projects\FlowdexMCP\node_modules\basic-ftp\dist\Client.js:721:19)
    at process.processTicksAndRejections (node:internal/process/task_queues:105:5)
    at async Client.list (C:\Users\steph\Documents\Git Projects\FlowdexMCP\node_modules\basic-ftp\dist\Client.js:496:13)
    at async file:///C:/Users/steph/Documents/Git%20Projects/FlowdexMCP/index.js:1791:21
[Fatal Tool Error] ftp_list: Error: None of the available transfer strategies work. Last error response was 'Error: Client is closed because Timeout (control socket)'.
    at Client.prepareTransfer (C:\Users\steph\Documents\Git Projects\FlowdexMCP\node_modules\basic-ftp\dist\Client.js:721:19)
    at process.processTicksAndRejections (node:internal/process/task_queues:105:5)
    at async Client.list (C:\Users\steph\Documents\Git Projects\FlowdexMCP\node_modules\basic-ftp\dist\Client.js:496:13)
    at async file:///C:/Users/steph/Documents/Git%20Projects/FlowdexMCP/index.js:1791:21
[Fatal Tool Error] ftp_list: Error: None of the available transfer strategies work. Last error response was 'Error: Client is closed because Timeout (control socket)'.
    at Client.prepareTransfer (C:\Users\steph\Documents\Git Projects\FlowdexMCP\node_modules\basic-ftp\dist\Client.js:721:19)
    at process.processTicksAndRejections (node:internal/process/task_queues:105:5)
    at async Client.list (C:\Users\steph\Documents\Git Projects\FlowdexMCP\node_modules\basic-ftp\dist\Client.js:496:13)
    at async file:///C:/Users/steph/Documents/Git%20Projects/FlowdexMCP/index.js:1791:21

[Fatal Tool Error] ftp_list: Error: None of the available transfer strategies work. Last error response was 'Error: Client is closed because Timeout (control socket)'.
    at Client.prepareTransfer (C:\Users\steph\Documents\Git Projects\FlowdexMCP\node_modules\basic-ftp\dist\Client.js:721:19)
    at process.processTicksAndRejections (node:internal/process/task_queues:105:5)
    at async Client.list (C:\Users\steph\Documents\Git Projects\FlowdexMCP\node_modules\basic-ftp\dist\Client.js:496:13)
    at async file:///C:/Users/steph/Documents/Git%20Projects/FlowdexMCP/index.js:1791:21
[Fatal Tool Error] ftp_list: Error: None of the available transfer strategies work. Last error response was 'Error: Client is closed because Timeout (control socket)'.
    at Client.prepareTransfer (C:\Users\steph\Documents\Git Projects\FlowdexMCP\node_modules\basic-ftp\dist\Client.js:721:19)
    at process.processTicksAndRejections (node:internal/process/task_queues:105:5)
    at async Client.list (C:\Users\steph\Documents\Git Projects\FlowdexMCP\node_modules\basic-ftp\dist\Client.js:496:13)
    at async file:///C:/Users/steph/Documents/Git%20Projects/FlowdexMCP/index.js:1791:21
[Fatal Tool Error] ftp_list: Error: None of the available transfer strategies work. Last error response was 'Error: Client is closed because Timeout (control socket)'.
    at Client.prepareTransfer (C:\Users\steph\Documents\Git Projects\FlowdexMCP\node_modules\basic-ftp\dist\Client.js:721:19)
    at process.processTicksAndRejections (node:internal/process/task_queues:105:5)
    at async Client.list (C:\Users\steph\Documents\Git Projects\FlowdexMCP\node_modules\basic-ftp\dist\Client.js:496:13)
    at async file:///C:/Users/steph/Documents/Git%20Projects/FlowdexMCP/index.js:1791:21
[Fatal Tool Error] ftp_list: Error: None of the available transfer strategies work. Last error response was 'Error: Client is closed because Timeout (control socket)'.
    at Client.prepareTransfer (C:\Users\steph\Documents\Git Projects\FlowdexMCP\node_modules\basic-ftp\dist\Client.js:721:19)
    at process.processTicksAndRejections (node:internal/process/task_queues:105:5)
    at async Client.list (C:\Users\steph\Documents\Git Projects\FlowdexMCP\node_modules\basic-ftp\dist\Client.js:496:13)
    at async file:///C:/Users/steph/Documents/Git%20Projects/FlowdexMCP/index.js:1791:21
[Fatal Tool Error] ftp_list: Error: None of the available transfer strategies work. Last error response was 'Error: Client is closed because Timeout (control socket)'.
    at Client.prepareTransfer (C:\Users\steph\Documents\Git Projects\FlowdexMCP\node_modules\basic-ftp\dist\Client.js:721:19)
    at process.processTicksAndRejections (node:internal/process/task_queues:105:5)
    at async Client.list (C:\Users\steph\Documents\Git Projects\FlowdexMCP\node_modules\basic-ftp\dist\Client.js:496:13)
    at async file:///C:/Users/steph/Documents/Git%20Projects/FlowdexMCP/index.js:1791:21

[Fatal Tool Error] ftp_list: Error: None of the available transfer strategies work. Last error response was 'Error: Client is closed because Timeout (control socket)'.
    at Client.prepareTransfer (C:\Users\steph\Documents\Git Projects\FlowdexMCP\node_modules\basic-ftp\dist\Client.js:721:19)
    at process.processTicksAndRejections (node:internal/process/task_queues:105:5)
    at async Client.list (C:\Users\steph\Documents\Git Projects\FlowdexMCP\node_modules\basic-ftp\dist\Client.js:496:13)
    at async file:///C:/Users/steph/Documents/Git%20Projects/FlowdexMCP/index.js:1791:21
[Fatal Tool Error] ftp_list: Error: None of the available transfer strategies work. Last error response was 'Error: Client is closed because Timeout (control socket)'.
    at Client.prepareTransfer (C:\Users\steph\Documents\Git Projects\FlowdexMCP\node_modules\basic-ftp\dist\Client.js:721:19)
    at process.processTicksAndRejections (node:internal/process/task_queues:105:5)
    at async Client.list (C:\Users\steph\Documents\Git Projects\FlowdexMCP\node_modules\basic-ftp\dist\Client.js:496:13)
    at async file:///C:/Users/steph/Documents/Git%20Projects/FlowdexMCP/index.js:1791:21
[Fatal Tool Error] ftp_list: Error: None of the available transfer strategies work. Last error response was 'Error: Client is closed because Timeout (control socket)'.
    at Client.prepareTransfer (C:\Users\steph\Documents\Git Projects\FlowdexMCP\node_modules\basic-ftp\dist\Client.js:721:19)
    at process.processTicksAndRejections (node:internal/process/task_queues:105:5)
    at async Client.list (C:\Users\steph\Documents\Git Projects\FlowdexMCP\node_modules\basic-ftp\dist\Client.js:496:13)
    at async file:///C:/Users/steph/Documents/Git%20Projects/FlowdexMCP/index.js:1791:21
[Fatal Tool Error] ftp_list: Error: None of the available transfer strategies work. Last error response was 'Error: Client is closed because Timeout (control socket)'.
    at Client.prepareTransfer (C:\Users\steph\Documents\Git Projects\FlowdexMCP\node_modules\basic-ftp\dist\Client.js:721:19)
    at process.processTicksAndRejections (node:internal/process/task_queues:105:5)
    at async Client.list (C:\Users\steph\Documents\Git Projects\FlowdexMCP\node_modules\basic-ftp\dist\Client.js:496:13)
    at async file:///C:/Users/steph/Documents/Git%20Projects/FlowdexMCP/index.js:1791:21
[Fatal Tool Error] ftp_list: Error: None of the available transfer strategies work. Last error response was 'Error: Client is closed because Timeout (control socket)'.
    at Client.prepareTransfer (C:\Users\steph\Documents\Git Projects\FlowdexMCP\node_modules\basic-ftp\dist\Client.js:721:19)
    at process.processTicksAndRejections (node:internal/process/task_queues:105:5)
    at async Client.list (C:\Users\steph\Documents\Git Projects\FlowdexMCP\node_modules\basic-ftp\dist\Client.js:496:13)
    at async file:///C:/Users/steph/Documents/Git%20Projects/FlowdexMCP/index.js:1791:21

[Fatal Tool Error] ftp_list: Error: None of the available transfer strategies work. Last error response was 'Error: Client is closed because Timeout (control socket)'.
    at Client.prepareTransfer (C:\Users\steph\Documents\Git Projects\FlowdexMCP\node_modules\basic-ftp\dist\Client.js:721:19)
    at process.processTicksAndRejections (node:internal/process/task_queues:105:5)
    at async Client.list (C:\Users\steph\Documents\Git Projects\FlowdexMCP\node_modules\basic-ftp\dist\Client.js:496:13)
    at async file:///C:/Users/steph/Documents/Git%20Projects/FlowdexMCP/index.js:1791:21
[Fatal Tool Error] ftp_list: Error: None of the available transfer strategies work. Last error response was 'Error: Client is closed because Timeout (control socket)'.
    at Client.prepareTransfer (C:\Users\steph\Documents\Git Projects\FlowdexMCP\node_modules\basic-ftp\dist\Client.js:721:19)
    at process.processTicksAndRejections (node:internal/process/task_queues:105:5)
    at async Client.list (C:\Users\steph\Documents\Git Projects\FlowdexMCP\node_modules\basic-ftp\dist\Client.js:496:13)
    at async file:///C:/Users/steph/Documents/Git%20Projects/FlowdexMCP/index.js:1791:21
[Fatal Tool Error] ftp_list: Error: None of the available transfer strategies work. Last error response was 'Error: Client is closed because Timeout (control socket)'.
    at Client.prepareTransfer (C:\Users\steph\Documents\Git Projects\FlowdexMCP\node_modules\basic-ftp\dist\Client.js:721:19)
    at process.processTicksAndRejections (node:internal/process/task_queues:105:5)
    at async Client.list (C:\Users\steph\Documents\Git Projects\FlowdexMCP\node_modules\basic-ftp\dist\Client.js:496:13)
    at async file:///C:/Users/steph/Documents/Git%20Projects/FlowdexMCP/index.js:1791:21
[Fatal Tool Error] ftp_list: Error: None of the available transfer strategies work. Last error response was 'Error: Client is closed because Timeout (control socket)'.
    at Client.prepareTransfer (C:\Users\steph\Documents\Git Projects\FlowdexMCP\node_modules\basic-ftp\dist\Client.js:721:19)
    at process.processTicksAndRejections (node:internal/process/task_queues:105:5)
    at async Client.list (C:\Users\steph\Documents\Git Projects\FlowdexMCP\node_modules\basic-ftp\dist\Client.js:496:13)
    at async file:///C:/Users/steph/Documents/Git%20Projects/FlowdexMCP/index.js:1791:21
[Fatal Tool Error] ftp_list: Error: None of the available transfer strategies work. Last error response was 'Error: Client is closed because Timeout (control socket)'.
    at Client.prepareTransfer (C:\Users\steph\Documents\Git Projects\FlowdexMCP\node_modules\basic-ftp\dist\Client.js:721:19)
    at process.processTicksAndRejections (node:internal/process/task_queues:105:5)
    at async Client.list (C:\Users\steph\Documents\Git Projects\FlowdexMCP\node_modules\basic-ftp\dist\Client.js:496:13)
    at async file:///C:/Users/steph/Documents/Git%20Projects/FlowdexMCP/index.js:1791:21

[Fatal Tool Error] ftp_list: Error: None of the available transfer strategies work. Last error response was 'Error: Client is closed because Timeout (control socket)'.
    at Client.prepareTransfer (C:\Users\steph\Documents\Git Projects\FlowdexMCP\node_modules\basic-ftp\dist\Client.js:721:19)
    at process.processTicksAndRejections (node:internal/process/task_queues:105:5)
    at async Client.list (C:\Users\steph\Documents\Git Projects\FlowdexMCP\node_modules\basic-ftp\dist\Client.js:496:13)
    at async file:///C:/Users/steph/Documents/Git%20Projects/FlowdexMCP/index.js:1791:21
[Fatal Tool Error] ftp_list: Error: None of the available transfer strategies work. Last error response was 'Error: Client is closed because Timeout (control socket)'.
    at Client.prepareTransfer (C:\Users\steph\Documents\Git Projects\FlowdexMCP\node_modules\basic-ftp\dist\Client.js:721:19)
    at process.processTicksAndRejections (node:internal/process/task_queues:105:5)
    at async Client.list (C:\Users\steph\Documents\Git Projects\FlowdexMCP\node_modules\basic-ftp\dist\Client.js:496:13)
    at async file:///C:/Users/steph/Documents/Git%20Projects/FlowdexMCP/index.js:1791:21
[Fatal Tool Error] ftp_list: Error: None of the available transfer strategies work. Last error response was 'Error: Client is closed because Timeout (control socket)'.
    at Client.prepareTransfer (C:\Users\steph\Documents\Git Projects\FlowdexMCP\node_modules\basic-ftp\dist\Client.js:721:19)
    at process.processTicksAndRejections (node:internal/process/task_queues:105:5)
    at async Client.list (C:\Users\steph\Documents\Git Projects\FlowdexMCP\node_modules\basic-ftp\dist\Client.js:496:13)
    at async file:///C:/Users/steph/Documents/Git%20Projects/FlowdexMCP/index.js:1791:21
[Fatal Tool Error] ftp_list: Error: None of the available transfer strategies work. Last error response was 'Error: Client is closed because Timeout (control socket)'.
    at Client.prepareTransfer (C:\Users\steph\Documents\Git Projects\FlowdexMCP\node_modules\basic-ftp\dist\Client.js:721:19)
    at process.processTicksAndRejections (node:internal/process/task_queues:105:5)
    at async Client.list (C:\Users\steph\Documents\Git Projects\FlowdexMCP\node_modules\basic-ftp\dist\Client.js:496:13)
    at async file:///C:/Users/steph/Documents/Git%20Projects/FlowdexMCP/index.js:1791:21
[Fatal Tool Error] ftp_list: Error: None of the available transfer strategies work. Last error response was 'Error: Client is closed because Timeout (control socket)'.
    at Client.prepareTransfer (C:\Users\steph\Documents\Git Projects\FlowdexMCP\node_modules\basic-ftp\dist\Client.js:721:19)
    at process.processTicksAndRejections (node:internal/process/task_queues:105:5)
    at async Client.list (C:\Users\steph\Documents\Git Projects\FlowdexMCP\node_modules\basic-ftp\dist\Client.js:496:13)
    at async file:///C:/Users/steph/Documents/Git%20Projects/FlowdexMCP/index.js:1791:21

[Fatal Tool Error] ftp_list: Error: None of the available transfer strategies work. Last error response was 'Error: Client is closed because Timeout (control socket)'.
    at Client.prepareTransfer (C:\Users\steph\Documents\Git Projects\FlowdexMCP\node_modules\basic-ftp\dist\Client.js:721:19)
    at process.processTicksAndRejections (node:internal/process/task_queues:105:5)
    at async Client.list (C:\Users\steph\Documents\Git Projects\FlowdexMCP\node_modules\basic-ftp\dist\Client.js:496:13)
    at async file:///C:/Users/steph/Documents/Git%20Projects/FlowdexMCP/index.js:1791:21
[Fatal Tool Error] ftp_list: Error: None of the available transfer strategies work. Last error response was 'Error: Client is closed because Timeout (control socket)'.
    at Client.prepareTransfer (C:\Users\steph\Documents\Git Projects\FlowdexMCP\node_modules\basic-ftp\dist\Client.js:721:19)
    at process.processTicksAndRejections (node:internal/process/task_queues:105:5)
    at async Client.list (C:\Users\steph\Documents\Git Projects\FlowdexMCP\node_modules\basic-ftp\dist\Client.js:496:13)
    at async file:///C:/Users/steph/Documents/Git%20Projects/FlowdexMCP/index.js:1791:21
[Fatal Tool Error] ftp_list: Error: None of the available transfer strategies work. Last error response was 'Error: Client is closed because Timeout (control socket)'.
    at Client.prepareTransfer (C:\Users\steph\Documents\Git Projects\FlowdexMCP\node_modules\basic-ftp\dist\Client.js:721:19)
    at process.processTicksAndRejections (node:internal/process/task_queues:105:5)
    at async Client.list (C:\Users\steph\Documents\Git Projects\FlowdexMCP\node_modules\basic-ftp\dist\Client.js:496:13)
    at async file:///C:/Users/steph/Documents/Git%20Projects/FlowdexMCP/index.js:1791:21
[Fatal Tool Error] ftp_list: Error: None of the available transfer strategies work. Last error response was 'Error: Client is closed because Timeout (control socket)'.
    at Client.prepareTransfer (C:\Users\steph\Documents\Git Projects\FlowdexMCP\node_modules\basic-ftp\dist\Client.js:721:19)
    at process.processTicksAndRejections (node:internal/process/task_queues:105:5)
    at async Client.list (C:\Users\steph\Documents\Git Projects\FlowdexMCP\node_modules\basic-ftp\dist\Client.js:496:13)
    at async file:///C:/Users/steph/Documents/Git%20Projects/FlowdexMCP/index.js:1791:21
[Fatal Tool Error] ftp_list: Error: None of the available transfer strategies work. Last error response was 'Error: Client is closed because Timeout (control socket)'.
    at Client.prepareTransfer (C:\Users\steph\Documents\Git Projects\FlowdexMCP\node_modules\basic-ftp\dist\Client.js:721:19)
    at process.processTicksAndRejections (node:internal/process/task_queues:105:5)
    at async Client.list (C:\Users\steph\Documents\Git Projects\FlowdexMCP\node_modules\basic-ftp\dist\Client.js:496:13)
    at async file:///C:/Users/steph/Documents/Git%20Projects/FlowdexMCP/index.js:1791:21

[Fatal Tool Error] ftp_list: Error: None of the available transfer strategies work. Last error response was 'Error: Client is closed because Timeout (control socket)'.
    at Client.prepareTransfer (C:\Users\steph\Documents\Git Projects\FlowdexMCP\node_modules\basic-ftp\dist\Client.js:721:19)
    at process.processTicksAndRejections (node:internal/process/task_queues:105:5)
    at async Client.list (C:\Users\steph\Documents\Git Projects\FlowdexMCP\node_modules\basic-ftp\dist\Client.js:496:13)
    at async file:///C:/Users/steph/Documents/Git%20Projects/FlowdexMCP/index.js:1791:21
[Fatal Tool Error] ftp_list: Error: None of the available transfer strategies work. Last error response was 'Error: Client is closed because Timeout (control socket)'.
    at Client.prepareTransfer (C:\Users\steph\Documents\Git Projects\FlowdexMCP\node_modules\basic-ftp\dist\Client.js:721:19)
    at process.processTicksAndRejections (node:internal/process/task_queues:105:5)
    at async Client.list (C:\Users\steph\Documents\Git Projects\FlowdexMCP\node_modules\basic-ftp\dist\Client.js:496:13)
    at async file:///C:/Users/steph/Documents/Git%20Projects/FlowdexMCP/index.js:1791:21
[Fatal Tool Error] ftp_list: Error: None of the available transfer strategies work. Last error response was 'Error: Client is closed because Timeout (control socket)'.
    at Client.prepareTransfer (C:\Users\steph\Documents\Git Projects\FlowdexMCP\node_modules\basic-ftp\dist\Client.js:721:19)
    at process.processTicksAndRejections (node:internal/process/task_queues:105:5)
    at async Client.list (C:\Users\steph\Documents\Git Projects\FlowdexMCP\node_modules\basic-ftp\dist\Client.js:496:13)
    at async file:///C:/Users/steph/Documents/Git%20Projects/FlowdexMCP/index.js:1791:21
[Fatal Tool Error] ftp_list: Error: None of the available transfer strategies work. Last error response was 'Error: Client is closed because Timeout (control socket)'.
    at Client.prepareTransfer (C:\Users\steph\Documents\Git Projects\FlowdexMCP\node_modules\basic-ftp\dist\Client.js:721:19)
    at process.processTicksAndRejections (node:internal/process/task_queues:105:5)
    at async Client.list (C:\Users\steph\Documents\Git Projects\FlowdexMCP\node_modules\basic-ftp\dist\Client.js:496:13)
    at async file:///C:/Users/steph/Documents/Git%20Projects/FlowdexMCP/index.js:1791:21
[Fatal Tool Error] ftp_list: Error: None of the available transfer strategies work. Last error response was 'Error: Client is closed because Timeout (control socket)'.
    at Client.prepareTransfer (C:\Users\steph\Documents\Git Projects\FlowdexMCP\node_modules\basic-ftp\dist\Client.js:721:19)
    at process.processTicksAndRejections (node:internal/process/task_queues:105:5)
    at async Client.list (C:\Users\steph\Documents\Git Projects\FlowdexMCP\node_modules\basic-ftp\dist\Client.js:496:13)
    at async file:///C:/Users/steph/Documents/Git%20Projects/FlowdexMCP/index.js:1791:21

[Fatal Tool Error] ftp_list: Error: None of the available transfer strategies work. Last error response was 'Error: Client is closed because Timeout (control socket)'.
    at Client.prepareTransfer (C:\Users\steph\Documents\Git Projects\FlowdexMCP\node_modules\basic-ftp\dist\Client.js:721:19)
    at process.processTicksAndRejections (node:internal/process/task_queues:105:5)
    at async Client.list (C:\Users\steph\Documents\Git Projects\FlowdexMCP\node_modules\basic-ftp\dist\Client.js:496:13)
    at async file:///C:/Users/steph/Documents/Git%20Projects/FlowdexMCP/index.js:1791:21
[Fatal Tool Error] ftp_list: Error: None of the available transfer strategies work. Last error response was 'Error: Client is closed because Timeout (control socket)'.
    at Client.prepareTransfer (C:\Users\steph\Documents\Git Projects\FlowdexMCP\node_modules\basic-ftp\dist\Client.js:721:19)
    at process.processTicksAndRejections (node:internal/process/task_queues:105:5)
    at async Client.list (C:\Users\steph\Documents\Git Projects\FlowdexMCP\node_modules\basic-ftp\dist\Client.js:496:13)
    at async file:///C:/Users/steph/Documents/Git%20Projects/FlowdexMCP/index.js:1791:21
[Fatal Tool Error] ftp_list: Error: None of the available transfer strategies work. Last error response was 'Error: Client is closed because Timeout (control socket)'.
    at Client.prepareTransfer (C:\Users\steph\Documents\Git Projects\FlowdexMCP\node_modules\basic-ftp\dist\Client.js:721:19)
    at process.processTicksAndRejections (node:internal/process/task_queues:105:5)
    at async Client.list (C:\Users\steph\Documents\Git Projects\FlowdexMCP\node_modules\basic-ftp\dist\Client.js:496:13)
    at async file:///C:/Users/steph/Documents/Git%20Projects/FlowdexMCP/index.js:1791:21
[Fatal Tool Error] ftp_list: Error: None of the available transfer strategies work. Last error response was 'Error: Client is closed because Timeout (control socket)'.
    at Client.prepareTransfer (C:\Users\steph\Documents\Git Projects\FlowdexMCP\node_modules\basic-ftp\dist\Client.js:721:19)
    at process.processTicksAndRejections (node:internal/process/task_queues:105:5)
    at async Client.list (C:\Users\steph\Documents\Git Projects\FlowdexMCP\node_modules\basic-ftp\dist\Client.js:496:13)
    at async file:///C:/Users/steph/Documents/Git%20Projects/FlowdexMCP/index.js:1791:21
[Fatal Tool Error] ftp_list: Error: None of the available transfer strategies work. Last error response was 'Error: Client is closed because Timeout (control socket)'.
    at Client.prepareTransfer (C:\Users\steph\Documents\Git Projects\FlowdexMCP\node_modules\basic-ftp\dist\Client.js:721:19)
    at process.processTicksAndRejections (node:internal/process/task_queues:105:5)
    at async Client.list (C:\Users\steph\Documents\Git Projects\FlowdexMCP\node_modules\basic-ftp\dist\Client.js:496:13)
    at async file:///C:/Users/steph/Documents/Git%20Projects/FlowdexMCP/index.js:1791:21

[Fatal Tool Error] ftp_list: Error: None of the available transfer strategies work. Last error response was 'Error: Client is closed because Timeout (control socket)'.
    at Client.prepareTransfer (C:\Users\steph\Documents\Git Projects\FlowdexMCP\node_modules\basic-ftp\dist\Client.js:721:19)
    at process.processTicksAndRejections (node:internal/process/task_queues:105:5)
    at async Client.list (C:\Users\steph\Documents\Git Projects\FlowdexMCP\node_modules\basic-ftp\dist\Client.js:496:13)
    at async file:///C:/Users/steph/Documents/Git%20Projects/FlowdexMCP/index.js:1791:21
[Fatal Tool Error] ftp_list: Error: None of the available transfer strategies work. Last error response was 'Error: Client is closed because Timeout (control socket)'.
    at Client.prepareTransfer (C:\Users\steph\Documents\Git Projects\FlowdexMCP\node_modules\basic-ftp\dist\Client.js:721:19)
    at process.processTicksAndRejections (node:internal/process/task_queues:105:5)
    at async Client.list (C:\Users\steph\Documents\Git Projects\FlowdexMCP\node_modules\basic-ftp\dist\Client.js:496:13)
    at async file:///C:/Users/steph/Documents/Git%20Projects/FlowdexMCP/index.js:1791:21
[Fatal Tool Error] ftp_list: Error: None of the available transfer strategies work. Last error response was 'Error: Client is closed because Timeout (control socket)'.
    at Client.prepareTransfer (C:\Users\steph\Documents\Git Projects\FlowdexMCP\node_modules\basic-ftp\dist\Client.js:721:19)
    at process.processTicksAndRejections (node:internal/process/task_queues:105:5)
    at async Client.list (C:\Users\steph\Documents\Git Projects\FlowdexMCP\node_modules\basic-ftp\dist\Client.js:496:13)
    at async file:///C:/Users/steph/Documents/Git%20Projects/FlowdexMCP/index.js:1791:21
[Fatal Tool Error] ftp_list: Error: None of the available transfer strategies work. Last error response was 'Error: Client is closed because Timeout (control socket)'.
    at Client.prepareTransfer (C:\Users\steph\Documents\Git Projects\FlowdexMCP\node_modules\basic-ftp\dist\Client.js:721:19)
    at process.processTicksAndRejections (node:internal/process/task_queues:105:5)
    at async Client.list (C:\Users\steph\Documents\Git Projects\FlowdexMCP\node_modules\basic-ftp\dist\Client.js:496:13)
    at async file:///C:/Users/steph/Documents/Git%20Projects/FlowdexMCP/index.js:1791:21
[Fatal Tool Error] ftp_list: Error: None of the available transfer strategies work. Last error response was 'Error: Client is closed because Timeout (control socket)'.
    at Client.prepareTransfer (C:\Users\steph\Documents\Git Projects\FlowdexMCP\node_modules\basic-ftp\dist\Client.js:721:19)
    at process.processTicksAndRejections (node:internal/process/task_queues:105:5)
    at async Client.list (C:\Users\steph\Documents\Git Projects\FlowdexMCP\node_modules\basic-ftp\dist\Client.js:496:13)
    at async file:///C:/Users/steph/Documents/Git%20Projects/FlowdexMCP/index.js:1791:21

[Fatal Tool Error] ftp_list: Error: None of the available transfer strategies work. Last error response was 'Error: Client is closed because Timeout (control socket)'.
    at Client.prepareTransfer (C:\Users\steph\Documents\Git Projects\FlowdexMCP\node_modules\basic-ftp\dist\Client.js:721:19)
    at process.processTicksAndRejections (node:internal/process/task_queues:105:5)
    at async Client.list (C:\Users\steph\Documents\Git Projects\FlowdexMCP\node_modules\basic-ftp\dist\Client.js:496:13)
    at async file:///C:/Users/steph/Documents/Git%20Projects/FlowdexMCP/index.js:1791:21
[Fatal Tool Error] ftp_list: Error: None of the available transfer strategies work. Last error response was 'Error: Client is closed because Timeout (control socket)'.
    at Client.prepareTransfer (C:\Users\steph\Documents\Git Projects\FlowdexMCP\node_modules\basic-ftp\dist\Client.js:721:19)
    at process.processTicksAndRejections (node:internal/process/task_queues:105:5)
    at async Client.list (C:\Users\steph\Documents\Git Projects\FlowdexMCP\node_modules\basic-ftp\dist\Client.js:496:13)
    at async file:///C:/Users/steph/Documents/Git%20Projects/FlowdexMCP/index.js:1791:21
[Fatal Tool Error] ftp_list: Error: None of the available transfer strategies work. Last error response was 'Error: Client is closed because Timeout (control socket)'.
    at Client.prepareTransfer (C:\Users\steph\Documents\Git Projects\FlowdexMCP\node_modules\basic-ftp\dist\Client.js:721:19)
    at process.processTicksAndRejections (node:internal/process/task_queues:105:5)
    at async Client.list (C:\Users\steph\Documents\Git Projects\FlowdexMCP\node_modules\basic-ftp\dist\Client.js:496:13)
    at async file:///C:/Users/steph/Documents/Git%20Projects/FlowdexMCP/index.js:1791:21
[Fatal Tool Error] ftp_list: Error: None of the available transfer strategies work. Last error response was 'Error: Client is closed because Timeout (control socket)'.
    at Client.prepareTransfer (C:\Users\steph\Documents\Git Projects\FlowdexMCP\node_modules\basic-ftp\dist\Client.js:721:19)
    at process.processTicksAndRejections (node:internal/process/task_queues:105:5)
    at async Client.list (C:\Users\steph\Documents\Git Projects\FlowdexMCP\node_modules\basic-ftp\dist\Client.js:496:13)
    at async file:///C:/Users/steph/Documents/Git%20Projects/FlowdexMCP/index.js:1791:21
[Fatal Tool Error] ftp_list: Error: None of the available transfer strategies work. Last error response was 'Error: Client is closed because Timeout (control socket)'.
    at Client.prepareTransfer (C:\Users\steph\Documents\Git Projects\FlowdexMCP\node_modules\basic-ftp\dist\Client.js:721:19)
    at process.processTicksAndRejections (node:internal/process/task_queues:105:5)
    at async Client.list (C:\Users\steph\Documents\Git Projects\FlowdexMCP\node_modules\basic-ftp\dist\Client.js:496:13)
    at async file:///C:/Users/steph/Documents/Git%20Projects/FlowdexMCP/index.js:1791:21


stderr | Test/features.test.js > Enterprise Features & Edge Cases > Edge Cases > should handle spamming commands gracefully
[Fatal Tool Error] ftp_list: Error: None of the available transfer strategies work. Last error response was 'Error: Client is closed because Timeout (control socket)'.
    at Client.prepareTransfer (C:\Users\steph\Documents\Git Projects\FlowdexMCP\node_modules\basic-ftp\dist\Client.js:721:19)
    at process.processTicksAndRejections (node:internal/process/task_queues:105:5)
    at async Client.list (C:\Users\steph\Documents\Git Projects\FlowdexMCP\node_modules\basic-ftp\dist\Client.js:496:13)
    at async file:///C:/Users/steph/Documents/Git%20Projects/FlowdexMCP/index.js:1791:21
[Fatal Tool Error] ftp_list: Error: None of the available transfer strategies work. Last error response was 'Error: Client is closed because Timeout (control socket)'.
    at Client.prepareTransfer (C:\Users\steph\Documents\Git Projects\FlowdexMCP\node_modules\basic-ftp\dist\Client.js:721:19)
    at process.processTicksAndRejections (node:internal/process/task_queues:105:5)
    at async Client.list (C:\Users\steph\Documents\Git Projects\FlowdexMCP\node_modules\basic-ftp\dist\Client.js:496:13)
    at async file:///C:/Users/steph/Documents/Git%20Projects/FlowdexMCP/index.js:1791:21
[Fatal Tool Error] ftp_list: Error: None of the available transfer strategies work. Last error response was 'Error: Client is closed because Timeout (control socket)'.
    at Client.prepareTransfer (C:\Users\steph\Documents\Git Projects\FlowdexMCP\node_modules\basic-ftp\dist\Client.js:721:19)
    at process.processTicksAndRejections (node:internal/process/task_queues:105:5)
    at async Client.list (C:\Users\steph\Documents\Git Projects\FlowdexMCP\node_modules\basic-ftp\dist\Client.js:496:13)
    at async file:///C:/Users/steph/Documents/Git%20Projects/FlowdexMCP/index.js:1791:21
[Fatal Tool Error] ftp_list: Error: None of the available transfer strategies work. Last error response was 'Error: Client is closed because Timeout (control socket)'.
    at Client.prepareTransfer (C:\Users\steph\Documents\Git Projects\FlowdexMCP\node_modules\basic-ftp\dist\Client.js:721:19)
    at process.processTicksAndRejections (node:internal/process/task_queues:105:5)
    at async Client.list (C:\Users\steph\Documents\Git Projects\FlowdexMCP\node_modules\basic-ftp\dist\Client.js:496:13)
    at async file:///C:/Users/steph/Documents/Git%20Projects/FlowdexMCP/index.js:1791:21
[Fatal Tool Error] ftp_list: Error: None of the available transfer strategies work. Last error response was 'Error: Client is closed because Timeout (control socket)'.
    at Client.prepareTransfer (C:\Users\steph\Documents\Git Projects\FlowdexMCP\node_modules\basic-ftp\dist\Client.js:721:19)
    at process.processTicksAndRejections (node:internal/process/task_queues:105:5)
    at async Client.list (C:\Users\steph\Documents\Git Projects\FlowdexMCP\node_modules\basic-ftp\dist\Client.js:496:13)
    at async file:///C:/Users/steph/Documents/Git%20Projects/FlowdexMCP/index.js:1791:21

[Fatal Tool Error] ftp_list: Error: None of the available transfer strategies work. Last error response was 'Error: Client is closed because Timeout (control socket)'.
    at Client.prepareTransfer (C:\Users\steph\Documents\Git Projects\FlowdexMCP\node_modules\basic-ftp\dist\Client.js:721:19)
    at process.processTicksAndRejections (node:internal/process/task_queues:105:5)
    at async Client.list (C:\Users\steph\Documents\Git Projects\FlowdexMCP\node_modules\basic-ftp\dist\Client.js:496:13)
    at async file:///C:/Users/steph/Documents/Git%20Projects/FlowdexMCP/index.js:1791:21
[Fatal Tool Error] ftp_list: Error: None of the available transfer strategies work. Last error response was 'Error: Client is closed because Timeout (control socket)'.
    at Client.prepareTransfer (C:\Users\steph\Documents\Git Projects\FlowdexMCP\node_modules\basic-ftp\dist\Client.js:721:19)
    at process.processTicksAndRejections (node:internal/process/task_queues:105:5)
    at async Client.list (C:\Users\steph\Documents\Git Projects\FlowdexMCP\node_modules\basic-ftp\dist\Client.js:496:13)
    at async file:///C:/Users/steph/Documents/Git%20Projects/FlowdexMCP/index.js:1791:21
[Fatal Tool Error] ftp_list: Error: None of the available transfer strategies work. Last error response was 'Error: Client is closed because Timeout (control socket)'.
    at Client.prepareTransfer (C:\Users\steph\Documents\Git Projects\FlowdexMCP\node_modules\basic-ftp\dist\Client.js:721:19)
    at process.processTicksAndRejections (node:internal/process/task_queues:105:5)
    at async Client.list (C:\Users\steph\Documents\Git Projects\FlowdexMCP\node_modules\basic-ftp\dist\Client.js:496:13)
    at async file:///C:/Users/steph/Documents/Git%20Projects/FlowdexMCP/index.js:1791:21
[Fatal Tool Error] ftp_list: Error: None of the available transfer strategies work. Last error response was 'Error: Client is closed because Timeout (control socket)'.
    at Client.prepareTransfer (C:\Users\steph\Documents\Git Projects\FlowdexMCP\node_modules\basic-ftp\dist\Client.js:721:19)
    at process.processTicksAndRejections (node:internal/process/task_queues:105:5)
    at async Client.list (C:\Users\steph\Documents\Git Projects\FlowdexMCP\node_modules\basic-ftp\dist\Client.js:496:13)
    at async file:///C:/Users/steph/Documents/Git%20Projects/FlowdexMCP/index.js:1791:21
[Fatal Tool Error] ftp_list: Error: None of the available transfer strategies work. Last error response was 'Error: Client is closed because Timeout (control socket)'.
    at Client.prepareTransfer (C:\Users\steph\Documents\Git Projects\FlowdexMCP\node_modules\basic-ftp\dist\Client.js:721:19)
    at process.processTicksAndRejections (node:internal/process/task_queues:105:5)
    at async Client.list (C:\Users\steph\Documents\Git Projects\FlowdexMCP\node_modules\basic-ftp\dist\Client.js:496:13)
    at async file:///C:/Users/steph/Documents/Git%20Projects/FlowdexMCP/index.js:1791:21

[Fatal Tool Error] ftp_list: Error: None of the available transfer strategies work. Last error response was 'Error: Client is closed because Timeout (control socket)'.
    at Client.prepareTransfer (C:\Users\steph\Documents\Git Projects\FlowdexMCP\node_modules\basic-ftp\dist\Client.js:721:19)
    at process.processTicksAndRejections (node:internal/process/task_queues:105:5)
    at async Client.list (C:\Users\steph\Documents\Git Projects\FlowdexMCP\node_modules\basic-ftp\dist\Client.js:496:13)
    at async file:///C:/Users/steph/Documents/Git%20Projects/FlowdexMCP/index.js:1791:21
[Fatal Tool Error] ftp_list: Error: None of the available transfer strategies work. Last error response was 'Error: Client is closed because Timeout (control socket)'.
    at Client.prepareTransfer (C:\Users\steph\Documents\Git Projects\FlowdexMCP\node_modules\basic-ftp\dist\Client.js:721:19)
    at process.processTicksAndRejections (node:internal/process/task_queues:105:5)
    at async Client.list (C:\Users\steph\Documents\Git Projects\FlowdexMCP\node_modules\basic-ftp\dist\Client.js:496:13)
    at async file:///C:/Users/steph/Documents/Git%20Projects/FlowdexMCP/index.js:1791:21
[Fatal Tool Error] ftp_list: Error: None of the available transfer strategies work. Last error response was 'Error: Client is closed because Timeout (control socket)'.
    at Client.prepareTransfer (C:\Users\steph\Documents\Git Projects\FlowdexMCP\node_modules\basic-ftp\dist\Client.js:721:19)
    at process.processTicksAndRejections (node:internal/process/task_queues:105:5)
    at async Client.list (C:\Users\steph\Documents\Git Projects\FlowdexMCP\node_modules\basic-ftp\dist\Client.js:496:13)
    at async file:///C:/Users/steph/Documents/Git%20Projects/FlowdexMCP/index.js:1791:21
[Fatal Tool Error] ftp_list: Error: None of the available transfer strategies work. Last error response was 'Error: Client is closed because Timeout (control socket)'.
    at Client.prepareTransfer (C:\Users\steph\Documents\Git Projects\FlowdexMCP\node_modules\basic-ftp\dist\Client.js:721:19)
    at process.processTicksAndRejections (node:internal/process/task_queues:105:5)
    at async Client.list (C:\Users\steph\Documents\Git Projects\FlowdexMCP\node_modules\basic-ftp\dist\Client.js:496:13)
    at async file:///C:/Users/steph/Documents/Git%20Projects/FlowdexMCP/index.js:1791:21
[Fatal Tool Error] ftp_list: Error: None of the available transfer strategies work. Last error response was 'Error: Client is closed because Timeout (control socket)'.
    at Client.prepareTransfer (C:\Users\steph\Documents\Git Projects\FlowdexMCP\node_modules\basic-ftp\dist\Client.js:721:19)
    at process.processTicksAndRejections (node:internal/process/task_queues:105:5)
    at async Client.list (C:\Users\steph\Documents\Git Projects\FlowdexMCP\node_modules\basic-ftp\dist\Client.js:496:13)
    at async file:///C:/Users/steph/Documents/Git%20Projects/FlowdexMCP/index.js:1791:21

[Fatal Tool Error] ftp_list: Error: None of the available transfer strategies work. Last error response was 'Error: Client is closed because Timeout (control socket)'.
    at Client.prepareTransfer (C:\Users\steph\Documents\Git Projects\FlowdexMCP\node_modules\basic-ftp\dist\Client.js:721:19)
    at process.processTicksAndRejections (node:internal/process/task_queues:105:5)
    at async Client.list (C:\Users\steph\Documents\Git Projects\FlowdexMCP\node_modules\basic-ftp\dist\Client.js:496:13)
    at async file:///C:/Users/steph/Documents/Git%20Projects/FlowdexMCP/index.js:1791:21
[Fatal Tool Error] ftp_list: Error: None of the available transfer strategies work. Last error response was 'Error: Client is closed because Timeout (control socket)'.
    at Client.prepareTransfer (C:\Users\steph\Documents\Git Projects\FlowdexMCP\node_modules\basic-ftp\dist\Client.js:721:19)
    at process.processTicksAndRejections (node:internal/process/task_queues:105:5)
    at async Client.list (C:\Users\steph\Documents\Git Projects\FlowdexMCP\node_modules\basic-ftp\dist\Client.js:496:13)
    at async file:///C:/Users/steph/Documents/Git%20Projects/FlowdexMCP/index.js:1791:21
[Fatal Tool Error] ftp_list: Error: None of the available transfer strategies work. Last error response was 'Error: Client is closed because Timeout (control socket)'.
    at Client.prepareTransfer (C:\Users\steph\Documents\Git Projects\FlowdexMCP\node_modules\basic-ftp\dist\Client.js:721:19)
    at process.processTicksAndRejections (node:internal/process/task_queues:105:5)
    at async Client.list (C:\Users\steph\Documents\Git Projects\FlowdexMCP\node_modules\basic-ftp\dist\Client.js:496:13)
    at async file:///C:/Users/steph/Documents/Git%20Projects/FlowdexMCP/index.js:1791:21
[Fatal Tool Error] ftp_list: Error: None of the available transfer strategies work. Last error response was 'Error: Client is closed because Timeout (control socket)'.
    at Client.prepareTransfer (C:\Users\steph\Documents\Git Projects\FlowdexMCP\node_modules\basic-ftp\dist\Client.js:721:19)
    at process.processTicksAndRejections (node:internal/process/task_queues:105:5)
    at async Client.list (C:\Users\steph\Documents\Git Projects\FlowdexMCP\node_modules\basic-ftp\dist\Client.js:496:13)
    at async file:///C:/Users/steph/Documents/Git%20Projects/FlowdexMCP/index.js:1791:21
[Fatal Tool Error] ftp_list: Error: None of the available transfer strategies work. Last error response was 'Error: Client is closed because Timeout (control socket)'.
    at Client.prepareTransfer (C:\Users\steph\Documents\Git Projects\FlowdexMCP\node_modules\basic-ftp\dist\Client.js:721:19)
    at process.processTicksAndRejections (node:internal/process/task_queues:105:5)
    at async Client.list (C:\Users\steph\Documents\Git Projects\FlowdexMCP\node_modules\basic-ftp\dist\Client.js:496:13)
    at async file:///C:/Users/steph/Documents/Git%20Projects/FlowdexMCP/index.js:1791:21

[Fatal Tool Error] ftp_list: Error: None of the available transfer strategies work. Last error response was 'Error: Client is closed because Timeout (control socket)'.
    at Client.prepareTransfer (C:\Users\steph\Documents\Git Projects\FlowdexMCP\node_modules\basic-ftp\dist\Client.js:721:19)
    at process.processTicksAndRejections (node:internal/process/task_queues:105:5)
    at async Client.list (C:\Users\steph\Documents\Git Projects\FlowdexMCP\node_modules\basic-ftp\dist\Client.js:496:13)
    at async file:///C:/Users/steph/Documents/Git%20Projects/FlowdexMCP/index.js:1791:21
[Fatal Tool Error] ftp_list: Error: None of the available transfer strategies work. Last error response was 'Error: Client is closed because Timeout (control socket)'.
    at Client.prepareTransfer (C:\Users\steph\Documents\Git Projects\FlowdexMCP\node_modules\basic-ftp\dist\Client.js:721:19)
    at process.processTicksAndRejections (node:internal/process/task_queues:105:5)
    at async Client.list (C:\Users\steph\Documents\Git Projects\FlowdexMCP\node_modules\basic-ftp\dist\Client.js:496:13)
    at async file:///C:/Users/steph/Documents/Git%20Projects/FlowdexMCP/index.js:1791:21
[Fatal Tool Error] ftp_list: Error: None of the available transfer strategies work. Last error response was 'Error: Client is closed because Timeout (control socket)'.
    at Client.prepareTransfer (C:\Users\steph\Documents\Git Projects\FlowdexMCP\node_modules\basic-ftp\dist\Client.js:721:19)
    at process.processTicksAndRejections (node:internal/process/task_queues:105:5)
    at async Client.list (C:\Users\steph\Documents\Git Projects\FlowdexMCP\node_modules\basic-ftp\dist\Client.js:496:13)
    at async file:///C:/Users/steph/Documents/Git%20Projects/FlowdexMCP/index.js:1791:21
[Fatal Tool Error] ftp_list: Error: None of the available transfer strategies work. Last error response was 'Error: Client is closed because Timeout (control socket)'.
    at Client.prepareTransfer (C:\Users\steph\Documents\Git Projects\FlowdexMCP\node_modules\basic-ftp\dist\Client.js:721:19)
    at process.processTicksAndRejections (node:internal/process/task_queues:105:5)
    at async Client.list (C:\Users\steph\Documents\Git Projects\FlowdexMCP\node_modules\basic-ftp\dist\Client.js:496:13)
    at async file:///C:/Users/steph/Documents/Git%20Projects/FlowdexMCP/index.js:1791:21
[Fatal Tool Error] ftp_list: Error: None of the available transfer strategies work. Last error response was 'Error: Client is closed because Timeout (control socket)'.
    at Client.prepareTransfer (C:\Users\steph\Documents\Git Projects\FlowdexMCP\node_modules\basic-ftp\dist\Client.js:721:19)
    at process.processTicksAndRejections (node:internal/process/task_queues:105:5)
    at async Client.list (C:\Users\steph\Documents\Git Projects\FlowdexMCP\node_modules\basic-ftp\dist\Client.js:496:13)
    at async file:///C:/Users/steph/Documents/Git%20Projects/FlowdexMCP/index.js:1791:21

[Fatal Tool Error] ftp_list: Error: None of the available transfer strategies work. Last error response was 'Error: Client is closed because Timeout (control socket)'.
    at Client.prepareTransfer (C:\Users\steph\Documents\Git Projects\FlowdexMCP\node_modules\basic-ftp\dist\Client.js:721:19)
    at process.processTicksAndRejections (node:internal/process/task_queues:105:5)
    at async Client.list (C:\Users\steph\Documents\Git Projects\FlowdexMCP\node_modules\basic-ftp\dist\Client.js:496:13)
    at async file:///C:/Users/steph/Documents/Git%20Projects/FlowdexMCP/index.js:1791:21
[Fatal Tool Error] ftp_list: Error: None of the available transfer strategies work. Last error response was 'Error: Client is closed because Timeout (control socket)'.
    at Client.prepareTransfer (C:\Users\steph\Documents\Git Projects\FlowdexMCP\node_modules\basic-ftp\dist\Client.js:721:19)
    at process.processTicksAndRejections (node:internal/process/task_queues:105:5)
    at async Client.list (C:\Users\steph\Documents\Git Projects\FlowdexMCP\node_modules\basic-ftp\dist\Client.js:496:13)
    at async file:///C:/Users/steph/Documents/Git%20Projects/FlowdexMCP/index.js:1791:21
[Fatal Tool Error] ftp_list: Error: None of the available transfer strategies work. Last error response was 'Error: Client is closed because Timeout (control socket)'.
    at Client.prepareTransfer (C:\Users\steph\Documents\Git Projects\FlowdexMCP\node_modules\basic-ftp\dist\Client.js:721:19)
    at process.processTicksAndRejections (node:internal/process/task_queues:105:5)
    at async Client.list (C:\Users\steph\Documents\Git Projects\FlowdexMCP\node_modules\basic-ftp\dist\Client.js:496:13)
    at async file:///C:/Users/steph/Documents/Git%20Projects/FlowdexMCP/index.js:1791:21
[Fatal Tool Error] ftp_list: Error: None of the available transfer strategies work. Last error response was 'Error: Client is closed because Timeout (control socket)'.
    at Client.prepareTransfer (C:\Users\steph\Documents\Git Projects\FlowdexMCP\node_modules\basic-ftp\dist\Client.js:721:19)
    at process.processTicksAndRejections (node:internal/process/task_queues:105:5)
    at async Client.list (C:\Users\steph\Documents\Git Projects\FlowdexMCP\node_modules\basic-ftp\dist\Client.js:496:13)
    at async file:///C:/Users/steph/Documents/Git%20Projects/FlowdexMCP/index.js:1791:21
[Fatal Tool Error] ftp_list: Error: None of the available transfer strategies work. Last error response was 'Error: Client is closed because Timeout (control socket)'.
    at Client.prepareTransfer (C:\Users\steph\Documents\Git Projects\FlowdexMCP\node_modules\basic-ftp\dist\Client.js:721:19)
    at process.processTicksAndRejections (node:internal/process/task_queues:105:5)
    at async Client.list (C:\Users\steph\Documents\Git Projects\FlowdexMCP\node_modules\basic-ftp\dist\Client.js:496:13)
    at async file:///C:/Users/steph/Documents/Git%20Projects/FlowdexMCP/index.js:1791:21

[Fatal Tool Error] ftp_list: Error: None of the available transfer strategies work. Last error response was 'Error: Client is closed because Timeout (control socket)'.
    at Client.prepareTransfer (C:\Users\steph\Documents\Git Projects\FlowdexMCP\node_modules\basic-ftp\dist\Client.js:721:19)
    at process.processTicksAndRejections (node:internal/process/task_queues:105:5)
    at async Client.list (C:\Users\steph\Documents\Git Projects\FlowdexMCP\node_modules\basic-ftp\dist\Client.js:496:13)
    at async file:///C:/Users/steph/Documents/Git%20Projects/FlowdexMCP/index.js:1791:21
[Fatal Tool Error] ftp_list: Error: None of the available transfer strategies work. Last error response was 'Error: Client is closed because Timeout (control socket)'.
    at Client.prepareTransfer (C:\Users\steph\Documents\Git Projects\FlowdexMCP\node_modules\basic-ftp\dist\Client.js:721:19)
    at process.processTicksAndRejections (node:internal/process/task_queues:105:5)
    at async Client.list (C:\Users\steph\Documents\Git Projects\FlowdexMCP\node_modules\basic-ftp\dist\Client.js:496:13)
    at async file:///C:/Users/steph/Documents/Git%20Projects/FlowdexMCP/index.js:1791:21
[Fatal Tool Error] ftp_list: Error: None of the available transfer strategies work. Last error response was 'Error: Client is closed because Timeout (control socket)'.
    at Client.prepareTransfer (C:\Users\steph\Documents\Git Projects\FlowdexMCP\node_modules\basic-ftp\dist\Client.js:721:19)
    at process.processTicksAndRejections (node:internal/process/task_queues:105:5)
    at async Client.list (C:\Users\steph\Documents\Git Projects\FlowdexMCP\node_modules\basic-ftp\dist\Client.js:496:13)
    at async file:///C:/Users/steph/Documents/Git%20Projects/FlowdexMCP/index.js:1791:21
[Fatal Tool Error] ftp_list: Error: None of the available transfer strategies work. Last error response was 'Error: Client is closed because Timeout (control socket)'.
    at Client.prepareTransfer (C:\Users\steph\Documents\Git Projects\FlowdexMCP\node_modules\basic-ftp\dist\Client.js:721:19)
    at process.processTicksAndRejections (node:internal/process/task_queues:105:5)
    at async Client.list (C:\Users\steph\Documents\Git Projects\FlowdexMCP\node_modules\basic-ftp\dist\Client.js:496:13)
    at async file:///C:/Users/steph/Documents/Git%20Projects/FlowdexMCP/index.js:1791:21
[Fatal Tool Error] ftp_list: Error: None of the available transfer strategies work. Last error response was 'Error: Client is closed because Timeout (control socket)'.
    at Client.prepareTransfer (C:\Users\steph\Documents\Git Projects\FlowdexMCP\node_modules\basic-ftp\dist\Client.js:721:19)
    at process.processTicksAndRejections (node:internal/process/task_queues:105:5)
    at async Client.list (C:\Users\steph\Documents\Git Projects\FlowdexMCP\node_modules\basic-ftp\dist\Client.js:496:13)
    at async file:///C:/Users/steph/Documents/Git%20Projects/FlowdexMCP/index.js:1791:21

[Fatal Tool Error] ftp_list: Error: None of the available transfer strategies work. Last error response was 'Error: Client is closed because Timeout (control socket)'.
    at Client.prepareTransfer (C:\Users\steph\Documents\Git Projects\FlowdexMCP\node_modules\basic-ftp\dist\Client.js:721:19)
    at process.processTicksAndRejections (node:internal/process/task_queues:105:5)
    at async Client.list (C:\Users\steph\Documents\Git Projects\FlowdexMCP\node_modules\basic-ftp\dist\Client.js:496:13)
    at async file:///C:/Users/steph/Documents/Git%20Projects/FlowdexMCP/index.js:1791:21
[Fatal Tool Error] ftp_list: Error: None of the available transfer strategies work. Last error response was 'Error: Client is closed because Timeout (control socket)'.
    at Client.prepareTransfer (C:\Users\steph\Documents\Git Projects\FlowdexMCP\node_modules\basic-ftp\dist\Client.js:721:19)
    at process.processTicksAndRejections (node:internal/process/task_queues:105:5)
    at async Client.list (C:\Users\steph\Documents\Git Projects\FlowdexMCP\node_modules\basic-ftp\dist\Client.js:496:13)
    at async file:///C:/Users/steph/Documents/Git%20Projects/FlowdexMCP/index.js:1791:21
[Fatal Tool Error] ftp_list: Error: None of the available transfer strategies work. Last error response was 'Error: Client is closed because Timeout (control socket)'.
    at Client.prepareTransfer (C:\Users\steph\Documents\Git Projects\FlowdexMCP\node_modules\basic-ftp\dist\Client.js:721:19)
    at process.processTicksAndRejections (node:internal/process/task_queues:105:5)
    at async Client.list (C:\Users\steph\Documents\Git Projects\FlowdexMCP\node_modules\basic-ftp\dist\Client.js:496:13)
    at async file:///C:/Users/steph/Documents/Git%20Projects/FlowdexMCP/index.js:1791:21
[Fatal Tool Error] ftp_list: Error: None of the available transfer strategies work. Last error response was 'Error: Client is closed because Timeout (control socket)'.
    at Client.prepareTransfer (C:\Users\steph\Documents\Git Projects\FlowdexMCP\node_modules\basic-ftp\dist\Client.js:721:19)
    at process.processTicksAndRejections (node:internal/process/task_queues:105:5)
    at async Client.list (C:\Users\steph\Documents\Git Projects\FlowdexMCP\node_modules\basic-ftp\dist\Client.js:496:13)
    at async file:///C:/Users/steph/Documents/Git%20Projects/FlowdexMCP/index.js:1791:21
[Fatal Tool Error] ftp_list: Error: None of the available transfer strategies work. Last error response was 'Error: Client is closed because Timeout (control socket)'.
    at Client.prepareTransfer (C:\Users\steph\Documents\Git Projects\FlowdexMCP\node_modules\basic-ftp\dist\Client.js:721:19)
    at process.processTicksAndRejections (node:internal/process/task_queues:105:5)
    at async Client.list (C:\Users\steph\Documents\Git Projects\FlowdexMCP\node_modules\basic-ftp\dist\Client.js:496:13)
    at async file:///C:/Users/steph/Documents/Git%20Projects/FlowdexMCP/index.js:1791:21

[Fatal Tool Error] ftp_list: Error: None of the available transfer strategies work. Last error response was 'Error: Client is closed because Timeout (control socket)'.
    at Client.prepareTransfer (C:\Users\steph\Documents\Git Projects\FlowdexMCP\node_modules\basic-ftp\dist\Client.js:721:19)
    at process.processTicksAndRejections (node:internal/process/task_queues:105:5)
    at async Client.list (C:\Users\steph\Documents\Git Projects\FlowdexMCP\node_modules\basic-ftp\dist\Client.js:496:13)
    at async file:///C:/Users/steph/Documents/Git%20Projects/FlowdexMCP/index.js:1791:21
[Fatal Tool Error] ftp_list: Error: None of the available transfer strategies work. Last error response was 'Error: Client is closed because Timeout (control socket)'.
    at Client.prepareTransfer (C:\Users\steph\Documents\Git Projects\FlowdexMCP\node_modules\basic-ftp\dist\Client.js:721:19)
    at process.processTicksAndRejections (node:internal/process/task_queues:105:5)
    at async Client.list (C:\Users\steph\Documents\Git Projects\FlowdexMCP\node_modules\basic-ftp\dist\Client.js:496:13)
    at async file:///C:/Users/steph/Documents/Git%20Projects/FlowdexMCP/index.js:1791:21
[Fatal Tool Error] ftp_list: Error: None of the available transfer strategies work. Last error response was 'Error: Client is closed because Timeout (control socket)'.
    at Client.prepareTransfer (C:\Users\steph\Documents\Git Projects\FlowdexMCP\node_modules\basic-ftp\dist\Client.js:721:19)
    at process.processTicksAndRejections (node:internal/process/task_queues:105:5)
    at async Client.list (C:\Users\steph\Documents\Git Projects\FlowdexMCP\node_modules\basic-ftp\dist\Client.js:496:13)
    at async file:///C:/Users/steph/Documents/Git%20Projects/FlowdexMCP/index.js:1791:21
[Fatal Tool Error] ftp_list: Error: None of the available transfer strategies work. Last error response was 'Error: Client is closed because Timeout (control socket)'.
    at Client.prepareTransfer (C:\Users\steph\Documents\Git Projects\FlowdexMCP\node_modules\basic-ftp\dist\Client.js:721:19)
    at process.processTicksAndRejections (node:internal/process/task_queues:105:5)
    at async Client.list (C:\Users\steph\Documents\Git Projects\FlowdexMCP\node_modules\basic-ftp\dist\Client.js:496:13)
    at async file:///C:/Users/steph/Documents/Git%20Projects/FlowdexMCP/index.js:1791:21
[Fatal Tool Error] ftp_list: Error: None of the available transfer strategies work. Last error response was 'Error: Client is closed because Timeout (control socket)'.
    at Client.prepareTransfer (C:\Users\steph\Documents\Git Projects\FlowdexMCP\node_modules\basic-ftp\dist\Client.js:721:19)
    at process.processTicksAndRejections (node:internal/process/task_queues:105:5)
    at async Client.list (C:\Users\steph\Documents\Git Projects\FlowdexMCP\node_modules\basic-ftp\dist\Client.js:496:13)
    at async file:///C:/Users/steph/Documents/Git%20Projects/FlowdexMCP/index.js:1791:21

[Fatal Tool Error] ftp_list: Error: None of the available transfer strategies work. Last error response was 'Error: Client is closed because Timeout (control socket)'.
    at Client.prepareTransfer (C:\Users\steph\Documents\Git Projects\FlowdexMCP\node_modules\basic-ftp\dist\Client.js:721:19)
    at process.processTicksAndRejections (node:internal/process/task_queues:105:5)
    at async Client.list (C:\Users\steph\Documents\Git Projects\FlowdexMCP\node_modules\basic-ftp\dist\Client.js:496:13)
    at async file:///C:/Users/steph/Documents/Git%20Projects/FlowdexMCP/index.js:1791:21
[Fatal Tool Error] ftp_list: Error: None of the available transfer strategies work. Last error response was 'Error: Client is closed because Timeout (control socket)'.
    at Client.prepareTransfer (C:\Users\steph\Documents\Git Projects\FlowdexMCP\node_modules\basic-ftp\dist\Client.js:721:19)
    at process.processTicksAndRejections (node:internal/process/task_queues:105:5)
    at async Client.list (C:\Users\steph\Documents\Git Projects\FlowdexMCP\node_modules\basic-ftp\dist\Client.js:496:13)
    at async file:///C:/Users/steph/Documents/Git%20Projects/FlowdexMCP/index.js:1791:21
[Fatal Tool Error] ftp_list: Error: None of the available transfer strategies work. Last error response was 'Error: Client is closed because Timeout (control socket)'.
    at Client.prepareTransfer (C:\Users\steph\Documents\Git Projects\FlowdexMCP\node_modules\basic-ftp\dist\Client.js:721:19)
    at process.processTicksAndRejections (node:internal/process/task_queues:105:5)
    at async Client.list (C:\Users\steph\Documents\Git Projects\FlowdexMCP\node_modules\basic-ftp\dist\Client.js:496:13)
    at async file:///C:/Users/steph/Documents/Git%20Projects/FlowdexMCP/index.js:1791:21
[Fatal Tool Error] ftp_list: Error: None of the available transfer strategies work. Last error response was 'Error: Client is closed because Timeout (control socket)'.
    at Client.prepareTransfer (C:\Users\steph\Documents\Git Projects\FlowdexMCP\node_modules\basic-ftp\dist\Client.js:721:19)
    at process.processTicksAndRejections (node:internal/process/task_queues:105:5)
    at async Client.list (C:\Users\steph\Documents\Git Projects\FlowdexMCP\node_modules\basic-ftp\dist\Client.js:496:13)
    at async file:///C:/Users/steph/Documents/Git%20Projects/FlowdexMCP/index.js:1791:21
[Fatal Tool Error] ftp_list: Error: None of the available transfer strategies work. Last error response was 'Error: Client is closed because Timeout (control socket)'.
    at Client.prepareTransfer (C:\Users\steph\Documents\Git Projects\FlowdexMCP\node_modules\basic-ftp\dist\Client.js:721:19)
    at process.processTicksAndRejections (node:internal/process/task_queues:105:5)
    at async Client.list (C:\Users\steph\Documents\Git Projects\FlowdexMCP\node_modules\basic-ftp\dist\Client.js:496:13)
    at async file:///C:/Users/steph/Documents/Git%20Projects/FlowdexMCP/index.js:1791:21

[Fatal Tool Error] ftp_list: Error: None of the available transfer strategies work. Last error response was 'Error: Client is closed because Timeout (control socket)'.
    at Client.prepareTransfer (C:\Users\steph\Documents\Git Projects\FlowdexMCP\node_modules\basic-ftp\dist\Client.js:721:19)
    at process.processTicksAndRejections (node:internal/process/task_queues:105:5)
    at async Client.list (C:\Users\steph\Documents\Git Projects\FlowdexMCP\node_modules\basic-ftp\dist\Client.js:496:13)
    at async file:///C:/Users/steph/Documents/Git%20Projects/FlowdexMCP/index.js:1791:21
[Fatal Tool Error] ftp_list: Error: None of the available transfer strategies work. Last error response was 'Error: Client is closed because Timeout (control socket)'.
    at Client.prepareTransfer (C:\Users\steph\Documents\Git Projects\FlowdexMCP\node_modules\basic-ftp\dist\Client.js:721:19)
    at process.processTicksAndRejections (node:internal/process/task_queues:105:5)
    at async Client.list (C:\Users\steph\Documents\Git Projects\FlowdexMCP\node_modules\basic-ftp\dist\Client.js:496:13)
    at async file:///C:/Users/steph/Documents/Git%20Projects/FlowdexMCP/index.js:1791:21
[Fatal Tool Error] ftp_list: Error: None of the available transfer strategies work. Last error response was 'Error: Client is closed because Timeout (control socket)'.
    at Client.prepareTransfer (C:\Users\steph\Documents\Git Projects\FlowdexMCP\node_modules\basic-ftp\dist\Client.js:721:19)
    at process.processTicksAndRejections (node:internal/process/task_queues:105:5)
    at async Client.list (C:\Users\steph\Documents\Git Projects\FlowdexMCP\node_modules\basic-ftp\dist\Client.js:496:13)
    at async file:///C:/Users/steph/Documents/Git%20Projects/FlowdexMCP/index.js:1791:21
[Fatal Tool Error] ftp_list: Error: None of the available transfer strategies work. Last error response was 'Error: Client is closed because Timeout (control socket)'.
    at Client.prepareTransfer (C:\Users\steph\Documents\Git Projects\FlowdexMCP\node_modules\basic-ftp\dist\Client.js:721:19)
    at process.processTicksAndRejections (node:internal/process/task_queues:105:5)
    at async Client.list (C:\Users\steph\Documents\Git Projects\FlowdexMCP\node_modules\basic-ftp\dist\Client.js:496:13)
    at async file:///C:/Users/steph/Documents/Git%20Projects/FlowdexMCP/index.js:1791:21
[Fatal Tool Error] ftp_list: Error: None of the available transfer strategies work. Last error response was 'Error: Client is closed because Timeout (control socket)'.
    at Client.prepareTransfer (C:\Users\steph\Documents\Git Projects\FlowdexMCP\node_modules\basic-ftp\dist\Client.js:721:19)
    at process.processTicksAndRejections (node:internal/process/task_queues:105:5)
    at async Client.list (C:\Users\steph\Documents\Git Projects\FlowdexMCP\node_modules\basic-ftp\dist\Client.js:496:13)
    at async file:///C:/Users/steph/Documents/Git%20Projects/FlowdexMCP/index.js:1791:21

[Fatal Tool Error] ftp_list: Error: None of the available transfer strategies work. Last error response was 'Error: Client is closed because Timeout (control socket)'.
    at Client.prepareTransfer (C:\Users\steph\Documents\Git Projects\FlowdexMCP\node_modules\basic-ftp\dist\Client.js:721:19)
    at process.processTicksAndRejections (node:internal/process/task_queues:105:5)
    at async Client.list (C:\Users\steph\Documents\Git Projects\FlowdexMCP\node_modules\basic-ftp\dist\Client.js:496:13)
    at async file:///C:/Users/steph/Documents/Git%20Projects/FlowdexMCP/index.js:1791:21
[Fatal Tool Error] ftp_list: Error: None of the available transfer strategies work. Last error response was 'Error: Client is closed because Timeout (control socket)'.
    at Client.prepareTransfer (C:\Users\steph\Documents\Git Projects\FlowdexMCP\node_modules\basic-ftp\dist\Client.js:721:19)
    at process.processTicksAndRejections (node:internal/process/task_queues:105:5)
    at async Client.list (C:\Users\steph\Documents\Git Projects\FlowdexMCP\node_modules\basic-ftp\dist\Client.js:496:13)
    at async file:///C:/Users/steph/Documents/Git%20Projects/FlowdexMCP/index.js:1791:21
[Fatal Tool Error] ftp_list: Error: None of the available transfer strategies work. Last error response was 'Error: Client is closed because Timeout (control socket)'.
    at Client.prepareTransfer (C:\Users\steph\Documents\Git Projects\FlowdexMCP\node_modules\basic-ftp\dist\Client.js:721:19)
    at process.processTicksAndRejections (node:internal/process/task_queues:105:5)
    at async Client.list (C:\Users\steph\Documents\Git Projects\FlowdexMCP\node_modules\basic-ftp\dist\Client.js:496:13)
    at async file:///C:/Users/steph/Documents/Git%20Projects/FlowdexMCP/index.js:1791:21
[Fatal Tool Error] ftp_list: Error: None of the available transfer strategies work. Last error response was 'Error: Client is closed because Timeout (control socket)'.
    at Client.prepareTransfer (C:\Users\steph\Documents\Git Projects\FlowdexMCP\node_modules\basic-ftp\dist\Client.js:721:19)
    at process.processTicksAndRejections (node:internal/process/task_queues:105:5)
    at async Client.list (C:\Users\steph\Documents\Git Projects\FlowdexMCP\node_modules\basic-ftp\dist\Client.js:496:13)
    at async file:///C:/Users/steph/Documents/Git%20Projects/FlowdexMCP/index.js:1791:21
[Fatal Tool Error] ftp_list: Error: None of the available transfer strategies work. Last error response was 'Error: Client is closed because Timeout (control socket)'.
    at Client.prepareTransfer (C:\Users\steph\Documents\Git Projects\FlowdexMCP\node_modules\basic-ftp\dist\Client.js:721:19)
    at process.processTicksAndRejections (node:internal/process/task_queues:105:5)
    at async Client.list (C:\Users\steph\Documents\Git Projects\FlowdexMCP\node_modules\basic-ftp\dist\Client.js:496:13)
    at async file:///C:/Users/steph/Documents/Git%20Projects/FlowdexMCP/index.js:1791:21

[Fatal Tool Error] ftp_list: Error: None of the available transfer strategies work. Last error response was 'Error: Client is closed because Timeout (control socket)'.
    at Client.prepareTransfer (C:\Users\steph\Documents\Git Projects\FlowdexMCP\node_modules\basic-ftp\dist\Client.js:721:19)
    at process.processTicksAndRejections (node:internal/process/task_queues:105:5)
    at async Client.list (C:\Users\steph\Documents\Git Projects\FlowdexMCP\node_modules\basic-ftp\dist\Client.js:496:13)
    at async file:///C:/Users/steph/Documents/Git%20Projects/FlowdexMCP/index.js:1791:21
[Fatal Tool Error] ftp_list: Error: None of the available transfer strategies work. Last error response was 'Error: Client is closed because Timeout (control socket)'.
    at Client.prepareTransfer (C:\Users\steph\Documents\Git Projects\FlowdexMCP\node_modules\basic-ftp\dist\Client.js:721:19)
    at process.processTicksAndRejections (node:internal/process/task_queues:105:5)
    at async Client.list (C:\Users\steph\Documents\Git Projects\FlowdexMCP\node_modules\basic-ftp\dist\Client.js:496:13)
    at async file:///C:/Users/steph/Documents/Git%20Projects/FlowdexMCP/index.js:1791:21
[Fatal Tool Error] ftp_list: Error: None of the available transfer strategies work. Last error response was 'Error: Client is closed because Timeout (control socket)'.
    at Client.prepareTransfer (C:\Users\steph\Documents\Git Projects\FlowdexMCP\node_modules\basic-ftp\dist\Client.js:721:19)
    at process.processTicksAndRejections (node:internal/process/task_queues:105:5)
    at async Client.list (C:\Users\steph\Documents\Git Projects\FlowdexMCP\node_modules\basic-ftp\dist\Client.js:496:13)
    at async file:///C:/Users/steph/Documents/Git%20Projects/FlowdexMCP/index.js:1791:21
[Fatal Tool Error] ftp_list: Error: None of the available transfer strategies work. Last error response was 'Error: Client is closed because Timeout (control socket)'.
    at Client.prepareTransfer (C:\Users\steph\Documents\Git Projects\FlowdexMCP\node_modules\basic-ftp\dist\Client.js:721:19)
    at process.processTicksAndRejections (node:internal/process/task_queues:105:5)
    at async Client.list (C:\Users\steph\Documents\Git Projects\FlowdexMCP\node_modules\basic-ftp\dist\Client.js:496:13)
    at async file:///C:/Users/steph/Documents/Git%20Projects/FlowdexMCP/index.js:1791:21
[Fatal Tool Error] ftp_list: Error: None of the available transfer strategies work. Last error response was 'Error: Client is closed because Timeout (control socket)'.
    at Client.prepareTransfer (C:\Users\steph\Documents\Git Projects\FlowdexMCP\node_modules\basic-ftp\dist\Client.js:721:19)
    at process.processTicksAndRejections (node:internal/process/task_queues:105:5)
    at async Client.list (C:\Users\steph\Documents\Git Projects\FlowdexMCP\node_modules\basic-ftp\dist\Client.js:496:13)
    at async file:///C:/Users/steph/Documents/Git%20Projects/FlowdexMCP/index.js:1791:21

[Fatal Tool Error] ftp_list: Error: None of the available transfer strategies work. Last error response was 'Error: Client is closed because Timeout (control socket)'.
    at Client.prepareTransfer (C:\Users\steph\Documents\Git Projects\FlowdexMCP\node_modules\basic-ftp\dist\Client.js:721:19)
    at process.processTicksAndRejections (node:internal/process/task_queues:105:5)
    at async Client.list (C:\Users\steph\Documents\Git Projects\FlowdexMCP\node_modules\basic-ftp\dist\Client.js:496:13)
    at async file:///C:/Users/steph/Documents/Git%20Projects/FlowdexMCP/index.js:1791:21
[Fatal Tool Error] ftp_list: Error: None of the available transfer strategies work. Last error response was 'Error: Client is closed because Timeout (control socket)'.
    at Client.prepareTransfer (C:\Users\steph\Documents\Git Projects\FlowdexMCP\node_modules\basic-ftp\dist\Client.js:721:19)
    at process.processTicksAndRejections (node:internal/process/task_queues:105:5)
    at async Client.list (C:\Users\steph\Documents\Git Projects\FlowdexMCP\node_modules\basic-ftp\dist\Client.js:496:13)
    at async file:///C:/Users/steph/Documents/Git%20Projects/FlowdexMCP/index.js:1791:21
[Fatal Tool Error] ftp_list: Error: None of the available transfer strategies work. Last error response was 'Error: Client is closed because Timeout (control socket)'.
    at Client.prepareTransfer (C:\Users\steph\Documents\Git Projects\FlowdexMCP\node_modules\basic-ftp\dist\Client.js:721:19)
    at process.processTicksAndRejections (node:internal/process/task_queues:105:5)
    at async Client.list (C:\Users\steph\Documents\Git Projects\FlowdexMCP\node_modules\basic-ftp\dist\Client.js:496:13)
    at async file:///C:/Users/steph/Documents/Git%20Projects/FlowdexMCP/index.js:1791:21
[Fatal Tool Error] ftp_list: Error: None of the available transfer strategies work. Last error response was 'Error: Client is closed because Timeout (control socket)'.
    at Client.prepareTransfer (C:\Users\steph\Documents\Git Projects\FlowdexMCP\node_modules\basic-ftp\dist\Client.js:721:19)
    at process.processTicksAndRejections (node:internal/process/task_queues:105:5)
    at async Client.list (C:\Users\steph\Documents\Git Projects\FlowdexMCP\node_modules\basic-ftp\dist\Client.js:496:13)
    at async file:///C:/Users/steph/Documents/Git%20Projects/FlowdexMCP/index.js:1791:21
[Fatal Tool Error] ftp_list: Error: None of the available transfer strategies work. Last error response was 'Error: Client is closed because Timeout (control socket)'.
    at Client.prepareTransfer (C:\Users\steph\Documents\Git Projects\FlowdexMCP\node_modules\basic-ftp\dist\Client.js:721:19)
    at process.processTicksAndRejections (node:internal/process/task_queues:105:5)
    at async Client.list (C:\Users\steph\Documents\Git Projects\FlowdexMCP\node_modules\basic-ftp\dist\Client.js:496:13)
    at async file:///C:/Users/steph/Documents/Git%20Projects/FlowdexMCP/index.js:1791:21

[Fatal Tool Error] ftp_list: Error: None of the available transfer strategies work. Last error response was 'Error: Client is closed because Timeout (control socket)'.
    at Client.prepareTransfer (C:\Users\steph\Documents\Git Projects\FlowdexMCP\node_modules\basic-ftp\dist\Client.js:721:19)
    at process.processTicksAndRejections (node:internal/process/task_queues:105:5)
    at async Client.list (C:\Users\steph\Documents\Git Projects\FlowdexMCP\node_modules\basic-ftp\dist\Client.js:496:13)
    at async file:///C:/Users/steph/Documents/Git%20Projects/FlowdexMCP/index.js:1791:21
[Fatal Tool Error] ftp_list: Error: None of the available transfer strategies work. Last error response was 'Error: Client is closed because Timeout (control socket)'.
    at Client.prepareTransfer (C:\Users\steph\Documents\Git Projects\FlowdexMCP\node_modules\basic-ftp\dist\Client.js:721:19)
    at process.processTicksAndRejections (node:internal/process/task_queues:105:5)
    at async Client.list (C:\Users\steph\Documents\Git Projects\FlowdexMCP\node_modules\basic-ftp\dist\Client.js:496:13)
    at async file:///C:/Users/steph/Documents/Git%20Projects/FlowdexMCP/index.js:1791:21
[Fatal Tool Error] ftp_list: Error: None of the available transfer strategies work. Last error response was 'Error: Client is closed because Timeout (control socket)'.
    at Client.prepareTransfer (C:\Users\steph\Documents\Git Projects\FlowdexMCP\node_modules\basic-ftp\dist\Client.js:721:19)
    at process.processTicksAndRejections (node:internal/process/task_queues:105:5)
    at async Client.list (C:\Users\steph\Documents\Git Projects\FlowdexMCP\node_modules\basic-ftp\dist\Client.js:496:13)
    at async file:///C:/Users/steph/Documents/Git%20Projects/FlowdexMCP/index.js:1791:21
[Fatal Tool Error] ftp_list: Error: None of the available transfer strategies work. Last error response was 'Error: Client is closed because Timeout (control socket)'.
    at Client.prepareTransfer (C:\Users\steph\Documents\Git Projects\FlowdexMCP\node_modules\basic-ftp\dist\Client.js:721:19)
    at process.processTicksAndRejections (node:internal/process/task_queues:105:5)
    at async Client.list (C:\Users\steph\Documents\Git Projects\FlowdexMCP\node_modules\basic-ftp\dist\Client.js:496:13)
    at async file:///C:/Users/steph/Documents/Git%20Projects/FlowdexMCP/index.js:1791:21
[Fatal Tool Error] ftp_list: Error: None of the available transfer strategies work. Last error response was 'Error: Client is closed because Timeout (control socket)'.
    at Client.prepareTransfer (C:\Users\steph\Documents\Git Projects\FlowdexMCP\node_modules\basic-ftp\dist\Client.js:721:19)
    at process.processTicksAndRejections (node:internal/process/task_queues:105:5)
    at async Client.list (C:\Users\steph\Documents\Git Projects\FlowdexMCP\node_modules\basic-ftp\dist\Client.js:496:13)
    at async file:///C:/Users/steph/Documents/Git%20Projects/FlowdexMCP/index.js:1791:21

[Fatal Tool Error] ftp_list: Error: None of the available transfer strategies work. Last error response was 'Error: Client is closed because Timeout (control socket)'.
    at Client.prepareTransfer (C:\Users\steph\Documents\Git Projects\FlowdexMCP\node_modules\basic-ftp\dist\Client.js:721:19)
    at process.processTicksAndRejections (node:internal/process/task_queues:105:5)
    at async Client.list (C:\Users\steph\Documents\Git Projects\FlowdexMCP\node_modules\basic-ftp\dist\Client.js:496:13)
    at async file:///C:/Users/steph/Documents/Git%20Projects/FlowdexMCP/index.js:1791:21
[Fatal Tool Error] ftp_list: Error: None of the available transfer strategies work. Last error response was 'Error: Client is closed because Timeout (control socket)'.
    at Client.prepareTransfer (C:\Users\steph\Documents\Git Projects\FlowdexMCP\node_modules\basic-ftp\dist\Client.js:721:19)
    at process.processTicksAndRejections (node:internal/process/task_queues:105:5)
    at async Client.list (C:\Users\steph\Documents\Git Projects\FlowdexMCP\node_modules\basic-ftp\dist\Client.js:496:13)
    at async file:///C:/Users/steph/Documents/Git%20Projects/FlowdexMCP/index.js:1791:21
[Fatal Tool Error] ftp_list: Error: None of the available transfer strategies work. Last error response was 'Error: Client is closed because Timeout (control socket)'.
    at Client.prepareTransfer (C:\Users\steph\Documents\Git Projects\FlowdexMCP\node_modules\basic-ftp\dist\Client.js:721:19)
    at process.processTicksAndRejections (node:internal/process/task_queues:105:5)
    at async Client.list (C:\Users\steph\Documents\Git Projects\FlowdexMCP\node_modules\basic-ftp\dist\Client.js:496:13)
    at async file:///C:/Users/steph/Documents/Git%20Projects/FlowdexMCP/index.js:1791:21
[Fatal Tool Error] ftp_list: Error: None of the available transfer strategies work. Last error response was 'Error: Client is closed because Timeout (control socket)'.
    at Client.prepareTransfer (C:\Users\steph\Documents\Git Projects\FlowdexMCP\node_modules\basic-ftp\dist\Client.js:721:19)
    at process.processTicksAndRejections (node:internal/process/task_queues:105:5)
    at async Client.list (C:\Users\steph\Documents\Git Projects\FlowdexMCP\node_modules\basic-ftp\dist\Client.js:496:13)
    at async file:///C:/Users/steph/Documents/Git%20Projects/FlowdexMCP/index.js:1791:21
[Fatal Tool Error] ftp_list: Error: None of the available transfer strategies work. Last error response was 'Error: Client is closed because Timeout (control socket)'.
    at Client.prepareTransfer (C:\Users\steph\Documents\Git Projects\FlowdexMCP\node_modules\basic-ftp\dist\Client.js:721:19)
    at process.processTicksAndRejections (node:internal/process/task_queues:105:5)
    at async Client.list (C:\Users\steph\Documents\Git Projects\FlowdexMCP\node_modules\basic-ftp\dist\Client.js:496:13)
    at async file:///C:/Users/steph/Documents/Git%20Projects/FlowdexMCP/index.js:1791:21

[Fatal Tool Error] ftp_list: Error: None of the available transfer strategies work. Last error response was 'Error: Client is closed because Timeout (control socket)'.
    at Client.prepareTransfer (C:\Users\steph\Documents\Git Projects\FlowdexMCP\node_modules\basic-ftp\dist\Client.js:721:19)
    at process.processTicksAndRejections (node:internal/process/task_queues:105:5)
    at async Client.list (C:\Users\steph\Documents\Git Projects\FlowdexMCP\node_modules\basic-ftp\dist\Client.js:496:13)
    at async file:///C:/Users/steph/Documents/Git%20Projects/FlowdexMCP/index.js:1791:21
[Fatal Tool Error] ftp_list: Error: None of the available transfer strategies work. Last error response was 'Error: Client is closed because Timeout (control socket)'.
    at Client.prepareTransfer (C:\Users\steph\Documents\Git Projects\FlowdexMCP\node_modules\basic-ftp\dist\Client.js:721:19)
    at process.processTicksAndRejections (node:internal/process/task_queues:105:5)
    at async Client.list (C:\Users\steph\Documents\Git Projects\FlowdexMCP\node_modules\basic-ftp\dist\Client.js:496:13)
    at async file:///C:/Users/steph/Documents/Git%20Projects/FlowdexMCP/index.js:1791:21
[Fatal Tool Error] ftp_list: Error: None of the available transfer strategies work. Last error response was 'Error: Client is closed because Timeout (control socket)'.
    at Client.prepareTransfer (C:\Users\steph\Documents\Git Projects\FlowdexMCP\node_modules\basic-ftp\dist\Client.js:721:19)
    at process.processTicksAndRejections (node:internal/process/task_queues:105:5)
    at async Client.list (C:\Users\steph\Documents\Git Projects\FlowdexMCP\node_modules\basic-ftp\dist\Client.js:496:13)
    at async file:///C:/Users/steph/Documents/Git%20Projects/FlowdexMCP/index.js:1791:21
[Fatal Tool Error] ftp_list: Error: None of the available transfer strategies work. Last error response was 'Error: Client is closed because Timeout (control socket)'.
    at Client.prepareTransfer (C:\Users\steph\Documents\Git Projects\FlowdexMCP\node_modules\basic-ftp\dist\Client.js:721:19)
    at process.processTicksAndRejections (node:internal/process/task_queues:105:5)
    at async Client.list (C:\Users\steph\Documents\Git Projects\FlowdexMCP\node_modules\basic-ftp\dist\Client.js:496:13)
    at async file:///C:/Users/steph/Documents/Git%20Projects/FlowdexMCP/index.js:1791:21
[Fatal Tool Error] ftp_list: Error: None of the available transfer strategies work. Last error response was 'Error: Client is closed because Timeout (control socket)'.
    at Client.prepareTransfer (C:\Users\steph\Documents\Git Projects\FlowdexMCP\node_modules\basic-ftp\dist\Client.js:721:19)
    at process.processTicksAndRejections (node:internal/process/task_queues:105:5)
    at async Client.list (C:\Users\steph\Documents\Git Projects\FlowdexMCP\node_modules\basic-ftp\dist\Client.js:496:13)
    at async file:///C:/Users/steph/Documents/Git%20Projects/FlowdexMCP/index.js:1791:21

[Fatal Tool Error] ftp_list: Error: None of the available transfer strategies work. Last error response was 'Error: Client is closed because Timeout (control socket)'.
    at Client.prepareTransfer (C:\Users\steph\Documents\Git Projects\FlowdexMCP\node_modules\basic-ftp\dist\Client.js:721:19)
    at process.processTicksAndRejections (node:internal/process/task_queues:105:5)
    at async Client.list (C:\Users\steph\Documents\Git Projects\FlowdexMCP\node_modules\basic-ftp\dist\Client.js:496:13)
    at async file:///C:/Users/steph/Documents/Git%20Projects/FlowdexMCP/index.js:1791:21
[Fatal Tool Error] ftp_list: Error: None of the available transfer strategies work. Last error response was 'Error: Client is closed because Timeout (control socket)'.
    at Client.prepareTransfer (C:\Users\steph\Documents\Git Projects\FlowdexMCP\node_modules\basic-ftp\dist\Client.js:721:19)
    at process.processTicksAndRejections (node:internal/process/task_queues:105:5)
    at async Client.list (C:\Users\steph\Documents\Git Projects\FlowdexMCP\node_modules\basic-ftp\dist\Client.js:496:13)
    at async file:///C:/Users/steph/Documents/Git%20Projects/FlowdexMCP/index.js:1791:21
[Fatal Tool Error] ftp_list: Error: None of the available transfer strategies work. Last error response was 'Error: Client is closed because Timeout (control socket)'.
    at Client.prepareTransfer (C:\Users\steph\Documents\Git Projects\FlowdexMCP\node_modules\basic-ftp\dist\Client.js:721:19)
    at process.processTicksAndRejections (node:internal/process/task_queues:105:5)
    at async Client.list (C:\Users\steph\Documents\Git Projects\FlowdexMCP\node_modules\basic-ftp\dist\Client.js:496:13)
    at async file:///C:/Users/steph/Documents/Git%20Projects/FlowdexMCP/index.js:1791:21
[Fatal Tool Error] ftp_list: Error: None of the available transfer strategies work. Last error response was 'Error: Client is closed because Timeout (control socket)'.
    at Client.prepareTransfer (C:\Users\steph\Documents\Git Projects\FlowdexMCP\node_modules\basic-ftp\dist\Client.js:721:19)
    at process.processTicksAndRejections (node:internal/process/task_queues:105:5)
    at async Client.list (C:\Users\steph\Documents\Git Projects\FlowdexMCP\node_modules\basic-ftp\dist\Client.js:496:13)
    at async file:///C:/Users/steph/Documents/Git%20Projects/FlowdexMCP/index.js:1791:21
[Fatal Tool Error] ftp_list: Error: None of the available transfer strategies work. Last error response was 'Error: Client is closed because Timeout (control socket)'.
    at Client.prepareTransfer (C:\Users\steph\Documents\Git Projects\FlowdexMCP\node_modules\basic-ftp\dist\Client.js:721:19)
    at process.processTicksAndRejections (node:internal/process/task_queues:105:5)
    at async Client.list (C:\Users\steph\Documents\Git Projects\FlowdexMCP\node_modules\basic-ftp\dist\Client.js:496:13)
    at async file:///C:/Users/steph/Documents/Git%20Projects/FlowdexMCP/index.js:1791:21

[Fatal Tool Error] ftp_list: Error: None of the available transfer strategies work. Last error response was 'Error: Client is closed because Timeout (control socket)'.
    at Client.prepareTransfer (C:\Users\steph\Documents\Git Projects\FlowdexMCP\node_modules\basic-ftp\dist\Client.js:721:19)
    at process.processTicksAndRejections (node:internal/process/task_queues:105:5)
    at async Client.list (C:\Users\steph\Documents\Git Projects\FlowdexMCP\node_modules\basic-ftp\dist\Client.js:496:13)
    at async file:///C:/Users/steph/Documents/Git%20Projects/FlowdexMCP/index.js:1791:21
[Fatal Tool Error] ftp_list: Error: None of the available transfer strategies work. Last error response was 'Error: Client is closed because Timeout (control socket)'.
    at Client.prepareTransfer (C:\Users\steph\Documents\Git Projects\FlowdexMCP\node_modules\basic-ftp\dist\Client.js:721:19)
    at process.processTicksAndRejections (node:internal/process/task_queues:105:5)
    at async Client.list (C:\Users\steph\Documents\Git Projects\FlowdexMCP\node_modules\basic-ftp\dist\Client.js:496:13)
    at async file:///C:/Users/steph/Documents/Git%20Projects/FlowdexMCP/index.js:1791:21
[Fatal Tool Error] ftp_list: Error: None of the available transfer strategies work. Last error response was 'Error: Client is closed because Timeout (control socket)'.
    at Client.prepareTransfer (C:\Users\steph\Documents\Git Projects\FlowdexMCP\node_modules\basic-ftp\dist\Client.js:721:19)
    at process.processTicksAndRejections (node:internal/process/task_queues:105:5)
    at async Client.list (C:\Users\steph\Documents\Git Projects\FlowdexMCP\node_modules\basic-ftp\dist\Client.js:496:13)
    at async file:///C:/Users/steph/Documents/Git%20Projects/FlowdexMCP/index.js:1791:21
[Fatal Tool Error] ftp_list: Error: None of the available transfer strategies work. Last error response was 'Error: Client is closed because Timeout (control socket)'.
    at Client.prepareTransfer (C:\Users\steph\Documents\Git Projects\FlowdexMCP\node_modules\basic-ftp\dist\Client.js:721:19)
    at process.processTicksAndRejections (node:internal/process/task_queues:105:5)
    at async Client.list (C:\Users\steph\Documents\Git Projects\FlowdexMCP\node_modules\basic-ftp\dist\Client.js:496:13)
    at async file:///C:/Users/steph/Documents/Git%20Projects/FlowdexMCP/index.js:1791:21
[Fatal Tool Error] ftp_list: Error: None of the available transfer strategies work. Last error response was 'Error: Client is closed because Timeout (control socket)'.
    at Client.prepareTransfer (C:\Users\steph\Documents\Git Projects\FlowdexMCP\node_modules\basic-ftp\dist\Client.js:721:19)
    at process.processTicksAndRejections (node:internal/process/task_queues:105:5)
    at async Client.list (C:\Users\steph\Documents\Git Projects\FlowdexMCP\node_modules\basic-ftp\dist\Client.js:496:13)
    at async file:///C:/Users/steph/Documents/Git%20Projects/FlowdexMCP/index.js:1791:21

[Fatal Tool Error] ftp_list: Error: None of the available transfer strategies work. Last error response was 'Error: Client is closed because Timeout (control socket)'.
    at Client.prepareTransfer (C:\Users\steph\Documents\Git Projects\FlowdexMCP\node_modules\basic-ftp\dist\Client.js:721:19)
    at process.processTicksAndRejections (node:internal/process/task_queues:105:5)
    at async Client.list (C:\Users\steph\Documents\Git Projects\FlowdexMCP\node_modules\basic-ftp\dist\Client.js:496:13)
    at async file:///C:/Users/steph/Documents/Git%20Projects/FlowdexMCP/index.js:1791:21
[Fatal Tool Error] ftp_list: Error: None of the available transfer strategies work. Last error response was 'Error: Client is closed because Timeout (control socket)'.
    at Client.prepareTransfer (C:\Users\steph\Documents\Git Projects\FlowdexMCP\node_modules\basic-ftp\dist\Client.js:721:19)
    at process.processTicksAndRejections (node:internal/process/task_queues:105:5)
    at async Client.list (C:\Users\steph\Documents\Git Projects\FlowdexMCP\node_modules\basic-ftp\dist\Client.js:496:13)
    at async file:///C:/Users/steph/Documents/Git%20Projects/FlowdexMCP/index.js:1791:21
[Fatal Tool Error] ftp_list: Error: None of the available transfer strategies work. Last error response was 'Error: Client is closed because Timeout (control socket)'.
    at Client.prepareTransfer (C:\Users\steph\Documents\Git Projects\FlowdexMCP\node_modules\basic-ftp\dist\Client.js:721:19)
    at process.processTicksAndRejections (node:internal/process/task_queues:105:5)
    at async Client.list (C:\Users\steph\Documents\Git Projects\FlowdexMCP\node_modules\basic-ftp\dist\Client.js:496:13)
    at async file:///C:/Users/steph/Documents/Git%20Projects/FlowdexMCP/index.js:1791:21
[Fatal Tool Error] ftp_list: Error: None of the available transfer strategies work. Last error response was 'Error: Client is closed because Timeout (control socket)'.
    at Client.prepareTransfer (C:\Users\steph\Documents\Git Projects\FlowdexMCP\node_modules\basic-ftp\dist\Client.js:721:19)
    at process.processTicksAndRejections (node:internal/process/task_queues:105:5)
    at async Client.list (C:\Users\steph\Documents\Git Projects\FlowdexMCP\node_modules\basic-ftp\dist\Client.js:496:13)
    at async file:///C:/Users/steph/Documents/Git%20Projects/FlowdexMCP/index.js:1791:21
[Fatal Tool Error] ftp_list: Error: None of the available transfer strategies work. Last error response was 'Error: Client is closed because Timeout (control socket)'.
    at Client.prepareTransfer (C:\Users\steph\Documents\Git Projects\FlowdexMCP\node_modules\basic-ftp\dist\Client.js:721:19)
    at process.processTicksAndRejections (node:internal/process/task_queues:105:5)
    at async Client.list (C:\Users\steph\Documents\Git Projects\FlowdexMCP\node_modules\basic-ftp\dist\Client.js:496:13)
    at async file:///C:/Users/steph/Documents/Git%20Projects/FlowdexMCP/index.js:1791:21

[Fatal Tool Error] ftp_list: Error: None of the available transfer strategies work. Last error response was 'Error: Client is closed because Timeout (control socket)'.
    at Client.prepareTransfer (C:\Users\steph\Documents\Git Projects\FlowdexMCP\node_modules\basic-ftp\dist\Client.js:721:19)
    at process.processTicksAndRejections (node:internal/process/task_queues:105:5)
    at async Client.list (C:\Users\steph\Documents\Git Projects\FlowdexMCP\node_modules\basic-ftp\dist\Client.js:496:13)
    at async file:///C:/Users/steph/Documents/Git%20Projects/FlowdexMCP/index.js:1791:21
[Fatal Tool Error] ftp_list: Error: None of the available transfer strategies work. Last error response was 'Error: Client is closed because Timeout (control socket)'.
    at Client.prepareTransfer (C:\Users\steph\Documents\Git Projects\FlowdexMCP\node_modules\basic-ftp\dist\Client.js:721:19)
    at process.processTicksAndRejections (node:internal/process/task_queues:105:5)
    at async Client.list (C:\Users\steph\Documents\Git Projects\FlowdexMCP\node_modules\basic-ftp\dist\Client.js:496:13)
    at async file:///C:/Users/steph/Documents/Git%20Projects/FlowdexMCP/index.js:1791:21
[Fatal Tool Error] ftp_list: Error: None of the available transfer strategies work. Last error response was 'Error: Client is closed because Timeout (control socket)'.
    at Client.prepareTransfer (C:\Users\steph\Documents\Git Projects\FlowdexMCP\node_modules\basic-ftp\dist\Client.js:721:19)
    at process.processTicksAndRejections (node:internal/process/task_queues:105:5)
    at async Client.list (C:\Users\steph\Documents\Git Projects\FlowdexMCP\node_modules\basic-ftp\dist\Client.js:496:13)
    at async file:///C:/Users/steph/Documents/Git%20Projects/FlowdexMCP/index.js:1791:21
[Fatal Tool Error] ftp_list: Error: None of the available transfer strategies work. Last error response was 'Error: Client is closed because Timeout (control socket)'.
    at Client.prepareTransfer (C:\Users\steph\Documents\Git Projects\FlowdexMCP\node_modules\basic-ftp\dist\Client.js:721:19)
    at process.processTicksAndRejections (node:internal/process/task_queues:105:5)
    at async Client.list (C:\Users\steph\Documents\Git Projects\FlowdexMCP\node_modules\basic-ftp\dist\Client.js:496:13)
    at async file:///C:/Users/steph/Documents/Git%20Projects/FlowdexMCP/index.js:1791:21
[Fatal Tool Error] ftp_list: Error: None of the available transfer strategies work. Last error response was 'Error: Client is closed because Timeout (control socket)'.
    at Client.prepareTransfer (C:\Users\steph\Documents\Git Projects\FlowdexMCP\node_modules\basic-ftp\dist\Client.js:721:19)
    at process.processTicksAndRejections (node:internal/process/task_queues:105:5)
    at async Client.list (C:\Users\steph\Documents\Git Projects\FlowdexMCP\node_modules\basic-ftp\dist\Client.js:496:13)
    at async file:///C:/Users/steph/Documents/Git%20Projects/FlowdexMCP/index.js:1791:21

[Fatal Tool Error] ftp_list: Error: None of the available transfer strategies work. Last error response was 'Error: Client is closed because Timeout (control socket)'.
    at Client.prepareTransfer (C:\Users\steph\Documents\Git Projects\FlowdexMCP\node_modules\basic-ftp\dist\Client.js:721:19)
    at process.processTicksAndRejections (node:internal/process/task_queues:105:5)
    at async Client.list (C:\Users\steph\Documents\Git Projects\FlowdexMCP\node_modules\basic-ftp\dist\Client.js:496:13)
    at async file:///C:/Users/steph/Documents/Git%20Projects/FlowdexMCP/index.js:1791:21
[Fatal Tool Error] ftp_list: Error: None of the available transfer strategies work. Last error response was 'Error: Client is closed because Timeout (control socket)'.
    at Client.prepareTransfer (C:\Users\steph\Documents\Git Projects\FlowdexMCP\node_modules\basic-ftp\dist\Client.js:721:19)
    at process.processTicksAndRejections (node:internal/process/task_queues:105:5)
    at async Client.list (C:\Users\steph\Documents\Git Projects\FlowdexMCP\node_modules\basic-ftp\dist\Client.js:496:13)
    at async file:///C:/Users/steph/Documents/Git%20Projects/FlowdexMCP/index.js:1791:21
[Fatal Tool Error] ftp_list: Error: None of the available transfer strategies work. Last error response was 'Error: Client is closed because Timeout (control socket)'.
    at Client.prepareTransfer (C:\Users\steph\Documents\Git Projects\FlowdexMCP\node_modules\basic-ftp\dist\Client.js:721:19)
    at process.processTicksAndRejections (node:internal/process/task_queues:105:5)
    at async Client.list (C:\Users\steph\Documents\Git Projects\FlowdexMCP\node_modules\basic-ftp\dist\Client.js:496:13)
    at async file:///C:/Users/steph/Documents/Git%20Projects/FlowdexMCP/index.js:1791:21
[Fatal Tool Error] ftp_list: Error: None of the available transfer strategies work. Last error response was 'Error: Client is closed because Timeout (control socket)'.
    at Client.prepareTransfer (C:\Users\steph\Documents\Git Projects\FlowdexMCP\node_modules\basic-ftp\dist\Client.js:721:19)
    at process.processTicksAndRejections (node:internal/process/task_queues:105:5)
    at async Client.list (C:\Users\steph\Documents\Git Projects\FlowdexMCP\node_modules\basic-ftp\dist\Client.js:496:13)
    at async file:///C:/Users/steph/Documents/Git%20Projects/FlowdexMCP/index.js:1791:21
[Fatal Tool Error] ftp_list: Error: None of the available transfer strategies work. Last error response was 'Error: Client is closed because Timeout (control socket)'.
    at Client.prepareTransfer (C:\Users\steph\Documents\Git Projects\FlowdexMCP\node_modules\basic-ftp\dist\Client.js:721:19)
    at process.processTicksAndRejections (node:internal/process/task_queues:105:5)
    at async Client.list (C:\Users\steph\Documents\Git Projects\FlowdexMCP\node_modules\basic-ftp\dist\Client.js:496:13)
    at async file:///C:/Users/steph/Documents/Git%20Projects/FlowdexMCP/index.js:1791:21

[Fatal Tool Error] ftp_list: Error: None of the available transfer strategies work. Last error response was 'Error: Client is closed because Timeout (control socket)'.
    at Client.prepareTransfer (C:\Users\steph\Documents\Git Projects\FlowdexMCP\node_modules\basic-ftp\dist\Client.js:721:19)
    at process.processTicksAndRejections (node:internal/process/task_queues:105:5)
    at async Client.list (C:\Users\steph\Documents\Git Projects\FlowdexMCP\node_modules\basic-ftp\dist\Client.js:496:13)
    at async file:///C:/Users/steph/Documents/Git%20Projects/FlowdexMCP/index.js:1791:21
[Fatal Tool Error] ftp_list: Error: None of the available transfer strategies work. Last error response was 'Error: Client is closed because Timeout (control socket)'.
    at Client.prepareTransfer (C:\Users\steph\Documents\Git Projects\FlowdexMCP\node_modules\basic-ftp\dist\Client.js:721:19)
    at process.processTicksAndRejections (node:internal/process/task_queues:105:5)
    at async Client.list (C:\Users\steph\Documents\Git Projects\FlowdexMCP\node_modules\basic-ftp\dist\Client.js:496:13)
    at async file:///C:/Users/steph/Documents/Git%20Projects/FlowdexMCP/index.js:1791:21
[Fatal Tool Error] ftp_list: Error: None of the available transfer strategies work. Last error response was 'Error: Client is closed because Timeout (control socket)'.
    at Client.prepareTransfer (C:\Users\steph\Documents\Git Projects\FlowdexMCP\node_modules\basic-ftp\dist\Client.js:721:19)
    at process.processTicksAndRejections (node:internal/process/task_queues:105:5)
    at async Client.list (C:\Users\steph\Documents\Git Projects\FlowdexMCP\node_modules\basic-ftp\dist\Client.js:496:13)
    at async file:///C:/Users/steph/Documents/Git%20Projects/FlowdexMCP/index.js:1791:21
[Fatal Tool Error] ftp_list: Error: None of the available transfer strategies work. Last error response was 'Error: Client is closed because Timeout (control socket)'.
    at Client.prepareTransfer (C:\Users\steph\Documents\Git Projects\FlowdexMCP\node_modules\basic-ftp\dist\Client.js:721:19)
    at process.processTicksAndRejections (node:internal/process/task_queues:105:5)
    at async Client.list (C:\Users\steph\Documents\Git Projects\FlowdexMCP\node_modules\basic-ftp\dist\Client.js:496:13)
    at async file:///C:/Users/steph/Documents/Git%20Projects/FlowdexMCP/index.js:1791:21
[Fatal Tool Error] ftp_list: Error: None of the available transfer strategies work. Last error response was 'Error: Client is closed because Timeout (control socket)'.
    at Client.prepareTransfer (C:\Users\steph\Documents\Git Projects\FlowdexMCP\node_modules\basic-ftp\dist\Client.js:721:19)
    at process.processTicksAndRejections (node:internal/process/task_queues:105:5)
    at async Client.list (C:\Users\steph\Documents\Git Projects\FlowdexMCP\node_modules\basic-ftp\dist\Client.js:496:13)
    at async file:///C:/Users/steph/Documents/Git%20Projects/FlowdexMCP/index.js:1791:21

[Fatal Tool Error] ftp_list: Error: None of the available transfer strategies work. Last error response was 'Error: Client is closed because Timeout (control socket)'.
    at Client.prepareTransfer (C:\Users\steph\Documents\Git Projects\FlowdexMCP\node_modules\basic-ftp\dist\Client.js:721:19)
    at process.processTicksAndRejections (node:internal/process/task_queues:105:5)
    at async Client.list (C:\Users\steph\Documents\Git Projects\FlowdexMCP\node_modules\basic-ftp\dist\Client.js:496:13)
    at async file:///C:/Users/steph/Documents/Git%20Projects/FlowdexMCP/index.js:1791:21
[Fatal Tool Error] ftp_list: Error: None of the available transfer strategies work. Last error response was 'Error: Client is closed because Timeout (control socket)'.
    at Client.prepareTransfer (C:\Users\steph\Documents\Git Projects\FlowdexMCP\node_modules\basic-ftp\dist\Client.js:721:19)
    at process.processTicksAndRejections (node:internal/process/task_queues:105:5)
    at async Client.list (C:\Users\steph\Documents\Git Projects\FlowdexMCP\node_modules\basic-ftp\dist\Client.js:496:13)
    at async file:///C:/Users/steph/Documents/Git%20Projects/FlowdexMCP/index.js:1791:21
[Fatal Tool Error] ftp_list: Error: None of the available transfer strategies work. Last error response was 'Error: Client is closed because Timeout (control socket)'.
    at Client.prepareTransfer (C:\Users\steph\Documents\Git Projects\FlowdexMCP\node_modules\basic-ftp\dist\Client.js:721:19)
    at process.processTicksAndRejections (node:internal/process/task_queues:105:5)
    at async Client.list (C:\Users\steph\Documents\Git Projects\FlowdexMCP\node_modules\basic-ftp\dist\Client.js:496:13)
    at async file:///C:/Users/steph/Documents/Git%20Projects/FlowdexMCP/index.js:1791:21
[Fatal Tool Error] ftp_list: Error: None of the available transfer strategies work. Last error response was 'Error: Client is closed because Timeout (control socket)'.
    at Client.prepareTransfer (C:\Users\steph\Documents\Git Projects\FlowdexMCP\node_modules\basic-ftp\dist\Client.js:721:19)
    at process.processTicksAndRejections (node:internal/process/task_queues:105:5)
    at async Client.list (C:\Users\steph\Documents\Git Projects\FlowdexMCP\node_modules\basic-ftp\dist\Client.js:496:13)
    at async file:///C:/Users/steph/Documents/Git%20Projects/FlowdexMCP/index.js:1791:21
[Fatal Tool Error] ftp_list: Error: None of the available transfer strategies work. Last error response was 'Error: Client is closed because Timeout (control socket)'.
    at Client.prepareTransfer (C:\Users\steph\Documents\Git Projects\FlowdexMCP\node_modules\basic-ftp\dist\Client.js:721:19)
    at process.processTicksAndRejections (node:internal/process/task_queues:105:5)
    at async Client.list (C:\Users\steph\Documents\Git Projects\FlowdexMCP\node_modules\basic-ftp\dist\Client.js:496:13)
    at async file:///C:/Users/steph/Documents/Git%20Projects/FlowdexMCP/index.js:1791:21

[Fatal Tool Error] ftp_list: Error: None of the available transfer strategies work. Last error response was 'Error: Client is closed because Timeout (control socket)'.
    at Client.prepareTransfer (C:\Users\steph\Documents\Git Projects\FlowdexMCP\node_modules\basic-ftp\dist\Client.js:721:19)
    at process.processTicksAndRejections (node:internal/process/task_queues:105:5)
    at async Client.list (C:\Users\steph\Documents\Git Projects\FlowdexMCP\node_modules\basic-ftp\dist\Client.js:496:13)
    at async file:///C:/Users/steph/Documents/Git%20Projects/FlowdexMCP/index.js:1791:21
[Fatal Tool Error] ftp_list: Error: None of the available transfer strategies work. Last error response was 'Error: Client is closed because Timeout (control socket)'.
    at Client.prepareTransfer (C:\Users\steph\Documents\Git Projects\FlowdexMCP\node_modules\basic-ftp\dist\Client.js:721:19)
    at process.processTicksAndRejections (node:internal/process/task_queues:105:5)
    at async Client.list (C:\Users\steph\Documents\Git Projects\FlowdexMCP\node_modules\basic-ftp\dist\Client.js:496:13)
    at async file:///C:/Users/steph/Documents/Git%20Projects/FlowdexMCP/index.js:1791:21
[Fatal Tool Error] ftp_list: Error: None of the available transfer strategies work. Last error response was 'Error: Client is closed because Timeout (control socket)'.
    at Client.prepareTransfer (C:\Users\steph\Documents\Git Projects\FlowdexMCP\node_modules\basic-ftp\dist\Client.js:721:19)
    at process.processTicksAndRejections (node:internal/process/task_queues:105:5)
    at async Client.list (C:\Users\steph\Documents\Git Projects\FlowdexMCP\node_modules\basic-ftp\dist\Client.js:496:13)
    at async file:///C:/Users/steph/Documents/Git%20Projects/FlowdexMCP/index.js:1791:21
[Fatal Tool Error] ftp_list: Error: None of the available transfer strategies work. Last error response was 'Error: Client is closed because Timeout (control socket)'.
    at Client.prepareTransfer (C:\Users\steph\Documents\Git Projects\FlowdexMCP\node_modules\basic-ftp\dist\Client.js:721:19)
    at process.processTicksAndRejections (node:internal/process/task_queues:105:5)
    at async Client.list (C:\Users\steph\Documents\Git Projects\FlowdexMCP\node_modules\basic-ftp\dist\Client.js:496:13)
    at async file:///C:/Users/steph/Documents/Git%20Projects/FlowdexMCP/index.js:1791:21
[Fatal Tool Error] ftp_list: Error: None of the available transfer strategies work. Last error response was 'Error: Client is closed because Timeout (control socket)'.
    at Client.prepareTransfer (C:\Users\steph\Documents\Git Projects\FlowdexMCP\node_modules\basic-ftp\dist\Client.js:721:19)
    at process.processTicksAndRejections (node:internal/process/task_queues:105:5)
    at async Client.list (C:\Users\steph\Documents\Git Projects\FlowdexMCP\node_modules\basic-ftp\dist\Client.js:496:13)
    at async file:///C:/Users/steph/Documents/Git%20Projects/FlowdexMCP/index.js:1791:21

[Fatal Tool Error] ftp_list: Error: None of the available transfer strategies work. Last error response was 'Error: Client is closed because Timeout (control socket)'.
    at Client.prepareTransfer (C:\Users\steph\Documents\Git Projects\FlowdexMCP\node_modules\basic-ftp\dist\Client.js:721:19)
    at process.processTicksAndRejections (node:internal/process/task_queues:105:5)
    at async Client.list (C:\Users\steph\Documents\Git Projects\FlowdexMCP\node_modules\basic-ftp\dist\Client.js:496:13)
    at async file:///C:/Users/steph/Documents/Git%20Projects/FlowdexMCP/index.js:1791:21
[Fatal Tool Error] ftp_list: Error: None of the available transfer strategies work. Last error response was 'Error: Client is closed because Timeout (control socket)'.
    at Client.prepareTransfer (C:\Users\steph\Documents\Git Projects\FlowdexMCP\node_modules\basic-ftp\dist\Client.js:721:19)
    at process.processTicksAndRejections (node:internal/process/task_queues:105:5)
    at async Client.list (C:\Users\steph\Documents\Git Projects\FlowdexMCP\node_modules\basic-ftp\dist\Client.js:496:13)
    at async file:///C:/Users/steph/Documents/Git%20Projects/FlowdexMCP/index.js:1791:21
[Fatal Tool Error] ftp_list: Error: None of the available transfer strategies work. Last error response was 'Error: Client is closed because Timeout (control socket)'.
    at Client.prepareTransfer (C:\Users\steph\Documents\Git Projects\FlowdexMCP\node_modules\basic-ftp\dist\Client.js:721:19)
    at process.processTicksAndRejections (node:internal/process/task_queues:105:5)
    at async Client.list (C:\Users\steph\Documents\Git Projects\FlowdexMCP\node_modules\basic-ftp\dist\Client.js:496:13)
    at async file:///C:/Users/steph/Documents/Git%20Projects/FlowdexMCP/index.js:1791:21
[Fatal Tool Error] ftp_list: Error: None of the available transfer strategies work. Last error response was 'Error: Client is closed because Timeout (control socket)'.
    at Client.prepareTransfer (C:\Users\steph\Documents\Git Projects\FlowdexMCP\node_modules\basic-ftp\dist\Client.js:721:19)
    at process.processTicksAndRejections (node:internal/process/task_queues:105:5)
    at async Client.list (C:\Users\steph\Documents\Git Projects\FlowdexMCP\node_modules\basic-ftp\dist\Client.js:496:13)
    at async file:///C:/Users/steph/Documents/Git%20Projects/FlowdexMCP/index.js:1791:21
[Fatal Tool Error] ftp_list: Error: None of the available transfer strategies work. Last error response was 'Error: Client is closed because Timeout (control socket)'.
    at Client.prepareTransfer (C:\Users\steph\Documents\Git Projects\FlowdexMCP\node_modules\basic-ftp\dist\Client.js:721:19)
    at process.processTicksAndRejections (node:internal/process/task_queues:105:5)
    at async Client.list (C:\Users\steph\Documents\Git Projects\FlowdexMCP\node_modules\basic-ftp\dist\Client.js:496:13)
    at async file:///C:/Users/steph/Documents/Git%20Projects/FlowdexMCP/index.js:1791:21

[Fatal Tool Error] ftp_list: Error: None of the available transfer strategies work. Last error response was 'Error: Client is closed because Timeout (control socket)'.
    at Client.prepareTransfer (C:\Users\steph\Documents\Git Projects\FlowdexMCP\node_modules\basic-ftp\dist\Client.js:721:19)
    at process.processTicksAndRejections (node:internal/process/task_queues:105:5)
    at async Client.list (C:\Users\steph\Documents\Git Projects\FlowdexMCP\node_modules\basic-ftp\dist\Client.js:496:13)
    at async file:///C:/Users/steph/Documents/Git%20Projects/FlowdexMCP/index.js:1791:21
[Fatal Tool Error] ftp_list: Error: None of the available transfer strategies work. Last error response was 'Error: Client is closed because Timeout (control socket)'.
    at Client.prepareTransfer (C:\Users\steph\Documents\Git Projects\FlowdexMCP\node_modules\basic-ftp\dist\Client.js:721:19)
    at process.processTicksAndRejections (node:internal/process/task_queues:105:5)
    at async Client.list (C:\Users\steph\Documents\Git Projects\FlowdexMCP\node_modules\basic-ftp\dist\Client.js:496:13)
    at async file:///C:/Users/steph/Documents/Git%20Projects/FlowdexMCP/index.js:1791:21
[Fatal Tool Error] ftp_list: Error: None of the available transfer strategies work. Last error response was 'Error: Client is closed because Timeout (control socket)'.
    at Client.prepareTransfer (C:\Users\steph\Documents\Git Projects\FlowdexMCP\node_modules\basic-ftp\dist\Client.js:721:19)
    at process.processTicksAndRejections (node:internal/process/task_queues:105:5)
    at async Client.list (C:\Users\steph\Documents\Git Projects\FlowdexMCP\node_modules\basic-ftp\dist\Client.js:496:13)
    at async file:///C:/Users/steph/Documents/Git%20Projects/FlowdexMCP/index.js:1791:21
[Fatal Tool Error] ftp_list: Error: None of the available transfer strategies work. Last error response was 'Error: Client is closed because Timeout (control socket)'.
    at Client.prepareTransfer (C:\Users\steph\Documents\Git Projects\FlowdexMCP\node_modules\basic-ftp\dist\Client.js:721:19)
    at process.processTicksAndRejections (node:internal/process/task_queues:105:5)
    at async Client.list (C:\Users\steph\Documents\Git Projects\FlowdexMCP\node_modules\basic-ftp\dist\Client.js:496:13)
    at async file:///C:/Users/steph/Documents/Git%20Projects/FlowdexMCP/index.js:1791:21
[Fatal Tool Error] ftp_list: Error: None of the available transfer strategies work. Last error response was 'Error: Client is closed because Timeout (control socket)'.
    at Client.prepareTransfer (C:\Users\steph\Documents\Git Projects\FlowdexMCP\node_modules\basic-ftp\dist\Client.js:721:19)
    at process.processTicksAndRejections (node:internal/process/task_queues:105:5)
    at async Client.list (C:\Users\steph\Documents\Git Projects\FlowdexMCP\node_modules\basic-ftp\dist\Client.js:496:13)
    at async file:///C:/Users/steph/Documents/Git%20Projects/FlowdexMCP/index.js:1791:21

[Fatal Tool Error] ftp_list: Error: None of the available transfer strategies work. Last error response was 'Error: Client is closed because Timeout (control socket)'.
    at Client.prepareTransfer (C:\Users\steph\Documents\Git Projects\FlowdexMCP\node_modules\basic-ftp\dist\Client.js:721:19)
    at process.processTicksAndRejections (node:internal/process/task_queues:105:5)
    at async Client.list (C:\Users\steph\Documents\Git Projects\FlowdexMCP\node_modules\basic-ftp\dist\Client.js:496:13)
    at async file:///C:/Users/steph/Documents/Git%20Projects/FlowdexMCP/index.js:1791:21
[Fatal Tool Error] ftp_list: Error: None of the available transfer strategies work. Last error response was 'Error: Client is closed because Timeout (control socket)'.
    at Client.prepareTransfer (C:\Users\steph\Documents\Git Projects\FlowdexMCP\node_modules\basic-ftp\dist\Client.js:721:19)
    at process.processTicksAndRejections (node:internal/process/task_queues:105:5)
    at async Client.list (C:\Users\steph\Documents\Git Projects\FlowdexMCP\node_modules\basic-ftp\dist\Client.js:496:13)
    at async file:///C:/Users/steph/Documents/Git%20Projects/FlowdexMCP/index.js:1791:21
[Fatal Tool Error] ftp_list: Error: None of the available transfer strategies work. Last error response was 'Error: Client is closed because Timeout (control socket)'.
    at Client.prepareTransfer (C:\Users\steph\Documents\Git Projects\FlowdexMCP\node_modules\basic-ftp\dist\Client.js:721:19)
    at process.processTicksAndRejections (node:internal/process/task_queues:105:5)
    at async Client.list (C:\Users\steph\Documents\Git Projects\FlowdexMCP\node_modules\basic-ftp\dist\Client.js:496:13)
    at async file:///C:/Users/steph/Documents/Git%20Projects/FlowdexMCP/index.js:1791:21
[Fatal Tool Error] ftp_list: Error: None of the available transfer strategies work. Last error response was 'Error: Client is closed because Timeout (control socket)'.
    at Client.prepareTransfer (C:\Users\steph\Documents\Git Projects\FlowdexMCP\node_modules\basic-ftp\dist\Client.js:721:19)
    at process.processTicksAndRejections (node:internal/process/task_queues:105:5)
    at async Client.list (C:\Users\steph\Documents\Git Projects\FlowdexMCP\node_modules\basic-ftp\dist\Client.js:496:13)
    at async file:///C:/Users/steph/Documents/Git%20Projects/FlowdexMCP/index.js:1791:21
[Fatal Tool Error] ftp_list: Error: None of the available transfer strategies work. Last error response was 'Error: Client is closed because Timeout (control socket)'.
    at Client.prepareTransfer (C:\Users\steph\Documents\Git Projects\FlowdexMCP\node_modules\basic-ftp\dist\Client.js:721:19)
    at process.processTicksAndRejections (node:internal/process/task_queues:105:5)
    at async Client.list (C:\Users\steph\Documents\Git Projects\FlowdexMCP\node_modules\basic-ftp\dist\Client.js:496:13)
    at async file:///C:/Users/steph/Documents/Git%20Projects/FlowdexMCP/index.js:1791:21

[Fatal Tool Error] ftp_list: Error: None of the available transfer strategies work. Last error response was 'Error: Client is closed because Timeout (control socket)'.
    at Client.prepareTransfer (C:\Users\steph\Documents\Git Projects\FlowdexMCP\node_modules\basic-ftp\dist\Client.js:721:19)
    at process.processTicksAndRejections (node:internal/process/task_queues:105:5)
    at async Client.list (C:\Users\steph\Documents\Git Projects\FlowdexMCP\node_modules\basic-ftp\dist\Client.js:496:13)
    at async file:///C:/Users/steph/Documents/Git%20Projects/FlowdexMCP/index.js:1791:21
[Fatal Tool Error] ftp_list: Error: None of the available transfer strategies work. Last error response was 'Error: Client is closed because Timeout (control socket)'.
    at Client.prepareTransfer (C:\Users\steph\Documents\Git Projects\FlowdexMCP\node_modules\basic-ftp\dist\Client.js:721:19)
    at process.processTicksAndRejections (node:internal/process/task_queues:105:5)
    at async Client.list (C:\Users\steph\Documents\Git Projects\FlowdexMCP\node_modules\basic-ftp\dist\Client.js:496:13)
    at async file:///C:/Users/steph/Documents/Git%20Projects/FlowdexMCP/index.js:1791:21
[Fatal Tool Error] ftp_list: Error: None of the available transfer strategies work. Last error response was 'Error: Client is closed because Timeout (control socket)'.
    at Client.prepareTransfer (C:\Users\steph\Documents\Git Projects\FlowdexMCP\node_modules\basic-ftp\dist\Client.js:721:19)
    at process.processTicksAndRejections (node:internal/process/task_queues:105:5)
    at async Client.list (C:\Users\steph\Documents\Git Projects\FlowdexMCP\node_modules\basic-ftp\dist\Client.js:496:13)
    at async file:///C:/Users/steph/Documents/Git%20Projects/FlowdexMCP/index.js:1791:21
[Fatal Tool Error] ftp_list: Error: None of the available transfer strategies work. Last error response was 'Error: Client is closed because Timeout (control socket)'.
    at Client.prepareTransfer (C:\Users\steph\Documents\Git Projects\FlowdexMCP\node_modules\basic-ftp\dist\Client.js:721:19)
    at process.processTicksAndRejections (node:internal/process/task_queues:105:5)
    at async Client.list (C:\Users\steph\Documents\Git Projects\FlowdexMCP\node_modules\basic-ftp\dist\Client.js:496:13)
    at async file:///C:/Users/steph/Documents/Git%20Projects/FlowdexMCP/index.js:1791:21
[Fatal Tool Error] ftp_list: Error: None of the available transfer strategies work. Last error response was 'Error: Client is closed because Timeout (control socket)'.
    at Client.prepareTransfer (C:\Users\steph\Documents\Git Projects\FlowdexMCP\node_modules\basic-ftp\dist\Client.js:721:19)
    at process.processTicksAndRejections (node:internal/process/task_queues:105:5)
    at async Client.list (C:\Users\steph\Documents\Git Projects\FlowdexMCP\node_modules\basic-ftp\dist\Client.js:496:13)
    at async file:///C:/Users/steph/Documents/Git%20Projects/FlowdexMCP/index.js:1791:21

[Fatal Tool Error] ftp_list: Error: None of the available transfer strategies work. Last error response was 'Error: Client is closed because Timeout (control socket)'.
    at Client.prepareTransfer (C:\Users\steph\Documents\Git Projects\FlowdexMCP\node_modules\basic-ftp\dist\Client.js:721:19)
    at process.processTicksAndRejections (node:internal/process/task_queues:105:5)
    at async Client.list (C:\Users\steph\Documents\Git Projects\FlowdexMCP\node_modules\basic-ftp\dist\Client.js:496:13)
    at async file:///C:/Users/steph/Documents/Git%20Projects/FlowdexMCP/index.js:1791:21
[Fatal Tool Error] ftp_list: Error: None of the available transfer strategies work. Last error response was 'Error: Client is closed because Timeout (control socket)'.
    at Client.prepareTransfer (C:\Users\steph\Documents\Git Projects\FlowdexMCP\node_modules\basic-ftp\dist\Client.js:721:19)
    at process.processTicksAndRejections (node:internal/process/task_queues:105:5)
    at async Client.list (C:\Users\steph\Documents\Git Projects\FlowdexMCP\node_modules\basic-ftp\dist\Client.js:496:13)
    at async file:///C:/Users/steph/Documents/Git%20Projects/FlowdexMCP/index.js:1791:21
[Fatal Tool Error] ftp_list: Error: None of the available transfer strategies work. Last error response was 'Error: Client is closed because Timeout (control socket)'.
    at Client.prepareTransfer (C:\Users\steph\Documents\Git Projects\FlowdexMCP\node_modules\basic-ftp\dist\Client.js:721:19)
    at process.processTicksAndRejections (node:internal/process/task_queues:105:5)
    at async Client.list (C:\Users\steph\Documents\Git Projects\FlowdexMCP\node_modules\basic-ftp\dist\Client.js:496:13)
    at async file:///C:/Users/steph/Documents/Git%20Projects/FlowdexMCP/index.js:1791:21
[Fatal Tool Error] ftp_list: Error: None of the available transfer strategies work. Last error response was 'Error: Client is closed because Timeout (control socket)'.
    at Client.prepareTransfer (C:\Users\steph\Documents\Git Projects\FlowdexMCP\node_modules\basic-ftp\dist\Client.js:721:19)
    at process.processTicksAndRejections (node:internal/process/task_queues:105:5)
    at async Client.list (C:\Users\steph\Documents\Git Projects\FlowdexMCP\node_modules\basic-ftp\dist\Client.js:496:13)
    at async file:///C:/Users/steph/Documents/Git%20Projects/FlowdexMCP/index.js:1791:21
[Fatal Tool Error] ftp_list: Error: None of the available transfer strategies work. Last error response was 'Error: Client is closed because Timeout (control socket)'.
    at Client.prepareTransfer (C:\Users\steph\Documents\Git Projects\FlowdexMCP\node_modules\basic-ftp\dist\Client.js:721:19)
    at process.processTicksAndRejections (node:internal/process/task_queues:105:5)
    at async Client.list (C:\Users\steph\Documents\Git Projects\FlowdexMCP\node_modules\basic-ftp\dist\Client.js:496:13)
    at async file:///C:/Users/steph/Documents/Git%20Projects/FlowdexMCP/index.js:1791:21

[Fatal Tool Error] ftp_list: Error: None of the available transfer strategies work. Last error response was 'Error: Client is closed because Timeout (control socket)'.
    at Client.prepareTransfer (C:\Users\steph\Documents\Git Projects\FlowdexMCP\node_modules\basic-ftp\dist\Client.js:721:19)
    at process.processTicksAndRejections (node:internal/process/task_queues:105:5)
    at async Client.list (C:\Users\steph\Documents\Git Projects\FlowdexMCP\node_modules\basic-ftp\dist\Client.js:496:13)
    at async file:///C:/Users/steph/Documents/Git%20Projects/FlowdexMCP/index.js:1791:21
[Fatal Tool Error] ftp_list: Error: None of the available transfer strategies work. Last error response was 'Error: Client is closed because Timeout (control socket)'.
    at Client.prepareTransfer (C:\Users\steph\Documents\Git Projects\FlowdexMCP\node_modules\basic-ftp\dist\Client.js:721:19)
    at process.processTicksAndRejections (node:internal/process/task_queues:105:5)
    at async Client.list (C:\Users\steph\Documents\Git Projects\FlowdexMCP\node_modules\basic-ftp\dist\Client.js:496:13)
    at async file:///C:/Users/steph/Documents/Git%20Projects/FlowdexMCP/index.js:1791:21
[Fatal Tool Error] ftp_list: Error: None of the available transfer strategies work. Last error response was 'Error: Client is closed because Timeout (control socket)'.
    at Client.prepareTransfer (C:\Users\steph\Documents\Git Projects\FlowdexMCP\node_modules\basic-ftp\dist\Client.js:721:19)
    at process.processTicksAndRejections (node:internal/process/task_queues:105:5)
    at async Client.list (C:\Users\steph\Documents\Git Projects\FlowdexMCP\node_modules\basic-ftp\dist\Client.js:496:13)
    at async file:///C:/Users/steph/Documents/Git%20Projects/FlowdexMCP/index.js:1791:21
[Fatal Tool Error] ftp_list: Error: None of the available transfer strategies work. Last error response was 'Error: Client is closed because Timeout (control socket)'.
    at Client.prepareTransfer (C:\Users\steph\Documents\Git Projects\FlowdexMCP\node_modules\basic-ftp\dist\Client.js:721:19)
    at process.processTicksAndRejections (node:internal/process/task_queues:105:5)
    at async Client.list (C:\Users\steph\Documents\Git Projects\FlowdexMCP\node_modules\basic-ftp\dist\Client.js:496:13)
    at async file:///C:/Users/steph/Documents/Git%20Projects/FlowdexMCP/index.js:1791:21
[Fatal Tool Error] ftp_list: Error: None of the available transfer strategies work. Last error response was 'Error: Client is closed because Timeout (control socket)'.
    at Client.prepareTransfer (C:\Users\steph\Documents\Git Projects\FlowdexMCP\node_modules\basic-ftp\dist\Client.js:721:19)
    at process.processTicksAndRejections (node:internal/process/task_queues:105:5)
    at async Client.list (C:\Users\steph\Documents\Git Projects\FlowdexMCP\node_modules\basic-ftp\dist\Client.js:496:13)
    at async file:///C:/Users/steph/Documents/Git%20Projects/FlowdexMCP/index.js:1791:21

[Fatal Tool Error] ftp_list: Error: None of the available transfer strategies work. Last error response was 'Error: Client is closed because Timeout (control socket)'.
    at Client.prepareTransfer (C:\Users\steph\Documents\Git Projects\FlowdexMCP\node_modules\basic-ftp\dist\Client.js:721:19)
    at process.processTicksAndRejections (node:internal/process/task_queues:105:5)
    at async Client.list (C:\Users\steph\Documents\Git Projects\FlowdexMCP\node_modules\basic-ftp\dist\Client.js:496:13)
    at async file:///C:/Users/steph/Documents/Git%20Projects/FlowdexMCP/index.js:1791:21
[Fatal Tool Error] ftp_list: Error: None of the available transfer strategies work. Last error response was 'Error: Client is closed because Timeout (control socket)'.
    at Client.prepareTransfer (C:\Users\steph\Documents\Git Projects\FlowdexMCP\node_modules\basic-ftp\dist\Client.js:721:19)
    at process.processTicksAndRejections (node:internal/process/task_queues:105:5)
    at async Client.list (C:\Users\steph\Documents\Git Projects\FlowdexMCP\node_modules\basic-ftp\dist\Client.js:496:13)
    at async file:///C:/Users/steph/Documents/Git%20Projects/FlowdexMCP/index.js:1791:21
[Fatal Tool Error] ftp_list: Error: None of the available transfer strategies work. Last error response was 'Error: Client is closed because Timeout (control socket)'.
    at Client.prepareTransfer (C:\Users\steph\Documents\Git Projects\FlowdexMCP\node_modules\basic-ftp\dist\Client.js:721:19)
    at process.processTicksAndRejections (node:internal/process/task_queues:105:5)
    at async Client.list (C:\Users\steph\Documents\Git Projects\FlowdexMCP\node_modules\basic-ftp\dist\Client.js:496:13)
    at async file:///C:/Users/steph/Documents/Git%20Projects/FlowdexMCP/index.js:1791:21
[Fatal Tool Error] ftp_list: Error: None of the available transfer strategies work. Last error response was 'Error: Client is closed because Timeout (control socket)'.
    at Client.prepareTransfer (C:\Users\steph\Documents\Git Projects\FlowdexMCP\node_modules\basic-ftp\dist\Client.js:721:19)
    at process.processTicksAndRejections (node:internal/process/task_queues:105:5)
    at async Client.list (C:\Users\steph\Documents\Git Projects\FlowdexMCP\node_modules\basic-ftp\dist\Client.js:496:13)
    at async file:///C:/Users/steph/Documents/Git%20Projects/FlowdexMCP/index.js:1791:21
[Fatal Tool Error] ftp_list: Error: None of the available transfer strategies work. Last error response was 'Error: Client is closed because Timeout (control socket)'.
    at Client.prepareTransfer (C:\Users\steph\Documents\Git Projects\FlowdexMCP\node_modules\basic-ftp\dist\Client.js:721:19)
    at process.processTicksAndRejections (node:internal/process/task_queues:105:5)
    at async Client.list (C:\Users\steph\Documents\Git Projects\FlowdexMCP\node_modules\basic-ftp\dist\Client.js:496:13)
    at async file:///C:/Users/steph/Documents/Git%20Projects/FlowdexMCP/index.js:1791:21

[Fatal Tool Error] ftp_list: Error: None of the available transfer strategies work. Last error response was 'Error: Client is closed because Timeout (control socket)'.
    at Client.prepareTransfer (C:\Users\steph\Documents\Git Projects\FlowdexMCP\node_modules\basic-ftp\dist\Client.js:721:19)
    at process.processTicksAndRejections (node:internal/process/task_queues:105:5)
    at async Client.list (C:\Users\steph\Documents\Git Projects\FlowdexMCP\node_modules\basic-ftp\dist\Client.js:496:13)
    at async file:///C:/Users/steph/Documents/Git%20Projects/FlowdexMCP/index.js:1791:21
[Fatal Tool Error] ftp_list: Error: None of the available transfer strategies work. Last error response was 'Error: Client is closed because Timeout (control socket)'.
    at Client.prepareTransfer (C:\Users\steph\Documents\Git Projects\FlowdexMCP\node_modules\basic-ftp\dist\Client.js:721:19)
    at process.processTicksAndRejections (node:internal/process/task_queues:105:5)
    at async Client.list (C:\Users\steph\Documents\Git Projects\FlowdexMCP\node_modules\basic-ftp\dist\Client.js:496:13)
    at async file:///C:/Users/steph/Documents/Git%20Projects/FlowdexMCP/index.js:1791:21
[Fatal Tool Error] ftp_list: Error: None of the available transfer strategies work. Last error response was 'Error: Client is closed because Timeout (control socket)'.
    at Client.prepareTransfer (C:\Users\steph\Documents\Git Projects\FlowdexMCP\node_modules\basic-ftp\dist\Client.js:721:19)
    at process.processTicksAndRejections (node:internal/process/task_queues:105:5)
    at async Client.list (C:\Users\steph\Documents\Git Projects\FlowdexMCP\node_modules\basic-ftp\dist\Client.js:496:13)
    at async file:///C:/Users/steph/Documents/Git%20Projects/FlowdexMCP/index.js:1791:21
[Fatal Tool Error] ftp_list: Error: None of the available transfer strategies work. Last error response was 'Error: Client is closed because Timeout (control socket)'.
    at Client.prepareTransfer (C:\Users\steph\Documents\Git Projects\FlowdexMCP\node_modules\basic-ftp\dist\Client.js:721:19)
    at process.processTicksAndRejections (node:internal/process/task_queues:105:5)
    at async Client.list (C:\Users\steph\Documents\Git Projects\FlowdexMCP\node_modules\basic-ftp\dist\Client.js:496:13)
    at async file:///C:/Users/steph/Documents/Git%20Projects/FlowdexMCP/index.js:1791:21
[Fatal Tool Error] ftp_list: Error: None of the available transfer strategies work. Last error response was 'Error: Client is closed because Timeout (control socket)'.
    at Client.prepareTransfer (C:\Users\steph\Documents\Git Projects\FlowdexMCP\node_modules\basic-ftp\dist\Client.js:721:19)
    at process.processTicksAndRejections (node:internal/process/task_queues:105:5)
    at async Client.list (C:\Users\steph\Documents\Git Projects\FlowdexMCP\node_modules\basic-ftp\dist\Client.js:496:13)
    at async file:///C:/Users/steph/Documents/Git%20Projects/FlowdexMCP/index.js:1791:21

[Fatal Tool Error] ftp_list: Error: None of the available transfer strategies work. Last error response was 'Error: Client is closed because Timeout (control socket)'.
    at Client.prepareTransfer (C:\Users\steph\Documents\Git Projects\FlowdexMCP\node_modules\basic-ftp\dist\Client.js:721:19)
    at process.processTicksAndRejections (node:internal/process/task_queues:105:5)
    at async Client.list (C:\Users\steph\Documents\Git Projects\FlowdexMCP\node_modules\basic-ftp\dist\Client.js:496:13)
    at async file:///C:/Users/steph/Documents/Git%20Projects/FlowdexMCP/index.js:1791:21
[Fatal Tool Error] ftp_list: Error: None of the available transfer strategies work. Last error response was 'Error: Client is closed because Timeout (control socket)'.
    at Client.prepareTransfer (C:\Users\steph\Documents\Git Projects\FlowdexMCP\node_modules\basic-ftp\dist\Client.js:721:19)
    at process.processTicksAndRejections (node:internal/process/task_queues:105:5)
    at async Client.list (C:\Users\steph\Documents\Git Projects\FlowdexMCP\node_modules\basic-ftp\dist\Client.js:496:13)
    at async file:///C:/Users/steph/Documents/Git%20Projects/FlowdexMCP/index.js:1791:21
[Fatal Tool Error] ftp_list: Error: None of the available transfer strategies work. Last error response was 'Error: Client is closed because Timeout (control socket)'.
    at Client.prepareTransfer (C:\Users\steph\Documents\Git Projects\FlowdexMCP\node_modules\basic-ftp\dist\Client.js:721:19)
    at process.processTicksAndRejections (node:internal/process/task_queues:105:5)
    at async Client.list (C:\Users\steph\Documents\Git Projects\FlowdexMCP\node_modules\basic-ftp\dist\Client.js:496:13)
    at async file:///C:/Users/steph/Documents/Git%20Projects/FlowdexMCP/index.js:1791:21
[Fatal Tool Error] ftp_list: Error: None of the available transfer strategies work. Last error response was 'Error: Client is closed because Timeout (control socket)'.
    at Client.prepareTransfer (C:\Users\steph\Documents\Git Projects\FlowdexMCP\node_modules\basic-ftp\dist\Client.js:721:19)
    at process.processTicksAndRejections (node:internal/process/task_queues:105:5)
    at async Client.list (C:\Users\steph\Documents\Git Projects\FlowdexMCP\node_modules\basic-ftp\dist\Client.js:496:13)
    at async file:///C:/Users/steph/Documents/Git%20Projects/FlowdexMCP/index.js:1791:21
[Fatal Tool Error] ftp_list: Error: None of the available transfer strategies work. Last error response was 'Error: Client is closed because Timeout (control socket)'.
    at Client.prepareTransfer (C:\Users\steph\Documents\Git Projects\FlowdexMCP\node_modules\basic-ftp\dist\Client.js:721:19)
    at process.processTicksAndRejections (node:internal/process/task_queues:105:5)
    at async Client.list (C:\Users\steph\Documents\Git Projects\FlowdexMCP\node_modules\basic-ftp\dist\Client.js:496:13)
    at async file:///C:/Users/steph/Documents/Git%20Projects/FlowdexMCP/index.js:1791:21

[Fatal Tool Error] ftp_list: Error: None of the available transfer strategies work. Last error response was 'Error: Client is closed because Timeout (control socket)'.
    at Client.prepareTransfer (C:\Users\steph\Documents\Git Projects\FlowdexMCP\node_modules\basic-ftp\dist\Client.js:721:19)
    at process.processTicksAndRejections (node:internal/process/task_queues:105:5)
    at async Client.list (C:\Users\steph\Documents\Git Projects\FlowdexMCP\node_modules\basic-ftp\dist\Client.js:496:13)
    at async file:///C:/Users/steph/Documents/Git%20Projects/FlowdexMCP/index.js:1791:21
[Fatal Tool Error] ftp_list: Error: None of the available transfer strategies work. Last error response was 'Error: Client is closed because Timeout (control socket)'.
    at Client.prepareTransfer (C:\Users\steph\Documents\Git Projects\FlowdexMCP\node_modules\basic-ftp\dist\Client.js:721:19)
    at process.processTicksAndRejections (node:internal/process/task_queues:105:5)
    at async Client.list (C:\Users\steph\Documents\Git Projects\FlowdexMCP\node_modules\basic-ftp\dist\Client.js:496:13)
    at async file:///C:/Users/steph/Documents/Git%20Projects/FlowdexMCP/index.js:1791:21
[Fatal Tool Error] ftp_list: Error: None of the available transfer strategies work. Last error response was 'Error: Client is closed because Timeout (control socket)'.
    at Client.prepareTransfer (C:\Users\steph\Documents\Git Projects\FlowdexMCP\node_modules\basic-ftp\dist\Client.js:721:19)
    at process.processTicksAndRejections (node:internal/process/task_queues:105:5)
    at async Client.list (C:\Users\steph\Documents\Git Projects\FlowdexMCP\node_modules\basic-ftp\dist\Client.js:496:13)
    at async file:///C:/Users/steph/Documents/Git%20Projects/FlowdexMCP/index.js:1791:21
[Fatal Tool Error] ftp_list: Error: None of the available transfer strategies work. Last error response was 'Error: Client is closed because Timeout (control socket)'.
    at Client.prepareTransfer (C:\Users\steph\Documents\Git Projects\FlowdexMCP\node_modules\basic-ftp\dist\Client.js:721:19)
    at process.processTicksAndRejections (node:internal/process/task_queues:105:5)
    at async Client.list (C:\Users\steph\Documents\Git Projects\FlowdexMCP\node_modules\basic-ftp\dist\Client.js:496:13)
    at async file:///C:/Users/steph/Documents/Git%20Projects/FlowdexMCP/index.js:1791:21
[Fatal Tool Error] ftp_list: Error: None of the available transfer strategies work. Last error response was 'Error: Client is closed because Timeout (control socket)'.
    at Client.prepareTransfer (C:\Users\steph\Documents\Git Projects\FlowdexMCP\node_modules\basic-ftp\dist\Client.js:721:19)
    at process.processTicksAndRejections (node:internal/process/task_queues:105:5)
    at async Client.list (C:\Users\steph\Documents\Git Projects\FlowdexMCP\node_modules\basic-ftp\dist\Client.js:496:13)
    at async file:///C:/Users/steph/Documents/Git%20Projects/FlowdexMCP/index.js:1791:21

[Fatal Tool Error] ftp_list: Error: None of the available transfer strategies work. Last error response was 'Error: Client is closed because Timeout (control socket)'.
    at Client.prepareTransfer (C:\Users\steph\Documents\Git Projects\FlowdexMCP\node_modules\basic-ftp\dist\Client.js:721:19)
    at process.processTicksAndRejections (node:internal/process/task_queues:105:5)
    at async Client.list (C:\Users\steph\Documents\Git Projects\FlowdexMCP\node_modules\basic-ftp\dist\Client.js:496:13)
    at async file:///C:/Users/steph/Documents/Git%20Projects/FlowdexMCP/index.js:1791:21
[Fatal Tool Error] ftp_list: Error: None of the available transfer strategies work. Last error response was 'Error: Client is closed because Timeout (control socket)'.
    at Client.prepareTransfer (C:\Users\steph\Documents\Git Projects\FlowdexMCP\node_modules\basic-ftp\dist\Client.js:721:19)
    at process.processTicksAndRejections (node:internal/process/task_queues:105:5)
    at async Client.list (C:\Users\steph\Documents\Git Projects\FlowdexMCP\node_modules\basic-ftp\dist\Client.js:496:13)
    at async file:///C:/Users/steph/Documents/Git%20Projects/FlowdexMCP/index.js:1791:21
[Fatal Tool Error] ftp_list: Error: None of the available transfer strategies work. Last error response was 'Error: Client is closed because Timeout (control socket)'.
    at Client.prepareTransfer (C:\Users\steph\Documents\Git Projects\FlowdexMCP\node_modules\basic-ftp\dist\Client.js:721:19)
    at process.processTicksAndRejections (node:internal/process/task_queues:105:5)
    at async Client.list (C:\Users\steph\Documents\Git Projects\FlowdexMCP\node_modules\basic-ftp\dist\Client.js:496:13)
    at async file:///C:/Users/steph/Documents/Git%20Projects/FlowdexMCP/index.js:1791:21
[Fatal Tool Error] ftp_list: Error: None of the available transfer strategies work. Last error response was 'Error: Client is closed because Timeout (control socket)'.
    at Client.prepareTransfer (C:\Users\steph\Documents\Git Projects\FlowdexMCP\node_modules\basic-ftp\dist\Client.js:721:19)
    at process.processTicksAndRejections (node:internal/process/task_queues:105:5)
    at async Client.list (C:\Users\steph\Documents\Git Projects\FlowdexMCP\node_modules\basic-ftp\dist\Client.js:496:13)
    at async file:///C:/Users/steph/Documents/Git%20Projects/FlowdexMCP/index.js:1791:21
[Fatal Tool Error] ftp_list: Error: None of the available transfer strategies work. Last error response was 'Error: Client is closed because Timeout (control socket)'.
    at Client.prepareTransfer (C:\Users\steph\Documents\Git Projects\FlowdexMCP\node_modules\basic-ftp\dist\Client.js:721:19)
    at process.processTicksAndRejections (node:internal/process/task_queues:105:5)
    at async Client.list (C:\Users\steph\Documents\Git Projects\FlowdexMCP\node_modules\basic-ftp\dist\Client.js:496:13)
    at async file:///C:/Users/steph/Documents/Git%20Projects/FlowdexMCP/index.js:1791:21

[Fatal Tool Error] ftp_list: Error: None of the available transfer strategies work. Last error response was 'Error: Client is closed because Timeout (control socket)'.
    at Client.prepareTransfer (C:\Users\steph\Documents\Git Projects\FlowdexMCP\node_modules\basic-ftp\dist\Client.js:721:19)
    at process.processTicksAndRejections (node:internal/process/task_queues:105:5)
    at async Client.list (C:\Users\steph\Documents\Git Projects\FlowdexMCP\node_modules\basic-ftp\dist\Client.js:496:13)
    at async file:///C:/Users/steph/Documents/Git%20Projects/FlowdexMCP/index.js:1791:21
[Fatal Tool Error] ftp_list: Error: None of the available transfer strategies work. Last error response was 'Error: Client is closed because Timeout (control socket)'.
    at Client.prepareTransfer (C:\Users\steph\Documents\Git Projects\FlowdexMCP\node_modules\basic-ftp\dist\Client.js:721:19)
    at process.processTicksAndRejections (node:internal/process/task_queues:105:5)
    at async Client.list (C:\Users\steph\Documents\Git Projects\FlowdexMCP\node_modules\basic-ftp\dist\Client.js:496:13)
    at async file:///C:/Users/steph/Documents/Git%20Projects/FlowdexMCP/index.js:1791:21
[Fatal Tool Error] ftp_list: Error: None of the available transfer strategies work. Last error response was 'Error: Client is closed because Timeout (control socket)'.
    at Client.prepareTransfer (C:\Users\steph\Documents\Git Projects\FlowdexMCP\node_modules\basic-ftp\dist\Client.js:721:19)
    at process.processTicksAndRejections (node:internal/process/task_queues:105:5)
    at async Client.list (C:\Users\steph\Documents\Git Projects\FlowdexMCP\node_modules\basic-ftp\dist\Client.js:496:13)
    at async file:///C:/Users/steph/Documents/Git%20Projects/FlowdexMCP/index.js:1791:21
[Fatal Tool Error] ftp_list: Error: None of the available transfer strategies work. Last error response was 'Error: Client is closed because Timeout (control socket)'.
    at Client.prepareTransfer (C:\Users\steph\Documents\Git Projects\FlowdexMCP\node_modules\basic-ftp\dist\Client.js:721:19)
    at process.processTicksAndRejections (node:internal/process/task_queues:105:5)
    at async Client.list (C:\Users\steph\Documents\Git Projects\FlowdexMCP\node_modules\basic-ftp\dist\Client.js:496:13)
    at async file:///C:/Users/steph/Documents/Git%20Projects/FlowdexMCP/index.js:1791:21
[Fatal Tool Error] ftp_list: Error: None of the available transfer strategies work. Last error response was 'Error: Client is closed because Timeout (control socket)'.
    at Client.prepareTransfer (C:\Users\steph\Documents\Git Projects\FlowdexMCP\node_modules\basic-ftp\dist\Client.js:721:19)
    at process.processTicksAndRejections (node:internal/process/task_queues:105:5)
    at async Client.list (C:\Users\steph\Documents\Git Projects\FlowdexMCP\node_modules\basic-ftp\dist\Client.js:496:13)
    at async file:///C:/Users/steph/Documents/Git%20Projects/FlowdexMCP/index.js:1791:21

[Fatal Tool Error] ftp_list: Error: None of the available transfer strategies work. Last error response was 'Error: Client is closed because Timeout (control socket)'.
    at Client.prepareTransfer (C:\Users\steph\Documents\Git Projects\FlowdexMCP\node_modules\basic-ftp\dist\Client.js:721:19)
    at process.processTicksAndRejections (node:internal/process/task_queues:105:5)
    at async Client.list (C:\Users\steph\Documents\Git Projects\FlowdexMCP\node_modules\basic-ftp\dist\Client.js:496:13)
    at async file:///C:/Users/steph/Documents/Git%20Projects/FlowdexMCP/index.js:1791:21
[Fatal Tool Error] ftp_list: Error: None of the available transfer strategies work. Last error response was 'Error: Client is closed because Timeout (control socket)'.
    at Client.prepareTransfer (C:\Users\steph\Documents\Git Projects\FlowdexMCP\node_modules\basic-ftp\dist\Client.js:721:19)
    at process.processTicksAndRejections (node:internal/process/task_queues:105:5)
    at async Client.list (C:\Users\steph\Documents\Git Projects\FlowdexMCP\node_modules\basic-ftp\dist\Client.js:496:13)
    at async file:///C:/Users/steph/Documents/Git%20Projects/FlowdexMCP/index.js:1791:21
[Fatal Tool Error] ftp_list: Error: None of the available transfer strategies work. Last error response was 'Error: Client is closed because Timeout (control socket)'.
    at Client.prepareTransfer (C:\Users\steph\Documents\Git Projects\FlowdexMCP\node_modules\basic-ftp\dist\Client.js:721:19)
    at process.processTicksAndRejections (node:internal/process/task_queues:105:5)
    at async Client.list (C:\Users\steph\Documents\Git Projects\FlowdexMCP\node_modules\basic-ftp\dist\Client.js:496:13)
    at async file:///C:/Users/steph/Documents/Git%20Projects/FlowdexMCP/index.js:1791:21
[Fatal Tool Error] ftp_list: Error: None of the available transfer strategies work. Last error response was 'Error: Client is closed because Timeout (control socket)'.
    at Client.prepareTransfer (C:\Users\steph\Documents\Git Projects\FlowdexMCP\node_modules\basic-ftp\dist\Client.js:721:19)
    at process.processTicksAndRejections (node:internal/process/task_queues:105:5)
    at async Client.list (C:\Users\steph\Documents\Git Projects\FlowdexMCP\node_modules\basic-ftp\dist\Client.js:496:13)
    at async file:///C:/Users/steph/Documents/Git%20Projects/FlowdexMCP/index.js:1791:21
[Fatal Tool Error] ftp_list: Error: None of the available transfer strategies work. Last error response was 'Error: Client is closed because Timeout (control socket)'.
    at Client.prepareTransfer (C:\Users\steph\Documents\Git Projects\FlowdexMCP\node_modules\basic-ftp\dist\Client.js:721:19)
    at process.processTicksAndRejections (node:internal/process/task_queues:105:5)
    at async Client.list (C:\Users\steph\Documents\Git Projects\FlowdexMCP\node_modules\basic-ftp\dist\Client.js:496:13)
    at async file:///C:/Users/steph/Documents/Git%20Projects/FlowdexMCP/index.js:1791:21

[Fatal Tool Error] ftp_list: Error: None of the available transfer strategies work. Last error response was 'Error: Client is closed because Timeout (control socket)'.
    at Client.prepareTransfer (C:\Users\steph\Documents\Git Projects\FlowdexMCP\node_modules\basic-ftp\dist\Client.js:721:19)
    at process.processTicksAndRejections (node:internal/process/task_queues:105:5)
    at async Client.list (C:\Users\steph\Documents\Git Projects\FlowdexMCP\node_modules\basic-ftp\dist\Client.js:496:13)
    at async file:///C:/Users/steph/Documents/Git%20Projects/FlowdexMCP/index.js:1791:21
[Fatal Tool Error] ftp_list: Error: None of the available transfer strategies work. Last error response was 'Error: Client is closed because Timeout (control socket)'.
    at Client.prepareTransfer (C:\Users\steph\Documents\Git Projects\FlowdexMCP\node_modules\basic-ftp\dist\Client.js:721:19)
    at process.processTicksAndRejections (node:internal/process/task_queues:105:5)
    at async Client.list (C:\Users\steph\Documents\Git Projects\FlowdexMCP\node_modules\basic-ftp\dist\Client.js:496:13)
    at async file:///C:/Users/steph/Documents/Git%20Projects/FlowdexMCP/index.js:1791:21
[Fatal Tool Error] ftp_list: Error: None of the available transfer strategies work. Last error response was 'Error: Client is closed because Timeout (control socket)'.
    at Client.prepareTransfer (C:\Users\steph\Documents\Git Projects\FlowdexMCP\node_modules\basic-ftp\dist\Client.js:721:19)
    at process.processTicksAndRejections (node:internal/process/task_queues:105:5)
    at async Client.list (C:\Users\steph\Documents\Git Projects\FlowdexMCP\node_modules\basic-ftp\dist\Client.js:496:13)
    at async file:///C:/Users/steph/Documents/Git%20Projects/FlowdexMCP/index.js:1791:21
[Fatal Tool Error] ftp_list: Error: None of the available transfer strategies work. Last error response was 'Error: Client is closed because Timeout (control socket)'.
    at Client.prepareTransfer (C:\Users\steph\Documents\Git Projects\FlowdexMCP\node_modules\basic-ftp\dist\Client.js:721:19)
    at process.processTicksAndRejections (node:internal/process/task_queues:105:5)
    at async Client.list (C:\Users\steph\Documents\Git Projects\FlowdexMCP\node_modules\basic-ftp\dist\Client.js:496:13)
    at async file:///C:/Users/steph/Documents/Git%20Projects/FlowdexMCP/index.js:1791:21
[Fatal Tool Error] ftp_list: Error: None of the available transfer strategies work. Last error response was 'Error: Client is closed because Timeout (control socket)'.
    at Client.prepareTransfer (C:\Users\steph\Documents\Git Projects\FlowdexMCP\node_modules\basic-ftp\dist\Client.js:721:19)
    at process.processTicksAndRejections (node:internal/process/task_queues:105:5)
    at async Client.list (C:\Users\steph\Documents\Git Projects\FlowdexMCP\node_modules\basic-ftp\dist\Client.js:496:13)
    at async file:///C:/Users/steph/Documents/Git%20Projects/FlowdexMCP/index.js:1791:21

[Fatal Tool Error] ftp_list: Error: None of the available transfer strategies work. Last error response was 'Error: Client is closed because Timeout (control socket)'.
    at Client.prepareTransfer (C:\Users\steph\Documents\Git Projects\FlowdexMCP\node_modules\basic-ftp\dist\Client.js:721:19)
    at process.processTicksAndRejections (node:internal/process/task_queues:105:5)
    at async Client.list (C:\Users\steph\Documents\Git Projects\FlowdexMCP\node_modules\basic-ftp\dist\Client.js:496:13)
    at async file:///C:/Users/steph/Documents/Git%20Projects/FlowdexMCP/index.js:1791:21
[Fatal Tool Error] ftp_list: Error: None of the available transfer strategies work. Last error response was 'Error: Client is closed because Timeout (control socket)'.
    at Client.prepareTransfer (C:\Users\steph\Documents\Git Projects\FlowdexMCP\node_modules\basic-ftp\dist\Client.js:721:19)
    at process.processTicksAndRejections (node:internal/process/task_queues:105:5)
    at async Client.list (C:\Users\steph\Documents\Git Projects\FlowdexMCP\node_modules\basic-ftp\dist\Client.js:496:13)
    at async file:///C:/Users/steph/Documents/Git%20Projects/FlowdexMCP/index.js:1791:21
[Fatal Tool Error] ftp_list: Error: None of the available transfer strategies work. Last error response was 'Error: Client is closed because Timeout (control socket)'.
    at Client.prepareTransfer (C:\Users\steph\Documents\Git Projects\FlowdexMCP\node_modules\basic-ftp\dist\Client.js:721:19)
    at process.processTicksAndRejections (node:internal/process/task_queues:105:5)
    at async Client.list (C:\Users\steph\Documents\Git Projects\FlowdexMCP\node_modules\basic-ftp\dist\Client.js:496:13)
    at async file:///C:/Users/steph/Documents/Git%20Projects/FlowdexMCP/index.js:1791:21
[Fatal Tool Error] ftp_list: Error: None of the available transfer strategies work. Last error response was 'Error: Client is closed because Timeout (control socket)'.
    at Client.prepareTransfer (C:\Users\steph\Documents\Git Projects\FlowdexMCP\node_modules\basic-ftp\dist\Client.js:721:19)
    at process.processTicksAndRejections (node:internal/process/task_queues:105:5)
    at async Client.list (C:\Users\steph\Documents\Git Projects\FlowdexMCP\node_modules\basic-ftp\dist\Client.js:496:13)
    at async file:///C:/Users/steph/Documents/Git%20Projects/FlowdexMCP/index.js:1791:21
[Fatal Tool Error] ftp_list: Error: None of the available transfer strategies work. Last error response was 'Error: Client is closed because Timeout (control socket)'.
    at Client.prepareTransfer (C:\Users\steph\Documents\Git Projects\FlowdexMCP\node_modules\basic-ftp\dist\Client.js:721:19)
    at process.processTicksAndRejections (node:internal/process/task_queues:105:5)
    at async Client.list (C:\Users\steph\Documents\Git Projects\FlowdexMCP\node_modules\basic-ftp\dist\Client.js:496:13)
    at async file:///C:/Users/steph/Documents/Git%20Projects/FlowdexMCP/index.js:1791:21

[Fatal Tool Error] ftp_list: Error: None of the available transfer strategies work. Last error response was 'Error: Client is closed because Timeout (control socket)'.
    at Client.prepareTransfer (C:\Users\steph\Documents\Git Projects\FlowdexMCP\node_modules\basic-ftp\dist\Client.js:721:19)
    at process.processTicksAndRejections (node:internal/process/task_queues:105:5)
    at async Client.list (C:\Users\steph\Documents\Git Projects\FlowdexMCP\node_modules\basic-ftp\dist\Client.js:496:13)
    at async file:///C:/Users/steph/Documents/Git%20Projects/FlowdexMCP/index.js:1791:21
[Fatal Tool Error] ftp_list: Error: None of the available transfer strategies work. Last error response was 'Error: Client is closed because Timeout (control socket)'.
    at Client.prepareTransfer (C:\Users\steph\Documents\Git Projects\FlowdexMCP\node_modules\basic-ftp\dist\Client.js:721:19)
    at process.processTicksAndRejections (node:internal/process/task_queues:105:5)
    at async Client.list (C:\Users\steph\Documents\Git Projects\FlowdexMCP\node_modules\basic-ftp\dist\Client.js:496:13)
    at async file:///C:/Users/steph/Documents/Git%20Projects/FlowdexMCP/index.js:1791:21
[Fatal Tool Error] ftp_list: Error: None of the available transfer strategies work. Last error response was 'Error: Client is closed because Timeout (control socket)'.
    at Client.prepareTransfer (C:\Users\steph\Documents\Git Projects\FlowdexMCP\node_modules\basic-ftp\dist\Client.js:721:19)
    at process.processTicksAndRejections (node:internal/process/task_queues:105:5)
    at async Client.list (C:\Users\steph\Documents\Git Projects\FlowdexMCP\node_modules\basic-ftp\dist\Client.js:496:13)
    at async file:///C:/Users/steph/Documents/Git%20Projects/FlowdexMCP/index.js:1791:21
[Fatal Tool Error] ftp_list: Error: None of the available transfer strategies work. Last error response was 'Error: Client is closed because Timeout (control socket)'.
    at Client.prepareTransfer (C:\Users\steph\Documents\Git Projects\FlowdexMCP\node_modules\basic-ftp\dist\Client.js:721:19)
    at process.processTicksAndRejections (node:internal/process/task_queues:105:5)
    at async Client.list (C:\Users\steph\Documents\Git Projects\FlowdexMCP\node_modules\basic-ftp\dist\Client.js:496:13)
    at async file:///C:/Users/steph/Documents/Git%20Projects/FlowdexMCP/index.js:1791:21
[Fatal Tool Error] ftp_list: Error: None of the available transfer strategies work. Last error response was 'Error: Client is closed because Timeout (control socket)'.
    at Client.prepareTransfer (C:\Users\steph\Documents\Git Projects\FlowdexMCP\node_modules\basic-ftp\dist\Client.js:721:19)
    at process.processTicksAndRejections (node:internal/process/task_queues:105:5)
    at async Client.list (C:\Users\steph\Documents\Git Projects\FlowdexMCP\node_modules\basic-ftp\dist\Client.js:496:13)
    at async file:///C:/Users/steph/Documents/Git%20Projects/FlowdexMCP/index.js:1791:21

[Fatal Tool Error] ftp_list: Error: None of the available transfer strategies work. Last error response was 'Error: Client is closed because Timeout (control socket)'.
    at Client.prepareTransfer (C:\Users\steph\Documents\Git Projects\FlowdexMCP\node_modules\basic-ftp\dist\Client.js:721:19)
    at process.processTicksAndRejections (node:internal/process/task_queues:105:5)
    at async Client.list (C:\Users\steph\Documents\Git Projects\FlowdexMCP\node_modules\basic-ftp\dist\Client.js:496:13)
    at async file:///C:/Users/steph/Documents/Git%20Projects/FlowdexMCP/index.js:1791:21
[Fatal Tool Error] ftp_list: Error: None of the available transfer strategies work. Last error response was 'Error: Client is closed because Timeout (control socket)'.
    at Client.prepareTransfer (C:\Users\steph\Documents\Git Projects\FlowdexMCP\node_modules\basic-ftp\dist\Client.js:721:19)
    at process.processTicksAndRejections (node:internal/process/task_queues:105:5)
    at async Client.list (C:\Users\steph\Documents\Git Projects\FlowdexMCP\node_modules\basic-ftp\dist\Client.js:496:13)
    at async file:///C:/Users/steph/Documents/Git%20Projects/FlowdexMCP/index.js:1791:21
[Fatal Tool Error] ftp_list: Error: None of the available transfer strategies work. Last error response was 'Error: Client is closed because Timeout (control socket)'.
    at Client.prepareTransfer (C:\Users\steph\Documents\Git Projects\FlowdexMCP\node_modules\basic-ftp\dist\Client.js:721:19)
    at process.processTicksAndRejections (node:internal/process/task_queues:105:5)
    at async Client.list (C:\Users\steph\Documents\Git Projects\FlowdexMCP\node_modules\basic-ftp\dist\Client.js:496:13)
    at async file:///C:/Users/steph/Documents/Git%20Projects/FlowdexMCP/index.js:1791:21
[Fatal Tool Error] ftp_list: Error: None of the available transfer strategies work. Last error response was 'Error: Client is closed because Timeout (control socket)'.
    at Client.prepareTransfer (C:\Users\steph\Documents\Git Projects\FlowdexMCP\node_modules\basic-ftp\dist\Client.js:721:19)
    at process.processTicksAndRejections (node:internal/process/task_queues:105:5)
    at async Client.list (C:\Users\steph\Documents\Git Projects\FlowdexMCP\node_modules\basic-ftp\dist\Client.js:496:13)
    at async file:///C:/Users/steph/Documents/Git%20Projects/FlowdexMCP/index.js:1791:21
[Fatal Tool Error] ftp_list: Error: None of the available transfer strategies work. Last error response was 'Error: Client is closed because Timeout (control socket)'.
    at Client.prepareTransfer (C:\Users\steph\Documents\Git Projects\FlowdexMCP\node_modules\basic-ftp\dist\Client.js:721:19)
    at process.processTicksAndRejections (node:internal/process/task_queues:105:5)
    at async Client.list (C:\Users\steph\Documents\Git Projects\FlowdexMCP\node_modules\basic-ftp\dist\Client.js:496:13)
    at async file:///C:/Users/steph/Documents/Git%20Projects/FlowdexMCP/index.js:1791:21

[Fatal Tool Error] ftp_list: Error: None of the available transfer strategies work. Last error response was 'Error: Client is closed because Timeout (control socket)'.
    at Client.prepareTransfer (C:\Users\steph\Documents\Git Projects\FlowdexMCP\node_modules\basic-ftp\dist\Client.js:721:19)
    at process.processTicksAndRejections (node:internal/process/task_queues:105:5)
    at async Client.list (C:\Users\steph\Documents\Git Projects\FlowdexMCP\node_modules\basic-ftp\dist\Client.js:496:13)
    at async file:///C:/Users/steph/Documents/Git%20Projects/FlowdexMCP/index.js:1791:21
[Fatal Tool Error] ftp_list: Error: None of the available transfer strategies work. Last error response was 'Error: Client is closed because Timeout (control socket)'.
    at Client.prepareTransfer (C:\Users\steph\Documents\Git Projects\FlowdexMCP\node_modules\basic-ftp\dist\Client.js:721:19)
    at process.processTicksAndRejections (node:internal/process/task_queues:105:5)
    at async Client.list (C:\Users\steph\Documents\Git Projects\FlowdexMCP\node_modules\basic-ftp\dist\Client.js:496:13)
    at async file:///C:/Users/steph/Documents/Git%20Projects/FlowdexMCP/index.js:1791:21
[Fatal Tool Error] ftp_list: Error: None of the available transfer strategies work. Last error response was 'Error: Client is closed because Timeout (control socket)'.
    at Client.prepareTransfer (C:\Users\steph\Documents\Git Projects\FlowdexMCP\node_modules\basic-ftp\dist\Client.js:721:19)
    at process.processTicksAndRejections (node:internal/process/task_queues:105:5)
    at async Client.list (C:\Users\steph\Documents\Git Projects\FlowdexMCP\node_modules\basic-ftp\dist\Client.js:496:13)
    at async file:///C:/Users/steph/Documents/Git%20Projects/FlowdexMCP/index.js:1791:21
[Fatal Tool Error] ftp_list: Error: None of the available transfer strategies work. Last error response was 'Error: Client is closed because Timeout (control socket)'.
    at Client.prepareTransfer (C:\Users\steph\Documents\Git Projects\FlowdexMCP\node_modules\basic-ftp\dist\Client.js:721:19)
    at process.processTicksAndRejections (node:internal/process/task_queues:105:5)
    at async Client.list (C:\Users\steph\Documents\Git Projects\FlowdexMCP\node_modules\basic-ftp\dist\Client.js:496:13)
    at async file:///C:/Users/steph/Documents/Git%20Projects/FlowdexMCP/index.js:1791:21
[Fatal Tool Error] ftp_list: Error: None of the available transfer strategies work. Last error response was 'Error: Client is closed because Timeout (control socket)'.
    at Client.prepareTransfer (C:\Users\steph\Documents\Git Projects\FlowdexMCP\node_modules\basic-ftp\dist\Client.js:721:19)
    at process.processTicksAndRejections (node:internal/process/task_queues:105:5)
    at async Client.list (C:\Users\steph\Documents\Git Projects\FlowdexMCP\node_modules\basic-ftp\dist\Client.js:496:13)
    at async file:///C:/Users/steph/Documents/Git%20Projects/FlowdexMCP/index.js:1791:21

[Fatal Tool Error] ftp_list: Error: None of the available transfer strategies work. Last error response was 'Error: Client is closed because Timeout (control socket)'.
    at Client.prepareTransfer (C:\Users\steph\Documents\Git Projects\FlowdexMCP\node_modules\basic-ftp\dist\Client.js:721:19)
    at process.processTicksAndRejections (node:internal/process/task_queues:105:5)
    at async Client.list (C:\Users\steph\Documents\Git Projects\FlowdexMCP\node_modules\basic-ftp\dist\Client.js:496:13)
    at async file:///C:/Users/steph/Documents/Git%20Projects/FlowdexMCP/index.js:1791:21
[Fatal Tool Error] ftp_list: Error: None of the available transfer strategies work. Last error response was 'Error: Client is closed because Timeout (control socket)'.
    at Client.prepareTransfer (C:\Users\steph\Documents\Git Projects\FlowdexMCP\node_modules\basic-ftp\dist\Client.js:721:19)
    at process.processTicksAndRejections (node:internal/process/task_queues:105:5)
    at async Client.list (C:\Users\steph\Documents\Git Projects\FlowdexMCP\node_modules\basic-ftp\dist\Client.js:496:13)
    at async file:///C:/Users/steph/Documents/Git%20Projects/FlowdexMCP/index.js:1791:21
[Fatal Tool Error] ftp_list: Error: None of the available transfer strategies work. Last error response was 'Error: Client is closed because Timeout (control socket)'.
    at Client.prepareTransfer (C:\Users\steph\Documents\Git Projects\FlowdexMCP\node_modules\basic-ftp\dist\Client.js:721:19)
    at process.processTicksAndRejections (node:internal/process/task_queues:105:5)
    at async Client.list (C:\Users\steph\Documents\Git Projects\FlowdexMCP\node_modules\basic-ftp\dist\Client.js:496:13)
    at async file:///C:/Users/steph/Documents/Git%20Projects/FlowdexMCP/index.js:1791:21
[Fatal Tool Error] ftp_list: Error: None of the available transfer strategies work. Last error response was 'Error: Client is closed because Timeout (control socket)'.
    at Client.prepareTransfer (C:\Users\steph\Documents\Git Projects\FlowdexMCP\node_modules\basic-ftp\dist\Client.js:721:19)
    at process.processTicksAndRejections (node:internal/process/task_queues:105:5)
    at async Client.list (C:\Users\steph\Documents\Git Projects\FlowdexMCP\node_modules\basic-ftp\dist\Client.js:496:13)
    at async file:///C:/Users/steph/Documents/Git%20Projects/FlowdexMCP/index.js:1791:21
[Fatal Tool Error] ftp_list: Error: None of the available transfer strategies work. Last error response was 'Error: Client is closed because Timeout (control socket)'.
    at Client.prepareTransfer (C:\Users\steph\Documents\Git Projects\FlowdexMCP\node_modules\basic-ftp\dist\Client.js:721:19)
    at process.processTicksAndRejections (node:internal/process/task_queues:105:5)
    at async Client.list (C:\Users\steph\Documents\Git Projects\FlowdexMCP\node_modules\basic-ftp\dist\Client.js:496:13)
    at async file:///C:/Users/steph/Documents/Git%20Projects/FlowdexMCP/index.js:1791:21

[Fatal Tool Error] ftp_list: Error: None of the available transfer strategies work. Last error response was 'Error: Client is closed because Timeout (control socket)'.
    at Client.prepareTransfer (C:\Users\steph\Documents\Git Projects\FlowdexMCP\node_modules\basic-ftp\dist\Client.js:721:19)
    at process.processTicksAndRejections (node:internal/process/task_queues:105:5)
    at async Client.list (C:\Users\steph\Documents\Git Projects\FlowdexMCP\node_modules\basic-ftp\dist\Client.js:496:13)
    at async file:///C:/Users/steph/Documents/Git%20Projects/FlowdexMCP/index.js:1791:21
[Fatal Tool Error] ftp_list: Error: None of the available transfer strategies work. Last error response was 'Error: Client is closed because Timeout (control socket)'.
    at Client.prepareTransfer (C:\Users\steph\Documents\Git Projects\FlowdexMCP\node_modules\basic-ftp\dist\Client.js:721:19)
    at process.processTicksAndRejections (node:internal/process/task_queues:105:5)
    at async Client.list (C:\Users\steph\Documents\Git Projects\FlowdexMCP\node_modules\basic-ftp\dist\Client.js:496:13)
    at async file:///C:/Users/steph/Documents/Git%20Projects/FlowdexMCP/index.js:1791:21
[Fatal Tool Error] ftp_list: Error: None of the available transfer strategies work. Last error response was 'Error: Client is closed because Timeout (control socket)'.
    at Client.prepareTransfer (C:\Users\steph\Documents\Git Projects\FlowdexMCP\node_modules\basic-ftp\dist\Client.js:721:19)
    at process.processTicksAndRejections (node:internal/process/task_queues:105:5)
    at async Client.list (C:\Users\steph\Documents\Git Projects\FlowdexMCP\node_modules\basic-ftp\dist\Client.js:496:13)
    at async file:///C:/Users/steph/Documents/Git%20Projects/FlowdexMCP/index.js:1791:21
[Fatal Tool Error] ftp_list: Error: None of the available transfer strategies work. Last error response was 'Error: Client is closed because Timeout (control socket)'.
    at Client.prepareTransfer (C:\Users\steph\Documents\Git Projects\FlowdexMCP\node_modules\basic-ftp\dist\Client.js:721:19)
    at process.processTicksAndRejections (node:internal/process/task_queues:105:5)
    at async Client.list (C:\Users\steph\Documents\Git Projects\FlowdexMCP\node_modules\basic-ftp\dist\Client.js:496:13)
    at async file:///C:/Users/steph/Documents/Git%20Projects/FlowdexMCP/index.js:1791:21
[Fatal Tool Error] ftp_list: Error: None of the available transfer strategies work. Last error response was 'Error: Client is closed because Timeout (control socket)'.
    at Client.prepareTransfer (C:\Users\steph\Documents\Git Projects\FlowdexMCP\node_modules\basic-ftp\dist\Client.js:721:19)
    at process.processTicksAndRejections (node:internal/process/task_queues:105:5)
    at async Client.list (C:\Users\steph\Documents\Git Projects\FlowdexMCP\node_modules\basic-ftp\dist\Client.js:496:13)
    at async file:///C:/Users/steph/Documents/Git%20Projects/FlowdexMCP/index.js:1791:21

[Fatal Tool Error] ftp_list: Error: None of the available transfer strategies work. Last error response was 'Error: Client is closed because Timeout (control socket)'.
    at Client.prepareTransfer (C:\Users\steph\Documents\Git Projects\FlowdexMCP\node_modules\basic-ftp\dist\Client.js:721:19)
    at process.processTicksAndRejections (node:internal/process/task_queues:105:5)
    at async Client.list (C:\Users\steph\Documents\Git Projects\FlowdexMCP\node_modules\basic-ftp\dist\Client.js:496:13)
    at async file:///C:/Users/steph/Documents/Git%20Projects/FlowdexMCP/index.js:1791:21
[Fatal Tool Error] ftp_list: Error: None of the available transfer strategies work. Last error response was 'Error: Client is closed because Timeout (control socket)'.
    at Client.prepareTransfer (C:\Users\steph\Documents\Git Projects\FlowdexMCP\node_modules\basic-ftp\dist\Client.js:721:19)
    at process.processTicksAndRejections (node:internal/process/task_queues:105:5)
    at async Client.list (C:\Users\steph\Documents\Git Projects\FlowdexMCP\node_modules\basic-ftp\dist\Client.js:496:13)
    at async file:///C:/Users/steph/Documents/Git%20Projects/FlowdexMCP/index.js:1791:21
[Fatal Tool Error] ftp_list: Error: None of the available transfer strategies work. Last error response was 'Error: Client is closed because Timeout (control socket)'.
    at Client.prepareTransfer (C:\Users\steph\Documents\Git Projects\FlowdexMCP\node_modules\basic-ftp\dist\Client.js:721:19)
    at process.processTicksAndRejections (node:internal/process/task_queues:105:5)
    at async Client.list (C:\Users\steph\Documents\Git Projects\FlowdexMCP\node_modules\basic-ftp\dist\Client.js:496:13)
    at async file:///C:/Users/steph/Documents/Git%20Projects/FlowdexMCP/index.js:1791:21
[Fatal Tool Error] ftp_list: Error: None of the available transfer strategies work. Last error response was 'Error: Client is closed because Timeout (control socket)'.
    at Client.prepareTransfer (C:\Users\steph\Documents\Git Projects\FlowdexMCP\node_modules\basic-ftp\dist\Client.js:721:19)
    at process.processTicksAndRejections (node:internal/process/task_queues:105:5)
    at async Client.list (C:\Users\steph\Documents\Git Projects\FlowdexMCP\node_modules\basic-ftp\dist\Client.js:496:13)
    at async file:///C:/Users/steph/Documents/Git%20Projects/FlowdexMCP/index.js:1791:21
[Fatal Tool Error] ftp_list: Error: None of the available transfer strategies work. Last error response was 'Error: Client is closed because Timeout (control socket)'.
    at Client.prepareTransfer (C:\Users\steph\Documents\Git Projects\FlowdexMCP\node_modules\basic-ftp\dist\Client.js:721:19)
    at process.processTicksAndRejections (node:internal/process/task_queues:105:5)
    at async Client.list (C:\Users\steph\Documents\Git Projects\FlowdexMCP\node_modules\basic-ftp\dist\Client.js:496:13)
    at async file:///C:/Users/steph/Documents/Git%20Projects/FlowdexMCP/index.js:1791:21

[Fatal Tool Error] ftp_list: Error: None of the available transfer strategies work. Last error response was 'Error: Client is closed because Timeout (control socket)'.
    at Client.prepareTransfer (C:\Users\steph\Documents\Git Projects\FlowdexMCP\node_modules\basic-ftp\dist\Client.js:721:19)
    at process.processTicksAndRejections (node:internal/process/task_queues:105:5)
    at async Client.list (C:\Users\steph\Documents\Git Projects\FlowdexMCP\node_modules\basic-ftp\dist\Client.js:496:13)
    at async file:///C:/Users/steph/Documents/Git%20Projects/FlowdexMCP/index.js:1791:21
[Fatal Tool Error] ftp_list: Error: None of the available transfer strategies work. Last error response was 'Error: Client is closed because Timeout (control socket)'.
    at Client.prepareTransfer (C:\Users\steph\Documents\Git Projects\FlowdexMCP\node_modules\basic-ftp\dist\Client.js:721:19)
    at process.processTicksAndRejections (node:internal/process/task_queues:105:5)
    at async Client.list (C:\Users\steph\Documents\Git Projects\FlowdexMCP\node_modules\basic-ftp\dist\Client.js:496:13)
    at async file:///C:/Users/steph/Documents/Git%20Projects/FlowdexMCP/index.js:1791:21
[Fatal Tool Error] ftp_list: Error: None of the available transfer strategies work. Last error response was 'Error: Client is closed because Timeout (control socket)'.
    at Client.prepareTransfer (C:\Users\steph\Documents\Git Projects\FlowdexMCP\node_modules\basic-ftp\dist\Client.js:721:19)
    at process.processTicksAndRejections (node:internal/process/task_queues:105:5)
    at async Client.list (C:\Users\steph\Documents\Git Projects\FlowdexMCP\node_modules\basic-ftp\dist\Client.js:496:13)
    at async file:///C:/Users/steph/Documents/Git%20Projects/FlowdexMCP/index.js:1791:21
[Fatal Tool Error] ftp_list: Error: None of the available transfer strategies work. Last error response was 'Error: Client is closed because Timeout (control socket)'.
    at Client.prepareTransfer (C:\Users\steph\Documents\Git Projects\FlowdexMCP\node_modules\basic-ftp\dist\Client.js:721:19)
    at process.processTicksAndRejections (node:internal/process/task_queues:105:5)
    at async Client.list (C:\Users\steph\Documents\Git Projects\FlowdexMCP\node_modules\basic-ftp\dist\Client.js:496:13)
    at async file:///C:/Users/steph/Documents/Git%20Projects/FlowdexMCP/index.js:1791:21
[Fatal Tool Error] ftp_list: Error: None of the available transfer strategies work. Last error response was 'Error: Client is closed because Timeout (control socket)'.
    at Client.prepareTransfer (C:\Users\steph\Documents\Git Projects\FlowdexMCP\node_modules\basic-ftp\dist\Client.js:721:19)
    at process.processTicksAndRejections (node:internal/process/task_queues:105:5)
    at async Client.list (C:\Users\steph\Documents\Git Projects\FlowdexMCP\node_modules\basic-ftp\dist\Client.js:496:13)
    at async file:///C:/Users/steph/Documents/Git%20Projects/FlowdexMCP/index.js:1791:21

[Fatal Tool Error] ftp_list: Error: None of the available transfer strategies work. Last error response was 'Error: Client is closed because Timeout (control socket)'.
    at Client.prepareTransfer (C:\Users\steph\Documents\Git Projects\FlowdexMCP\node_modules\basic-ftp\dist\Client.js:721:19)
    at process.processTicksAndRejections (node:internal/process/task_queues:105:5)
    at async Client.list (C:\Users\steph\Documents\Git Projects\FlowdexMCP\node_modules\basic-ftp\dist\Client.js:496:13)
    at async file:///C:/Users/steph/Documents/Git%20Projects/FlowdexMCP/index.js:1791:21
[Fatal Tool Error] ftp_list: Error: None of the available transfer strategies work. Last error response was 'Error: Client is closed because Timeout (control socket)'.
    at Client.prepareTransfer (C:\Users\steph\Documents\Git Projects\FlowdexMCP\node_modules\basic-ftp\dist\Client.js:721:19)
    at process.processTicksAndRejections (node:internal/process/task_queues:105:5)
    at async Client.list (C:\Users\steph\Documents\Git Projects\FlowdexMCP\node_modules\basic-ftp\dist\Client.js:496:13)
    at async file:///C:/Users/steph/Documents/Git%20Projects/FlowdexMCP/index.js:1791:21
[Fatal Tool Error] ftp_list: Error: None of the available transfer strategies work. Last error response was 'Error: Client is closed because Timeout (control socket)'.
    at Client.prepareTransfer (C:\Users\steph\Documents\Git Projects\FlowdexMCP\node_modules\basic-ftp\dist\Client.js:721:19)
    at process.processTicksAndRejections (node:internal/process/task_queues:105:5)
    at async Client.list (C:\Users\steph\Documents\Git Projects\FlowdexMCP\node_modules\basic-ftp\dist\Client.js:496:13)
    at async file:///C:/Users/steph/Documents/Git%20Projects/FlowdexMCP/index.js:1791:21
[Fatal Tool Error] ftp_list: Error: None of the available transfer strategies work. Last error response was 'Error: Client is closed because Timeout (control socket)'.
    at Client.prepareTransfer (C:\Users\steph\Documents\Git Projects\FlowdexMCP\node_modules\basic-ftp\dist\Client.js:721:19)
    at process.processTicksAndRejections (node:internal/process/task_queues:105:5)
    at async Client.list (C:\Users\steph\Documents\Git Projects\FlowdexMCP\node_modules\basic-ftp\dist\Client.js:496:13)
    at async file:///C:/Users/steph/Documents/Git%20Projects/FlowdexMCP/index.js:1791:21
[Fatal Tool Error] ftp_list: Error: None of the available transfer strategies work. Last error response was 'Error: Client is closed because Timeout (control socket)'.
    at Client.prepareTransfer (C:\Users\steph\Documents\Git Projects\FlowdexMCP\node_modules\basic-ftp\dist\Client.js:721:19)
    at process.processTicksAndRejections (node:internal/process/task_queues:105:5)
    at async Client.list (C:\Users\steph\Documents\Git Projects\FlowdexMCP\node_modules\basic-ftp\dist\Client.js:496:13)
    at async file:///C:/Users/steph/Documents/Git%20Projects/FlowdexMCP/index.js:1791:21

[Fatal Tool Error] ftp_list: Error: None of the available transfer strategies work. Last error response was 'Error: Client is closed because Timeout (control socket)'.
    at Client.prepareTransfer (C:\Users\steph\Documents\Git Projects\FlowdexMCP\node_modules\basic-ftp\dist\Client.js:721:19)
    at process.processTicksAndRejections (node:internal/process/task_queues:105:5)
    at async Client.list (C:\Users\steph\Documents\Git Projects\FlowdexMCP\node_modules\basic-ftp\dist\Client.js:496:13)
    at async file:///C:/Users/steph/Documents/Git%20Projects/FlowdexMCP/index.js:1791:21
[Fatal Tool Error] ftp_list: Error: None of the available transfer strategies work. Last error response was 'Error: Client is closed because Timeout (control socket)'.
    at Client.prepareTransfer (C:\Users\steph\Documents\Git Projects\FlowdexMCP\node_modules\basic-ftp\dist\Client.js:721:19)
    at process.processTicksAndRejections (node:internal/process/task_queues:105:5)
    at async Client.list (C:\Users\steph\Documents\Git Projects\FlowdexMCP\node_modules\basic-ftp\dist\Client.js:496:13)
    at async file:///C:/Users/steph/Documents/Git%20Projects/FlowdexMCP/index.js:1791:21
[Fatal Tool Error] ftp_list: Error: None of the available transfer strategies work. Last error response was 'Error: Client is closed because Timeout (control socket)'.
    at Client.prepareTransfer (C:\Users\steph\Documents\Git Projects\FlowdexMCP\node_modules\basic-ftp\dist\Client.js:721:19)
    at process.processTicksAndRejections (node:internal/process/task_queues:105:5)
    at async Client.list (C:\Users\steph\Documents\Git Projects\FlowdexMCP\node_modules\basic-ftp\dist\Client.js:496:13)
    at async file:///C:/Users/steph/Documents/Git%20Projects/FlowdexMCP/index.js:1791:21
[Fatal Tool Error] ftp_list: Error: None of the available transfer strategies work. Last error response was 'Error: Client is closed because Timeout (control socket)'.
    at Client.prepareTransfer (C:\Users\steph\Documents\Git Projects\FlowdexMCP\node_modules\basic-ftp\dist\Client.js:721:19)
    at process.processTicksAndRejections (node:internal/process/task_queues:105:5)
    at async Client.list (C:\Users\steph\Documents\Git Projects\FlowdexMCP\node_modules\basic-ftp\dist\Client.js:496:13)
    at async file:///C:/Users/steph/Documents/Git%20Projects/FlowdexMCP/index.js:1791:21
[Fatal Tool Error] ftp_list: Error: None of the available transfer strategies work. Last error response was 'Error: Client is closed because Timeout (control socket)'.
    at Client.prepareTransfer (C:\Users\steph\Documents\Git Projects\FlowdexMCP\node_modules\basic-ftp\dist\Client.js:721:19)
    at process.processTicksAndRejections (node:internal/process/task_queues:105:5)
    at async Client.list (C:\Users\steph\Documents\Git Projects\FlowdexMCP\node_modules\basic-ftp\dist\Client.js:496:13)
    at async file:///C:/Users/steph/Documents/Git%20Projects/FlowdexMCP/index.js:1791:21

[Fatal Tool Error] ftp_list: Error: None of the available transfer strategies work. Last error response was 'Error: Client is closed because Timeout (control socket)'.
    at Client.prepareTransfer (C:\Users\steph\Documents\Git Projects\FlowdexMCP\node_modules\basic-ftp\dist\Client.js:721:19)
    at process.processTicksAndRejections (node:internal/process/task_queues:105:5)
    at async Client.list (C:\Users\steph\Documents\Git Projects\FlowdexMCP\node_modules\basic-ftp\dist\Client.js:496:13)
    at async file:///C:/Users/steph/Documents/Git%20Projects/FlowdexMCP/index.js:1791:21
[Fatal Tool Error] ftp_list: Error: None of the available transfer strategies work. Last error response was 'Error: Client is closed because Timeout (control socket)'.
    at Client.prepareTransfer (C:\Users\steph\Documents\Git Projects\FlowdexMCP\node_modules\basic-ftp\dist\Client.js:721:19)
    at process.processTicksAndRejections (node:internal/process/task_queues:105:5)
    at async Client.list (C:\Users\steph\Documents\Git Projects\FlowdexMCP\node_modules\basic-ftp\dist\Client.js:496:13)
    at async file:///C:/Users/steph/Documents/Git%20Projects/FlowdexMCP/index.js:1791:21
[Fatal Tool Error] ftp_list: Error: None of the available transfer strategies work. Last error response was 'Error: Client is closed because Timeout (control socket)'.
    at Client.prepareTransfer (C:\Users\steph\Documents\Git Projects\FlowdexMCP\node_modules\basic-ftp\dist\Client.js:721:19)
    at process.processTicksAndRejections (node:internal/process/task_queues:105:5)
    at async Client.list (C:\Users\steph\Documents\Git Projects\FlowdexMCP\node_modules\basic-ftp\dist\Client.js:496:13)
    at async file:///C:/Users/steph/Documents/Git%20Projects/FlowdexMCP/index.js:1791:21
[Fatal Tool Error] ftp_list: Error: None of the available transfer strategies work. Last error response was 'Error: Client is closed because Timeout (control socket)'.
    at Client.prepareTransfer (C:\Users\steph\Documents\Git Projects\FlowdexMCP\node_modules\basic-ftp\dist\Client.js:721:19)
    at process.processTicksAndRejections (node:internal/process/task_queues:105:5)
    at async Client.list (C:\Users\steph\Documents\Git Projects\FlowdexMCP\node_modules\basic-ftp\dist\Client.js:496:13)
    at async file:///C:/Users/steph/Documents/Git%20Projects/FlowdexMCP/index.js:1791:21
[Fatal Tool Error] ftp_list: Error: None of the available transfer strategies work. Last error response was 'Error: Client is closed because Timeout (control socket)'.
    at Client.prepareTransfer (C:\Users\steph\Documents\Git Projects\FlowdexMCP\node_modules\basic-ftp\dist\Client.js:721:19)
    at process.processTicksAndRejections (node:internal/process/task_queues:105:5)
    at async Client.list (C:\Users\steph\Documents\Git Projects\FlowdexMCP\node_modules\basic-ftp\dist\Client.js:496:13)
    at async file:///C:/Users/steph/Documents/Git%20Projects/FlowdexMCP/index.js:1791:21

[Fatal Tool Error] ftp_list: Error: None of the available transfer strategies work. Last error response was 'Error: Client is closed because Timeout (control socket)'.
    at Client.prepareTransfer (C:\Users\steph\Documents\Git Projects\FlowdexMCP\node_modules\basic-ftp\dist\Client.js:721:19)
    at process.processTicksAndRejections (node:internal/process/task_queues:105:5)
    at async Client.list (C:\Users\steph\Documents\Git Projects\FlowdexMCP\node_modules\basic-ftp\dist\Client.js:496:13)
    at async file:///C:/Users/steph/Documents/Git%20Projects/FlowdexMCP/index.js:1791:21
[Fatal Tool Error] ftp_list: Error: None of the available transfer strategies work. Last error response was 'Error: Client is closed because Timeout (control socket)'.
    at Client.prepareTransfer (C:\Users\steph\Documents\Git Projects\FlowdexMCP\node_modules\basic-ftp\dist\Client.js:721:19)
    at process.processTicksAndRejections (node:internal/process/task_queues:105:5)
    at async Client.list (C:\Users\steph\Documents\Git Projects\FlowdexMCP\node_modules\basic-ftp\dist\Client.js:496:13)
    at async file:///C:/Users/steph/Documents/Git%20Projects/FlowdexMCP/index.js:1791:21
[Fatal Tool Error] ftp_list: Error: None of the available transfer strategies work. Last error response was 'Error: Client is closed because Timeout (control socket)'.
    at Client.prepareTransfer (C:\Users\steph\Documents\Git Projects\FlowdexMCP\node_modules\basic-ftp\dist\Client.js:721:19)
    at process.processTicksAndRejections (node:internal/process/task_queues:105:5)
    at async Client.list (C:\Users\steph\Documents\Git Projects\FlowdexMCP\node_modules\basic-ftp\dist\Client.js:496:13)
    at async file:///C:/Users/steph/Documents/Git%20Projects/FlowdexMCP/index.js:1791:21
[Fatal Tool Error] ftp_list: Error: None of the available transfer strategies work. Last error response was 'Error: Client is closed because Timeout (control socket)'.
    at Client.prepareTransfer (C:\Users\steph\Documents\Git Projects\FlowdexMCP\node_modules\basic-ftp\dist\Client.js:721:19)
    at process.processTicksAndRejections (node:internal/process/task_queues:105:5)
    at async Client.list (C:\Users\steph\Documents\Git Projects\FlowdexMCP\node_modules\basic-ftp\dist\Client.js:496:13)
    at async file:///C:/Users/steph/Documents/Git%20Projects/FlowdexMCP/index.js:1791:21
[Fatal Tool Error] ftp_list: Error: None of the available transfer strategies work. Last error response was 'Error: Client is closed because Timeout (control socket)'.
    at Client.prepareTransfer (C:\Users\steph\Documents\Git Projects\FlowdexMCP\node_modules\basic-ftp\dist\Client.js:721:19)
    at process.processTicksAndRejections (node:internal/process/task_queues:105:5)
    at async Client.list (C:\Users\steph\Documents\Git Projects\FlowdexMCP\node_modules\basic-ftp\dist\Client.js:496:13)
    at async file:///C:/Users/steph/Documents/Git%20Projects/FlowdexMCP/index.js:1791:21

[Fatal Tool Error] ftp_list: Error: None of the available transfer strategies work. Last error response was 'Error: Client is closed because Timeout (control socket)'.
    at Client.prepareTransfer (C:\Users\steph\Documents\Git Projects\FlowdexMCP\node_modules\basic-ftp\dist\Client.js:721:19)
    at process.processTicksAndRejections (node:internal/process/task_queues:105:5)
    at async Client.list (C:\Users\steph\Documents\Git Projects\FlowdexMCP\node_modules\basic-ftp\dist\Client.js:496:13)
    at async file:///C:/Users/steph/Documents/Git%20Projects/FlowdexMCP/index.js:1791:21
[Fatal Tool Error] ftp_list: Error: None of the available transfer strategies work. Last error response was 'Error: Client is closed because Timeout (control socket)'.
    at Client.prepareTransfer (C:\Users\steph\Documents\Git Projects\FlowdexMCP\node_modules\basic-ftp\dist\Client.js:721:19)
    at process.processTicksAndRejections (node:internal/process/task_queues:105:5)
    at async Client.list (C:\Users\steph\Documents\Git Projects\FlowdexMCP\node_modules\basic-ftp\dist\Client.js:496:13)
    at async file:///C:/Users/steph/Documents/Git%20Projects/FlowdexMCP/index.js:1791:21
[Fatal Tool Error] ftp_list: Error: None of the available transfer strategies work. Last error response was 'Error: Client is closed because Timeout (control socket)'.
    at Client.prepareTransfer (C:\Users\steph\Documents\Git Projects\FlowdexMCP\node_modules\basic-ftp\dist\Client.js:721:19)
    at process.processTicksAndRejections (node:internal/process/task_queues:105:5)
    at async Client.list (C:\Users\steph\Documents\Git Projects\FlowdexMCP\node_modules\basic-ftp\dist\Client.js:496:13)
    at async file:///C:/Users/steph/Documents/Git%20Projects/FlowdexMCP/index.js:1791:21
[Fatal Tool Error] ftp_list: Error: None of the available transfer strategies work. Last error response was 'Error: Client is closed because Timeout (control socket)'.
    at Client.prepareTransfer (C:\Users\steph\Documents\Git Projects\FlowdexMCP\node_modules\basic-ftp\dist\Client.js:721:19)
    at process.processTicksAndRejections (node:internal/process/task_queues:105:5)
    at async Client.list (C:\Users\steph\Documents\Git Projects\FlowdexMCP\node_modules\basic-ftp\dist\Client.js:496:13)
    at async file:///C:/Users/steph/Documents/Git%20Projects/FlowdexMCP/index.js:1791:21
[Fatal Tool Error] ftp_list: Error: None of the available transfer strategies work. Last error response was 'Error: Client is closed because Timeout (control socket)'.
    at Client.prepareTransfer (C:\Users\steph\Documents\Git Projects\FlowdexMCP\node_modules\basic-ftp\dist\Client.js:721:19)
    at process.processTicksAndRejections (node:internal/process/task_queues:105:5)
    at async Client.list (C:\Users\steph\Documents\Git Projects\FlowdexMCP\node_modules\basic-ftp\dist\Client.js:496:13)
    at async file:///C:/Users/steph/Documents/Git%20Projects/FlowdexMCP/index.js:1791:21


stderr | Test/features.test.js > Enterprise Features & Edge Cases > Edge Cases > should handle massive files (simulated)
[Fatal Tool Error] ftp_list: Error: None of the available transfer strategies work. Last error response was 'Error: Client is closed because Timeout (control socket)'.
    at Client.prepareTransfer (C:\Users\steph\Documents\Git Projects\FlowdexMCP\node_modules\basic-ftp\dist\Client.js:721:19)
    at process.processTicksAndRejections (node:internal/process/task_queues:105:5)
    at async Client.list (C:\Users\steph\Documents\Git Projects\FlowdexMCP\node_modules\basic-ftp\dist\Client.js:496:13)
    at async file:///C:/Users/steph/Documents/Git%20Projects/FlowdexMCP/index.js:1791:21
[Fatal Tool Error] ftp_list: Error: None of the available transfer strategies work. Last error response was 'Error: Client is closed because Timeout (control socket)'.
    at Client.prepareTransfer (C:\Users\steph\Documents\Git Projects\FlowdexMCP\node_modules\basic-ftp\dist\Client.js:721:19)
    at process.processTicksAndRejections (node:internal/process/task_queues:105:5)
    at async Client.list (C:\Users\steph\Documents\Git Projects\FlowdexMCP\node_modules\basic-ftp\dist\Client.js:496:13)
    at async file:///C:/Users/steph/Documents/Git%20Projects/FlowdexMCP/index.js:1791:21
[Fatal Tool Error] ftp_list: Error: None of the available transfer strategies work. Last error response was 'Error: Client is closed because Timeout (control socket)'.
    at Client.prepareTransfer (C:\Users\steph\Documents\Git Projects\FlowdexMCP\node_modules\basic-ftp\dist\Client.js:721:19)
    at process.processTicksAndRejections (node:internal/process/task_queues:105:5)
    at async Client.list (C:\Users\steph\Documents\Git Projects\FlowdexMCP\node_modules\basic-ftp\dist\Client.js:496:13)
    at async file:///C:/Users/steph/Documents/Git%20Projects/FlowdexMCP/index.js:1791:21

[Fatal Tool Error] ftp_list: Error: None of the available transfer strategies work. Last error response was 'Error: Client is closed because Timeout (control socket)'.
    at Client.prepareTransfer (C:\Users\steph\Documents\Git Projects\FlowdexMCP\node_modules\basic-ftp\dist\Client.js:721:19)
    at process.processTicksAndRejections (node:internal/process/task_queues:105:5)
    at async Client.list (C:\Users\steph\Documents\Git Projects\FlowdexMCP\node_modules\basic-ftp\dist\Client.js:496:13)
    at async file:///C:/Users/steph/Documents/Git%20Projects/FlowdexMCP/index.js:1791:21
[Fatal Tool Error] ftp_list: Error: None of the available transfer strategies work. Last error response was 'Error: Client is closed because Timeout (control socket)'.
    at Client.prepareTransfer (C:\Users\steph\Documents\Git Projects\FlowdexMCP\node_modules\basic-ftp\dist\Client.js:721:19)
    at process.processTicksAndRejections (node:internal/process/task_queues:105:5)
    at async Client.list (C:\Users\steph\Documents\Git Projects\FlowdexMCP\node_modules\basic-ftp\dist\Client.js:496:13)
    at async file:///C:/Users/steph/Documents/Git%20Projects/FlowdexMCP/index.js:1791:21
[Fatal Tool Error] ftp_list: Error: None of the available transfer strategies work. Last error response was 'Error: Client is closed because Timeout (control socket)'.
    at Client.prepareTransfer (C:\Users\steph\Documents\Git Projects\FlowdexMCP\node_modules\basic-ftp\dist\Client.js:721:19)
    at process.processTicksAndRejections (node:internal/process/task_queues:105:5)
    at async Client.list (C:\Users\steph\Documents\Git Projects\FlowdexMCP\node_modules\basic-ftp\dist\Client.js:496:13)
    at async file:///C:/Users/steph/Documents/Git%20Projects/FlowdexMCP/index.js:1791:21

[Fatal Tool Error] ftp_list: Error: None of the available transfer strategies work. Last error response was 'Error: Client is closed because Timeout (control socket)'.
    at Client.prepareTransfer (C:\Users\steph\Documents\Git Projects\FlowdexMCP\node_modules\basic-ftp\dist\Client.js:721:19)
    at process.processTicksAndRejections (node:internal/process/task_queues:105:5)
    at async Client.list (C:\Users\steph\Documents\Git Projects\FlowdexMCP\node_modules\basic-ftp\dist\Client.js:496:13)
    at async file:///C:/Users/steph/Documents/Git%20Projects/FlowdexMCP/index.js:1791:21
[Fatal Tool Error] ftp_list: Error: None of the available transfer strategies work. Last error response was 'Error: Client is closed because Timeout (control socket)'.
    at Client.prepareTransfer (C:\Users\steph\Documents\Git Projects\FlowdexMCP\node_modules\basic-ftp\dist\Client.js:721:19)
    at process.processTicksAndRejections (node:internal/process/task_queues:105:5)
    at async Client.list (C:\Users\steph\Documents\Git Projects\FlowdexMCP\node_modules\basic-ftp\dist\Client.js:496:13)
    at async file:///C:/Users/steph/Documents/Git%20Projects/FlowdexMCP/index.js:1791:21
[Fatal Tool Error] ftp_list: Error: None of the available transfer strategies work. Last error response was 'Error: Client is closed because Timeout (control socket)'.
    at Client.prepareTransfer (C:\Users\steph\Documents\Git Projects\FlowdexMCP\node_modules\basic-ftp\dist\Client.js:721:19)
    at process.processTicksAndRejections (node:internal/process/task_queues:105:5)
    at async Client.list (C:\Users\steph\Documents\Git Projects\FlowdexMCP\node_modules\basic-ftp\dist\Client.js:496:13)
    at async file:///C:/Users/steph/Documents/Git%20Projects/FlowdexMCP/index.js:1791:21

[Fatal Tool Error] ftp_list: Error: None of the available transfer strategies work. Last error response was 'Error: Client is closed because Timeout (control socket)'.
    at Client.prepareTransfer (C:\Users\steph\Documents\Git Projects\FlowdexMCP\node_modules\basic-ftp\dist\Client.js:721:19)
    at process.processTicksAndRejections (node:internal/process/task_queues:105:5)
    at async Client.list (C:\Users\steph\Documents\Git Projects\FlowdexMCP\node_modules\basic-ftp\dist\Client.js:496:13)
    at async file:///C:/Users/steph/Documents/Git%20Projects/FlowdexMCP/index.js:1791:21
[Fatal Tool Error] ftp_list: Error: None of the available transfer strategies work. Last error response was 'Error: Client is closed because Timeout (control socket)'.
    at Client.prepareTransfer (C:\Users\steph\Documents\Git Projects\FlowdexMCP\node_modules\basic-ftp\dist\Client.js:721:19)
    at process.processTicksAndRejections (node:internal/process/task_queues:105:5)
    at async Client.list (C:\Users\steph\Documents\Git Projects\FlowdexMCP\node_modules\basic-ftp\dist\Client.js:496:13)
    at async file:///C:/Users/steph/Documents/Git%20Projects/FlowdexMCP/index.js:1791:21
[Fatal Tool Error] ftp_list: Error: None of the available transfer strategies work. Last error response was 'Error: Client is closed because Timeout (control socket)'.
    at Client.prepareTransfer (C:\Users\steph\Documents\Git Projects\FlowdexMCP\node_modules\basic-ftp\dist\Client.js:721:19)
    at process.processTicksAndRejections (node:internal/process/task_queues:105:5)
    at async Client.list (C:\Users\steph\Documents\Git Projects\FlowdexMCP\node_modules\basic-ftp\dist\Client.js:496:13)
    at async file:///C:/Users/steph/Documents/Git%20Projects/FlowdexMCP/index.js:1791:21

[Fatal Tool Error] ftp_list: Error: None of the available transfer strategies work. Last error response was 'Error: Client is closed because Timeout (control socket)'.
    at Client.prepareTransfer (C:\Users\steph\Documents\Git Projects\FlowdexMCP\node_modules\basic-ftp\dist\Client.js:721:19)
    at process.processTicksAndRejections (node:internal/process/task_queues:105:5)
    at async Client.list (C:\Users\steph\Documents\Git Projects\FlowdexMCP\node_modules\basic-ftp\dist\Client.js:496:13)
    at async file:///C:/Users/steph/Documents/Git%20Projects/FlowdexMCP/index.js:1791:21
[Fatal Tool Error] ftp_list: Error: None of the available transfer strategies work. Last error response was 'Error: Client is closed because Timeout (control socket)'.
    at Client.prepareTransfer (C:\Users\steph\Documents\Git Projects\FlowdexMCP\node_modules\basic-ftp\dist\Client.js:721:19)
    at process.processTicksAndRejections (node:internal/process/task_queues:105:5)
    at async Client.list (C:\Users\steph\Documents\Git Projects\FlowdexMCP\node_modules\basic-ftp\dist\Client.js:496:13)
    at async file:///C:/Users/steph/Documents/Git%20Projects/FlowdexMCP/index.js:1791:21
[Fatal Tool Error] ftp_list: Error: None of the available transfer strategies work. Last error response was 'Error: Client is closed because Timeout (control socket)'.
    at Client.prepareTransfer (C:\Users\steph\Documents\Git Projects\FlowdexMCP\node_modules\basic-ftp\dist\Client.js:721:19)
    at process.processTicksAndRejections (node:internal/process/task_queues:105:5)
    at async Client.list (C:\Users\steph\Documents\Git Projects\FlowdexMCP\node_modules\basic-ftp\dist\Client.js:496:13)
    at async file:///C:/Users/steph/Documents/Git%20Projects/FlowdexMCP/index.js:1791:21

[Fatal Tool Error] ftp_list: Error: None of the available transfer strategies work. Last error response was 'Error: Client is closed because Timeout (control socket)'.
    at Client.prepareTransfer (C:\Users\steph\Documents\Git Projects\FlowdexMCP\node_modules\basic-ftp\dist\Client.js:721:19)
    at process.processTicksAndRejections (node:internal/process/task_queues:105:5)
    at async Client.list (C:\Users\steph\Documents\Git Projects\FlowdexMCP\node_modules\basic-ftp\dist\Client.js:496:13)
    at async file:///C:/Users/steph/Documents/Git%20Projects/FlowdexMCP/index.js:1791:21
[Fatal Tool Error] ftp_list: Error: None of the available transfer strategies work. Last error response was 'Error: Client is closed because Timeout (control socket)'.
    at Client.prepareTransfer (C:\Users\steph\Documents\Git Projects\FlowdexMCP\node_modules\basic-ftp\dist\Client.js:721:19)
    at process.processTicksAndRejections (node:internal/process/task_queues:105:5)
    at async Client.list (C:\Users\steph\Documents\Git Projects\FlowdexMCP\node_modules\basic-ftp\dist\Client.js:496:13)
    at async file:///C:/Users/steph/Documents/Git%20Projects/FlowdexMCP/index.js:1791:21
[Fatal Tool Error] ftp_list: Error: None of the available transfer strategies work. Last error response was 'Error: Client is closed because Timeout (control socket)'.
    at Client.prepareTransfer (C:\Users\steph\Documents\Git Projects\FlowdexMCP\node_modules\basic-ftp\dist\Client.js:721:19)
    at process.processTicksAndRejections (node:internal/process/task_queues:105:5)
    at async Client.list (C:\Users\steph\Documents\Git Projects\FlowdexMCP\node_modules\basic-ftp\dist\Client.js:496:13)
    at async file:///C:/Users/steph/Documents/Git%20Projects/FlowdexMCP/index.js:1791:21

[Fatal Tool Error] ftp_list: Error: None of the available transfer strategies work. Last error response was 'Error: Client is closed because Timeout (control socket)'.
    at Client.prepareTransfer (C:\Users\steph\Documents\Git Projects\FlowdexMCP\node_modules\basic-ftp\dist\Client.js:721:19)
    at process.processTicksAndRejections (node:internal/process/task_queues:105:5)
    at async Client.list (C:\Users\steph\Documents\Git Projects\FlowdexMCP\node_modules\basic-ftp\dist\Client.js:496:13)
    at async file:///C:/Users/steph/Documents/Git%20Projects/FlowdexMCP/index.js:1791:21
[Fatal Tool Error] ftp_list: Error: None of the available transfer strategies work. Last error response was 'Error: Client is closed because Timeout (control socket)'.
    at Client.prepareTransfer (C:\Users\steph\Documents\Git Projects\FlowdexMCP\node_modules\basic-ftp\dist\Client.js:721:19)
    at process.processTicksAndRejections (node:internal/process/task_queues:105:5)
    at async Client.list (C:\Users\steph\Documents\Git Projects\FlowdexMCP\node_modules\basic-ftp\dist\Client.js:496:13)
    at async file:///C:/Users/steph/Documents/Git%20Projects/FlowdexMCP/index.js:1791:21
[Fatal Tool Error] ftp_list: Error: None of the available transfer strategies work. Last error response was 'Error: Client is closed because Timeout (control socket)'.
    at Client.prepareTransfer (C:\Users\steph\Documents\Git Projects\FlowdexMCP\node_modules\basic-ftp\dist\Client.js:721:19)
    at process.processTicksAndRejections (node:internal/process/task_queues:105:5)
    at async Client.list (C:\Users\steph\Documents\Git Projects\FlowdexMCP\node_modules\basic-ftp\dist\Client.js:496:13)
    at async file:///C:/Users/steph/Documents/Git%20Projects/FlowdexMCP/index.js:1791:21

[Fatal Tool Error] ftp_list: Error: None of the available transfer strategies work. Last error response was 'Error: Client is closed because Timeout (control socket)'.
    at Client.prepareTransfer (C:\Users\steph\Documents\Git Projects\FlowdexMCP\node_modules\basic-ftp\dist\Client.js:721:19)
    at process.processTicksAndRejections (node:internal/process/task_queues:105:5)
    at async Client.list (C:\Users\steph\Documents\Git Projects\FlowdexMCP\node_modules\basic-ftp\dist\Client.js:496:13)
    at async file:///C:/Users/steph/Documents/Git%20Projects/FlowdexMCP/index.js:1791:21
[Fatal Tool Error] ftp_list: Error: None of the available transfer strategies work. Last error response was 'Error: Client is closed because Timeout (control socket)'.
    at Client.prepareTransfer (C:\Users\steph\Documents\Git Projects\FlowdexMCP\node_modules\basic-ftp\dist\Client.js:721:19)
    at process.processTicksAndRejections (node:internal/process/task_queues:105:5)
    at async Client.list (C:\Users\steph\Documents\Git Projects\FlowdexMCP\node_modules\basic-ftp\dist\Client.js:496:13)
    at async file:///C:/Users/steph/Documents/Git%20Projects/FlowdexMCP/index.js:1791:21
[Fatal Tool Error] ftp_list: Error: None of the available transfer strategies work. Last error response was 'Error: Client is closed because Timeout (control socket)'.
    at Client.prepareTransfer (C:\Users\steph\Documents\Git Projects\FlowdexMCP\node_modules\basic-ftp\dist\Client.js:721:19)
    at process.processTicksAndRejections (node:internal/process/task_queues:105:5)
    at async Client.list (C:\Users\steph\Documents\Git Projects\FlowdexMCP\node_modules\basic-ftp\dist\Client.js:496:13)
    at async file:///C:/Users/steph/Documents/Git%20Projects/FlowdexMCP/index.js:1791:21

[Fatal Tool Error] ftp_list: Error: None of the available transfer strategies work. Last error response was 'Error: Client is closed because Timeout (control socket)'.
    at Client.prepareTransfer (C:\Users\steph\Documents\Git Projects\FlowdexMCP\node_modules\basic-ftp\dist\Client.js:721:19)
    at process.processTicksAndRejections (node:internal/process/task_queues:105:5)
    at async Client.list (C:\Users\steph\Documents\Git Projects\FlowdexMCP\node_modules\basic-ftp\dist\Client.js:496:13)
    at async file:///C:/Users/steph/Documents/Git%20Projects/FlowdexMCP/index.js:1791:21
[Fatal Tool Error] ftp_list: Error: None of the available transfer strategies work. Last error response was 'Error: Client is closed because Timeout (control socket)'.
    at Client.prepareTransfer (C:\Users\steph\Documents\Git Projects\FlowdexMCP\node_modules\basic-ftp\dist\Client.js:721:19)
    at process.processTicksAndRejections (node:internal/process/task_queues:105:5)
    at async Client.list (C:\Users\steph\Documents\Git Projects\FlowdexMCP\node_modules\basic-ftp\dist\Client.js:496:13)
    at async file:///C:/Users/steph/Documents/Git%20Projects/FlowdexMCP/index.js:1791:21
[Fatal Tool Error] ftp_list: Error: None of the available transfer strategies work. Last error response was 'Error: Client is closed because Timeout (control socket)'.
    at Client.prepareTransfer (C:\Users\steph\Documents\Git Projects\FlowdexMCP\node_modules\basic-ftp\dist\Client.js:721:19)
    at process.processTicksAndRejections (node:internal/process/task_queues:105:5)
    at async Client.list (C:\Users\steph\Documents\Git Projects\FlowdexMCP\node_modules\basic-ftp\dist\Client.js:496:13)
    at async file:///C:/Users/steph/Documents/Git%20Projects/FlowdexMCP/index.js:1791:21

[Fatal Tool Error] ftp_list: Error: None of the available transfer strategies work. Last error response was 'Error: Client is closed because Timeout (control socket)'.
    at Client.prepareTransfer (C:\Users\steph\Documents\Git Projects\FlowdexMCP\node_modules\basic-ftp\dist\Client.js:721:19)
    at process.processTicksAndRejections (node:internal/process/task_queues:105:5)
    at async Client.list (C:\Users\steph\Documents\Git Projects\FlowdexMCP\node_modules\basic-ftp\dist\Client.js:496:13)
    at async file:///C:/Users/steph/Documents/Git%20Projects/FlowdexMCP/index.js:1791:21
[Fatal Tool Error] ftp_list: Error: None of the available transfer strategies work. Last error response was 'Error: Client is closed because Timeout (control socket)'.
    at Client.prepareTransfer (C:\Users\steph\Documents\Git Projects\FlowdexMCP\node_modules\basic-ftp\dist\Client.js:721:19)
    at process.processTicksAndRejections (node:internal/process/task_queues:105:5)
    at async Client.list (C:\Users\steph\Documents\Git Projects\FlowdexMCP\node_modules\basic-ftp\dist\Client.js:496:13)
    at async file:///C:/Users/steph/Documents/Git%20Projects/FlowdexMCP/index.js:1791:21
[Fatal Tool Error] ftp_list: Error: None of the available transfer strategies work. Last error response was 'Error: Client is closed because Timeout (control socket)'.
    at Client.prepareTransfer (C:\Users\steph\Documents\Git Projects\FlowdexMCP\node_modules\basic-ftp\dist\Client.js:721:19)
    at process.processTicksAndRejections (node:internal/process/task_queues:105:5)
    at async Client.list (C:\Users\steph\Documents\Git Projects\FlowdexMCP\node_modules\basic-ftp\dist\Client.js:496:13)
    at async file:///C:/Users/steph/Documents/Git%20Projects/FlowdexMCP/index.js:1791:21

[Fatal Tool Error] ftp_list: Error: None of the available transfer strategies work. Last error response was 'Error: Client is closed because Timeout (control socket)'.
    at Client.prepareTransfer (C:\Users\steph\Documents\Git Projects\FlowdexMCP\node_modules\basic-ftp\dist\Client.js:721:19)
    at process.processTicksAndRejections (node:internal/process/task_queues:105:5)
    at async Client.list (C:\Users\steph\Documents\Git Projects\FlowdexMCP\node_modules\basic-ftp\dist\Client.js:496:13)
    at async file:///C:/Users/steph/Documents/Git%20Projects/FlowdexMCP/index.js:1791:21
[Fatal Tool Error] ftp_list: Error: None of the available transfer strategies work. Last error response was 'Error: Client is closed because Timeout (control socket)'.
    at Client.prepareTransfer (C:\Users\steph\Documents\Git Projects\FlowdexMCP\node_modules\basic-ftp\dist\Client.js:721:19)
    at process.processTicksAndRejections (node:internal/process/task_queues:105:5)
    at async Client.list (C:\Users\steph\Documents\Git Projects\FlowdexMCP\node_modules\basic-ftp\dist\Client.js:496:13)
    at async file:///C:/Users/steph/Documents/Git%20Projects/FlowdexMCP/index.js:1791:21
[Fatal Tool Error] ftp_list: Error: None of the available transfer strategies work. Last error response was 'Error: Client is closed because Timeout (control socket)'.
    at Client.prepareTransfer (C:\Users\steph\Documents\Git Projects\FlowdexMCP\node_modules\basic-ftp\dist\Client.js:721:19)
    at process.processTicksAndRejections (node:internal/process/task_queues:105:5)
    at async Client.list (C:\Users\steph\Documents\Git Projects\FlowdexMCP\node_modules\basic-ftp\dist\Client.js:496:13)
    at async file:///C:/Users/steph/Documents/Git%20Projects/FlowdexMCP/index.js:1791:21

[Fatal Tool Error] ftp_list: Error: None of the available transfer strategies work. Last error response was 'Error: Client is closed because Timeout (control socket)'.
    at Client.prepareTransfer (C:\Users\steph\Documents\Git Projects\FlowdexMCP\node_modules\basic-ftp\dist\Client.js:721:19)
    at process.processTicksAndRejections (node:internal/process/task_queues:105:5)
    at async Client.list (C:\Users\steph\Documents\Git Projects\FlowdexMCP\node_modules\basic-ftp\dist\Client.js:496:13)
    at async file:///C:/Users/steph/Documents/Git%20Projects/FlowdexMCP/index.js:1791:21
[Fatal Tool Error] ftp_list: Error: None of the available transfer strategies work. Last error response was 'Error: Client is closed because Timeout (control socket)'.
    at Client.prepareTransfer (C:\Users\steph\Documents\Git Projects\FlowdexMCP\node_modules\basic-ftp\dist\Client.js:721:19)
    at process.processTicksAndRejections (node:internal/process/task_queues:105:5)
    at async Client.list (C:\Users\steph\Documents\Git Projects\FlowdexMCP\node_modules\basic-ftp\dist\Client.js:496:13)
    at async file:///C:/Users/steph/Documents/Git%20Projects/FlowdexMCP/index.js:1791:21
[Fatal Tool Error] ftp_list: Error: None of the available transfer strategies work. Last error response was 'Error: Client is closed because Timeout (control socket)'.
    at Client.prepareTransfer (C:\Users\steph\Documents\Git Projects\FlowdexMCP\node_modules\basic-ftp\dist\Client.js:721:19)
    at process.processTicksAndRejections (node:internal/process/task_queues:105:5)
    at async Client.list (C:\Users\steph\Documents\Git Projects\FlowdexMCP\node_modules\basic-ftp\dist\Client.js:496:13)
    at async file:///C:/Users/steph/Documents/Git%20Projects/FlowdexMCP/index.js:1791:21

[Fatal Tool Error] ftp_list: Error: None of the available transfer strategies work. Last error response was 'Error: Client is closed because Timeout (control socket)'.
    at Client.prepareTransfer (C:\Users\steph\Documents\Git Projects\FlowdexMCP\node_modules\basic-ftp\dist\Client.js:721:19)
    at process.processTicksAndRejections (node:internal/process/task_queues:105:5)
    at async Client.list (C:\Users\steph\Documents\Git Projects\FlowdexMCP\node_modules\basic-ftp\dist\Client.js:496:13)
    at async file:///C:/Users/steph/Documents/Git%20Projects/FlowdexMCP/index.js:1791:21
[Fatal Tool Error] ftp_list: Error: None of the available transfer strategies work. Last error response was 'Error: Client is closed because Timeout (control socket)'.
    at Client.prepareTransfer (C:\Users\steph\Documents\Git Projects\FlowdexMCP\node_modules\basic-ftp\dist\Client.js:721:19)
    at process.processTicksAndRejections (node:internal/process/task_queues:105:5)
    at async Client.list (C:\Users\steph\Documents\Git Projects\FlowdexMCP\node_modules\basic-ftp\dist\Client.js:496:13)
    at async file:///C:/Users/steph/Documents/Git%20Projects/FlowdexMCP/index.js:1791:21
[Fatal Tool Error] ftp_list: Error: None of the available transfer strategies work. Last error response was 'Error: Client is closed because Timeout (control socket)'.
    at Client.prepareTransfer (C:\Users\steph\Documents\Git Projects\FlowdexMCP\node_modules\basic-ftp\dist\Client.js:721:19)
    at process.processTicksAndRejections (node:internal/process/task_queues:105:5)
    at async Client.list (C:\Users\steph\Documents\Git Projects\FlowdexMCP\node_modules\basic-ftp\dist\Client.js:496:13)
    at async file:///C:/Users/steph/Documents/Git%20Projects/FlowdexMCP/index.js:1791:21

[Fatal Tool Error] ftp_list: Error: None of the available transfer strategies work. Last error response was 'Error: Client is closed because Timeout (control socket)'.
    at Client.prepareTransfer (C:\Users\steph\Documents\Git Projects\FlowdexMCP\node_modules\basic-ftp\dist\Client.js:721:19)
    at process.processTicksAndRejections (node:internal/process/task_queues:105:5)
    at async Client.list (C:\Users\steph\Documents\Git Projects\FlowdexMCP\node_modules\basic-ftp\dist\Client.js:496:13)
    at async file:///C:/Users/steph/Documents/Git%20Projects/FlowdexMCP/index.js:1791:21
[Fatal Tool Error] ftp_list: Error: None of the available transfer strategies work. Last error response was 'Error: Client is closed because Timeout (control socket)'.
    at Client.prepareTransfer (C:\Users\steph\Documents\Git Projects\FlowdexMCP\node_modules\basic-ftp\dist\Client.js:721:19)
    at process.processTicksAndRejections (node:internal/process/task_queues:105:5)
    at async Client.list (C:\Users\steph\Documents\Git Projects\FlowdexMCP\node_modules\basic-ftp\dist\Client.js:496:13)
    at async file:///C:/Users/steph/Documents/Git%20Projects/FlowdexMCP/index.js:1791:21
[Fatal Tool Error] ftp_list: Error: None of the available transfer strategies work. Last error response was 'Error: Client is closed because Timeout (control socket)'.
    at Client.prepareTransfer (C:\Users\steph\Documents\Git Projects\FlowdexMCP\node_modules\basic-ftp\dist\Client.js:721:19)
    at process.processTicksAndRejections (node:internal/process/task_queues:105:5)
    at async Client.list (C:\Users\steph\Documents\Git Projects\FlowdexMCP\node_modules\basic-ftp\dist\Client.js:496:13)
    at async file:///C:/Users/steph/Documents/Git%20Projects/FlowdexMCP/index.js:1791:21

[Fatal Tool Error] ftp_list: Error: None of the available transfer strategies work. Last error response was 'Error: Client is closed because Timeout (control socket)'.
    at Client.prepareTransfer (C:\Users\steph\Documents\Git Projects\FlowdexMCP\node_modules\basic-ftp\dist\Client.js:721:19)
    at process.processTicksAndRejections (node:internal/process/task_queues:105:5)
    at async Client.list (C:\Users\steph\Documents\Git Projects\FlowdexMCP\node_modules\basic-ftp\dist\Client.js:496:13)
    at async file:///C:/Users/steph/Documents/Git%20Projects/FlowdexMCP/index.js:1791:21
[Fatal Tool Error] ftp_list: Error: None of the available transfer strategies work. Last error response was 'Error: Client is closed because Timeout (control socket)'.
    at Client.prepareTransfer (C:\Users\steph\Documents\Git Projects\FlowdexMCP\node_modules\basic-ftp\dist\Client.js:721:19)
    at process.processTicksAndRejections (node:internal/process/task_queues:105:5)
    at async Client.list (C:\Users\steph\Documents\Git Projects\FlowdexMCP\node_modules\basic-ftp\dist\Client.js:496:13)
    at async file:///C:/Users/steph/Documents/Git%20Projects/FlowdexMCP/index.js:1791:21
[Fatal Tool Error] ftp_list: Error: None of the available transfer strategies work. Last error response was 'Error: Client is closed because Timeout (control socket)'.
    at Client.prepareTransfer (C:\Users\steph\Documents\Git Projects\FlowdexMCP\node_modules\basic-ftp\dist\Client.js:721:19)
    at process.processTicksAndRejections (node:internal/process/task_queues:105:5)
    at async Client.list (C:\Users\steph\Documents\Git Projects\FlowdexMCP\node_modules\basic-ftp\dist\Client.js:496:13)
    at async file:///C:/Users/steph/Documents/Git%20Projects/FlowdexMCP/index.js:1791:21

[Fatal Tool Error] ftp_list: Error: None of the available transfer strategies work. Last error response was 'Error: Client is closed because Timeout (control socket)'.
    at Client.prepareTransfer (C:\Users\steph\Documents\Git Projects\FlowdexMCP\node_modules\basic-ftp\dist\Client.js:721:19)
    at process.processTicksAndRejections (node:internal/process/task_queues:105:5)
    at async Client.list (C:\Users\steph\Documents\Git Projects\FlowdexMCP\node_modules\basic-ftp\dist\Client.js:496:13)
    at async file:///C:/Users/steph/Documents/Git%20Projects/FlowdexMCP/index.js:1791:21
[Fatal Tool Error] ftp_list: Error: None of the available transfer strategies work. Last error response was 'Error: Client is closed because Timeout (control socket)'.
    at Client.prepareTransfer (C:\Users\steph\Documents\Git Projects\FlowdexMCP\node_modules\basic-ftp\dist\Client.js:721:19)
    at process.processTicksAndRejections (node:internal/process/task_queues:105:5)
    at async Client.list (C:\Users\steph\Documents\Git Projects\FlowdexMCP\node_modules\basic-ftp\dist\Client.js:496:13)
    at async file:///C:/Users/steph/Documents/Git%20Projects/FlowdexMCP/index.js:1791:21
[Fatal Tool Error] ftp_list: Error: None of the available transfer strategies work. Last error response was 'Error: Client is closed because Timeout (control socket)'.
    at Client.prepareTransfer (C:\Users\steph\Documents\Git Projects\FlowdexMCP\node_modules\basic-ftp\dist\Client.js:721:19)
    at process.processTicksAndRejections (node:internal/process/task_queues:105:5)
    at async Client.list (C:\Users\steph\Documents\Git Projects\FlowdexMCP\node_modules\basic-ftp\dist\Client.js:496:13)
    at async file:///C:/Users/steph/Documents/Git%20Projects/FlowdexMCP/index.js:1791:21

[Fatal Tool Error] ftp_list: Error: None of the available transfer strategies work. Last error response was 'Error: Client is closed because Timeout (control socket)'.
    at Client.prepareTransfer (C:\Users\steph\Documents\Git Projects\FlowdexMCP\node_modules\basic-ftp\dist\Client.js:721:19)
    at process.processTicksAndRejections (node:internal/process/task_queues:105:5)
    at async Client.list (C:\Users\steph\Documents\Git Projects\FlowdexMCP\node_modules\basic-ftp\dist\Client.js:496:13)
    at async file:///C:/Users/steph/Documents/Git%20Projects/FlowdexMCP/index.js:1791:21
[Fatal Tool Error] ftp_list: Error: None of the available transfer strategies work. Last error response was 'Error: Client is closed because Timeout (control socket)'.
    at Client.prepareTransfer (C:\Users\steph\Documents\Git Projects\FlowdexMCP\node_modules\basic-ftp\dist\Client.js:721:19)
    at process.processTicksAndRejections (node:internal/process/task_queues:105:5)
    at async Client.list (C:\Users\steph\Documents\Git Projects\FlowdexMCP\node_modules\basic-ftp\dist\Client.js:496:13)
    at async file:///C:/Users/steph/Documents/Git%20Projects/FlowdexMCP/index.js:1791:21
[Fatal Tool Error] ftp_list: Error: None of the available transfer strategies work. Last error response was 'Error: Client is closed because Timeout (control socket)'.
    at Client.prepareTransfer (C:\Users\steph\Documents\Git Projects\FlowdexMCP\node_modules\basic-ftp\dist\Client.js:721:19)
    at process.processTicksAndRejections (node:internal/process/task_queues:105:5)
    at async Client.list (C:\Users\steph\Documents\Git Projects\FlowdexMCP\node_modules\basic-ftp\dist\Client.js:496:13)
    at async file:///C:/Users/steph/Documents/Git%20Projects/FlowdexMCP/index.js:1791:21

[Fatal Tool Error] ftp_list: Error: None of the available transfer strategies work. Last error response was 'Error: Client is closed because Timeout (control socket)'.
    at Client.prepareTransfer (C:\Users\steph\Documents\Git Projects\FlowdexMCP\node_modules\basic-ftp\dist\Client.js:721:19)
    at process.processTicksAndRejections (node:internal/process/task_queues:105:5)
    at async Client.list (C:\Users\steph\Documents\Git Projects\FlowdexMCP\node_modules\basic-ftp\dist\Client.js:496:13)
    at async file:///C:/Users/steph/Documents/Git%20Projects/FlowdexMCP/index.js:1791:21
[Fatal Tool Error] ftp_list: Error: None of the available transfer strategies work. Last error response was 'Error: Client is closed because Timeout (control socket)'.
    at Client.prepareTransfer (C:\Users\steph\Documents\Git Projects\FlowdexMCP\node_modules\basic-ftp\dist\Client.js:721:19)
    at process.processTicksAndRejections (node:internal/process/task_queues:105:5)
    at async Client.list (C:\Users\steph\Documents\Git Projects\FlowdexMCP\node_modules\basic-ftp\dist\Client.js:496:13)
    at async file:///C:/Users/steph/Documents/Git%20Projects/FlowdexMCP/index.js:1791:21
[Fatal Tool Error] ftp_list: Error: None of the available transfer strategies work. Last error response was 'Error: Client is closed because Timeout (control socket)'.
    at Client.prepareTransfer (C:\Users\steph\Documents\Git Projects\FlowdexMCP\node_modules\basic-ftp\dist\Client.js:721:19)
    at process.processTicksAndRejections (node:internal/process/task_queues:105:5)
    at async Client.list (C:\Users\steph\Documents\Git Projects\FlowdexMCP\node_modules\basic-ftp\dist\Client.js:496:13)
    at async file:///C:/Users/steph/Documents/Git%20Projects/FlowdexMCP/index.js:1791:21

[Fatal Tool Error] ftp_list: Error: None of the available transfer strategies work. Last error response was 'Error: Client is closed because Timeout (control socket)'.
    at Client.prepareTransfer (C:\Users\steph\Documents\Git Projects\FlowdexMCP\node_modules\basic-ftp\dist\Client.js:721:19)
    at process.processTicksAndRejections (node:internal/process/task_queues:105:5)
    at async Client.list (C:\Users\steph\Documents\Git Projects\FlowdexMCP\node_modules\basic-ftp\dist\Client.js:496:13)
    at async file:///C:/Users/steph/Documents/Git%20Projects/FlowdexMCP/index.js:1791:21
[Fatal Tool Error] ftp_list: Error: None of the available transfer strategies work. Last error response was 'Error: Client is closed because Timeout (control socket)'.
    at Client.prepareTransfer (C:\Users\steph\Documents\Git Projects\FlowdexMCP\node_modules\basic-ftp\dist\Client.js:721:19)
    at process.processTicksAndRejections (node:internal/process/task_queues:105:5)
    at async Client.list (C:\Users\steph\Documents\Git Projects\FlowdexMCP\node_modules\basic-ftp\dist\Client.js:496:13)
    at async file:///C:/Users/steph/Documents/Git%20Projects/FlowdexMCP/index.js:1791:21
[Fatal Tool Error] ftp_list: Error: None of the available transfer strategies work. Last error response was 'Error: Client is closed because Timeout (control socket)'.
    at Client.prepareTransfer (C:\Users\steph\Documents\Git Projects\FlowdexMCP\node_modules\basic-ftp\dist\Client.js:721:19)
    at process.processTicksAndRejections (node:internal/process/task_queues:105:5)
    at async Client.list (C:\Users\steph\Documents\Git Projects\FlowdexMCP\node_modules\basic-ftp\dist\Client.js:496:13)
    at async file:///C:/Users/steph/Documents/Git%20Projects/FlowdexMCP/index.js:1791:21

[Fatal Tool Error] ftp_list: Error: None of the available transfer strategies work. Last error response was 'Error: Client is closed because Timeout (control socket)'.
    at Client.prepareTransfer (C:\Users\steph\Documents\Git Projects\FlowdexMCP\node_modules\basic-ftp\dist\Client.js:721:19)
    at process.processTicksAndRejections (node:internal/process/task_queues:105:5)
    at async Client.list (C:\Users\steph\Documents\Git Projects\FlowdexMCP\node_modules\basic-ftp\dist\Client.js:496:13)
    at async file:///C:/Users/steph/Documents/Git%20Projects/FlowdexMCP/index.js:1791:21
[Fatal Tool Error] ftp_list: Error: None of the available transfer strategies work. Last error response was 'Error: Client is closed because Timeout (control socket)'.
    at Client.prepareTransfer (C:\Users\steph\Documents\Git Projects\FlowdexMCP\node_modules\basic-ftp\dist\Client.js:721:19)
    at process.processTicksAndRejections (node:internal/process/task_queues:105:5)
    at async Client.list (C:\Users\steph\Documents\Git Projects\FlowdexMCP\node_modules\basic-ftp\dist\Client.js:496:13)
    at async file:///C:/Users/steph/Documents/Git%20Projects/FlowdexMCP/index.js:1791:21
[Fatal Tool Error] ftp_list: Error: None of the available transfer strategies work. Last error response was 'Error: Client is closed because Timeout (control socket)'.
    at Client.prepareTransfer (C:\Users\steph\Documents\Git Projects\FlowdexMCP\node_modules\basic-ftp\dist\Client.js:721:19)
    at process.processTicksAndRejections (node:internal/process/task_queues:105:5)
    at async Client.list (C:\Users\steph\Documents\Git Projects\FlowdexMCP\node_modules\basic-ftp\dist\Client.js:496:13)
    at async file:///C:/Users/steph/Documents/Git%20Projects/FlowdexMCP/index.js:1791:21

[Fatal Tool Error] ftp_list: Error: None of the available transfer strategies work. Last error response was 'Error: Client is closed because Timeout (control socket)'.
    at Client.prepareTransfer (C:\Users\steph\Documents\Git Projects\FlowdexMCP\node_modules\basic-ftp\dist\Client.js:721:19)
    at process.processTicksAndRejections (node:internal/process/task_queues:105:5)
    at async Client.list (C:\Users\steph\Documents\Git Projects\FlowdexMCP\node_modules\basic-ftp\dist\Client.js:496:13)
    at async file:///C:/Users/steph/Documents/Git%20Projects/FlowdexMCP/index.js:1791:21
[Fatal Tool Error] ftp_list: Error: None of the available transfer strategies work. Last error response was 'Error: Client is closed because Timeout (control socket)'.
    at Client.prepareTransfer (C:\Users\steph\Documents\Git Projects\FlowdexMCP\node_modules\basic-ftp\dist\Client.js:721:19)
    at process.processTicksAndRejections (node:internal/process/task_queues:105:5)
    at async Client.list (C:\Users\steph\Documents\Git Projects\FlowdexMCP\node_modules\basic-ftp\dist\Client.js:496:13)
    at async file:///C:/Users/steph/Documents/Git%20Projects/FlowdexMCP/index.js:1791:21
[Fatal Tool Error] ftp_list: Error: None of the available transfer strategies work. Last error response was 'Error: Client is closed because Timeout (control socket)'.
    at Client.prepareTransfer (C:\Users\steph\Documents\Git Projects\FlowdexMCP\node_modules\basic-ftp\dist\Client.js:721:19)
    at process.processTicksAndRejections (node:internal/process/task_queues:105:5)
    at async Client.list (C:\Users\steph\Documents\Git Projects\FlowdexMCP\node_modules\basic-ftp\dist\Client.js:496:13)
    at async file:///C:/Users/steph/Documents/Git%20Projects/FlowdexMCP/index.js:1791:21

[Fatal Tool Error] ftp_list: Error: None of the available transfer strategies work. Last error response was 'Error: Client is closed because Timeout (control socket)'.
    at Client.prepareTransfer (C:\Users\steph\Documents\Git Projects\FlowdexMCP\node_modules\basic-ftp\dist\Client.js:721:19)
    at process.processTicksAndRejections (node:internal/process/task_queues:105:5)
    at async Client.list (C:\Users\steph\Documents\Git Projects\FlowdexMCP\node_modules\basic-ftp\dist\Client.js:496:13)
    at async file:///C:/Users/steph/Documents/Git%20Projects/FlowdexMCP/index.js:1791:21
[Fatal Tool Error] ftp_list: Error: None of the available transfer strategies work. Last error response was 'Error: Client is closed because Timeout (control socket)'.
    at Client.prepareTransfer (C:\Users\steph\Documents\Git Projects\FlowdexMCP\node_modules\basic-ftp\dist\Client.js:721:19)
    at process.processTicksAndRejections (node:internal/process/task_queues:105:5)
    at async Client.list (C:\Users\steph\Documents\Git Projects\FlowdexMCP\node_modules\basic-ftp\dist\Client.js:496:13)
    at async file:///C:/Users/steph/Documents/Git%20Projects/FlowdexMCP/index.js:1791:21
[Fatal Tool Error] ftp_list: Error: None of the available transfer strategies work. Last error response was 'Error: Client is closed because Timeout (control socket)'.
    at Client.prepareTransfer (C:\Users\steph\Documents\Git Projects\FlowdexMCP\node_modules\basic-ftp\dist\Client.js:721:19)
    at process.processTicksAndRejections (node:internal/process/task_queues:105:5)
    at async Client.list (C:\Users\steph\Documents\Git Projects\FlowdexMCP\node_modules\basic-ftp\dist\Client.js:496:13)
    at async file:///C:/Users/steph/Documents/Git%20Projects/FlowdexMCP/index.js:1791:21

[Fatal Tool Error] ftp_list: Error: None of the available transfer strategies work. Last error response was 'Error: Client is closed because Timeout (control socket)'.
    at Client.prepareTransfer (C:\Users\steph\Documents\Git Projects\FlowdexMCP\node_modules\basic-ftp\dist\Client.js:721:19)
    at process.processTicksAndRejections (node:internal/process/task_queues:105:5)
    at async Client.list (C:\Users\steph\Documents\Git Projects\FlowdexMCP\node_modules\basic-ftp\dist\Client.js:496:13)
    at async file:///C:/Users/steph/Documents/Git%20Projects/FlowdexMCP/index.js:1791:21
[Fatal Tool Error] ftp_list: Error: None of the available transfer strategies work. Last error response was 'Error: Client is closed because Timeout (control socket)'.
    at Client.prepareTransfer (C:\Users\steph\Documents\Git Projects\FlowdexMCP\node_modules\basic-ftp\dist\Client.js:721:19)
    at process.processTicksAndRejections (node:internal/process/task_queues:105:5)
    at async Client.list (C:\Users\steph\Documents\Git Projects\FlowdexMCP\node_modules\basic-ftp\dist\Client.js:496:13)
    at async file:///C:/Users/steph/Documents/Git%20Projects/FlowdexMCP/index.js:1791:21
[Fatal Tool Error] ftp_list: Error: None of the available transfer strategies work. Last error response was 'Error: Client is closed because Timeout (control socket)'.
    at Client.prepareTransfer (C:\Users\steph\Documents\Git Projects\FlowdexMCP\node_modules\basic-ftp\dist\Client.js:721:19)
    at process.processTicksAndRejections (node:internal/process/task_queues:105:5)
    at async Client.list (C:\Users\steph\Documents\Git Projects\FlowdexMCP\node_modules\basic-ftp\dist\Client.js:496:13)
    at async file:///C:/Users/steph/Documents/Git%20Projects/FlowdexMCP/index.js:1791:21

[Fatal Tool Error] ftp_list: Error: None of the available transfer strategies work. Last error response was 'Error: Client is closed because Timeout (control socket)'.
    at Client.prepareTransfer (C:\Users\steph\Documents\Git Projects\FlowdexMCP\node_modules\basic-ftp\dist\Client.js:721:19)
    at process.processTicksAndRejections (node:internal/process/task_queues:105:5)
    at async Client.list (C:\Users\steph\Documents\Git Projects\FlowdexMCP\node_modules\basic-ftp\dist\Client.js:496:13)
    at async file:///C:/Users/steph/Documents/Git%20Projects/FlowdexMCP/index.js:1791:21
[Fatal Tool Error] ftp_list: Error: None of the available transfer strategies work. Last error response was 'Error: Client is closed because Timeout (control socket)'.
    at Client.prepareTransfer (C:\Users\steph\Documents\Git Projects\FlowdexMCP\node_modules\basic-ftp\dist\Client.js:721:19)
    at process.processTicksAndRejections (node:internal/process/task_queues:105:5)
    at async Client.list (C:\Users\steph\Documents\Git Projects\FlowdexMCP\node_modules\basic-ftp\dist\Client.js:496:13)
    at async file:///C:/Users/steph/Documents/Git%20Projects/FlowdexMCP/index.js:1791:21
[Fatal Tool Error] ftp_list: Error: None of the available transfer strategies work. Last error response was 'Error: Client is closed because Timeout (control socket)'.
    at Client.prepareTransfer (C:\Users\steph\Documents\Git Projects\FlowdexMCP\node_modules\basic-ftp\dist\Client.js:721:19)
    at process.processTicksAndRejections (node:internal/process/task_queues:105:5)
    at async Client.list (C:\Users\steph\Documents\Git Projects\FlowdexMCP\node_modules\basic-ftp\dist\Client.js:496:13)
    at async file:///C:/Users/steph/Documents/Git%20Projects/FlowdexMCP/index.js:1791:21

[Fatal Tool Error] ftp_list: Error: None of the available transfer strategies work. Last error response was 'Error: Client is closed because Timeout (control socket)'.
    at Client.prepareTransfer (C:\Users\steph\Documents\Git Projects\FlowdexMCP\node_modules\basic-ftp\dist\Client.js:721:19)
    at process.processTicksAndRejections (node:internal/process/task_queues:105:5)
    at async Client.list (C:\Users\steph\Documents\Git Projects\FlowdexMCP\node_modules\basic-ftp\dist\Client.js:496:13)
    at async file:///C:/Users/steph/Documents/Git%20Projects/FlowdexMCP/index.js:1791:21
[Fatal Tool Error] ftp_list: Error: None of the available transfer strategies work. Last error response was 'Error: Client is closed because Timeout (control socket)'.
    at Client.prepareTransfer (C:\Users\steph\Documents\Git Projects\FlowdexMCP\node_modules\basic-ftp\dist\Client.js:721:19)
    at process.processTicksAndRejections (node:internal/process/task_queues:105:5)
    at async Client.list (C:\Users\steph\Documents\Git Projects\FlowdexMCP\node_modules\basic-ftp\dist\Client.js:496:13)
    at async file:///C:/Users/steph/Documents/Git%20Projects/FlowdexMCP/index.js:1791:21
[Fatal Tool Error] ftp_list: Error: None of the available transfer strategies work. Last error response was 'Error: Client is closed because Timeout (control socket)'.
    at Client.prepareTransfer (C:\Users\steph\Documents\Git Projects\FlowdexMCP\node_modules\basic-ftp\dist\Client.js:721:19)
    at process.processTicksAndRejections (node:internal/process/task_queues:105:5)
    at async Client.list (C:\Users\steph\Documents\Git Projects\FlowdexMCP\node_modules\basic-ftp\dist\Client.js:496:13)
    at async file:///C:/Users/steph/Documents/Git%20Projects/FlowdexMCP/index.js:1791:21

[Fatal Tool Error] ftp_list: Error: None of the available transfer strategies work. Last error response was 'Error: Client is closed because Timeout (control socket)'.
    at Client.prepareTransfer (C:\Users\steph\Documents\Git Projects\FlowdexMCP\node_modules\basic-ftp\dist\Client.js:721:19)
    at process.processTicksAndRejections (node:internal/process/task_queues:105:5)
    at async Client.list (C:\Users\steph\Documents\Git Projects\FlowdexMCP\node_modules\basic-ftp\dist\Client.js:496:13)
    at async file:///C:/Users/steph/Documents/Git%20Projects/FlowdexMCP/index.js:1791:21
[Fatal Tool Error] ftp_list: Error: None of the available transfer strategies work. Last error response was 'Error: Client is closed because Timeout (control socket)'.
    at Client.prepareTransfer (C:\Users\steph\Documents\Git Projects\FlowdexMCP\node_modules\basic-ftp\dist\Client.js:721:19)
    at process.processTicksAndRejections (node:internal/process/task_queues:105:5)
    at async Client.list (C:\Users\steph\Documents\Git Projects\FlowdexMCP\node_modules\basic-ftp\dist\Client.js:496:13)
    at async file:///C:/Users/steph/Documents/Git%20Projects/FlowdexMCP/index.js:1791:21
[Fatal Tool Error] ftp_list: Error: None of the available transfer strategies work. Last error response was 'Error: Client is closed because Timeout (control socket)'.
    at Client.prepareTransfer (C:\Users\steph\Documents\Git Projects\FlowdexMCP\node_modules\basic-ftp\dist\Client.js:721:19)
    at process.processTicksAndRejections (node:internal/process/task_queues:105:5)
    at async Client.list (C:\Users\steph\Documents\Git Projects\FlowdexMCP\node_modules\basic-ftp\dist\Client.js:496:13)
    at async file:///C:/Users/steph/Documents/Git%20Projects/FlowdexMCP/index.js:1791:21

[Fatal Tool Error] ftp_list: Error: None of the available transfer strategies work. Last error response was 'Error: Client is closed because Timeout (control socket)'.
    at Client.prepareTransfer (C:\Users\steph\Documents\Git Projects\FlowdexMCP\node_modules\basic-ftp\dist\Client.js:721:19)
    at process.processTicksAndRejections (node:internal/process/task_queues:105:5)
    at async Client.list (C:\Users\steph\Documents\Git Projects\FlowdexMCP\node_modules\basic-ftp\dist\Client.js:496:13)
    at async file:///C:/Users/steph/Documents/Git%20Projects/FlowdexMCP/index.js:1791:21
[Fatal Tool Error] ftp_list: Error: None of the available transfer strategies work. Last error response was 'Error: Client is closed because Timeout (control socket)'.
    at Client.prepareTransfer (C:\Users\steph\Documents\Git Projects\FlowdexMCP\node_modules\basic-ftp\dist\Client.js:721:19)
    at process.processTicksAndRejections (node:internal/process/task_queues:105:5)
    at async Client.list (C:\Users\steph\Documents\Git Projects\FlowdexMCP\node_modules\basic-ftp\dist\Client.js:496:13)
    at async file:///C:/Users/steph/Documents/Git%20Projects/FlowdexMCP/index.js:1791:21
[Fatal Tool Error] ftp_list: Error: None of the available transfer strategies work. Last error response was 'Error: Client is closed because Timeout (control socket)'.
    at Client.prepareTransfer (C:\Users\steph\Documents\Git Projects\FlowdexMCP\node_modules\basic-ftp\dist\Client.js:721:19)
    at process.processTicksAndRejections (node:internal/process/task_queues:105:5)
    at async Client.list (C:\Users\steph\Documents\Git Projects\FlowdexMCP\node_modules\basic-ftp\dist\Client.js:496:13)
    at async file:///C:/Users/steph/Documents/Git%20Projects/FlowdexMCP/index.js:1791:21

[Fatal Tool Error] ftp_list: Error: None of the available transfer strategies work. Last error response was 'Error: Client is closed because Timeout (control socket)'.
    at Client.prepareTransfer (C:\Users\steph\Documents\Git Projects\FlowdexMCP\node_modules\basic-ftp\dist\Client.js:721:19)
    at process.processTicksAndRejections (node:internal/process/task_queues:105:5)
    at async Client.list (C:\Users\steph\Documents\Git Projects\FlowdexMCP\node_modules\basic-ftp\dist\Client.js:496:13)
    at async file:///C:/Users/steph/Documents/Git%20Projects/FlowdexMCP/index.js:1791:21
[Fatal Tool Error] ftp_list: Error: None of the available transfer strategies work. Last error response was 'Error: Client is closed because Timeout (control socket)'.
    at Client.prepareTransfer (C:\Users\steph\Documents\Git Projects\FlowdexMCP\node_modules\basic-ftp\dist\Client.js:721:19)
    at process.processTicksAndRejections (node:internal/process/task_queues:105:5)
    at async Client.list (C:\Users\steph\Documents\Git Projects\FlowdexMCP\node_modules\basic-ftp\dist\Client.js:496:13)
    at async file:///C:/Users/steph/Documents/Git%20Projects/FlowdexMCP/index.js:1791:21
[Fatal Tool Error] ftp_list: Error: None of the available transfer strategies work. Last error response was 'Error: Client is closed because Timeout (control socket)'.
    at Client.prepareTransfer (C:\Users\steph\Documents\Git Projects\FlowdexMCP\node_modules\basic-ftp\dist\Client.js:721:19)
    at process.processTicksAndRejections (node:internal/process/task_queues:105:5)
    at async Client.list (C:\Users\steph\Documents\Git Projects\FlowdexMCP\node_modules\basic-ftp\dist\Client.js:496:13)
    at async file:///C:/Users/steph/Documents/Git%20Projects/FlowdexMCP/index.js:1791:21

[Fatal Tool Error] ftp_list: Error: None of the available transfer strategies work. Last error response was 'Error: Client is closed because Timeout (control socket)'.
    at Client.prepareTransfer (C:\Users\steph\Documents\Git Projects\FlowdexMCP\node_modules\basic-ftp\dist\Client.js:721:19)
    at process.processTicksAndRejections (node:internal/process/task_queues:105:5)
    at async Client.list (C:\Users\steph\Documents\Git Projects\FlowdexMCP\node_modules\basic-ftp\dist\Client.js:496:13)
    at async file:///C:/Users/steph/Documents/Git%20Projects/FlowdexMCP/index.js:1791:21
[Fatal Tool Error] ftp_list: Error: None of the available transfer strategies work. Last error response was 'Error: Client is closed because Timeout (control socket)'.
    at Client.prepareTransfer (C:\Users\steph\Documents\Git Projects\FlowdexMCP\node_modules\basic-ftp\dist\Client.js:721:19)
    at process.processTicksAndRejections (node:internal/process/task_queues:105:5)
    at async Client.list (C:\Users\steph\Documents\Git Projects\FlowdexMCP\node_modules\basic-ftp\dist\Client.js:496:13)
    at async file:///C:/Users/steph/Documents/Git%20Projects/FlowdexMCP/index.js:1791:21
[Fatal Tool Error] ftp_list: Error: None of the available transfer strategies work. Last error response was 'Error: Client is closed because Timeout (control socket)'.
    at Client.prepareTransfer (C:\Users\steph\Documents\Git Projects\FlowdexMCP\node_modules\basic-ftp\dist\Client.js:721:19)
    at process.processTicksAndRejections (node:internal/process/task_queues:105:5)
    at async Client.list (C:\Users\steph\Documents\Git Projects\FlowdexMCP\node_modules\basic-ftp\dist\Client.js:496:13)
    at async file:///C:/Users/steph/Documents/Git%20Projects/FlowdexMCP/index.js:1791:21

[Fatal Tool Error] ftp_list: Error: None of the available transfer strategies work. Last error response was 'Error: Client is closed because Timeout (control socket)'.
    at Client.prepareTransfer (C:\Users\steph\Documents\Git Projects\FlowdexMCP\node_modules\basic-ftp\dist\Client.js:721:19)
    at process.processTicksAndRejections (node:internal/process/task_queues:105:5)
    at async Client.list (C:\Users\steph\Documents\Git Projects\FlowdexMCP\node_modules\basic-ftp\dist\Client.js:496:13)
    at async file:///C:/Users/steph/Documents/Git%20Projects/FlowdexMCP/index.js:1791:21
[Fatal Tool Error] ftp_list: Error: None of the available transfer strategies work. Last error response was 'Error: Client is closed because Timeout (control socket)'.
    at Client.prepareTransfer (C:\Users\steph\Documents\Git Projects\FlowdexMCP\node_modules\basic-ftp\dist\Client.js:721:19)
    at process.processTicksAndRejections (node:internal/process/task_queues:105:5)
    at async Client.list (C:\Users\steph\Documents\Git Projects\FlowdexMCP\node_modules\basic-ftp\dist\Client.js:496:13)
    at async file:///C:/Users/steph/Documents/Git%20Projects/FlowdexMCP/index.js:1791:21
[Fatal Tool Error] ftp_list: Error: None of the available transfer strategies work. Last error response was 'Error: Client is closed because Timeout (control socket)'.
    at Client.prepareTransfer (C:\Users\steph\Documents\Git Projects\FlowdexMCP\node_modules\basic-ftp\dist\Client.js:721:19)
    at process.processTicksAndRejections (node:internal/process/task_queues:105:5)
    at async Client.list (C:\Users\steph\Documents\Git Projects\FlowdexMCP\node_modules\basic-ftp\dist\Client.js:496:13)
    at async file:///C:/Users/steph/Documents/Git%20Projects/FlowdexMCP/index.js:1791:21

[Fatal Tool Error] ftp_list: Error: None of the available transfer strategies work. Last error response was 'Error: Client is closed because Timeout (control socket)'.
    at Client.prepareTransfer (C:\Users\steph\Documents\Git Projects\FlowdexMCP\node_modules\basic-ftp\dist\Client.js:721:19)
    at process.processTicksAndRejections (node:internal/process/task_queues:105:5)
    at async Client.list (C:\Users\steph\Documents\Git Projects\FlowdexMCP\node_modules\basic-ftp\dist\Client.js:496:13)
    at async file:///C:/Users/steph/Documents/Git%20Projects/FlowdexMCP/index.js:1791:21
[Fatal Tool Error] ftp_list: Error: None of the available transfer strategies work. Last error response was 'Error: Client is closed because Timeout (control socket)'.
    at Client.prepareTransfer (C:\Users\steph\Documents\Git Projects\FlowdexMCP\node_modules\basic-ftp\dist\Client.js:721:19)
    at process.processTicksAndRejections (node:internal/process/task_queues:105:5)
    at async Client.list (C:\Users\steph\Documents\Git Projects\FlowdexMCP\node_modules\basic-ftp\dist\Client.js:496:13)
    at async file:///C:/Users/steph/Documents/Git%20Projects/FlowdexMCP/index.js:1791:21
[Fatal Tool Error] ftp_list: Error: None of the available transfer strategies work. Last error response was 'Error: Client is closed because Timeout (control socket)'.
    at Client.prepareTransfer (C:\Users\steph\Documents\Git Projects\FlowdexMCP\node_modules\basic-ftp\dist\Client.js:721:19)
    at process.processTicksAndRejections (node:internal/process/task_queues:105:5)
    at async Client.list (C:\Users\steph\Documents\Git Projects\FlowdexMCP\node_modules\basic-ftp\dist\Client.js:496:13)
    at async file:///C:/Users/steph/Documents/Git%20Projects/FlowdexMCP/index.js:1791:21

[Fatal Tool Error] ftp_list: Error: None of the available transfer strategies work. Last error response was 'Error: Client is closed because Timeout (control socket)'.
    at Client.prepareTransfer (C:\Users\steph\Documents\Git Projects\FlowdexMCP\node_modules\basic-ftp\dist\Client.js:721:19)
    at process.processTicksAndRejections (node:internal/process/task_queues:105:5)
    at async Client.list (C:\Users\steph\Documents\Git Projects\FlowdexMCP\node_modules\basic-ftp\dist\Client.js:496:13)
    at async file:///C:/Users/steph/Documents/Git%20Projects/FlowdexMCP/index.js:1791:21
[Fatal Tool Error] ftp_list: Error: None of the available transfer strategies work. Last error response was 'Error: Client is closed because Timeout (control socket)'.
    at Client.prepareTransfer (C:\Users\steph\Documents\Git Projects\FlowdexMCP\node_modules\basic-ftp\dist\Client.js:721:19)
    at process.processTicksAndRejections (node:internal/process/task_queues:105:5)
    at async Client.list (C:\Users\steph\Documents\Git Projects\FlowdexMCP\node_modules\basic-ftp\dist\Client.js:496:13)
    at async file:///C:/Users/steph/Documents/Git%20Projects/FlowdexMCP/index.js:1791:21
[Fatal Tool Error] ftp_list: Error: None of the available transfer strategies work. Last error response was 'Error: Client is closed because Timeout (control socket)'.
    at Client.prepareTransfer (C:\Users\steph\Documents\Git Projects\FlowdexMCP\node_modules\basic-ftp\dist\Client.js:721:19)
    at process.processTicksAndRejections (node:internal/process/task_queues:105:5)
    at async Client.list (C:\Users\steph\Documents\Git Projects\FlowdexMCP\node_modules\basic-ftp\dist\Client.js:496:13)
    at async file:///C:/Users/steph/Documents/Git%20Projects/FlowdexMCP/index.js:1791:21

[Fatal Tool Error] ftp_list: Error: None of the available transfer strategies work. Last error response was 'Error: Client is closed because Timeout (control socket)'.
    at Client.prepareTransfer (C:\Users\steph\Documents\Git Projects\FlowdexMCP\node_modules\basic-ftp\dist\Client.js:721:19)
    at process.processTicksAndRejections (node:internal/process/task_queues:105:5)
    at async Client.list (C:\Users\steph\Documents\Git Projects\FlowdexMCP\node_modules\basic-ftp\dist\Client.js:496:13)
    at async file:///C:/Users/steph/Documents/Git%20Projects/FlowdexMCP/index.js:1791:21
[Fatal Tool Error] ftp_list: Error: None of the available transfer strategies work. Last error response was 'Error: Client is closed because Timeout (control socket)'.
    at Client.prepareTransfer (C:\Users\steph\Documents\Git Projects\FlowdexMCP\node_modules\basic-ftp\dist\Client.js:721:19)
    at process.processTicksAndRejections (node:internal/process/task_queues:105:5)
    at async Client.list (C:\Users\steph\Documents\Git Projects\FlowdexMCP\node_modules\basic-ftp\dist\Client.js:496:13)
    at async file:///C:/Users/steph/Documents/Git%20Projects/FlowdexMCP/index.js:1791:21
[Fatal Tool Error] ftp_list: Error: None of the available transfer strategies work. Last error response was 'Error: Client is closed because Timeout (control socket)'.
    at Client.prepareTransfer (C:\Users\steph\Documents\Git Projects\FlowdexMCP\node_modules\basic-ftp\dist\Client.js:721:19)
    at process.processTicksAndRejections (node:internal/process/task_queues:105:5)
    at async Client.list (C:\Users\steph\Documents\Git Projects\FlowdexMCP\node_modules\basic-ftp\dist\Client.js:496:13)
    at async file:///C:/Users/steph/Documents/Git%20Projects/FlowdexMCP/index.js:1791:21

[Fatal Tool Error] ftp_list: Error: None of the available transfer strategies work. Last error response was 'Error: Client is closed because Timeout (control socket)'.
    at Client.prepareTransfer (C:\Users\steph\Documents\Git Projects\FlowdexMCP\node_modules\basic-ftp\dist\Client.js:721:19)
    at process.processTicksAndRejections (node:internal/process/task_queues:105:5)
    at async Client.list (C:\Users\steph\Documents\Git Projects\FlowdexMCP\node_modules\basic-ftp\dist\Client.js:496:13)
    at async file:///C:/Users/steph/Documents/Git%20Projects/FlowdexMCP/index.js:1791:21
[Fatal Tool Error] ftp_list: Error: None of the available transfer strategies work. Last error response was 'Error: Client is closed because Timeout (control socket)'.
    at Client.prepareTransfer (C:\Users\steph\Documents\Git Projects\FlowdexMCP\node_modules\basic-ftp\dist\Client.js:721:19)
    at process.processTicksAndRejections (node:internal/process/task_queues:105:5)
    at async Client.list (C:\Users\steph\Documents\Git Projects\FlowdexMCP\node_modules\basic-ftp\dist\Client.js:496:13)
    at async file:///C:/Users/steph/Documents/Git%20Projects/FlowdexMCP/index.js:1791:21
[Fatal Tool Error] ftp_list: Error: None of the available transfer strategies work. Last error response was 'Error: Client is closed because Timeout (control socket)'.
    at Client.prepareTransfer (C:\Users\steph\Documents\Git Projects\FlowdexMCP\node_modules\basic-ftp\dist\Client.js:721:19)
    at process.processTicksAndRejections (node:internal/process/task_queues:105:5)
    at async Client.list (C:\Users\steph\Documents\Git Projects\FlowdexMCP\node_modules\basic-ftp\dist\Client.js:496:13)
    at async file:///C:/Users/steph/Documents/Git%20Projects/FlowdexMCP/index.js:1791:21

[Fatal Tool Error] ftp_list: Error: None of the available transfer strategies work. Last error response was 'Error: Client is closed because Timeout (control socket)'.
    at Client.prepareTransfer (C:\Users\steph\Documents\Git Projects\FlowdexMCP\node_modules\basic-ftp\dist\Client.js:721:19)
    at process.processTicksAndRejections (node:internal/process/task_queues:105:5)
    at async Client.list (C:\Users\steph\Documents\Git Projects\FlowdexMCP\node_modules\basic-ftp\dist\Client.js:496:13)
    at async file:///C:/Users/steph/Documents/Git%20Projects/FlowdexMCP/index.js:1791:21
[Fatal Tool Error] ftp_list: Error: None of the available transfer strategies work. Last error response was 'Error: Client is closed because Timeout (control socket)'.
    at Client.prepareTransfer (C:\Users\steph\Documents\Git Projects\FlowdexMCP\node_modules\basic-ftp\dist\Client.js:721:19)
    at process.processTicksAndRejections (node:internal/process/task_queues:105:5)
    at async Client.list (C:\Users\steph\Documents\Git Projects\FlowdexMCP\node_modules\basic-ftp\dist\Client.js:496:13)
    at async file:///C:/Users/steph/Documents/Git%20Projects/FlowdexMCP/index.js:1791:21
[Fatal Tool Error] ftp_list: Error: None of the available transfer strategies work. Last error response was 'Error: Client is closed because Timeout (control socket)'.
    at Client.prepareTransfer (C:\Users\steph\Documents\Git Projects\FlowdexMCP\node_modules\basic-ftp\dist\Client.js:721:19)
    at process.processTicksAndRejections (node:internal/process/task_queues:105:5)
    at async Client.list (C:\Users\steph\Documents\Git Projects\FlowdexMCP\node_modules\basic-ftp\dist\Client.js:496:13)
    at async file:///C:/Users/steph/Documents/Git%20Projects/FlowdexMCP/index.js:1791:21

[Fatal Tool Error] ftp_list: Error: None of the available transfer strategies work. Last error response was 'Error: Client is closed because Timeout (control socket)'.
    at Client.prepareTransfer (C:\Users\steph\Documents\Git Projects\FlowdexMCP\node_modules\basic-ftp\dist\Client.js:721:19)
    at process.processTicksAndRejections (node:internal/process/task_queues:105:5)
    at async Client.list (C:\Users\steph\Documents\Git Projects\FlowdexMCP\node_modules\basic-ftp\dist\Client.js:496:13)
    at async file:///C:/Users/steph/Documents/Git%20Projects/FlowdexMCP/index.js:1791:21
[Fatal Tool Error] ftp_list: Error: None of the available transfer strategies work. Last error response was 'Error: Client is closed because Timeout (control socket)'.
    at Client.prepareTransfer (C:\Users\steph\Documents\Git Projects\FlowdexMCP\node_modules\basic-ftp\dist\Client.js:721:19)
    at process.processTicksAndRejections (node:internal/process/task_queues:105:5)
    at async Client.list (C:\Users\steph\Documents\Git Projects\FlowdexMCP\node_modules\basic-ftp\dist\Client.js:496:13)
    at async file:///C:/Users/steph/Documents/Git%20Projects/FlowdexMCP/index.js:1791:21
[Fatal Tool Error] ftp_list: Error: None of the available transfer strategies work. Last error response was 'Error: Client is closed because Timeout (control socket)'.
    at Client.prepareTransfer (C:\Users\steph\Documents\Git Projects\FlowdexMCP\node_modules\basic-ftp\dist\Client.js:721:19)
    at process.processTicksAndRejections (node:internal/process/task_queues:105:5)
    at async Client.list (C:\Users\steph\Documents\Git Projects\FlowdexMCP\node_modules\basic-ftp\dist\Client.js:496:13)
    at async file:///C:/Users/steph/Documents/Git%20Projects/FlowdexMCP/index.js:1791:21

[Fatal Tool Error] ftp_list: Error: None of the available transfer strategies work. Last error response was 'Error: Client is closed because Timeout (control socket)'.
    at Client.prepareTransfer (C:\Users\steph\Documents\Git Projects\FlowdexMCP\node_modules\basic-ftp\dist\Client.js:721:19)
    at process.processTicksAndRejections (node:internal/process/task_queues:105:5)
    at async Client.list (C:\Users\steph\Documents\Git Projects\FlowdexMCP\node_modules\basic-ftp\dist\Client.js:496:13)
    at async file:///C:/Users/steph/Documents/Git%20Projects/FlowdexMCP/index.js:1791:21
[Fatal Tool Error] ftp_list: Error: None of the available transfer strategies work. Last error response was 'Error: Client is closed because Timeout (control socket)'.
    at Client.prepareTransfer (C:\Users\steph\Documents\Git Projects\FlowdexMCP\node_modules\basic-ftp\dist\Client.js:721:19)
    at process.processTicksAndRejections (node:internal/process/task_queues:105:5)
    at async Client.list (C:\Users\steph\Documents\Git Projects\FlowdexMCP\node_modules\basic-ftp\dist\Client.js:496:13)
    at async file:///C:/Users/steph/Documents/Git%20Projects/FlowdexMCP/index.js:1791:21
[Fatal Tool Error] ftp_list: Error: None of the available transfer strategies work. Last error response was 'Error: Client is closed because Timeout (control socket)'.
    at Client.prepareTransfer (C:\Users\steph\Documents\Git Projects\FlowdexMCP\node_modules\basic-ftp\dist\Client.js:721:19)
    at process.processTicksAndRejections (node:internal/process/task_queues:105:5)
    at async Client.list (C:\Users\steph\Documents\Git Projects\FlowdexMCP\node_modules\basic-ftp\dist\Client.js:496:13)
    at async file:///C:/Users/steph/Documents/Git%20Projects/FlowdexMCP/index.js:1791:21

[Fatal Tool Error] ftp_list: Error: None of the available transfer strategies work. Last error response was 'Error: Client is closed because Timeout (control socket)'.
    at Client.prepareTransfer (C:\Users\steph\Documents\Git Projects\FlowdexMCP\node_modules\basic-ftp\dist\Client.js:721:19)
    at process.processTicksAndRejections (node:internal/process/task_queues:105:5)
    at async Client.list (C:\Users\steph\Documents\Git Projects\FlowdexMCP\node_modules\basic-ftp\dist\Client.js:496:13)
    at async file:///C:/Users/steph/Documents/Git%20Projects/FlowdexMCP/index.js:1791:21
[Fatal Tool Error] ftp_list: Error: None of the available transfer strategies work. Last error response was 'Error: Client is closed because Timeout (control socket)'.
    at Client.prepareTransfer (C:\Users\steph\Documents\Git Projects\FlowdexMCP\node_modules\basic-ftp\dist\Client.js:721:19)
    at process.processTicksAndRejections (node:internal/process/task_queues:105:5)
    at async Client.list (C:\Users\steph\Documents\Git Projects\FlowdexMCP\node_modules\basic-ftp\dist\Client.js:496:13)
    at async file:///C:/Users/steph/Documents/Git%20Projects/FlowdexMCP/index.js:1791:21
[Fatal Tool Error] ftp_list: Error: None of the available transfer strategies work. Last error response was 'Error: Client is closed because Timeout (control socket)'.
    at Client.prepareTransfer (C:\Users\steph\Documents\Git Projects\FlowdexMCP\node_modules\basic-ftp\dist\Client.js:721:19)
    at process.processTicksAndRejections (node:internal/process/task_queues:105:5)
    at async Client.list (C:\Users\steph\Documents\Git Projects\FlowdexMCP\node_modules\basic-ftp\dist\Client.js:496:13)
    at async file:///C:/Users/steph/Documents/Git%20Projects/FlowdexMCP/index.js:1791:21

[Fatal Tool Error] ftp_list: Error: None of the available transfer strategies work. Last error response was 'Error: Client is closed because Timeout (control socket)'.
    at Client.prepareTransfer (C:\Users\steph\Documents\Git Projects\FlowdexMCP\node_modules\basic-ftp\dist\Client.js:721:19)
    at process.processTicksAndRejections (node:internal/process/task_queues:105:5)
    at async Client.list (C:\Users\steph\Documents\Git Projects\FlowdexMCP\node_modules\basic-ftp\dist\Client.js:496:13)
    at async file:///C:/Users/steph/Documents/Git%20Projects/FlowdexMCP/index.js:1791:21
[Fatal Tool Error] ftp_list: Error: None of the available transfer strategies work. Last error response was 'Error: Client is closed because Timeout (control socket)'.
    at Client.prepareTransfer (C:\Users\steph\Documents\Git Projects\FlowdexMCP\node_modules\basic-ftp\dist\Client.js:721:19)
    at process.processTicksAndRejections (node:internal/process/task_queues:105:5)
    at async Client.list (C:\Users\steph\Documents\Git Projects\FlowdexMCP\node_modules\basic-ftp\dist\Client.js:496:13)
    at async file:///C:/Users/steph/Documents/Git%20Projects/FlowdexMCP/index.js:1791:21
[Fatal Tool Error] ftp_list: Error: None of the available transfer strategies work. Last error response was 'Error: Client is closed because Timeout (control socket)'.
    at Client.prepareTransfer (C:\Users\steph\Documents\Git Projects\FlowdexMCP\node_modules\basic-ftp\dist\Client.js:721:19)
    at process.processTicksAndRejections (node:internal/process/task_queues:105:5)
    at async Client.list (C:\Users\steph\Documents\Git Projects\FlowdexMCP\node_modules\basic-ftp\dist\Client.js:496:13)
    at async file:///C:/Users/steph/Documents/Git%20Projects/FlowdexMCP/index.js:1791:21

[Fatal Tool Error] ftp_list: Error: None of the available transfer strategies work. Last error response was 'Error: Client is closed because Timeout (control socket)'.
    at Client.prepareTransfer (C:\Users\steph\Documents\Git Projects\FlowdexMCP\node_modules\basic-ftp\dist\Client.js:721:19)
    at process.processTicksAndRejections (node:internal/process/task_queues:105:5)
    at async Client.list (C:\Users\steph\Documents\Git Projects\FlowdexMCP\node_modules\basic-ftp\dist\Client.js:496:13)
    at async file:///C:/Users/steph/Documents/Git%20Projects/FlowdexMCP/index.js:1791:21
[Fatal Tool Error] ftp_list: Error: None of the available transfer strategies work. Last error response was 'Error: Client is closed because Timeout (control socket)'.
    at Client.prepareTransfer (C:\Users\steph\Documents\Git Projects\FlowdexMCP\node_modules\basic-ftp\dist\Client.js:721:19)
    at process.processTicksAndRejections (node:internal/process/task_queues:105:5)
    at async Client.list (C:\Users\steph\Documents\Git Projects\FlowdexMCP\node_modules\basic-ftp\dist\Client.js:496:13)
    at async file:///C:/Users/steph/Documents/Git%20Projects/FlowdexMCP/index.js:1791:21
[Fatal Tool Error] ftp_list: Error: None of the available transfer strategies work. Last error response was 'Error: Client is closed because Timeout (control socket)'.
    at Client.prepareTransfer (C:\Users\steph\Documents\Git Projects\FlowdexMCP\node_modules\basic-ftp\dist\Client.js:721:19)
    at process.processTicksAndRejections (node:internal/process/task_queues:105:5)
    at async Client.list (C:\Users\steph\Documents\Git Projects\FlowdexMCP\node_modules\basic-ftp\dist\Client.js:496:13)
    at async file:///C:/Users/steph/Documents/Git%20Projects/FlowdexMCP/index.js:1791:21

[Fatal Tool Error] ftp_list: Error: None of the available transfer strategies work. Last error response was 'Error: Client is closed because Timeout (control socket)'.
    at Client.prepareTransfer (C:\Users\steph\Documents\Git Projects\FlowdexMCP\node_modules\basic-ftp\dist\Client.js:721:19)
    at process.processTicksAndRejections (node:internal/process/task_queues:105:5)
    at async Client.list (C:\Users\steph\Documents\Git Projects\FlowdexMCP\node_modules\basic-ftp\dist\Client.js:496:13)
    at async file:///C:/Users/steph/Documents/Git%20Projects/FlowdexMCP/index.js:1791:21
[Fatal Tool Error] ftp_list: Error: None of the available transfer strategies work. Last error response was 'Error: Client is closed because Timeout (control socket)'.
    at Client.prepareTransfer (C:\Users\steph\Documents\Git Projects\FlowdexMCP\node_modules\basic-ftp\dist\Client.js:721:19)
    at process.processTicksAndRejections (node:internal/process/task_queues:105:5)
    at async Client.list (C:\Users\steph\Documents\Git Projects\FlowdexMCP\node_modules\basic-ftp\dist\Client.js:496:13)
    at async file:///C:/Users/steph/Documents/Git%20Projects/FlowdexMCP/index.js:1791:21
[Fatal Tool Error] ftp_list: Error: None of the available transfer strategies work. Last error response was 'Error: Client is closed because Timeout (control socket)'.
    at Client.prepareTransfer (C:\Users\steph\Documents\Git Projects\FlowdexMCP\node_modules\basic-ftp\dist\Client.js:721:19)
    at process.processTicksAndRejections (node:internal/process/task_queues:105:5)
    at async Client.list (C:\Users\steph\Documents\Git Projects\FlowdexMCP\node_modules\basic-ftp\dist\Client.js:496:13)
    at async file:///C:/Users/steph/Documents/Git%20Projects/FlowdexMCP/index.js:1791:21

[Fatal Tool Error] ftp_list: Error: None of the available transfer strategies work. Last error response was 'Error: Client is closed because Timeout (control socket)'.
    at Client.prepareTransfer (C:\Users\steph\Documents\Git Projects\FlowdexMCP\node_modules\basic-ftp\dist\Client.js:721:19)
    at process.processTicksAndRejections (node:internal/process/task_queues:105:5)
    at async Client.list (C:\Users\steph\Documents\Git Projects\FlowdexMCP\node_modules\basic-ftp\dist\Client.js:496:13)
    at async file:///C:/Users/steph/Documents/Git%20Projects/FlowdexMCP/index.js:1791:21
[Fatal Tool Error] ftp_list: Error: None of the available transfer strategies work. Last error response was 'Error: Client is closed because Timeout (control socket)'.
    at Client.prepareTransfer (C:\Users\steph\Documents\Git Projects\FlowdexMCP\node_modules\basic-ftp\dist\Client.js:721:19)
    at process.processTicksAndRejections (node:internal/process/task_queues:105:5)
    at async Client.list (C:\Users\steph\Documents\Git Projects\FlowdexMCP\node_modules\basic-ftp\dist\Client.js:496:13)
    at async file:///C:/Users/steph/Documents/Git%20Projects/FlowdexMCP/index.js:1791:21
[Fatal Tool Error] ftp_list: Error: None of the available transfer strategies work. Last error response was 'Error: Client is closed because Timeout (control socket)'.
    at Client.prepareTransfer (C:\Users\steph\Documents\Git Projects\FlowdexMCP\node_modules\basic-ftp\dist\Client.js:721:19)
    at process.processTicksAndRejections (node:internal/process/task_queues:105:5)
    at async Client.list (C:\Users\steph\Documents\Git Projects\FlowdexMCP\node_modules\basic-ftp\dist\Client.js:496:13)
    at async file:///C:/Users/steph/Documents/Git%20Projects/FlowdexMCP/index.js:1791:21

[Fatal Tool Error] ftp_list: Error: None of the available transfer strategies work. Last error response was 'Error: Client is closed because Timeout (control socket)'.
    at Client.prepareTransfer (C:\Users\steph\Documents\Git Projects\FlowdexMCP\node_modules\basic-ftp\dist\Client.js:721:19)
    at process.processTicksAndRejections (node:internal/process/task_queues:105:5)
    at async Client.list (C:\Users\steph\Documents\Git Projects\FlowdexMCP\node_modules\basic-ftp\dist\Client.js:496:13)
    at async file:///C:/Users/steph/Documents/Git%20Projects/FlowdexMCP/index.js:1791:21
[Fatal Tool Error] ftp_list: Error: None of the available transfer strategies work. Last error response was 'Error: Client is closed because Timeout (control socket)'.
    at Client.prepareTransfer (C:\Users\steph\Documents\Git Projects\FlowdexMCP\node_modules\basic-ftp\dist\Client.js:721:19)
    at process.processTicksAndRejections (node:internal/process/task_queues:105:5)
    at async Client.list (C:\Users\steph\Documents\Git Projects\FlowdexMCP\node_modules\basic-ftp\dist\Client.js:496:13)
    at async file:///C:/Users/steph/Documents/Git%20Projects/FlowdexMCP/index.js:1791:21
[Fatal Tool Error] ftp_list: Error: None of the available transfer strategies work. Last error response was 'Error: Client is closed because Timeout (control socket)'.
    at Client.prepareTransfer (C:\Users\steph\Documents\Git Projects\FlowdexMCP\node_modules\basic-ftp\dist\Client.js:721:19)
    at process.processTicksAndRejections (node:internal/process/task_queues:105:5)
    at async Client.list (C:\Users\steph\Documents\Git Projects\FlowdexMCP\node_modules\basic-ftp\dist\Client.js:496:13)
    at async file:///C:/Users/steph/Documents/Git%20Projects/FlowdexMCP/index.js:1791:21

[Fatal Tool Error] ftp_list: Error: None of the available transfer strategies work. Last error response was 'Error: Client is closed because Timeout (control socket)'.
    at Client.prepareTransfer (C:\Users\steph\Documents\Git Projects\FlowdexMCP\node_modules\basic-ftp\dist\Client.js:721:19)
    at process.processTicksAndRejections (node:internal/process/task_queues:105:5)
    at async Client.list (C:\Users\steph\Documents\Git Projects\FlowdexMCP\node_modules\basic-ftp\dist\Client.js:496:13)
    at async file:///C:/Users/steph/Documents/Git%20Projects/FlowdexMCP/index.js:1791:21
[Fatal Tool Error] ftp_list: Error: None of the available transfer strategies work. Last error response was 'Error: Client is closed because Timeout (control socket)'.
    at Client.prepareTransfer (C:\Users\steph\Documents\Git Projects\FlowdexMCP\node_modules\basic-ftp\dist\Client.js:721:19)
    at process.processTicksAndRejections (node:internal/process/task_queues:105:5)
    at async Client.list (C:\Users\steph\Documents\Git Projects\FlowdexMCP\node_modules\basic-ftp\dist\Client.js:496:13)
    at async file:///C:/Users/steph/Documents/Git%20Projects/FlowdexMCP/index.js:1791:21
[Fatal Tool Error] ftp_list: Error: None of the available transfer strategies work. Last error response was 'Error: Client is closed because Timeout (control socket)'.
    at Client.prepareTransfer (C:\Users\steph\Documents\Git Projects\FlowdexMCP\node_modules\basic-ftp\dist\Client.js:721:19)
    at process.processTicksAndRejections (node:internal/process/task_queues:105:5)
    at async Client.list (C:\Users\steph\Documents\Git Projects\FlowdexMCP\node_modules\basic-ftp\dist\Client.js:496:13)
    at async file:///C:/Users/steph/Documents/Git%20Projects/FlowdexMCP/index.js:1791:21

[Fatal Tool Error] ftp_list: Error: None of the available transfer strategies work. Last error response was 'Error: Client is closed because Timeout (control socket)'.
    at Client.prepareTransfer (C:\Users\steph\Documents\Git Projects\FlowdexMCP\node_modules\basic-ftp\dist\Client.js:721:19)
    at process.processTicksAndRejections (node:internal/process/task_queues:105:5)
    at async Client.list (C:\Users\steph\Documents\Git Projects\FlowdexMCP\node_modules\basic-ftp\dist\Client.js:496:13)
    at async file:///C:/Users/steph/Documents/Git%20Projects/FlowdexMCP/index.js:1791:21
[Fatal Tool Error] ftp_list: Error: None of the available transfer strategies work. Last error response was 'Error: Client is closed because Timeout (control socket)'.
    at Client.prepareTransfer (C:\Users\steph\Documents\Git Projects\FlowdexMCP\node_modules\basic-ftp\dist\Client.js:721:19)
    at process.processTicksAndRejections (node:internal/process/task_queues:105:5)
    at async Client.list (C:\Users\steph\Documents\Git Projects\FlowdexMCP\node_modules\basic-ftp\dist\Client.js:496:13)
    at async file:///C:/Users/steph/Documents/Git%20Projects/FlowdexMCP/index.js:1791:21
[Fatal Tool Error] ftp_list: Error: None of the available transfer strategies work. Last error response was 'Error: Client is closed because Timeout (control socket)'.
    at Client.prepareTransfer (C:\Users\steph\Documents\Git Projects\FlowdexMCP\node_modules\basic-ftp\dist\Client.js:721:19)
    at process.processTicksAndRejections (node:internal/process/task_queues:105:5)
    at async Client.list (C:\Users\steph\Documents\Git Projects\FlowdexMCP\node_modules\basic-ftp\dist\Client.js:496:13)
    at async file:///C:/Users/steph/Documents/Git%20Projects/FlowdexMCP/index.js:1791:21

[Fatal Tool Error] ftp_list: Error: None of the available transfer strategies work. Last error response was 'Error: Client is closed because Timeout (control socket)'.
    at Client.prepareTransfer (C:\Users\steph\Documents\Git Projects\FlowdexMCP\node_modules\basic-ftp\dist\Client.js:721:19)
    at process.processTicksAndRejections (node:internal/process/task_queues:105:5)
    at async Client.list (C:\Users\steph\Documents\Git Projects\FlowdexMCP\node_modules\basic-ftp\dist\Client.js:496:13)
    at async file:///C:/Users/steph/Documents/Git%20Projects/FlowdexMCP/index.js:1791:21
[Fatal Tool Error] ftp_list: Error: None of the available transfer strategies work. Last error response was 'Error: Client is closed because Timeout (control socket)'.
    at Client.prepareTransfer (C:\Users\steph\Documents\Git Projects\FlowdexMCP\node_modules\basic-ftp\dist\Client.js:721:19)
    at process.processTicksAndRejections (node:internal/process/task_queues:105:5)
    at async Client.list (C:\Users\steph\Documents\Git Projects\FlowdexMCP\node_modules\basic-ftp\dist\Client.js:496:13)
    at async file:///C:/Users/steph/Documents/Git%20Projects/FlowdexMCP/index.js:1791:21
[Fatal Tool Error] ftp_list: Error: None of the available transfer strategies work. Last error response was 'Error: Client is closed because Timeout (control socket)'.
    at Client.prepareTransfer (C:\Users\steph\Documents\Git Projects\FlowdexMCP\node_modules\basic-ftp\dist\Client.js:721:19)
    at process.processTicksAndRejections (node:internal/process/task_queues:105:5)
    at async Client.list (C:\Users\steph\Documents\Git Projects\FlowdexMCP\node_modules\basic-ftp\dist\Client.js:496:13)
    at async file:///C:/Users/steph/Documents/Git%20Projects/FlowdexMCP/index.js:1791:21

[Fatal Tool Error] ftp_list: Error: None of the available transfer strategies work. Last error response was 'Error: Client is closed because Timeout (control socket)'.
    at Client.prepareTransfer (C:\Users\steph\Documents\Git Projects\FlowdexMCP\node_modules\basic-ftp\dist\Client.js:721:19)
    at process.processTicksAndRejections (node:internal/process/task_queues:105:5)
    at async Client.list (C:\Users\steph\Documents\Git Projects\FlowdexMCP\node_modules\basic-ftp\dist\Client.js:496:13)
    at async file:///C:/Users/steph/Documents/Git%20Projects/FlowdexMCP/index.js:1791:21
[Fatal Tool Error] ftp_list: Error: None of the available transfer strategies work. Last error response was 'Error: Client is closed because Timeout (control socket)'.
    at Client.prepareTransfer (C:\Users\steph\Documents\Git Projects\FlowdexMCP\node_modules\basic-ftp\dist\Client.js:721:19)
    at process.processTicksAndRejections (node:internal/process/task_queues:105:5)
    at async Client.list (C:\Users\steph\Documents\Git Projects\FlowdexMCP\node_modules\basic-ftp\dist\Client.js:496:13)
    at async file:///C:/Users/steph/Documents/Git%20Projects/FlowdexMCP/index.js:1791:21
[Fatal Tool Error] ftp_list: Error: None of the available transfer strategies work. Last error response was 'Error: Client is closed because Timeout (control socket)'.
    at Client.prepareTransfer (C:\Users\steph\Documents\Git Projects\FlowdexMCP\node_modules\basic-ftp\dist\Client.js:721:19)
    at process.processTicksAndRejections (node:internal/process/task_queues:105:5)
    at async Client.list (C:\Users\steph\Documents\Git Projects\FlowdexMCP\node_modules\basic-ftp\dist\Client.js:496:13)
    at async file:///C:/Users/steph/Documents/Git%20Projects/FlowdexMCP/index.js:1791:21

[Fatal Tool Error] ftp_list: Error: None of the available transfer strategies work. Last error response was 'Error: Client is closed because Timeout (control socket)'.
    at Client.prepareTransfer (C:\Users\steph\Documents\Git Projects\FlowdexMCP\node_modules\basic-ftp\dist\Client.js:721:19)
    at process.processTicksAndRejections (node:internal/process/task_queues:105:5)
    at async Client.list (C:\Users\steph\Documents\Git Projects\FlowdexMCP\node_modules\basic-ftp\dist\Client.js:496:13)
    at async file:///C:/Users/steph/Documents/Git%20Projects/FlowdexMCP/index.js:1791:21
[Fatal Tool Error] ftp_list: Error: None of the available transfer strategies work. Last error response was 'Error: Client is closed because Timeout (control socket)'.
    at Client.prepareTransfer (C:\Users\steph\Documents\Git Projects\FlowdexMCP\node_modules\basic-ftp\dist\Client.js:721:19)
    at process.processTicksAndRejections (node:internal/process/task_queues:105:5)
    at async Client.list (C:\Users\steph\Documents\Git Projects\FlowdexMCP\node_modules\basic-ftp\dist\Client.js:496:13)
    at async file:///C:/Users/steph/Documents/Git%20Projects/FlowdexMCP/index.js:1791:21
[Fatal Tool Error] ftp_list: Error: None of the available transfer strategies work. Last error response was 'Error: Client is closed because Timeout (control socket)'.
    at Client.prepareTransfer (C:\Users\steph\Documents\Git Projects\FlowdexMCP\node_modules\basic-ftp\dist\Client.js:721:19)
    at process.processTicksAndRejections (node:internal/process/task_queues:105:5)
    at async Client.list (C:\Users\steph\Documents\Git Projects\FlowdexMCP\node_modules\basic-ftp\dist\Client.js:496:13)
    at async file:///C:/Users/steph/Documents/Git%20Projects/FlowdexMCP/index.js:1791:21

[Fatal Tool Error] ftp_list: Error: None of the available transfer strategies work. Last error response was 'Error: Client is closed because Timeout (control socket)'.
    at Client.prepareTransfer (C:\Users\steph\Documents\Git Projects\FlowdexMCP\node_modules\basic-ftp\dist\Client.js:721:19)
    at process.processTicksAndRejections (node:internal/process/task_queues:105:5)
    at async Client.list (C:\Users\steph\Documents\Git Projects\FlowdexMCP\node_modules\basic-ftp\dist\Client.js:496:13)
    at async file:///C:/Users/steph/Documents/Git%20Projects/FlowdexMCP/index.js:1791:21
[Fatal Tool Error] ftp_list: Error: None of the available transfer strategies work. Last error response was 'Error: Client is closed because Timeout (control socket)'.
    at Client.prepareTransfer (C:\Users\steph\Documents\Git Projects\FlowdexMCP\node_modules\basic-ftp\dist\Client.js:721:19)
    at process.processTicksAndRejections (node:internal/process/task_queues:105:5)
    at async Client.list (C:\Users\steph\Documents\Git Projects\FlowdexMCP\node_modules\basic-ftp\dist\Client.js:496:13)
    at async file:///C:/Users/steph/Documents/Git%20Projects/FlowdexMCP/index.js:1791:21
[Fatal Tool Error] ftp_list: Error: None of the available transfer strategies work. Last error response was 'Error: Client is closed because Timeout (control socket)'.
    at Client.prepareTransfer (C:\Users\steph\Documents\Git Projects\FlowdexMCP\node_modules\basic-ftp\dist\Client.js:721:19)
    at process.processTicksAndRejections (node:internal/process/task_queues:105:5)
    at async Client.list (C:\Users\steph\Documents\Git Projects\FlowdexMCP\node_modules\basic-ftp\dist\Client.js:496:13)
    at async file:///C:/Users/steph/Documents/Git%20Projects/FlowdexMCP/index.js:1791:21

[Fatal Tool Error] ftp_list: Error: None of the available transfer strategies work. Last error response was 'Error: Client is closed because Timeout (control socket)'.
    at Client.prepareTransfer (C:\Users\steph\Documents\Git Projects\FlowdexMCP\node_modules\basic-ftp\dist\Client.js:721:19)
    at process.processTicksAndRejections (node:internal/process/task_queues:105:5)
    at async Client.list (C:\Users\steph\Documents\Git Projects\FlowdexMCP\node_modules\basic-ftp\dist\Client.js:496:13)
    at async file:///C:/Users/steph/Documents/Git%20Projects/FlowdexMCP/index.js:1791:21
[Fatal Tool Error] ftp_list: Error: None of the available transfer strategies work. Last error response was 'Error: Client is closed because Timeout (control socket)'.
    at Client.prepareTransfer (C:\Users\steph\Documents\Git Projects\FlowdexMCP\node_modules\basic-ftp\dist\Client.js:721:19)
    at process.processTicksAndRejections (node:internal/process/task_queues:105:5)
    at async Client.list (C:\Users\steph\Documents\Git Projects\FlowdexMCP\node_modules\basic-ftp\dist\Client.js:496:13)
    at async file:///C:/Users/steph/Documents/Git%20Projects/FlowdexMCP/index.js:1791:21
[Fatal Tool Error] ftp_list: Error: None of the available transfer strategies work. Last error response was 'Error: Client is closed because Timeout (control socket)'.
    at Client.prepareTransfer (C:\Users\steph\Documents\Git Projects\FlowdexMCP\node_modules\basic-ftp\dist\Client.js:721:19)
    at process.processTicksAndRejections (node:internal/process/task_queues:105:5)
    at async Client.list (C:\Users\steph\Documents\Git Projects\FlowdexMCP\node_modules\basic-ftp\dist\Client.js:496:13)
    at async file:///C:/Users/steph/Documents/Git%20Projects/FlowdexMCP/index.js:1791:21

[Fatal Tool Error] ftp_list: Error: None of the available transfer strategies work. Last error response was 'Error: Client is closed because Timeout (control socket)'.
    at Client.prepareTransfer (C:\Users\steph\Documents\Git Projects\FlowdexMCP\node_modules\basic-ftp\dist\Client.js:721:19)
    at process.processTicksAndRejections (node:internal/process/task_queues:105:5)
    at async Client.list (C:\Users\steph\Documents\Git Projects\FlowdexMCP\node_modules\basic-ftp\dist\Client.js:496:13)
    at async file:///C:/Users/steph/Documents/Git%20Projects/FlowdexMCP/index.js:1791:21
[Fatal Tool Error] ftp_list: Error: None of the available transfer strategies work. Last error response was 'Error: Client is closed because Timeout (control socket)'.
    at Client.prepareTransfer (C:\Users\steph\Documents\Git Projects\FlowdexMCP\node_modules\basic-ftp\dist\Client.js:721:19)
    at process.processTicksAndRejections (node:internal/process/task_queues:105:5)
    at async Client.list (C:\Users\steph\Documents\Git Projects\FlowdexMCP\node_modules\basic-ftp\dist\Client.js:496:13)
    at async file:///C:/Users/steph/Documents/Git%20Projects/FlowdexMCP/index.js:1791:21
[Fatal Tool Error] ftp_list: Error: None of the available transfer strategies work. Last error response was 'Error: Client is closed because Timeout (control socket)'.
    at Client.prepareTransfer (C:\Users\steph\Documents\Git Projects\FlowdexMCP\node_modules\basic-ftp\dist\Client.js:721:19)
    at process.processTicksAndRejections (node:internal/process/task_queues:105:5)
    at async Client.list (C:\Users\steph\Documents\Git Projects\FlowdexMCP\node_modules\basic-ftp\dist\Client.js:496:13)
    at async file:///C:/Users/steph/Documents/Git%20Projects/FlowdexMCP/index.js:1791:21

[Fatal Tool Error] ftp_list: Error: None of the available transfer strategies work. Last error response was 'Error: Client is closed because Timeout (control socket)'.
    at Client.prepareTransfer (C:\Users\steph\Documents\Git Projects\FlowdexMCP\node_modules\basic-ftp\dist\Client.js:721:19)
    at process.processTicksAndRejections (node:internal/process/task_queues:105:5)
    at async Client.list (C:\Users\steph\Documents\Git Projects\FlowdexMCP\node_modules\basic-ftp\dist\Client.js:496:13)
    at async file:///C:/Users/steph/Documents/Git%20Projects/FlowdexMCP/index.js:1791:21
[Fatal Tool Error] ftp_list: Error: None of the available transfer strategies work. Last error response was 'Error: Client is closed because Timeout (control socket)'.
    at Client.prepareTransfer (C:\Users\steph\Documents\Git Projects\FlowdexMCP\node_modules\basic-ftp\dist\Client.js:721:19)
    at process.processTicksAndRejections (node:internal/process/task_queues:105:5)
    at async Client.list (C:\Users\steph\Documents\Git Projects\FlowdexMCP\node_modules\basic-ftp\dist\Client.js:496:13)
    at async file:///C:/Users/steph/Documents/Git%20Projects/FlowdexMCP/index.js:1791:21
[Fatal Tool Error] ftp_list: Error: None of the available transfer strategies work. Last error response was 'Error: Client is closed because Timeout (control socket)'.
    at Client.prepareTransfer (C:\Users\steph\Documents\Git Projects\FlowdexMCP\node_modules\basic-ftp\dist\Client.js:721:19)
    at process.processTicksAndRejections (node:internal/process/task_queues:105:5)
    at async Client.list (C:\Users\steph\Documents\Git Projects\FlowdexMCP\node_modules\basic-ftp\dist\Client.js:496:13)
    at async file:///C:/Users/steph/Documents/Git%20Projects/FlowdexMCP/index.js:1791:21


stderr | Test/features.test.js > Enterprise Features & Edge Cases > Edge Cases > should handle massive files (simulated)
[Fatal Tool Error] ftp_upload: Error: None of the available transfer strategies work. Last error response was 'Error: Client is closed because Timeout (control socket)'.
    at Client.prepareTransfer (C:\Users\steph\Documents\Git Projects\FlowdexMCP\node_modules\basic-ftp\dist\Client.js:721:19)
    at async Client._uploadFromStream (C:\Users\steph\Documents\Git Projects\FlowdexMCP\node_modules\basic-ftp\dist\Client.js:400:13)
    at async Client._uploadLocalFile (C:\Users\steph\Documents\Git Projects\FlowdexMCP\node_modules\basic-ftp\dist\Client.js:386:20)
    at async file:///C:/Users/steph/Documents/Git%20Projects/FlowdexMCP/index.js:2486:13

[Fatal Tool Error] ftp_upload: Error: None of the available transfer strategies work. Last error response was 'Error: Client is closed because Timeout (control socket)'.
    at Client.prepareTransfer (C:\Users\steph\Documents\Git Projects\FlowdexMCP\node_modules\basic-ftp\dist\Client.js:721:19)
    at async Client._uploadFromStream (C:\Users\steph\Documents\Git Projects\FlowdexMCP\node_modules\basic-ftp\dist\Client.js:400:13)
    at async Client._uploadLocalFile (C:\Users\steph\Documents\Git Projects\FlowdexMCP\node_modules\basic-ftp\dist\Client.js:386:20)
    at async file:///C:/Users/steph/Documents/Git%20Projects/FlowdexMCP/index.js:2486:13

[Fatal Tool Error] ftp_upload: Error: None of the available transfer strategies work. Last error response was 'Error: Client is closed because Timeout (control socket)'.
    at Client.prepareTransfer (C:\Users\steph\Documents\Git Projects\FlowdexMCP\node_modules\basic-ftp\dist\Client.js:721:19)
    at async Client._uploadFromStream (C:\Users\steph\Documents\Git Projects\FlowdexMCP\node_modules\basic-ftp\dist\Client.js:400:13)
    at async Client._uploadLocalFile (C:\Users\steph\Documents\Git Projects\FlowdexMCP\node_modules\basic-ftp\dist\Client.js:386:20)
    at async file:///C:/Users/steph/Documents/Git%20Projects/FlowdexMCP/index.js:2486:13

[Fatal Tool Error] ftp_upload: Error: None of the available transfer strategies work. Last error response was 'Error: Client is closed because Timeout (control socket)'.
    at Client.prepareTransfer (C:\Users\steph\Documents\Git Projects\FlowdexMCP\node_modules\basic-ftp\dist\Client.js:721:19)
    at async Client._uploadFromStream (C:\Users\steph\Documents\Git Projects\FlowdexMCP\node_modules\basic-ftp\dist\Client.js:400:13)
    at async Client._uploadLocalFile (C:\Users\steph\Documents\Git Projects\FlowdexMCP\node_modules\basic-ftp\dist\Client.js:386:20)
    at async file:///C:/Users/steph/Documents/Git%20Projects/FlowdexMCP/index.js:2486:13

[Fatal Tool Error] ftp_upload: Error: None of the available transfer strategies work. Last error response was 'Error: Client is closed because Timeout (control socket)'.
    at Client.prepareTransfer (C:\Users\steph\Documents\Git Projects\FlowdexMCP\node_modules\basic-ftp\dist\Client.js:721:19)
    at async Client._uploadFromStream (C:\Users\steph\Documents\Git Projects\FlowdexMCP\node_modules\basic-ftp\dist\Client.js:400:13)
    at async Client._uploadLocalFile (C:\Users\steph\Documents\Git Projects\FlowdexMCP\node_modules\basic-ftp\dist\Client.js:386:20)
    at async file:///C:/Users/steph/Documents/Git%20Projects/FlowdexMCP/index.js:2486:13

[Fatal Tool Error] ftp_upload: Error: None of the available transfer strategies work. Last error response was 'Error: Client is closed because Timeout (control socket)'.
    at Client.prepareTransfer (C:\Users\steph\Documents\Git Projects\FlowdexMCP\node_modules\basic-ftp\dist\Client.js:721:19)
    at async Client._uploadFromStream (C:\Users\steph\Documents\Git Projects\FlowdexMCP\node_modules\basic-ftp\dist\Client.js:400:13)
    at async Client._uploadLocalFile (C:\Users\steph\Documents\Git Projects\FlowdexMCP\node_modules\basic-ftp\dist\Client.js:386:20)
    at async file:///C:/Users/steph/Documents/Git%20Projects/FlowdexMCP/index.js:2486:13

[Fatal Tool Error] ftp_upload: Error: None of the available transfer strategies work. Last error response was 'Error: Client is closed because Timeout (control socket)'.
    at Client.prepareTransfer (C:\Users\steph\Documents\Git Projects\FlowdexMCP\node_modules\basic-ftp\dist\Client.js:721:19)
    at async Client._uploadFromStream (C:\Users\steph\Documents\Git Projects\FlowdexMCP\node_modules\basic-ftp\dist\Client.js:400:13)
    at async Client._uploadLocalFile (C:\Users\steph\Documents\Git Projects\FlowdexMCP\node_modules\basic-ftp\dist\Client.js:386:20)
    at async file:///C:/Users/steph/Documents/Git%20Projects/FlowdexMCP/index.js:2486:13

[Fatal Tool Error] ftp_upload: Error: None of the available transfer strategies work. Last error response was 'Error: Client is closed because Timeout (control socket)'.
    at Client.prepareTransfer (C:\Users\steph\Documents\Git Projects\FlowdexMCP\node_modules\basic-ftp\dist\Client.js:721:19)
    at async Client._uploadFromStream (C:\Users\steph\Documents\Git Projects\FlowdexMCP\node_modules\basic-ftp\dist\Client.js:400:13)
    at async Client._uploadLocalFile (C:\Users\steph\Documents\Git Projects\FlowdexMCP\node_modules\basic-ftp\dist\Client.js:386:20)
    at async file:///C:/Users/steph/Documents/Git%20Projects/FlowdexMCP/index.js:2486:13

[Fatal Tool Error] ftp_upload: Error: None of the available transfer strategies work. Last error response was 'Error: Client is closed because Timeout (control socket)'.
    at Client.prepareTransfer (C:\Users\steph\Documents\Git Projects\FlowdexMCP\node_modules\basic-ftp\dist\Client.js:721:19)
    at async Client._uploadFromStream (C:\Users\steph\Documents\Git Projects\FlowdexMCP\node_modules\basic-ftp\dist\Client.js:400:13)
    at async Client._uploadLocalFile (C:\Users\steph\Documents\Git Projects\FlowdexMCP\node_modules\basic-ftp\dist\Client.js:386:20)
    at async file:///C:/Users/steph/Documents/Git%20Projects/FlowdexMCP/index.js:2486:13

[Fatal Tool Error] ftp_upload: Error: None of the available transfer strategies work. Last error response was 'Error: Client is closed because Timeout (control socket)'.
    at Client.prepareTransfer (C:\Users\steph\Documents\Git Projects\FlowdexMCP\node_modules\basic-ftp\dist\Client.js:721:19)
    at async Client._uploadFromStream (C:\Users\steph\Documents\Git Projects\FlowdexMCP\node_modules\basic-ftp\dist\Client.js:400:13)
    at async Client._uploadLocalFile (C:\Users\steph\Documents\Git Projects\FlowdexMCP\node_modules\basic-ftp\dist\Client.js:386:20)
    at async file:///C:/Users/steph/Documents/Git%20Projects/FlowdexMCP/index.js:2486:13

[Fatal Tool Error] ftp_upload: Error: None of the available transfer strategies work. Last error response was 'Error: Client is closed because Timeout (control socket)'.
    at Client.prepareTransfer (C:\Users\steph\Documents\Git Projects\FlowdexMCP\node_modules\basic-ftp\dist\Client.js:721:19)
    at async Client._uploadFromStream (C:\Users\steph\Documents\Git Projects\FlowdexMCP\node_modules\basic-ftp\dist\Client.js:400:13)
    at async Client._uploadLocalFile (C:\Users\steph\Documents\Git Projects\FlowdexMCP\node_modules\basic-ftp\dist\Client.js:386:20)
    at async file:///C:/Users/steph/Documents/Git%20Projects/FlowdexMCP/index.js:2486:13

[Fatal Tool Error] ftp_upload: Error: None of the available transfer strategies work. Last error response was 'Error: Client is closed because Timeout (control socket)'.
    at Client.prepareTransfer (C:\Users\steph\Documents\Git Projects\FlowdexMCP\node_modules\basic-ftp\dist\Client.js:721:19)
    at async Client._uploadFromStream (C:\Users\steph\Documents\Git Projects\FlowdexMCP\node_modules\basic-ftp\dist\Client.js:400:13)
    at async Client._uploadLocalFile (C:\Users\steph\Documents\Git Projects\FlowdexMCP\node_modules\basic-ftp\dist\Client.js:386:20)
    at async file:///C:/Users/steph/Documents/Git%20Projects/FlowdexMCP/index.js:2486:13

[Fatal Tool Error] ftp_upload: Error: None of the available transfer strategies work. Last error response was 'Error: Client is closed because Timeout (control socket)'.
    at Client.prepareTransfer (C:\Users\steph\Documents\Git Projects\FlowdexMCP\node_modules\basic-ftp\dist\Client.js:721:19)
    at async Client._uploadFromStream (C:\Users\steph\Documents\Git Projects\FlowdexMCP\node_modules\basic-ftp\dist\Client.js:400:13)
    at async Client._uploadLocalFile (C:\Users\steph\Documents\Git Projects\FlowdexMCP\node_modules\basic-ftp\dist\Client.js:386:20)
    at async file:///C:/Users/steph/Documents/Git%20Projects/FlowdexMCP/index.js:2486:13

[Fatal Tool Error] ftp_upload: Error: None of the available transfer strategies work. Last error response was 'Error: Client is closed because Timeout (control socket)'.
    at Client.prepareTransfer (C:\Users\steph\Documents\Git Projects\FlowdexMCP\node_modules\basic-ftp\dist\Client.js:721:19)
    at async Client._uploadFromStream (C:\Users\steph\Documents\Git Projects\FlowdexMCP\node_modules\basic-ftp\dist\Client.js:400:13)
    at async Client._uploadLocalFile (C:\Users\steph\Documents\Git Projects\FlowdexMCP\node_modules\basic-ftp\dist\Client.js:386:20)
    at async file:///C:/Users/steph/Documents/Git%20Projects/FlowdexMCP/index.js:2486:13

[Fatal Tool Error] ftp_upload: Error: None of the available transfer strategies work. Last error response was 'Error: Client is closed because Timeout (control socket)'.
    at Client.prepareTransfer (C:\Users\steph\Documents\Git Projects\FlowdexMCP\node_modules\basic-ftp\dist\Client.js:721:19)
    at async Client._uploadFromStream (C:\Users\steph\Documents\Git Projects\FlowdexMCP\node_modules\basic-ftp\dist\Client.js:400:13)
    at async Client._uploadLocalFile (C:\Users\steph\Documents\Git Projects\FlowdexMCP\node_modules\basic-ftp\dist\Client.js:386:20)
    at async file:///C:/Users/steph/Documents/Git%20Projects/FlowdexMCP/index.js:2486:13

[Fatal Tool Error] ftp_upload: Error: None of the available transfer strategies work. Last error response was 'Error: Client is closed because Timeout (control socket)'.
    at Client.prepareTransfer (C:\Users\steph\Documents\Git Projects\FlowdexMCP\node_modules\basic-ftp\dist\Client.js:721:19)
    at async Client._uploadFromStream (C:\Users\steph\Documents\Git Projects\FlowdexMCP\node_modules\basic-ftp\dist\Client.js:400:13)
    at async Client._uploadLocalFile (C:\Users\steph\Documents\Git Projects\FlowdexMCP\node_modules\basic-ftp\dist\Client.js:386:20)
    at async file:///C:/Users/steph/Documents/Git%20Projects/FlowdexMCP/index.js:2486:13

[Fatal Tool Error] ftp_upload: Error: None of the available transfer strategies work. Last error response was 'Error: Client is closed because Timeout (control socket)'.
    at Client.prepareTransfer (C:\Users\steph\Documents\Git Projects\FlowdexMCP\node_modules\basic-ftp\dist\Client.js:721:19)
    at async Client._uploadFromStream (C:\Users\steph\Documents\Git Projects\FlowdexMCP\node_modules\basic-ftp\dist\Client.js:400:13)
    at async Client._uploadLocalFile (C:\Users\steph\Documents\Git Projects\FlowdexMCP\node_modules\basic-ftp\dist\Client.js:386:20)
    at async file:///C:/Users/steph/Documents/Git%20Projects/FlowdexMCP/index.js:2486:13

[Fatal Tool Error] ftp_upload: Error: None of the available transfer strategies work. Last error response was 'Error: Client is closed because Timeout (control socket)'.
    at Client.prepareTransfer (C:\Users\steph\Documents\Git Projects\FlowdexMCP\node_modules\basic-ftp\dist\Client.js:721:19)
    at async Client._uploadFromStream (C:\Users\steph\Documents\Git Projects\FlowdexMCP\node_modules\basic-ftp\dist\Client.js:400:13)
    at async Client._uploadLocalFile (C:\Users\steph\Documents\Git Projects\FlowdexMCP\node_modules\basic-ftp\dist\Client.js:386:20)
    at async file:///C:/Users/steph/Documents/Git%20Projects/FlowdexMCP/index.js:2486:13

[Fatal Tool Error] ftp_upload: Error: None of the available transfer strategies work. Last error response was 'Error: Client is closed because Timeout (control socket)'.
    at Client.prepareTransfer (C:\Users\steph\Documents\Git Projects\FlowdexMCP\node_modules\basic-ftp\dist\Client.js:721:19)
    at async Client._uploadFromStream (C:\Users\steph\Documents\Git Projects\FlowdexMCP\node_modules\basic-ftp\dist\Client.js:400:13)
    at async Client._uploadLocalFile (C:\Users\steph\Documents\Git Projects\FlowdexMCP\node_modules\basic-ftp\dist\Client.js:386:20)
    at async file:///C:/Users/steph/Documents/Git%20Projects/FlowdexMCP/index.js:2486:13

[Fatal Tool Error] ftp_upload: Error: None of the available transfer strategies work. Last error response was 'Error: Client is closed because Timeout (control socket)'.
    at Client.prepareTransfer (C:\Users\steph\Documents\Git Projects\FlowdexMCP\node_modules\basic-ftp\dist\Client.js:721:19)
    at async Client._uploadFromStream (C:\Users\steph\Documents\Git Projects\FlowdexMCP\node_modules\basic-ftp\dist\Client.js:400:13)
    at async Client._uploadLocalFile (C:\Users\steph\Documents\Git Projects\FlowdexMCP\node_modules\basic-ftp\dist\Client.js:386:20)
    at async file:///C:/Users/steph/Documents/Git%20Projects/FlowdexMCP/index.js:2486:13

[Fatal Tool Error] ftp_upload: Error: None of the available transfer strategies work. Last error response was 'Error: Client is closed because Timeout (control socket)'.
    at Client.prepareTransfer (C:\Users\steph\Documents\Git Projects\FlowdexMCP\node_modules\basic-ftp\dist\Client.js:721:19)
    at async Client._uploadFromStream (C:\Users\steph\Documents\Git Projects\FlowdexMCP\node_modules\basic-ftp\dist\Client.js:400:13)
    at async Client._uploadLocalFile (C:\Users\steph\Documents\Git Projects\FlowdexMCP\node_modules\basic-ftp\dist\Client.js:386:20)
    at async file:///C:/Users/steph/Documents/Git%20Projects/FlowdexMCP/index.js:2486:13

[Fatal Tool Error] ftp_upload: Error: None of the available transfer strategies work. Last error response was 'Error: Client is closed because Timeout (control socket)'.
    at Client.prepareTransfer (C:\Users\steph\Documents\Git Projects\FlowdexMCP\node_modules\basic-ftp\dist\Client.js:721:19)
    at async Client._uploadFromStream (C:\Users\steph\Documents\Git Projects\FlowdexMCP\node_modules\basic-ftp\dist\Client.js:400:13)
    at async Client._uploadLocalFile (C:\Users\steph\Documents\Git Projects\FlowdexMCP\node_modules\basic-ftp\dist\Client.js:386:20)
    at async file:///C:/Users/steph/Documents/Git%20Projects/FlowdexMCP/index.js:2486:13

[Fatal Tool Error] ftp_upload: Error: None of the available transfer strategies work. Last error response was 'Error: Client is closed because Timeout (control socket)'.
    at Client.prepareTransfer (C:\Users\steph\Documents\Git Projects\FlowdexMCP\node_modules\basic-ftp\dist\Client.js:721:19)
    at async Client._uploadFromStream (C:\Users\steph\Documents\Git Projects\FlowdexMCP\node_modules\basic-ftp\dist\Client.js:400:13)
    at async Client._uploadLocalFile (C:\Users\steph\Documents\Git Projects\FlowdexMCP\node_modules\basic-ftp\dist\Client.js:386:20)
    at async file:///C:/Users/steph/Documents/Git%20Projects/FlowdexMCP/index.js:2486:13

[Fatal Tool Error] ftp_upload: Error: None of the available transfer strategies work. Last error response was 'Error: Client is closed because Timeout (control socket)'.
    at Client.prepareTransfer (C:\Users\steph\Documents\Git Projects\FlowdexMCP\node_modules\basic-ftp\dist\Client.js:721:19)
    at async Client._uploadFromStream (C:\Users\steph\Documents\Git Projects\FlowdexMCP\node_modules\basic-ftp\dist\Client.js:400:13)
    at async Client._uploadLocalFile (C:\Users\steph\Documents\Git Projects\FlowdexMCP\node_modules\basic-ftp\dist\Client.js:386:20)
    at async file:///C:/Users/steph/Documents/Git%20Projects/FlowdexMCP/index.js:2486:13

[Fatal Tool Error] ftp_upload: Error: None of the available transfer strategies work. Last error response was 'Error: Client is closed because Timeout (control socket)'.
    at Client.prepareTransfer (C:\Users\steph\Documents\Git Projects\FlowdexMCP\node_modules\basic-ftp\dist\Client.js:721:19)
    at async Client._uploadFromStream (C:\Users\steph\Documents\Git Projects\FlowdexMCP\node_modules\basic-ftp\dist\Client.js:400:13)
    at async Client._uploadLocalFile (C:\Users\steph\Documents\Git Projects\FlowdexMCP\node_modules\basic-ftp\dist\Client.js:386:20)
    at async file:///C:/Users/steph/Documents/Git%20Projects/FlowdexMCP/index.js:2486:13

[Fatal Tool Error] ftp_upload: Error: None of the available transfer strategies work. Last error response was 'Error: Client is closed because Timeout (control socket)'.
    at Client.prepareTransfer (C:\Users\steph\Documents\Git Projects\FlowdexMCP\node_modules\basic-ftp\dist\Client.js:721:19)
    at async Client._uploadFromStream (C:\Users\steph\Documents\Git Projects\FlowdexMCP\node_modules\basic-ftp\dist\Client.js:400:13)
    at async Client._uploadLocalFile (C:\Users\steph\Documents\Git Projects\FlowdexMCP\node_modules\basic-ftp\dist\Client.js:386:20)
    at async file:///C:/Users/steph/Documents/Git%20Projects/FlowdexMCP/index.js:2486:13

[Fatal Tool Error] ftp_upload: Error: None of the available transfer strategies work. Last error response was 'Error: Client is closed because Timeout (control socket)'.
    at Client.prepareTransfer (C:\Users\steph\Documents\Git Projects\FlowdexMCP\node_modules\basic-ftp\dist\Client.js:721:19)
    at async Client._uploadFromStream (C:\Users\steph\Documents\Git Projects\FlowdexMCP\node_modules\basic-ftp\dist\Client.js:400:13)
    at async Client._uploadLocalFile (C:\Users\steph\Documents\Git Projects\FlowdexMCP\node_modules\basic-ftp\dist\Client.js:386:20)
    at async file:///C:/Users/steph/Documents/Git%20Projects/FlowdexMCP/index.js:2486:13

[Fatal Tool Error] ftp_upload: Error: None of the available transfer strategies work. Last error response was 'Error: Client is closed because Timeout (control socket)'.
    at Client.prepareTransfer (C:\Users\steph\Documents\Git Projects\FlowdexMCP\node_modules\basic-ftp\dist\Client.js:721:19)
    at async Client._uploadFromStream (C:\Users\steph\Documents\Git Projects\FlowdexMCP\node_modules\basic-ftp\dist\Client.js:400:13)
    at async Client._uploadLocalFile (C:\Users\steph\Documents\Git Projects\FlowdexMCP\node_modules\basic-ftp\dist\Client.js:386:20)
    at async file:///C:/Users/steph/Documents/Git%20Projects/FlowdexMCP/index.js:2486:13

[Fatal Tool Error] ftp_upload: Error: None of the available transfer strategies work. Last error response was 'Error: Client is closed because Timeout (control socket)'.
    at Client.prepareTransfer (C:\Users\steph\Documents\Git Projects\FlowdexMCP\node_modules\basic-ftp\dist\Client.js:721:19)
    at async Client._uploadFromStream (C:\Users\steph\Documents\Git Projects\FlowdexMCP\node_modules\basic-ftp\dist\Client.js:400:13)
    at async Client._uploadLocalFile (C:\Users\steph\Documents\Git Projects\FlowdexMCP\node_modules\basic-ftp\dist\Client.js:386:20)
    at async file:///C:/Users/steph/Documents/Git%20Projects/FlowdexMCP/index.js:2486:13

[Fatal Tool Error] ftp_upload: Error: None of the available transfer strategies work. Last error response was 'Error: Client is closed because Timeout (control socket)'.
    at Client.prepareTransfer (C:\Users\steph\Documents\Git Projects\FlowdexMCP\node_modules\basic-ftp\dist\Client.js:721:19)
    at async Client._uploadFromStream (C:\Users\steph\Documents\Git Projects\FlowdexMCP\node_modules\basic-ftp\dist\Client.js:400:13)
    at async Client._uploadLocalFile (C:\Users\steph\Documents\Git Projects\FlowdexMCP\node_modules\basic-ftp\dist\Client.js:386:20)
    at async file:///C:/Users/steph/Documents/Git%20Projects/FlowdexMCP/index.js:2486:13

[Fatal Tool Error] ftp_upload: Error: None of the available transfer strategies work. Last error response was 'Error: Client is closed because Timeout (control socket)'.
    at Client.prepareTransfer (C:\Users\steph\Documents\Git Projects\FlowdexMCP\node_modules\basic-ftp\dist\Client.js:721:19)
    at async Client._uploadFromStream (C:\Users\steph\Documents\Git Projects\FlowdexMCP\node_modules\basic-ftp\dist\Client.js:400:13)
    at async Client._uploadLocalFile (C:\Users\steph\Documents\Git Projects\FlowdexMCP\node_modules\basic-ftp\dist\Client.js:386:20)
    at async file:///C:/Users/steph/Documents/Git%20Projects/FlowdexMCP/index.js:2486:13

[Fatal Tool Error] ftp_upload: Error: None of the available transfer strategies work. Last error response was 'Error: Client is closed because Timeout (control socket)'.
    at Client.prepareTransfer (C:\Users\steph\Documents\Git Projects\FlowdexMCP\node_modules\basic-ftp\dist\Client.js:721:19)
    at async Client._uploadFromStream (C:\Users\steph\Documents\Git Projects\FlowdexMCP\node_modules\basic-ftp\dist\Client.js:400:13)
    at async Client._uploadLocalFile (C:\Users\steph\Documents\Git Projects\FlowdexMCP\node_modules\basic-ftp\dist\Client.js:386:20)
    at async file:///C:/Users/steph/Documents/Git%20Projects/FlowdexMCP/index.js:2486:13

[Fatal Tool Error] ftp_upload: Error: None of the available transfer strategies work. Last error response was 'Error: Client is closed because Timeout (control socket)'.
    at Client.prepareTransfer (C:\Users\steph\Documents\Git Projects\FlowdexMCP\node_modules\basic-ftp\dist\Client.js:721:19)
    at async Client._uploadFromStream (C:\Users\steph\Documents\Git Projects\FlowdexMCP\node_modules\basic-ftp\dist\Client.js:400:13)
    at async Client._uploadLocalFile (C:\Users\steph\Documents\Git Projects\FlowdexMCP\node_modules\basic-ftp\dist\Client.js:386:20)
    at async file:///C:/Users/steph/Documents/Git%20Projects/FlowdexMCP/index.js:2486:13

[Fatal Tool Error] ftp_upload: Error: None of the available transfer strategies work. Last error response was 'Error: Client is closed because Timeout (control socket)'.
    at Client.prepareTransfer (C:\Users\steph\Documents\Git Projects\FlowdexMCP\node_modules\basic-ftp\dist\Client.js:721:19)
    at async Client._uploadFromStream (C:\Users\steph\Documents\Git Projects\FlowdexMCP\node_modules\basic-ftp\dist\Client.js:400:13)
    at async Client._uploadLocalFile (C:\Users\steph\Documents\Git Projects\FlowdexMCP\node_modules\basic-ftp\dist\Client.js:386:20)
    at async file:///C:/Users/steph/Documents/Git%20Projects/FlowdexMCP/index.js:2486:13

[Fatal Tool Error] ftp_upload: Error: None of the available transfer strategies work. Last error response was 'Error: Client is closed because Timeout (control socket)'.
    at Client.prepareTransfer (C:\Users\steph\Documents\Git Projects\FlowdexMCP\node_modules\basic-ftp\dist\Client.js:721:19)
    at async Client._uploadFromStream (C:\Users\steph\Documents\Git Projects\FlowdexMCP\node_modules\basic-ftp\dist\Client.js:400:13)
    at async Client._uploadLocalFile (C:\Users\steph\Documents\Git Projects\FlowdexMCP\node_modules\basic-ftp\dist\Client.js:386:20)
    at async file:///C:/Users/steph/Documents/Git%20Projects/FlowdexMCP/index.js:2486:13

[Fatal Tool Error] ftp_upload: Error: None of the available transfer strategies work. Last error response was 'Error: Client is closed because Timeout (control socket)'.
    at Client.prepareTransfer (C:\Users\steph\Documents\Git Projects\FlowdexMCP\node_modules\basic-ftp\dist\Client.js:721:19)
    at async Client._uploadFromStream (C:\Users\steph\Documents\Git Projects\FlowdexMCP\node_modules\basic-ftp\dist\Client.js:400:13)
    at async Client._uploadLocalFile (C:\Users\steph\Documents\Git Projects\FlowdexMCP\node_modules\basic-ftp\dist\Client.js:386:20)
    at async file:///C:/Users/steph/Documents/Git%20Projects/FlowdexMCP/index.js:2486:13

[Fatal Tool Error] ftp_upload: Error: None of the available transfer strategies work. Last error response was 'Error: Client is closed because Timeout (control socket)'.
    at Client.prepareTransfer (C:\Users\steph\Documents\Git Projects\FlowdexMCP\node_modules\basic-ftp\dist\Client.js:721:19)
    at async Client._uploadFromStream (C:\Users\steph\Documents\Git Projects\FlowdexMCP\node_modules\basic-ftp\dist\Client.js:400:13)
    at async Client._uploadLocalFile (C:\Users\steph\Documents\Git Projects\FlowdexMCP\node_modules\basic-ftp\dist\Client.js:386:20)
    at async file:///C:/Users/steph/Documents/Git%20Projects/FlowdexMCP/index.js:2486:13

[Fatal Tool Error] ftp_upload: Error: None of the available transfer strategies work. Last error response was 'Error: Client is closed because Timeout (control socket)'.
    at Client.prepareTransfer (C:\Users\steph\Documents\Git Projects\FlowdexMCP\node_modules\basic-ftp\dist\Client.js:721:19)
    at async Client._uploadFromStream (C:\Users\steph\Documents\Git Projects\FlowdexMCP\node_modules\basic-ftp\dist\Client.js:400:13)
    at async Client._uploadLocalFile (C:\Users\steph\Documents\Git Projects\FlowdexMCP\node_modules\basic-ftp\dist\Client.js:386:20)
    at async file:///C:/Users/steph/Documents/Git%20Projects/FlowdexMCP/index.js:2486:13

[Fatal Tool Error] ftp_upload: Error: None of the available transfer strategies work. Last error response was 'Error: Client is closed because Timeout (control socket)'.
    at Client.prepareTransfer (C:\Users\steph\Documents\Git Projects\FlowdexMCP\node_modules\basic-ftp\dist\Client.js:721:19)
    at async Client._uploadFromStream (C:\Users\steph\Documents\Git Projects\FlowdexMCP\node_modules\basic-ftp\dist\Client.js:400:13)
    at async Client._uploadLocalFile (C:\Users\steph\Documents\Git Projects\FlowdexMCP\node_modules\basic-ftp\dist\Client.js:386:20)
    at async file:///C:/Users/steph/Documents/Git%20Projects/FlowdexMCP/index.js:2486:13

[Fatal Tool Error] ftp_upload: Error: None of the available transfer strategies work. Last error response was 'Error: Client is closed because Timeout (control socket)'.
    at Client.prepareTransfer (C:\Users\steph\Documents\Git Projects\FlowdexMCP\node_modules\basic-ftp\dist\Client.js:721:19)
    at async Client._uploadFromStream (C:\Users\steph\Documents\Git Projects\FlowdexMCP\node_modules\basic-ftp\dist\Client.js:400:13)
    at async Client._uploadLocalFile (C:\Users\steph\Documents\Git Projects\FlowdexMCP\node_modules\basic-ftp\dist\Client.js:386:20)
    at async file:///C:/Users/steph/Documents/Git%20Projects/FlowdexMCP/index.js:2486:13

[Fatal Tool Error] ftp_upload: Error: None of the available transfer strategies work. Last error response was 'Error: Client is closed because Timeout (control socket)'.
    at Client.prepareTransfer (C:\Users\steph\Documents\Git Projects\FlowdexMCP\node_modules\basic-ftp\dist\Client.js:721:19)
    at async Client._uploadFromStream (C:\Users\steph\Documents\Git Projects\FlowdexMCP\node_modules\basic-ftp\dist\Client.js:400:13)
    at async Client._uploadLocalFile (C:\Users\steph\Documents\Git Projects\FlowdexMCP\node_modules\basic-ftp\dist\Client.js:386:20)
    at async file:///C:/Users/steph/Documents/Git%20Projects/FlowdexMCP/index.js:2486:13

[Fatal Tool Error] ftp_upload: Error: None of the available transfer strategies work. Last error response was 'Error: Client is closed because Timeout (control socket)'.
    at Client.prepareTransfer (C:\Users\steph\Documents\Git Projects\FlowdexMCP\node_modules\basic-ftp\dist\Client.js:721:19)
    at async Client._uploadFromStream (C:\Users\steph\Documents\Git Projects\FlowdexMCP\node_modules\basic-ftp\dist\Client.js:400:13)
    at async Client._uploadLocalFile (C:\Users\steph\Documents\Git Projects\FlowdexMCP\node_modules\basic-ftp\dist\Client.js:386:20)
    at async file:///C:/Users/steph/Documents/Git%20Projects/FlowdexMCP/index.js:2486:13

[Fatal Tool Error] ftp_upload: Error: None of the available transfer strategies work. Last error response was 'Error: Client is closed because Timeout (control socket)'.
    at Client.prepareTransfer (C:\Users\steph\Documents\Git Projects\FlowdexMCP\node_modules\basic-ftp\dist\Client.js:721:19)
    at async Client._uploadFromStream (C:\Users\steph\Documents\Git Projects\FlowdexMCP\node_modules\basic-ftp\dist\Client.js:400:13)
    at async Client._uploadLocalFile (C:\Users\steph\Documents\Git Projects\FlowdexMCP\node_modules\basic-ftp\dist\Client.js:386:20)
    at async file:///C:/Users/steph/Documents/Git%20Projects/FlowdexMCP/index.js:2486:13

[Fatal Tool Error] ftp_upload: Error: None of the available transfer strategies work. Last error response was 'Error: Client is closed because Timeout (control socket)'.
    at Client.prepareTransfer (C:\Users\steph\Documents\Git Projects\FlowdexMCP\node_modules\basic-ftp\dist\Client.js:721:19)
    at async Client._uploadFromStream (C:\Users\steph\Documents\Git Projects\FlowdexMCP\node_modules\basic-ftp\dist\Client.js:400:13)
    at async Client._uploadLocalFile (C:\Users\steph\Documents\Git Projects\FlowdexMCP\node_modules\basic-ftp\dist\Client.js:386:20)
    at async file:///C:/Users/steph/Documents/Git%20Projects/FlowdexMCP/index.js:2486:13

[Fatal Tool Error] ftp_upload: Error: None of the available transfer strategies work. Last error response was 'Error: Client is closed because Timeout (control socket)'.
    at Client.prepareTransfer (C:\Users\steph\Documents\Git Projects\FlowdexMCP\node_modules\basic-ftp\dist\Client.js:721:19)
    at async Client._uploadFromStream (C:\Users\steph\Documents\Git Projects\FlowdexMCP\node_modules\basic-ftp\dist\Client.js:400:13)
    at async Client._uploadLocalFile (C:\Users\steph\Documents\Git Projects\FlowdexMCP\node_modules\basic-ftp\dist\Client.js:386:20)
    at async file:///C:/Users/steph/Documents/Git%20Projects/FlowdexMCP/index.js:2486:13

[Fatal Tool Error] ftp_upload: Error: None of the available transfer strategies work. Last error response was 'Error: Client is closed because Timeout (control socket)'.
    at Client.prepareTransfer (C:\Users\steph\Documents\Git Projects\FlowdexMCP\node_modules\basic-ftp\dist\Client.js:721:19)
    at async Client._uploadFromStream (C:\Users\steph\Documents\Git Projects\FlowdexMCP\node_modules\basic-ftp\dist\Client.js:400:13)
    at async Client._uploadLocalFile (C:\Users\steph\Documents\Git Projects\FlowdexMCP\node_modules\basic-ftp\dist\Client.js:386:20)
    at async file:///C:/Users/steph/Documents/Git%20Projects/FlowdexMCP/index.js:2486:13

[Fatal Tool Error] ftp_upload: Error: None of the available transfer strategies work. Last error response was 'Error: Client is closed because Timeout (control socket)'.
    at Client.prepareTransfer (C:\Users\steph\Documents\Git Projects\FlowdexMCP\node_modules\basic-ftp\dist\Client.js:721:19)
    at async Client._uploadFromStream (C:\Users\steph\Documents\Git Projects\FlowdexMCP\node_modules\basic-ftp\dist\Client.js:400:13)
    at async Client._uploadLocalFile (C:\Users\steph\Documents\Git Projects\FlowdexMCP\node_modules\basic-ftp\dist\Client.js:386:20)
    at async file:///C:/Users/steph/Documents/Git%20Projects/FlowdexMCP/index.js:2486:13

[Fatal Tool Error] ftp_upload: Error: None of the available transfer strategies work. Last error response was 'Error: Client is closed because Timeout (control socket)'.
    at Client.prepareTransfer (C:\Users\steph\Documents\Git Projects\FlowdexMCP\node_modules\basic-ftp\dist\Client.js:721:19)
    at async Client._uploadFromStream (C:\Users\steph\Documents\Git Projects\FlowdexMCP\node_modules\basic-ftp\dist\Client.js:400:13)
    at async Client._uploadLocalFile (C:\Users\steph\Documents\Git Projects\FlowdexMCP\node_modules\basic-ftp\dist\Client.js:386:20)
    at async file:///C:/Users/steph/Documents/Git%20Projects/FlowdexMCP/index.js:2486:13

[Fatal Tool Error] ftp_upload: Error: None of the available transfer strategies work. Last error response was 'Error: Client is closed because Timeout (control socket)'.
    at Client.prepareTransfer (C:\Users\steph\Documents\Git Projects\FlowdexMCP\node_modules\basic-ftp\dist\Client.js:721:19)
    at async Client._uploadFromStream (C:\Users\steph\Documents\Git Projects\FlowdexMCP\node_modules\basic-ftp\dist\Client.js:400:13)
    at async Client._uploadLocalFile (C:\Users\steph\Documents\Git Projects\FlowdexMCP\node_modules\basic-ftp\dist\Client.js:386:20)
    at async file:///C:/Users/steph/Documents/Git%20Projects/FlowdexMCP/index.js:2486:13

[Fatal Tool Error] ftp_upload: Error: None of the available transfer strategies work. Last error response was 'Error: Client is closed because Timeout (control socket)'.
    at Client.prepareTransfer (C:\Users\steph\Documents\Git Projects\FlowdexMCP\node_modules\basic-ftp\dist\Client.js:721:19)
    at async Client._uploadFromStream (C:\Users\steph\Documents\Git Projects\FlowdexMCP\node_modules\basic-ftp\dist\Client.js:400:13)
    at async Client._uploadLocalFile (C:\Users\steph\Documents\Git Projects\FlowdexMCP\node_modules\basic-ftp\dist\Client.js:386:20)
    at async file:///C:/Users/steph/Documents/Git%20Projects/FlowdexMCP/index.js:2486:13

[Fatal Tool Error] ftp_upload: Error: None of the available transfer strategies work. Last error response was 'Error: Client is closed because Timeout (control socket)'.
    at Client.prepareTransfer (C:\Users\steph\Documents\Git Projects\FlowdexMCP\node_modules\basic-ftp\dist\Client.js:721:19)
    at async Client._uploadFromStream (C:\Users\steph\Documents\Git Projects\FlowdexMCP\node_modules\basic-ftp\dist\Client.js:400:13)
    at async Client._uploadLocalFile (C:\Users\steph\Documents\Git Projects\FlowdexMCP\node_modules\basic-ftp\dist\Client.js:386:20)
    at async file:///C:/Users/steph/Documents/Git%20Projects/FlowdexMCP/index.js:2486:13

[Fatal Tool Error] ftp_upload: Error: None of the available transfer strategies work. Last error response was 'Error: Client is closed because Timeout (control socket)'.
    at Client.prepareTransfer (C:\Users\steph\Documents\Git Projects\FlowdexMCP\node_modules\basic-ftp\dist\Client.js:721:19)
    at async Client._uploadFromStream (C:\Users\steph\Documents\Git Projects\FlowdexMCP\node_modules\basic-ftp\dist\Client.js:400:13)
    at async Client._uploadLocalFile (C:\Users\steph\Documents\Git Projects\FlowdexMCP\node_modules\basic-ftp\dist\Client.js:386:20)
    at async file:///C:/Users/steph/Documents/Git%20Projects/FlowdexMCP/index.js:2486:13

[Fatal Tool Error] ftp_upload: Error: None of the available transfer strategies work. Last error response was 'Error: Client is closed because Timeout (control socket)'.
    at Client.prepareTransfer (C:\Users\steph\Documents\Git Projects\FlowdexMCP\node_modules\basic-ftp\dist\Client.js:721:19)
    at async Client._uploadFromStream (C:\Users\steph\Documents\Git Projects\FlowdexMCP\node_modules\basic-ftp\dist\Client.js:400:13)
    at async Client._uploadLocalFile (C:\Users\steph\Documents\Git Projects\FlowdexMCP\node_modules\basic-ftp\dist\Client.js:386:20)
    at async file:///C:/Users/steph/Documents/Git%20Projects/FlowdexMCP/index.js:2486:13

[Fatal Tool Error] ftp_upload: Error: None of the available transfer strategies work. Last error response was 'Error: Client is closed because Timeout (control socket)'.
    at Client.prepareTransfer (C:\Users\steph\Documents\Git Projects\FlowdexMCP\node_modules\basic-ftp\dist\Client.js:721:19)
    at async Client._uploadFromStream (C:\Users\steph\Documents\Git Projects\FlowdexMCP\node_modules\basic-ftp\dist\Client.js:400:13)
    at async Client._uploadLocalFile (C:\Users\steph\Documents\Git Projects\FlowdexMCP\node_modules\basic-ftp\dist\Client.js:386:20)
    at async file:///C:/Users/steph/Documents/Git%20Projects/FlowdexMCP/index.js:2486:13


stderr | Test/features.test.js > Enterprise Features & Edge Cases > Audit Fix #3: PolicyEngine path traversal prevention > should allow exact path match
[Fatal Tool Error] ftp_put_contents: Error: None of the available transfer strategies work. Last error response was 'Error: Client is closed because Timeout (control socket)'.
    at Client.prepareTransfer (C:\Users\steph\Documents\Git Projects\FlowdexMCP\node_modules\basic-ftp\dist\Client.js:721:19)
    at async Client._uploadFromStream (C:\Users\steph\Documents\Git Projects\FlowdexMCP\node_modules\basic-ftp\dist\Client.js:400:13)
    at async file:///C:/Users/steph/Documents/Git%20Projects/FlowdexMCP/index.js:1954:13

[Fatal Tool Error] ftp_put_contents: Error: None of the available transfer strategies work. Last error response was 'Error: Client is closed because Timeout (control socket)'.
    at Client.prepareTransfer (C:\Users\steph\Documents\Git Projects\FlowdexMCP\node_modules\basic-ftp\dist\Client.js:721:19)
    at async Client._uploadFromStream (C:\Users\steph\Documents\Git Projects\FlowdexMCP\node_modules\basic-ftp\dist\Client.js:400:13)
    at async file:///C:/Users/steph/Documents/Git%20Projects/FlowdexMCP/index.js:1954:13

[Fatal Tool Error] ftp_put_contents: Error: None of the available transfer strategies work. Last error response was 'Error: Client is closed because Timeout (control socket)'.
    at Client.prepareTransfer (C:\Users\steph\Documents\Git Projects\FlowdexMCP\node_modules\basic-ftp\dist\Client.js:721:19)
    at async Client._uploadFromStream (C:\Users\steph\Documents\Git Projects\FlowdexMCP\node_modules\basic-ftp\dist\Client.js:400:13)
    at async file:///C:/Users/steph/Documents/Git%20Projects/FlowdexMCP/index.js:1954:13

[Fatal Tool Error] ftp_put_contents: Error: None of the available transfer strategies work. Last error response was 'Error: Client is closed because Timeout (control socket)'.
    at Client.prepareTransfer (C:\Users\steph\Documents\Git Projects\FlowdexMCP\node_modules\basic-ftp\dist\Client.js:721:19)
    at async Client._uploadFromStream (C:\Users\steph\Documents\Git Projects\FlowdexMCP\node_modules\basic-ftp\dist\Client.js:400:13)
    at async file:///C:/Users/steph/Documents/Git%20Projects/FlowdexMCP/index.js:1954:13

[Fatal Tool Error] ftp_put_contents: Error: None of the available transfer strategies work. Last error response was 'Error: Client is closed because Timeout (control socket)'.
    at Client.prepareTransfer (C:\Users\steph\Documents\Git Projects\FlowdexMCP\node_modules\basic-ftp\dist\Client.js:721:19)
    at async Client._uploadFromStream (C:\Users\steph\Documents\Git Projects\FlowdexMCP\node_modules\basic-ftp\dist\Client.js:400:13)
    at async file:///C:/Users/steph/Documents/Git%20Projects/FlowdexMCP/index.js:1954:13

[Fatal Tool Error] ftp_put_contents: Error: None of the available transfer strategies work. Last error response was 'Error: Client is closed because Timeout (control socket)'.
    at Client.prepareTransfer (C:\Users\steph\Documents\Git Projects\FlowdexMCP\node_modules\basic-ftp\dist\Client.js:721:19)
    at async Client._uploadFromStream (C:\Users\steph\Documents\Git Projects\FlowdexMCP\node_modules\basic-ftp\dist\Client.js:400:13)
    at async file:///C:/Users/steph/Documents/Git%20Projects/FlowdexMCP/index.js:1954:13

[Fatal Tool Error] ftp_put_contents: Error: None of the available transfer strategies work. Last error response was 'Error: Client is closed because Timeout (control socket)'.
    at Client.prepareTransfer (C:\Users\steph\Documents\Git Projects\FlowdexMCP\node_modules\basic-ftp\dist\Client.js:721:19)
    at async Client._uploadFromStream (C:\Users\steph\Documents\Git Projects\FlowdexMCP\node_modules\basic-ftp\dist\Client.js:400:13)
    at async file:///C:/Users/steph/Documents/Git%20Projects/FlowdexMCP/index.js:1954:13

[Fatal Tool Error] ftp_put_contents: Error: None of the available transfer strategies work. Last error response was 'Error: Client is closed because Timeout (control socket)'.
    at Client.prepareTransfer (C:\Users\steph\Documents\Git Projects\FlowdexMCP\node_modules\basic-ftp\dist\Client.js:721:19)
    at async Client._uploadFromStream (C:\Users\steph\Documents\Git Projects\FlowdexMCP\node_modules\basic-ftp\dist\Client.js:400:13)
    at async file:///C:/Users/steph/Documents/Git%20Projects/FlowdexMCP/index.js:1954:13

[Fatal Tool Error] ftp_put_contents: Error: None of the available transfer strategies work. Last error response was 'Error: Client is closed because Timeout (control socket)'.
    at Client.prepareTransfer (C:\Users\steph\Documents\Git Projects\FlowdexMCP\node_modules\basic-ftp\dist\Client.js:721:19)
    at async Client._uploadFromStream (C:\Users\steph\Documents\Git Projects\FlowdexMCP\node_modules\basic-ftp\dist\Client.js:400:13)
    at async file:///C:/Users/steph/Documents/Git%20Projects/FlowdexMCP/index.js:1954:13

[Fatal Tool Error] ftp_put_contents: Error: None of the available transfer strategies work. Last error response was 'Error: Client is closed because Timeout (control socket)'.
    at Client.prepareTransfer (C:\Users\steph\Documents\Git Projects\FlowdexMCP\node_modules\basic-ftp\dist\Client.js:721:19)
    at async Client._uploadFromStream (C:\Users\steph\Documents\Git Projects\FlowdexMCP\node_modules\basic-ftp\dist\Client.js:400:13)
    at async file:///C:/Users/steph/Documents/Git%20Projects/FlowdexMCP/index.js:1954:13

[Fatal Tool Error] ftp_put_contents: Error: None of the available transfer strategies work. Last error response was 'Error: Client is closed because Timeout (control socket)'.
    at Client.prepareTransfer (C:\Users\steph\Documents\Git Projects\FlowdexMCP\node_modules\basic-ftp\dist\Client.js:721:19)
    at async Client._uploadFromStream (C:\Users\steph\Documents\Git Projects\FlowdexMCP\node_modules\basic-ftp\dist\Client.js:400:13)
    at async file:///C:/Users/steph/Documents/Git%20Projects/FlowdexMCP/index.js:1954:13

[Fatal Tool Error] ftp_put_contents: Error: None of the available transfer strategies work. Last error response was 'Error: Client is closed because Timeout (control socket)'.
    at Client.prepareTransfer (C:\Users\steph\Documents\Git Projects\FlowdexMCP\node_modules\basic-ftp\dist\Client.js:721:19)
    at async Client._uploadFromStream (C:\Users\steph\Documents\Git Projects\FlowdexMCP\node_modules\basic-ftp\dist\Client.js:400:13)
    at async file:///C:/Users/steph/Documents/Git%20Projects/FlowdexMCP/index.js:1954:13

[Fatal Tool Error] ftp_put_contents: Error: None of the available transfer strategies work. Last error response was 'Error: Client is closed because Timeout (control socket)'.
    at Client.prepareTransfer (C:\Users\steph\Documents\Git Projects\FlowdexMCP\node_modules\basic-ftp\dist\Client.js:721:19)
    at async Client._uploadFromStream (C:\Users\steph\Documents\Git Projects\FlowdexMCP\node_modules\basic-ftp\dist\Client.js:400:13)
    at async file:///C:/Users/steph/Documents/Git%20Projects/FlowdexMCP/index.js:1954:13

[Fatal Tool Error] ftp_put_contents: Error: None of the available transfer strategies work. Last error response was 'Error: Client is closed because Timeout (control socket)'.
    at Client.prepareTransfer (C:\Users\steph\Documents\Git Projects\FlowdexMCP\node_modules\basic-ftp\dist\Client.js:721:19)
    at async Client._uploadFromStream (C:\Users\steph\Documents\Git Projects\FlowdexMCP\node_modules\basic-ftp\dist\Client.js:400:13)
    at async file:///C:/Users/steph/Documents/Git%20Projects/FlowdexMCP/index.js:1954:13

[Fatal Tool Error] ftp_put_contents: Error: None of the available transfer strategies work. Last error response was 'Error: Client is closed because Timeout (control socket)'.
    at Client.prepareTransfer (C:\Users\steph\Documents\Git Projects\FlowdexMCP\node_modules\basic-ftp\dist\Client.js:721:19)
    at async Client._uploadFromStream (C:\Users\steph\Documents\Git Projects\FlowdexMCP\node_modules\basic-ftp\dist\Client.js:400:13)
    at async file:///C:/Users/steph/Documents/Git%20Projects/FlowdexMCP/index.js:1954:13

[Fatal Tool Error] ftp_put_contents: Error: None of the available transfer strategies work. Last error response was 'Error: Client is closed because Timeout (control socket)'.
    at Client.prepareTransfer (C:\Users\steph\Documents\Git Projects\FlowdexMCP\node_modules\basic-ftp\dist\Client.js:721:19)
    at async Client._uploadFromStream (C:\Users\steph\Documents\Git Projects\FlowdexMCP\node_modules\basic-ftp\dist\Client.js:400:13)
    at async file:///C:/Users/steph/Documents/Git%20Projects/FlowdexMCP/index.js:1954:13

[Fatal Tool Error] ftp_put_contents: Error: None of the available transfer strategies work. Last error response was 'Error: Client is closed because Timeout (control socket)'.
    at Client.prepareTransfer (C:\Users\steph\Documents\Git Projects\FlowdexMCP\node_modules\basic-ftp\dist\Client.js:721:19)
    at async Client._uploadFromStream (C:\Users\steph\Documents\Git Projects\FlowdexMCP\node_modules\basic-ftp\dist\Client.js:400:13)
    at async file:///C:/Users/steph/Documents/Git%20Projects/FlowdexMCP/index.js:1954:13

[Fatal Tool Error] ftp_put_contents: Error: None of the available transfer strategies work. Last error response was 'Error: Client is closed because Timeout (control socket)'.
    at Client.prepareTransfer (C:\Users\steph\Documents\Git Projects\FlowdexMCP\node_modules\basic-ftp\dist\Client.js:721:19)
    at async Client._uploadFromStream (C:\Users\steph\Documents\Git Projects\FlowdexMCP\node_modules\basic-ftp\dist\Client.js:400:13)
    at async file:///C:/Users/steph/Documents/Git%20Projects/FlowdexMCP/index.js:1954:13

[Fatal Tool Error] ftp_put_contents: Error: None of the available transfer strategies work. Last error response was 'Error: Client is closed because Timeout (control socket)'.
    at Client.prepareTransfer (C:\Users\steph\Documents\Git Projects\FlowdexMCP\node_modules\basic-ftp\dist\Client.js:721:19)
    at async Client._uploadFromStream (C:\Users\steph\Documents\Git Projects\FlowdexMCP\node_modules\basic-ftp\dist\Client.js:400:13)
    at async file:///C:/Users/steph/Documents/Git%20Projects/FlowdexMCP/index.js:1954:13

[Fatal Tool Error] ftp_put_contents: Error: None of the available transfer strategies work. Last error response was 'Error: Client is closed because Timeout (control socket)'.
    at Client.prepareTransfer (C:\Users\steph\Documents\Git Projects\FlowdexMCP\node_modules\basic-ftp\dist\Client.js:721:19)
    at async Client._uploadFromStream (C:\Users\steph\Documents\Git Projects\FlowdexMCP\node_modules\basic-ftp\dist\Client.js:400:13)
    at async file:///C:/Users/steph/Documents/Git%20Projects/FlowdexMCP/index.js:1954:13

[Fatal Tool Error] ftp_put_contents: Error: None of the available transfer strategies work. Last error response was 'Error: Client is closed because Timeout (control socket)'.
    at Client.prepareTransfer (C:\Users\steph\Documents\Git Projects\FlowdexMCP\node_modules\basic-ftp\dist\Client.js:721:19)
    at async Client._uploadFromStream (C:\Users\steph\Documents\Git Projects\FlowdexMCP\node_modules\basic-ftp\dist\Client.js:400:13)
    at async file:///C:/Users/steph/Documents/Git%20Projects/FlowdexMCP/index.js:1954:13

[Fatal Tool Error] ftp_put_contents: Error: None of the available transfer strategies work. Last error response was 'Error: Client is closed because Timeout (control socket)'.
    at Client.prepareTransfer (C:\Users\steph\Documents\Git Projects\FlowdexMCP\node_modules\basic-ftp\dist\Client.js:721:19)
    at async Client._uploadFromStream (C:\Users\steph\Documents\Git Projects\FlowdexMCP\node_modules\basic-ftp\dist\Client.js:400:13)
    at async file:///C:/Users/steph/Documents/Git%20Projects/FlowdexMCP/index.js:1954:13

[Fatal Tool Error] ftp_put_contents: Error: None of the available transfer strategies work. Last error response was 'Error: Client is closed because Timeout (control socket)'.
    at Client.prepareTransfer (C:\Users\steph\Documents\Git Projects\FlowdexMCP\node_modules\basic-ftp\dist\Client.js:721:19)
    at async Client._uploadFromStream (C:\Users\steph\Documents\Git Projects\FlowdexMCP\node_modules\basic-ftp\dist\Client.js:400:13)
    at async file:///C:/Users/steph/Documents/Git%20Projects/FlowdexMCP/index.js:1954:13

[Fatal Tool Error] ftp_put_contents: Error: None of the available transfer strategies work. Last error response was 'Error: Client is closed because Timeout (control socket)'.
    at Client.prepareTransfer (C:\Users\steph\Documents\Git Projects\FlowdexMCP\node_modules\basic-ftp\dist\Client.js:721:19)
    at async Client._uploadFromStream (C:\Users\steph\Documents\Git Projects\FlowdexMCP\node_modules\basic-ftp\dist\Client.js:400:13)
    at async file:///C:/Users/steph/Documents/Git%20Projects/FlowdexMCP/index.js:1954:13

[Fatal Tool Error] ftp_put_contents: Error: None of the available transfer strategies work. Last error response was 'Error: Client is closed because Timeout (control socket)'.
    at Client.prepareTransfer (C:\Users\steph\Documents\Git Projects\FlowdexMCP\node_modules\basic-ftp\dist\Client.js:721:19)
    at async Client._uploadFromStream (C:\Users\steph\Documents\Git Projects\FlowdexMCP\node_modules\basic-ftp\dist\Client.js:400:13)
    at async file:///C:/Users/steph/Documents/Git%20Projects/FlowdexMCP/index.js:1954:13

[Fatal Tool Error] ftp_put_contents: Error: None of the available transfer strategies work. Last error response was 'Error: Client is closed because Timeout (control socket)'.
    at Client.prepareTransfer (C:\Users\steph\Documents\Git Projects\FlowdexMCP\node_modules\basic-ftp\dist\Client.js:721:19)
    at async Client._uploadFromStream (C:\Users\steph\Documents\Git Projects\FlowdexMCP\node_modules\basic-ftp\dist\Client.js:400:13)
    at async file:///C:/Users/steph/Documents/Git%20Projects/FlowdexMCP/index.js:1954:13

[Fatal Tool Error] ftp_put_contents: Error: None of the available transfer strategies work. Last error response was 'Error: Client is closed because Timeout (control socket)'.
    at Client.prepareTransfer (C:\Users\steph\Documents\Git Projects\FlowdexMCP\node_modules\basic-ftp\dist\Client.js:721:19)
    at async Client._uploadFromStream (C:\Users\steph\Documents\Git Projects\FlowdexMCP\node_modules\basic-ftp\dist\Client.js:400:13)
    at async file:///C:/Users/steph/Documents/Git%20Projects/FlowdexMCP/index.js:1954:13

[Fatal Tool Error] ftp_put_contents: Error: None of the available transfer strategies work. Last error response was 'Error: Client is closed because Timeout (control socket)'.
    at Client.prepareTransfer (C:\Users\steph\Documents\Git Projects\FlowdexMCP\node_modules\basic-ftp\dist\Client.js:721:19)
    at async Client._uploadFromStream (C:\Users\steph\Documents\Git Projects\FlowdexMCP\node_modules\basic-ftp\dist\Client.js:400:13)
    at async file:///C:/Users/steph/Documents/Git%20Projects/FlowdexMCP/index.js:1954:13

[Fatal Tool Error] ftp_put_contents: Error: None of the available transfer strategies work. Last error response was 'Error: Client is closed because Timeout (control socket)'.
    at Client.prepareTransfer (C:\Users\steph\Documents\Git Projects\FlowdexMCP\node_modules\basic-ftp\dist\Client.js:721:19)
    at async Client._uploadFromStream (C:\Users\steph\Documents\Git Projects\FlowdexMCP\node_modules\basic-ftp\dist\Client.js:400:13)
    at async file:///C:/Users/steph/Documents/Git%20Projects/FlowdexMCP/index.js:1954:13

[Fatal Tool Error] ftp_put_contents: Error: None of the available transfer strategies work. Last error response was 'Error: Client is closed because Timeout (control socket)'.
    at Client.prepareTransfer (C:\Users\steph\Documents\Git Projects\FlowdexMCP\node_modules\basic-ftp\dist\Client.js:721:19)
    at async Client._uploadFromStream (C:\Users\steph\Documents\Git Projects\FlowdexMCP\node_modules\basic-ftp\dist\Client.js:400:13)
    at async file:///C:/Users/steph/Documents/Git%20Projects/FlowdexMCP/index.js:1954:13

[Fatal Tool Error] ftp_put_contents: Error: None of the available transfer strategies work. Last error response was 'Error: Client is closed because Timeout (control socket)'.
    at Client.prepareTransfer (C:\Users\steph\Documents\Git Projects\FlowdexMCP\node_modules\basic-ftp\dist\Client.js:721:19)
    at async Client._uploadFromStream (C:\Users\steph\Documents\Git Projects\FlowdexMCP\node_modules\basic-ftp\dist\Client.js:400:13)
    at async file:///C:/Users/steph/Documents/Git%20Projects/FlowdexMCP/index.js:1954:13

[Fatal Tool Error] ftp_put_contents: Error: None of the available transfer strategies work. Last error response was 'Error: Client is closed because Timeout (control socket)'.
    at Client.prepareTransfer (C:\Users\steph\Documents\Git Projects\FlowdexMCP\node_modules\basic-ftp\dist\Client.js:721:19)
    at async Client._uploadFromStream (C:\Users\steph\Documents\Git Projects\FlowdexMCP\node_modules\basic-ftp\dist\Client.js:400:13)
    at async file:///C:/Users/steph/Documents/Git%20Projects/FlowdexMCP/index.js:1954:13

[Fatal Tool Error] ftp_put_contents: Error: None of the available transfer strategies work. Last error response was 'Error: Client is closed because Timeout (control socket)'.
    at Client.prepareTransfer (C:\Users\steph\Documents\Git Projects\FlowdexMCP\node_modules\basic-ftp\dist\Client.js:721:19)
    at async Client._uploadFromStream (C:\Users\steph\Documents\Git Projects\FlowdexMCP\node_modules\basic-ftp\dist\Client.js:400:13)
    at async file:///C:/Users/steph/Documents/Git%20Projects/FlowdexMCP/index.js:1954:13

[Fatal Tool Error] ftp_put_contents: Error: None of the available transfer strategies work. Last error response was 'Error: Client is closed because Timeout (control socket)'.
    at Client.prepareTransfer (C:\Users\steph\Documents\Git Projects\FlowdexMCP\node_modules\basic-ftp\dist\Client.js:721:19)
    at async Client._uploadFromStream (C:\Users\steph\Documents\Git Projects\FlowdexMCP\node_modules\basic-ftp\dist\Client.js:400:13)
    at async file:///C:/Users/steph/Documents/Git%20Projects/FlowdexMCP/index.js:1954:13

[Fatal Tool Error] ftp_put_contents: Error: None of the available transfer strategies work. Last error response was 'Error: Client is closed because Timeout (control socket)'.
    at Client.prepareTransfer (C:\Users\steph\Documents\Git Projects\FlowdexMCP\node_modules\basic-ftp\dist\Client.js:721:19)
    at async Client._uploadFromStream (C:\Users\steph\Documents\Git Projects\FlowdexMCP\node_modules\basic-ftp\dist\Client.js:400:13)
    at async file:///C:/Users/steph/Documents/Git%20Projects/FlowdexMCP/index.js:1954:13

[Fatal Tool Error] ftp_put_contents: Error: None of the available transfer strategies work. Last error response was 'Error: Client is closed because Timeout (control socket)'.
    at Client.prepareTransfer (C:\Users\steph\Documents\Git Projects\FlowdexMCP\node_modules\basic-ftp\dist\Client.js:721:19)
    at async Client._uploadFromStream (C:\Users\steph\Documents\Git Projects\FlowdexMCP\node_modules\basic-ftp\dist\Client.js:400:13)
    at async file:///C:/Users/steph/Documents/Git%20Projects/FlowdexMCP/index.js:1954:13

[Fatal Tool Error] ftp_put_contents: Error: None of the available transfer strategies work. Last error response was 'Error: Client is closed because Timeout (control socket)'.
    at Client.prepareTransfer (C:\Users\steph\Documents\Git Projects\FlowdexMCP\node_modules\basic-ftp\dist\Client.js:721:19)
    at async Client._uploadFromStream (C:\Users\steph\Documents\Git Projects\FlowdexMCP\node_modules\basic-ftp\dist\Client.js:400:13)
    at async file:///C:/Users/steph/Documents/Git%20Projects/FlowdexMCP/index.js:1954:13

[Fatal Tool Error] ftp_put_contents: Error: None of the available transfer strategies work. Last error response was 'Error: Client is closed because Timeout (control socket)'.
    at Client.prepareTransfer (C:\Users\steph\Documents\Git Projects\FlowdexMCP\node_modules\basic-ftp\dist\Client.js:721:19)
    at async Client._uploadFromStream (C:\Users\steph\Documents\Git Projects\FlowdexMCP\node_modules\basic-ftp\dist\Client.js:400:13)
    at async file:///C:/Users/steph/Documents/Git%20Projects/FlowdexMCP/index.js:1954:13

[Fatal Tool Error] ftp_put_contents: Error: None of the available transfer strategies work. Last error response was 'Error: Client is closed because Timeout (control socket)'.
    at Client.prepareTransfer (C:\Users\steph\Documents\Git Projects\FlowdexMCP\node_modules\basic-ftp\dist\Client.js:721:19)
    at async Client._uploadFromStream (C:\Users\steph\Documents\Git Projects\FlowdexMCP\node_modules\basic-ftp\dist\Client.js:400:13)
    at async file:///C:/Users/steph/Documents/Git%20Projects/FlowdexMCP/index.js:1954:13

[Fatal Tool Error] ftp_put_contents: Error: None of the available transfer strategies work. Last error response was 'Error: Client is closed because Timeout (control socket)'.
    at Client.prepareTransfer (C:\Users\steph\Documents\Git Projects\FlowdexMCP\node_modules\basic-ftp\dist\Client.js:721:19)
    at async Client._uploadFromStream (C:\Users\steph\Documents\Git Projects\FlowdexMCP\node_modules\basic-ftp\dist\Client.js:400:13)
    at async file:///C:/Users/steph/Documents/Git%20Projects/FlowdexMCP/index.js:1954:13

[Fatal Tool Error] ftp_put_contents: Error: None of the available transfer strategies work. Last error response was 'Error: Client is closed because Timeout (control socket)'.
    at Client.prepareTransfer (C:\Users\steph\Documents\Git Projects\FlowdexMCP\node_modules\basic-ftp\dist\Client.js:721:19)
    at async Client._uploadFromStream (C:\Users\steph\Documents\Git Projects\FlowdexMCP\node_modules\basic-ftp\dist\Client.js:400:13)
    at async file:///C:/Users/steph/Documents/Git%20Projects/FlowdexMCP/index.js:1954:13

[Fatal Tool Error] ftp_put_contents: Error: None of the available transfer strategies work. Last error response was 'Error: Client is closed because Timeout (control socket)'.
    at Client.prepareTransfer (C:\Users\steph\Documents\Git Projects\FlowdexMCP\node_modules\basic-ftp\dist\Client.js:721:19)
    at async Client._uploadFromStream (C:\Users\steph\Documents\Git Projects\FlowdexMCP\node_modules\basic-ftp\dist\Client.js:400:13)
    at async file:///C:/Users/steph/Documents/Git%20Projects/FlowdexMCP/index.js:1954:13

[Fatal Tool Error] ftp_put_contents: Error: None of the available transfer strategies work. Last error response was 'Error: Client is closed because Timeout (control socket)'.
    at Client.prepareTransfer (C:\Users\steph\Documents\Git Projects\FlowdexMCP\node_modules\basic-ftp\dist\Client.js:721:19)
    at async Client._uploadFromStream (C:\Users\steph\Documents\Git Projects\FlowdexMCP\node_modules\basic-ftp\dist\Client.js:400:13)
    at async file:///C:/Users/steph/Documents/Git%20Projects/FlowdexMCP/index.js:1954:13

[Fatal Tool Error] ftp_put_contents: Error: None of the available transfer strategies work. Last error response was 'Error: Client is closed because Timeout (control socket)'.
    at Client.prepareTransfer (C:\Users\steph\Documents\Git Projects\FlowdexMCP\node_modules\basic-ftp\dist\Client.js:721:19)
    at async Client._uploadFromStream (C:\Users\steph\Documents\Git Projects\FlowdexMCP\node_modules\basic-ftp\dist\Client.js:400:13)
    at async file:///C:/Users/steph/Documents/Git%20Projects/FlowdexMCP/index.js:1954:13

[Fatal Tool Error] ftp_put_contents: Error: None of the available transfer strategies work. Last error response was 'Error: Client is closed because Timeout (control socket)'.
    at Client.prepareTransfer (C:\Users\steph\Documents\Git Projects\FlowdexMCP\node_modules\basic-ftp\dist\Client.js:721:19)
    at async Client._uploadFromStream (C:\Users\steph\Documents\Git Projects\FlowdexMCP\node_modules\basic-ftp\dist\Client.js:400:13)
    at async file:///C:/Users/steph/Documents/Git%20Projects/FlowdexMCP/index.js:1954:13

[Fatal Tool Error] ftp_put_contents: Error: None of the available transfer strategies work. Last error response was 'Error: Client is closed because Timeout (control socket)'.
    at Client.prepareTransfer (C:\Users\steph\Documents\Git Projects\FlowdexMCP\node_modules\basic-ftp\dist\Client.js:721:19)
    at async Client._uploadFromStream (C:\Users\steph\Documents\Git Projects\FlowdexMCP\node_modules\basic-ftp\dist\Client.js:400:13)
    at async file:///C:/Users/steph/Documents/Git%20Projects/FlowdexMCP/index.js:1954:13

[Fatal Tool Error] ftp_put_contents: Error: None of the available transfer strategies work. Last error response was 'Error: Client is closed because Timeout (control socket)'.
    at Client.prepareTransfer (C:\Users\steph\Documents\Git Projects\FlowdexMCP\node_modules\basic-ftp\dist\Client.js:721:19)
    at async Client._uploadFromStream (C:\Users\steph\Documents\Git Projects\FlowdexMCP\node_modules\basic-ftp\dist\Client.js:400:13)
    at async file:///C:/Users/steph/Documents/Git%20Projects/FlowdexMCP/index.js:1954:13

[Fatal Tool Error] ftp_put_contents: Error: None of the available transfer strategies work. Last error response was 'Error: Client is closed because Timeout (control socket)'.
    at Client.prepareTransfer (C:\Users\steph\Documents\Git Projects\FlowdexMCP\node_modules\basic-ftp\dist\Client.js:721:19)
    at async Client._uploadFromStream (C:\Users\steph\Documents\Git Projects\FlowdexMCP\node_modules\basic-ftp\dist\Client.js:400:13)
    at async file:///C:/Users/steph/Documents/Git%20Projects/FlowdexMCP/index.js:1954:13

[Fatal Tool Error] ftp_put_contents: Error: None of the available transfer strategies work. Last error response was 'Error: Client is closed because Timeout (control socket)'.
    at Client.prepareTransfer (C:\Users\steph\Documents\Git Projects\FlowdexMCP\node_modules\basic-ftp\dist\Client.js:721:19)
    at async Client._uploadFromStream (C:\Users\steph\Documents\Git Projects\FlowdexMCP\node_modules\basic-ftp\dist\Client.js:400:13)
    at async file:///C:/Users/steph/Documents/Git%20Projects/FlowdexMCP/index.js:1954:13

[Fatal Tool Error] ftp_put_contents: Error: None of the available transfer strategies work. Last error response was 'Error: Client is closed because Timeout (control socket)'.
    at Client.prepareTransfer (C:\Users\steph\Documents\Git Projects\FlowdexMCP\node_modules\basic-ftp\dist\Client.js:721:19)
    at async Client._uploadFromStream (C:\Users\steph\Documents\Git Projects\FlowdexMCP\node_modules\basic-ftp\dist\Client.js:400:13)
    at async file:///C:/Users/steph/Documents/Git%20Projects/FlowdexMCP/index.js:1954:13

[Fatal Tool Error] ftp_put_contents: Error: None of the available transfer strategies work. Last error response was 'Error: Client is closed because Timeout (control socket)'.
    at Client.prepareTransfer (C:\Users\steph\Documents\Git Projects\FlowdexMCP\node_modules\basic-ftp\dist\Client.js:721:19)
    at async Client._uploadFromStream (C:\Users\steph\Documents\Git Projects\FlowdexMCP\node_modules\basic-ftp\dist\Client.js:400:13)
    at async file:///C:/Users/steph/Documents/Git%20Projects/FlowdexMCP/index.js:1954:13

[Fatal Tool Error] ftp_put_contents: Error: None of the available transfer strategies work. Last error response was 'Error: Client is closed because Timeout (control socket)'.
    at Client.prepareTransfer (C:\Users\steph\Documents\Git Projects\FlowdexMCP\node_modules\basic-ftp\dist\Client.js:721:19)
    at async Client._uploadFromStream (C:\Users\steph\Documents\Git Projects\FlowdexMCP\node_modules\basic-ftp\dist\Client.js:400:13)
    at async file:///C:/Users/steph/Documents/Git%20Projects/FlowdexMCP/index.js:1954:13

[Fatal Tool Error] ftp_put_contents: Error: None of the available transfer strategies work. Last error response was 'Error: Client is closed because Timeout (control socket)'.
    at Client.prepareTransfer (C:\Users\steph\Documents\Git Projects\FlowdexMCP\node_modules\basic-ftp\dist\Client.js:721:19)
    at async Client._uploadFromStream (C:\Users\steph\Documents\Git Projects\FlowdexMCP\node_modules\basic-ftp\dist\Client.js:400:13)
    at async file:///C:/Users/steph/Documents/Git%20Projects/FlowdexMCP/index.js:1954:13

[Fatal Tool Error] ftp_put_contents: Error: None of the available transfer strategies work. Last error response was 'Error: Client is closed because Timeout (control socket)'.
    at Client.prepareTransfer (C:\Users\steph\Documents\Git Projects\FlowdexMCP\node_modules\basic-ftp\dist\Client.js:721:19)
    at async Client._uploadFromStream (C:\Users\steph\Documents\Git Projects\FlowdexMCP\node_modules\basic-ftp\dist\Client.js:400:13)
    at async file:///C:/Users/steph/Documents/Git%20Projects/FlowdexMCP/index.js:1954:13

[Fatal Tool Error] ftp_put_contents: Error: None of the available transfer strategies work. Last error response was 'Error: Client is closed because Timeout (control socket)'.
    at Client.prepareTransfer (C:\Users\steph\Documents\Git Projects\FlowdexMCP\node_modules\basic-ftp\dist\Client.js:721:19)
    at async Client._uploadFromStream (C:\Users\steph\Documents\Git Projects\FlowdexMCP\node_modules\basic-ftp\dist\Client.js:400:13)
    at async file:///C:/Users/steph/Documents/Git%20Projects/FlowdexMCP/index.js:1954:13

[Fatal Tool Error] ftp_put_contents: Error: None of the available transfer strategies work. Last error response was 'Error: Client is closed because Timeout (control socket)'.
    at Client.prepareTransfer (C:\Users\steph\Documents\Git Projects\FlowdexMCP\node_modules\basic-ftp\dist\Client.js:721:19)
    at async Client._uploadFromStream (C:\Users\steph\Documents\Git Projects\FlowdexMCP\node_modules\basic-ftp\dist\Client.js:400:13)
    at async file:///C:/Users/steph/Documents/Git%20Projects/FlowdexMCP/index.js:1954:13

[Fatal Tool Error] ftp_put_contents: Error: None of the available transfer strategies work. Last error response was 'Error: Client is closed because Timeout (control socket)'.
    at Client.prepareTransfer (C:\Users\steph\Documents\Git Projects\FlowdexMCP\node_modules\basic-ftp\dist\Client.js:721:19)
    at async Client._uploadFromStream (C:\Users\steph\Documents\Git Projects\FlowdexMCP\node_modules\basic-ftp\dist\Client.js:400:13)
    at async file:///C:/Users/steph/Documents/Git%20Projects/FlowdexMCP/index.js:1954:13

[Fatal Tool Error] ftp_put_contents: Error: None of the available transfer strategies work. Last error response was 'Error: Client is closed because Timeout (control socket)'.
    at Client.prepareTransfer (C:\Users\steph\Documents\Git Projects\FlowdexMCP\node_modules\basic-ftp\dist\Client.js:721:19)
    at async Client._uploadFromStream (C:\Users\steph\Documents\Git Projects\FlowdexMCP\node_modules\basic-ftp\dist\Client.js:400:13)
    at async file:///C:/Users/steph/Documents/Git%20Projects/FlowdexMCP/index.js:1954:13

[Fatal Tool Error] ftp_put_contents: Error: None of the available transfer strategies work. Last error response was 'Error: Client is closed because Timeout (control socket)'.
    at Client.prepareTransfer (C:\Users\steph\Documents\Git Projects\FlowdexMCP\node_modules\basic-ftp\dist\Client.js:721:19)
    at async Client._uploadFromStream (C:\Users\steph\Documents\Git Projects\FlowdexMCP\node_modules\basic-ftp\dist\Client.js:400:13)
    at async file:///C:/Users/steph/Documents/Git%20Projects/FlowdexMCP/index.js:1954:13

[Fatal Tool Error] ftp_put_contents: Error: None of the available transfer strategies work. Last error response was 'Error: Client is closed because Timeout (control socket)'.
    at Client.prepareTransfer (C:\Users\steph\Documents\Git Projects\FlowdexMCP\node_modules\basic-ftp\dist\Client.js:721:19)
    at async Client._uploadFromStream (C:\Users\steph\Documents\Git Projects\FlowdexMCP\node_modules\basic-ftp\dist\Client.js:400:13)
    at async file:///C:/Users/steph/Documents/Git%20Projects/FlowdexMCP/index.js:1954:13

[Fatal Tool Error] ftp_put_contents: Error: None of the available transfer strategies work. Last error response was 'Error: Client is closed because Timeout (control socket)'.
    at Client.prepareTransfer (C:\Users\steph\Documents\Git Projects\FlowdexMCP\node_modules\basic-ftp\dist\Client.js:721:19)
    at async Client._uploadFromStream (C:\Users\steph\Documents\Git Projects\FlowdexMCP\node_modules\basic-ftp\dist\Client.js:400:13)
    at async file:///C:/Users/steph/Documents/Git%20Projects/FlowdexMCP/index.js:1954:13

[Fatal Tool Error] ftp_put_contents: Error: None of the available transfer strategies work. Last error response was 'Error: Client is closed because Timeout (control socket)'.
    at Client.prepareTransfer (C:\Users\steph\Documents\Git Projects\FlowdexMCP\node_modules\basic-ftp\dist\Client.js:721:19)
    at async Client._uploadFromStream (C:\Users\steph\Documents\Git Projects\FlowdexMCP\node_modules\basic-ftp\dist\Client.js:400:13)
    at async file:///C:/Users/steph/Documents/Git%20Projects/FlowdexMCP/index.js:1954:13


stderr | Test/features.test.js > Enterprise Features & Edge Cases > Audit Fix #10: Regex search without stateful g flag > should find content matches reliably across multiple files
[Fatal Tool Error] ftp_search: Error: None of the available transfer strategies work. Last error response was 'Error: Client is closed because Timeout (control socket)'.
    at Client.prepareTransfer (C:\Users\steph\Documents\Git Projects\FlowdexMCP\node_modules\basic-ftp\dist\Client.js:721:19)
    at async Client.list (C:\Users\steph\Documents\Git Projects\FlowdexMCP\node_modules\basic-ftp\dist\Client.js:496:13)
    at async getTreeRecursive (file:///C:/Users/steph/Documents/Git%20Projects/FlowdexMCP/index.js:628:17)
    at async file:///C:/Users/steph/Documents/Git%20Projects/FlowdexMCP/index.js:2074:20

[Fatal Tool Error] ftp_search: Error: None of the available transfer strategies work. Last error response was 'Error: Client is closed because Timeout (control socket)'.
    at Client.prepareTransfer (C:\Users\steph\Documents\Git Projects\FlowdexMCP\node_modules\basic-ftp\dist\Client.js:721:19)
    at async Client.list (C:\Users\steph\Documents\Git Projects\FlowdexMCP\node_modules\basic-ftp\dist\Client.js:496:13)
    at async getTreeRecursive (file:///C:/Users/steph/Documents/Git%20Projects/FlowdexMCP/index.js:628:17)
    at async file:///C:/Users/steph/Documents/Git%20Projects/FlowdexMCP/index.js:2074:20

[Fatal Tool Error] ftp_search: Error: None of the available transfer strategies work. Last error response was 'Error: Client is closed because Timeout (control socket)'.
    at Client.prepareTransfer (C:\Users\steph\Documents\Git Projects\FlowdexMCP\node_modules\basic-ftp\dist\Client.js:721:19)
    at async Client.list (C:\Users\steph\Documents\Git Projects\FlowdexMCP\node_modules\basic-ftp\dist\Client.js:496:13)
    at async getTreeRecursive (file:///C:/Users/steph/Documents/Git%20Projects/FlowdexMCP/index.js:628:17)
    at async file:///C:/Users/steph/Documents/Git%20Projects/FlowdexMCP/index.js:2074:20

[Fatal Tool Error] ftp_search: Error: None of the available transfer strategies work. Last error response was 'Error: Client is closed because Timeout (control socket)'.
    at Client.prepareTransfer (C:\Users\steph\Documents\Git Projects\FlowdexMCP\node_modules\basic-ftp\dist\Client.js:721:19)
    at async Client.list (C:\Users\steph\Documents\Git Projects\FlowdexMCP\node_modules\basic-ftp\dist\Client.js:496:13)
    at async getTreeRecursive (file:///C:/Users/steph/Documents/Git%20Projects/FlowdexMCP/index.js:628:17)
    at async file:///C:/Users/steph/Documents/Git%20Projects/FlowdexMCP/index.js:2074:20

[Fatal Tool Error] ftp_search: Error: None of the available transfer strategies work. Last error response was 'Error: Client is closed because Timeout (control socket)'.
    at Client.prepareTransfer (C:\Users\steph\Documents\Git Projects\FlowdexMCP\node_modules\basic-ftp\dist\Client.js:721:19)
    at async Client.list (C:\Users\steph\Documents\Git Projects\FlowdexMCP\node_modules\basic-ftp\dist\Client.js:496:13)
    at async getTreeRecursive (file:///C:/Users/steph/Documents/Git%20Projects/FlowdexMCP/index.js:628:17)
    at async file:///C:/Users/steph/Documents/Git%20Projects/FlowdexMCP/index.js:2074:20

[Fatal Tool Error] ftp_search: Error: None of the available transfer strategies work. Last error response was 'Error: Client is closed because Timeout (control socket)'.
    at Client.prepareTransfer (C:\Users\steph\Documents\Git Projects\FlowdexMCP\node_modules\basic-ftp\dist\Client.js:721:19)
    at async Client.list (C:\Users\steph\Documents\Git Projects\FlowdexMCP\node_modules\basic-ftp\dist\Client.js:496:13)
    at async getTreeRecursive (file:///C:/Users/steph/Documents/Git%20Projects/FlowdexMCP/index.js:628:17)
    at async file:///C:/Users/steph/Documents/Git%20Projects/FlowdexMCP/index.js:2074:20

[Fatal Tool Error] ftp_search: Error: None of the available transfer strategies work. Last error response was 'Error: Client is closed because Timeout (control socket)'.
    at Client.prepareTransfer (C:\Users\steph\Documents\Git Projects\FlowdexMCP\node_modules\basic-ftp\dist\Client.js:721:19)
    at async Client.list (C:\Users\steph\Documents\Git Projects\FlowdexMCP\node_modules\basic-ftp\dist\Client.js:496:13)
    at async getTreeRecursive (file:///C:/Users/steph/Documents/Git%20Projects/FlowdexMCP/index.js:628:17)
    at async file:///C:/Users/steph/Documents/Git%20Projects/FlowdexMCP/index.js:2074:20

[Fatal Tool Error] ftp_search: Error: None of the available transfer strategies work. Last error response was 'Error: Client is closed because Timeout (control socket)'.
    at Client.prepareTransfer (C:\Users\steph\Documents\Git Projects\FlowdexMCP\node_modules\basic-ftp\dist\Client.js:721:19)
    at async Client.list (C:\Users\steph\Documents\Git Projects\FlowdexMCP\node_modules\basic-ftp\dist\Client.js:496:13)
    at async getTreeRecursive (file:///C:/Users/steph/Documents/Git%20Projects/FlowdexMCP/index.js:628:17)
    at async file:///C:/Users/steph/Documents/Git%20Projects/FlowdexMCP/index.js:2074:20

[Fatal Tool Error] ftp_search: Error: None of the available transfer strategies work. Last error response was 'Error: Client is closed because Timeout (control socket)'.
    at Client.prepareTransfer (C:\Users\steph\Documents\Git Projects\FlowdexMCP\node_modules\basic-ftp\dist\Client.js:721:19)
    at async Client.list (C:\Users\steph\Documents\Git Projects\FlowdexMCP\node_modules\basic-ftp\dist\Client.js:496:13)
    at async getTreeRecursive (file:///C:/Users/steph/Documents/Git%20Projects/FlowdexMCP/index.js:628:17)
    at async file:///C:/Users/steph/Documents/Git%20Projects/FlowdexMCP/index.js:2074:20

[Fatal Tool Error] ftp_search: Error: None of the available transfer strategies work. Last error response was 'Error: Client is closed because Timeout (control socket)'.
    at Client.prepareTransfer (C:\Users\steph\Documents\Git Projects\FlowdexMCP\node_modules\basic-ftp\dist\Client.js:721:19)
    at async Client.list (C:\Users\steph\Documents\Git Projects\FlowdexMCP\node_modules\basic-ftp\dist\Client.js:496:13)
    at async getTreeRecursive (file:///C:/Users/steph/Documents/Git%20Projects/FlowdexMCP/index.js:628:17)
    at async file:///C:/Users/steph/Documents/Git%20Projects/FlowdexMCP/index.js:2074:20

[Fatal Tool Error] ftp_search: Error: None of the available transfer strategies work. Last error response was 'Error: Client is closed because Timeout (control socket)'.
    at Client.prepareTransfer (C:\Users\steph\Documents\Git Projects\FlowdexMCP\node_modules\basic-ftp\dist\Client.js:721:19)
    at async Client.list (C:\Users\steph\Documents\Git Projects\FlowdexMCP\node_modules\basic-ftp\dist\Client.js:496:13)
    at async getTreeRecursive (file:///C:/Users/steph/Documents/Git%20Projects/FlowdexMCP/index.js:628:17)
    at async file:///C:/Users/steph/Documents/Git%20Projects/FlowdexMCP/index.js:2074:20

[Fatal Tool Error] ftp_search: Error: None of the available transfer strategies work. Last error response was 'Error: Client is closed because Timeout (control socket)'.
    at Client.prepareTransfer (C:\Users\steph\Documents\Git Projects\FlowdexMCP\node_modules\basic-ftp\dist\Client.js:721:19)
    at async Client.list (C:\Users\steph\Documents\Git Projects\FlowdexMCP\node_modules\basic-ftp\dist\Client.js:496:13)
    at async getTreeRecursive (file:///C:/Users/steph/Documents/Git%20Projects/FlowdexMCP/index.js:628:17)
    at async file:///C:/Users/steph/Documents/Git%20Projects/FlowdexMCP/index.js:2074:20

[Fatal Tool Error] ftp_search: Error: None of the available transfer strategies work. Last error response was 'Error: Client is closed because Timeout (control socket)'.
    at Client.prepareTransfer (C:\Users\steph\Documents\Git Projects\FlowdexMCP\node_modules\basic-ftp\dist\Client.js:721:19)
    at async Client.list (C:\Users\steph\Documents\Git Projects\FlowdexMCP\node_modules\basic-ftp\dist\Client.js:496:13)
    at async getTreeRecursive (file:///C:/Users/steph/Documents/Git%20Projects/FlowdexMCP/index.js:628:17)
    at async file:///C:/Users/steph/Documents/Git%20Projects/FlowdexMCP/index.js:2074:20

[Fatal Tool Error] ftp_search: Error: None of the available transfer strategies work. Last error response was 'Error: Client is closed because Timeout (control socket)'.
    at Client.prepareTransfer (C:\Users\steph\Documents\Git Projects\FlowdexMCP\node_modules\basic-ftp\dist\Client.js:721:19)
    at async Client.list (C:\Users\steph\Documents\Git Projects\FlowdexMCP\node_modules\basic-ftp\dist\Client.js:496:13)
    at async getTreeRecursive (file:///C:/Users/steph/Documents/Git%20Projects/FlowdexMCP/index.js:628:17)
    at async file:///C:/Users/steph/Documents/Git%20Projects/FlowdexMCP/index.js:2074:20

[Fatal Tool Error] ftp_search: Error: None of the available transfer strategies work. Last error response was 'Error: Client is closed because Timeout (control socket)'.
    at Client.prepareTransfer (C:\Users\steph\Documents\Git Projects\FlowdexMCP\node_modules\basic-ftp\dist\Client.js:721:19)
    at async Client.list (C:\Users\steph\Documents\Git Projects\FlowdexMCP\node_modules\basic-ftp\dist\Client.js:496:13)
    at async getTreeRecursive (file:///C:/Users/steph/Documents/Git%20Projects/FlowdexMCP/index.js:628:17)
    at async file:///C:/Users/steph/Documents/Git%20Projects/FlowdexMCP/index.js:2074:20

[Fatal Tool Error] ftp_search: Error: None of the available transfer strategies work. Last error response was 'Error: Client is closed because Timeout (control socket)'.
    at Client.prepareTransfer (C:\Users\steph\Documents\Git Projects\FlowdexMCP\node_modules\basic-ftp\dist\Client.js:721:19)
    at async Client.list (C:\Users\steph\Documents\Git Projects\FlowdexMCP\node_modules\basic-ftp\dist\Client.js:496:13)
    at async getTreeRecursive (file:///C:/Users/steph/Documents/Git%20Projects/FlowdexMCP/index.js:628:17)
    at async file:///C:/Users/steph/Documents/Git%20Projects/FlowdexMCP/index.js:2074:20

[Fatal Tool Error] ftp_search: Error: None of the available transfer strategies work. Last error response was 'Error: Client is closed because Timeout (control socket)'.
    at Client.prepareTransfer (C:\Users\steph\Documents\Git Projects\FlowdexMCP\node_modules\basic-ftp\dist\Client.js:721:19)
    at async Client.list (C:\Users\steph\Documents\Git Projects\FlowdexMCP\node_modules\basic-ftp\dist\Client.js:496:13)
    at async getTreeRecursive (file:///C:/Users/steph/Documents/Git%20Projects/FlowdexMCP/index.js:628:17)
    at async file:///C:/Users/steph/Documents/Git%20Projects/FlowdexMCP/index.js:2074:20

[Fatal Tool Error] ftp_search: Error: None of the available transfer strategies work. Last error response was 'Error: Client is closed because Timeout (control socket)'.
    at Client.prepareTransfer (C:\Users\steph\Documents\Git Projects\FlowdexMCP\node_modules\basic-ftp\dist\Client.js:721:19)
    at async Client.list (C:\Users\steph\Documents\Git Projects\FlowdexMCP\node_modules\basic-ftp\dist\Client.js:496:13)
    at async getTreeRecursive (file:///C:/Users/steph/Documents/Git%20Projects/FlowdexMCP/index.js:628:17)
    at async file:///C:/Users/steph/Documents/Git%20Projects/FlowdexMCP/index.js:2074:20

[Fatal Tool Error] ftp_search: Error: None of the available transfer strategies work. Last error response was 'Error: Client is closed because Timeout (control socket)'.
    at Client.prepareTransfer (C:\Users\steph\Documents\Git Projects\FlowdexMCP\node_modules\basic-ftp\dist\Client.js:721:19)
    at async Client.list (C:\Users\steph\Documents\Git Projects\FlowdexMCP\node_modules\basic-ftp\dist\Client.js:496:13)
    at async getTreeRecursive (file:///C:/Users/steph/Documents/Git%20Projects/FlowdexMCP/index.js:628:17)
    at async file:///C:/Users/steph/Documents/Git%20Projects/FlowdexMCP/index.js:2074:20

[Fatal Tool Error] ftp_search: Error: None of the available transfer strategies work. Last error response was 'Error: Client is closed because Timeout (control socket)'.
    at Client.prepareTransfer (C:\Users\steph\Documents\Git Projects\FlowdexMCP\node_modules\basic-ftp\dist\Client.js:721:19)
    at async Client.list (C:\Users\steph\Documents\Git Projects\FlowdexMCP\node_modules\basic-ftp\dist\Client.js:496:13)
    at async getTreeRecursive (file:///C:/Users/steph/Documents/Git%20Projects/FlowdexMCP/index.js:628:17)
    at async file:///C:/Users/steph/Documents/Git%20Projects/FlowdexMCP/index.js:2074:20

[Fatal Tool Error] ftp_search: Error: None of the available transfer strategies work. Last error response was 'Error: Client is closed because Timeout (control socket)'.
    at Client.prepareTransfer (C:\Users\steph\Documents\Git Projects\FlowdexMCP\node_modules\basic-ftp\dist\Client.js:721:19)
    at async Client.list (C:\Users\steph\Documents\Git Projects\FlowdexMCP\node_modules\basic-ftp\dist\Client.js:496:13)
    at async getTreeRecursive (file:///C:/Users/steph/Documents/Git%20Projects/FlowdexMCP/index.js:628:17)
    at async file:///C:/Users/steph/Documents/Git%20Projects/FlowdexMCP/index.js:2074:20

[Fatal Tool Error] ftp_search: Error: None of the available transfer strategies work. Last error response was 'Error: Client is closed because Timeout (control socket)'.
    at Client.prepareTransfer (C:\Users\steph\Documents\Git Projects\FlowdexMCP\node_modules\basic-ftp\dist\Client.js:721:19)
    at async Client.list (C:\Users\steph\Documents\Git Projects\FlowdexMCP\node_modules\basic-ftp\dist\Client.js:496:13)
    at async getTreeRecursive (file:///C:/Users/steph/Documents/Git%20Projects/FlowdexMCP/index.js:628:17)
    at async file:///C:/Users/steph/Documents/Git%20Projects/FlowdexMCP/index.js:2074:20

[Fatal Tool Error] ftp_search: Error: None of the available transfer strategies work. Last error response was 'Error: Client is closed because Timeout (control socket)'.
    at Client.prepareTransfer (C:\Users\steph\Documents\Git Projects\FlowdexMCP\node_modules\basic-ftp\dist\Client.js:721:19)
    at async Client.list (C:\Users\steph\Documents\Git Projects\FlowdexMCP\node_modules\basic-ftp\dist\Client.js:496:13)
    at async getTreeRecursive (file:///C:/Users/steph/Documents/Git%20Projects/FlowdexMCP/index.js:628:17)
    at async file:///C:/Users/steph/Documents/Git%20Projects/FlowdexMCP/index.js:2074:20

[Fatal Tool Error] ftp_search: Error: None of the available transfer strategies work. Last error response was 'Error: Client is closed because Timeout (control socket)'.
    at Client.prepareTransfer (C:\Users\steph\Documents\Git Projects\FlowdexMCP\node_modules\basic-ftp\dist\Client.js:721:19)
    at async Client.list (C:\Users\steph\Documents\Git Projects\FlowdexMCP\node_modules\basic-ftp\dist\Client.js:496:13)
    at async getTreeRecursive (file:///C:/Users/steph/Documents/Git%20Projects/FlowdexMCP/index.js:628:17)
    at async file:///C:/Users/steph/Documents/Git%20Projects/FlowdexMCP/index.js:2074:20

[Fatal Tool Error] ftp_search: Error: None of the available transfer strategies work. Last error response was 'Error: Client is closed because Timeout (control socket)'.
    at Client.prepareTransfer (C:\Users\steph\Documents\Git Projects\FlowdexMCP\node_modules\basic-ftp\dist\Client.js:721:19)
    at async Client.list (C:\Users\steph\Documents\Git Projects\FlowdexMCP\node_modules\basic-ftp\dist\Client.js:496:13)
    at async getTreeRecursive (file:///C:/Users/steph/Documents/Git%20Projects/FlowdexMCP/index.js:628:17)
    at async file:///C:/Users/steph/Documents/Git%20Projects/FlowdexMCP/index.js:2074:20

[Fatal Tool Error] ftp_search: Error: None of the available transfer strategies work. Last error response was 'Error: Client is closed because Timeout (control socket)'.
    at Client.prepareTransfer (C:\Users\steph\Documents\Git Projects\FlowdexMCP\node_modules\basic-ftp\dist\Client.js:721:19)
    at async Client.list (C:\Users\steph\Documents\Git Projects\FlowdexMCP\node_modules\basic-ftp\dist\Client.js:496:13)
    at async getTreeRecursive (file:///C:/Users/steph/Documents/Git%20Projects/FlowdexMCP/index.js:628:17)
    at async file:///C:/Users/steph/Documents/Git%20Projects/FlowdexMCP/index.js:2074:20

[Fatal Tool Error] ftp_search: Error: None of the available transfer strategies work. Last error response was 'Error: Client is closed because Timeout (control socket)'.
    at Client.prepareTransfer (C:\Users\steph\Documents\Git Projects\FlowdexMCP\node_modules\basic-ftp\dist\Client.js:721:19)
    at async Client.list (C:\Users\steph\Documents\Git Projects\FlowdexMCP\node_modules\basic-ftp\dist\Client.js:496:13)
    at async getTreeRecursive (file:///C:/Users/steph/Documents/Git%20Projects/FlowdexMCP/index.js:628:17)
    at async file:///C:/Users/steph/Documents/Git%20Projects/FlowdexMCP/index.js:2074:20

[Fatal Tool Error] ftp_search: Error: None of the available transfer strategies work. Last error response was 'Error: Client is closed because Timeout (control socket)'.
    at Client.prepareTransfer (C:\Users\steph\Documents\Git Projects\FlowdexMCP\node_modules\basic-ftp\dist\Client.js:721:19)
    at async Client.list (C:\Users\steph\Documents\Git Projects\FlowdexMCP\node_modules\basic-ftp\dist\Client.js:496:13)
    at async getTreeRecursive (file:///C:/Users/steph/Documents/Git%20Projects/FlowdexMCP/index.js:628:17)
    at async file:///C:/Users/steph/Documents/Git%20Projects/FlowdexMCP/index.js:2074:20

[Fatal Tool Error] ftp_search: Error: None of the available transfer strategies work. Last error response was 'Error: Client is closed because Timeout (control socket)'.
    at Client.prepareTransfer (C:\Users\steph\Documents\Git Projects\FlowdexMCP\node_modules\basic-ftp\dist\Client.js:721:19)
    at async Client.list (C:\Users\steph\Documents\Git Projects\FlowdexMCP\node_modules\basic-ftp\dist\Client.js:496:13)
    at async getTreeRecursive (file:///C:/Users/steph/Documents/Git%20Projects/FlowdexMCP/index.js:628:17)
    at async file:///C:/Users/steph/Documents/Git%20Projects/FlowdexMCP/index.js:2074:20

[Fatal Tool Error] ftp_search: Error: None of the available transfer strategies work. Last error response was 'Error: Client is closed because Timeout (control socket)'.
    at Client.prepareTransfer (C:\Users\steph\Documents\Git Projects\FlowdexMCP\node_modules\basic-ftp\dist\Client.js:721:19)
    at async Client.list (C:\Users\steph\Documents\Git Projects\FlowdexMCP\node_modules\basic-ftp\dist\Client.js:496:13)
    at async getTreeRecursive (file:///C:/Users/steph/Documents/Git%20Projects/FlowdexMCP/index.js:628:17)
    at async file:///C:/Users/steph/Documents/Git%20Projects/FlowdexMCP/index.js:2074:20

[Fatal Tool Error] ftp_search: Error: None of the available transfer strategies work. Last error response was 'Error: Client is closed because Timeout (control socket)'.
    at Client.prepareTransfer (C:\Users\steph\Documents\Git Projects\FlowdexMCP\node_modules\basic-ftp\dist\Client.js:721:19)
    at async Client.list (C:\Users\steph\Documents\Git Projects\FlowdexMCP\node_modules\basic-ftp\dist\Client.js:496:13)
    at async getTreeRecursive (file:///C:/Users/steph/Documents/Git%20Projects/FlowdexMCP/index.js:628:17)
    at async file:///C:/Users/steph/Documents/Git%20Projects/FlowdexMCP/index.js:2074:20

[Fatal Tool Error] ftp_search: Error: None of the available transfer strategies work. Last error response was 'Error: Client is closed because Timeout (control socket)'.
    at Client.prepareTransfer (C:\Users\steph\Documents\Git Projects\FlowdexMCP\node_modules\basic-ftp\dist\Client.js:721:19)
    at async Client.list (C:\Users\steph\Documents\Git Projects\FlowdexMCP\node_modules\basic-ftp\dist\Client.js:496:13)
    at async getTreeRecursive (file:///C:/Users/steph/Documents/Git%20Projects/FlowdexMCP/index.js:628:17)
    at async file:///C:/Users/steph/Documents/Git%20Projects/FlowdexMCP/index.js:2074:20

[Fatal Tool Error] ftp_search: Error: None of the available transfer strategies work. Last error response was 'Error: Client is closed because Timeout (control socket)'.
    at Client.prepareTransfer (C:\Users\steph\Documents\Git Projects\FlowdexMCP\node_modules\basic-ftp\dist\Client.js:721:19)
    at async Client.list (C:\Users\steph\Documents\Git Projects\FlowdexMCP\node_modules\basic-ftp\dist\Client.js:496:13)
    at async getTreeRecursive (file:///C:/Users/steph/Documents/Git%20Projects/FlowdexMCP/index.js:628:17)
    at async file:///C:/Users/steph/Documents/Git%20Projects/FlowdexMCP/index.js:2074:20

[Fatal Tool Error] ftp_search: Error: None of the available transfer strategies work. Last error response was 'Error: Client is closed because Timeout (control socket)'.
    at Client.prepareTransfer (C:\Users\steph\Documents\Git Projects\FlowdexMCP\node_modules\basic-ftp\dist\Client.js:721:19)
    at async Client.list (C:\Users\steph\Documents\Git Projects\FlowdexMCP\node_modules\basic-ftp\dist\Client.js:496:13)
    at async getTreeRecursive (file:///C:/Users/steph/Documents/Git%20Projects/FlowdexMCP/index.js:628:17)
    at async file:///C:/Users/steph/Documents/Git%20Projects/FlowdexMCP/index.js:2074:20

[Fatal Tool Error] ftp_search: Error: None of the available transfer strategies work. Last error response was 'Error: Client is closed because Timeout (control socket)'.
    at Client.prepareTransfer (C:\Users\steph\Documents\Git Projects\FlowdexMCP\node_modules\basic-ftp\dist\Client.js:721:19)
    at async Client.list (C:\Users\steph\Documents\Git Projects\FlowdexMCP\node_modules\basic-ftp\dist\Client.js:496:13)
    at async getTreeRecursive (file:///C:/Users/steph/Documents/Git%20Projects/FlowdexMCP/index.js:628:17)
    at async file:///C:/Users/steph/Documents/Git%20Projects/FlowdexMCP/index.js:2074:20

[Fatal Tool Error] ftp_search: Error: None of the available transfer strategies work. Last error response was 'Error: Client is closed because Timeout (control socket)'.
    at Client.prepareTransfer (C:\Users\steph\Documents\Git Projects\FlowdexMCP\node_modules\basic-ftp\dist\Client.js:721:19)
    at async Client.list (C:\Users\steph\Documents\Git Projects\FlowdexMCP\node_modules\basic-ftp\dist\Client.js:496:13)
    at async getTreeRecursive (file:///C:/Users/steph/Documents/Git%20Projects/FlowdexMCP/index.js:628:17)
    at async file:///C:/Users/steph/Documents/Git%20Projects/FlowdexMCP/index.js:2074:20

[Fatal Tool Error] ftp_search: Error: None of the available transfer strategies work. Last error response was 'Error: Client is closed because Timeout (control socket)'.
    at Client.prepareTransfer (C:\Users\steph\Documents\Git Projects\FlowdexMCP\node_modules\basic-ftp\dist\Client.js:721:19)
    at async Client.list (C:\Users\steph\Documents\Git Projects\FlowdexMCP\node_modules\basic-ftp\dist\Client.js:496:13)
    at async getTreeRecursive (file:///C:/Users/steph/Documents/Git%20Projects/FlowdexMCP/index.js:628:17)
    at async file:///C:/Users/steph/Documents/Git%20Projects/FlowdexMCP/index.js:2074:20

[Fatal Tool Error] ftp_search: Error: None of the available transfer strategies work. Last error response was 'Error: Client is closed because Timeout (control socket)'.
    at Client.prepareTransfer (C:\Users\steph\Documents\Git Projects\FlowdexMCP\node_modules\basic-ftp\dist\Client.js:721:19)
    at async Client.list (C:\Users\steph\Documents\Git Projects\FlowdexMCP\node_modules\basic-ftp\dist\Client.js:496:13)
    at async getTreeRecursive (file:///C:/Users/steph/Documents/Git%20Projects/FlowdexMCP/index.js:628:17)
    at async file:///C:/Users/steph/Documents/Git%20Projects/FlowdexMCP/index.js:2074:20

[Fatal Tool Error] ftp_search: Error: None of the available transfer strategies work. Last error response was 'Error: Client is closed because Timeout (control socket)'.
    at Client.prepareTransfer (C:\Users\steph\Documents\Git Projects\FlowdexMCP\node_modules\basic-ftp\dist\Client.js:721:19)
    at async Client.list (C:\Users\steph\Documents\Git Projects\FlowdexMCP\node_modules\basic-ftp\dist\Client.js:496:13)
    at async getTreeRecursive (file:///C:/Users/steph/Documents/Git%20Projects/FlowdexMCP/index.js:628:17)
    at async file:///C:/Users/steph/Documents/Git%20Projects/FlowdexMCP/index.js:2074:20

[Fatal Tool Error] ftp_search: Error: None of the available transfer strategies work. Last error response was 'Error: Client is closed because Timeout (control socket)'.
    at Client.prepareTransfer (C:\Users\steph\Documents\Git Projects\FlowdexMCP\node_modules\basic-ftp\dist\Client.js:721:19)
    at async Client.list (C:\Users\steph\Documents\Git Projects\FlowdexMCP\node_modules\basic-ftp\dist\Client.js:496:13)
    at async getTreeRecursive (file:///C:/Users/steph/Documents/Git%20Projects/FlowdexMCP/index.js:628:17)
    at async file:///C:/Users/steph/Documents/Git%20Projects/FlowdexMCP/index.js:2074:20

[Fatal Tool Error] ftp_search: Error: None of the available transfer strategies work. Last error response was 'Error: Client is closed because Timeout (control socket)'.
    at Client.prepareTransfer (C:\Users\steph\Documents\Git Projects\FlowdexMCP\node_modules\basic-ftp\dist\Client.js:721:19)
    at async Client.list (C:\Users\steph\Documents\Git Projects\FlowdexMCP\node_modules\basic-ftp\dist\Client.js:496:13)
    at async getTreeRecursive (file:///C:/Users/steph/Documents/Git%20Projects/FlowdexMCP/index.js:628:17)
    at async file:///C:/Users/steph/Documents/Git%20Projects/FlowdexMCP/index.js:2074:20

[Fatal Tool Error] ftp_search: Error: None of the available transfer strategies work. Last error response was 'Error: Client is closed because Timeout (control socket)'.
    at Client.prepareTransfer (C:\Users\steph\Documents\Git Projects\FlowdexMCP\node_modules\basic-ftp\dist\Client.js:721:19)
    at async Client.list (C:\Users\steph\Documents\Git Projects\FlowdexMCP\node_modules\basic-ftp\dist\Client.js:496:13)
    at async getTreeRecursive (file:///C:/Users/steph/Documents/Git%20Projects/FlowdexMCP/index.js:628:17)
    at async file:///C:/Users/steph/Documents/Git%20Projects/FlowdexMCP/index.js:2074:20

[Fatal Tool Error] ftp_search: Error: None of the available transfer strategies work. Last error response was 'Error: Client is closed because Timeout (control socket)'.
    at Client.prepareTransfer (C:\Users\steph\Documents\Git Projects\FlowdexMCP\node_modules\basic-ftp\dist\Client.js:721:19)
    at async Client.list (C:\Users\steph\Documents\Git Projects\FlowdexMCP\node_modules\basic-ftp\dist\Client.js:496:13)
    at async getTreeRecursive (file:///C:/Users/steph/Documents/Git%20Projects/FlowdexMCP/index.js:628:17)
    at async file:///C:/Users/steph/Documents/Git%20Projects/FlowdexMCP/index.js:2074:20

[Fatal Tool Error] ftp_search: Error: None of the available transfer strategies work. Last error response was 'Error: Client is closed because Timeout (control socket)'.
    at Client.prepareTransfer (C:\Users\steph\Documents\Git Projects\FlowdexMCP\node_modules\basic-ftp\dist\Client.js:721:19)
    at async Client.list (C:\Users\steph\Documents\Git Projects\FlowdexMCP\node_modules\basic-ftp\dist\Client.js:496:13)
    at async getTreeRecursive (file:///C:/Users/steph/Documents/Git%20Projects/FlowdexMCP/index.js:628:17)
    at async file:///C:/Users/steph/Documents/Git%20Projects/FlowdexMCP/index.js:2074:20

[Fatal Tool Error] ftp_search: Error: None of the available transfer strategies work. Last error response was 'Error: Client is closed because Timeout (control socket)'.
    at Client.prepareTransfer (C:\Users\steph\Documents\Git Projects\FlowdexMCP\node_modules\basic-ftp\dist\Client.js:721:19)
    at async Client.list (C:\Users\steph\Documents\Git Projects\FlowdexMCP\node_modules\basic-ftp\dist\Client.js:496:13)
    at async getTreeRecursive (file:///C:/Users/steph/Documents/Git%20Projects/FlowdexMCP/index.js:628:17)
    at async file:///C:/Users/steph/Documents/Git%20Projects/FlowdexMCP/index.js:2074:20

[Fatal Tool Error] ftp_search: Error: None of the available transfer strategies work. Last error response was 'Error: Client is closed because Timeout (control socket)'.
    at Client.prepareTransfer (C:\Users\steph\Documents\Git Projects\FlowdexMCP\node_modules\basic-ftp\dist\Client.js:721:19)
    at async Client.list (C:\Users\steph\Documents\Git Projects\FlowdexMCP\node_modules\basic-ftp\dist\Client.js:496:13)
    at async getTreeRecursive (file:///C:/Users/steph/Documents/Git%20Projects/FlowdexMCP/index.js:628:17)
    at async file:///C:/Users/steph/Documents/Git%20Projects/FlowdexMCP/index.js:2074:20

[Fatal Tool Error] ftp_search: Error: None of the available transfer strategies work. Last error response was 'Error: Client is closed because Timeout (control socket)'.
    at Client.prepareTransfer (C:\Users\steph\Documents\Git Projects\FlowdexMCP\node_modules\basic-ftp\dist\Client.js:721:19)
    at async Client.list (C:\Users\steph\Documents\Git Projects\FlowdexMCP\node_modules\basic-ftp\dist\Client.js:496:13)
    at async getTreeRecursive (file:///C:/Users/steph/Documents/Git%20Projects/FlowdexMCP/index.js:628:17)
    at async file:///C:/Users/steph/Documents/Git%20Projects/FlowdexMCP/index.js:2074:20

[Fatal Tool Error] ftp_search: Error: None of the available transfer strategies work. Last error response was 'Error: Client is closed because Timeout (control socket)'.
    at Client.prepareTransfer (C:\Users\steph\Documents\Git Projects\FlowdexMCP\node_modules\basic-ftp\dist\Client.js:721:19)
    at async Client.list (C:\Users\steph\Documents\Git Projects\FlowdexMCP\node_modules\basic-ftp\dist\Client.js:496:13)
    at async getTreeRecursive (file:///C:/Users/steph/Documents/Git%20Projects/FlowdexMCP/index.js:628:17)
    at async file:///C:/Users/steph/Documents/Git%20Projects/FlowdexMCP/index.js:2074:20

[Fatal Tool Error] ftp_search: Error: None of the available transfer strategies work. Last error response was 'Error: Client is closed because Timeout (control socket)'.
    at Client.prepareTransfer (C:\Users\steph\Documents\Git Projects\FlowdexMCP\node_modules\basic-ftp\dist\Client.js:721:19)
    at async Client.list (C:\Users\steph\Documents\Git Projects\FlowdexMCP\node_modules\basic-ftp\dist\Client.js:496:13)
    at async getTreeRecursive (file:///C:/Users/steph/Documents/Git%20Projects/FlowdexMCP/index.js:628:17)
    at async file:///C:/Users/steph/Documents/Git%20Projects/FlowdexMCP/index.js:2074:20

[Fatal Tool Error] ftp_search: Error: None of the available transfer strategies work. Last error response was 'Error: Client is closed because Timeout (control socket)'.
    at Client.prepareTransfer (C:\Users\steph\Documents\Git Projects\FlowdexMCP\node_modules\basic-ftp\dist\Client.js:721:19)
    at async Client.list (C:\Users\steph\Documents\Git Projects\FlowdexMCP\node_modules\basic-ftp\dist\Client.js:496:13)
    at async getTreeRecursive (file:///C:/Users/steph/Documents/Git%20Projects/FlowdexMCP/index.js:628:17)
    at async file:///C:/Users/steph/Documents/Git%20Projects/FlowdexMCP/index.js:2074:20

[Fatal Tool Error] ftp_search: Error: None of the available transfer strategies work. Last error response was 'Error: Client is closed because Timeout (control socket)'.
    at Client.prepareTransfer (C:\Users\steph\Documents\Git Projects\FlowdexMCP\node_modules\basic-ftp\dist\Client.js:721:19)
    at async Client.list (C:\Users\steph\Documents\Git Projects\FlowdexMCP\node_modules\basic-ftp\dist\Client.js:496:13)
    at async getTreeRecursive (file:///C:/Users/steph/Documents/Git%20Projects/FlowdexMCP/index.js:628:17)
    at async file:///C:/Users/steph/Documents/Git%20Projects/FlowdexMCP/index.js:2074:20

[Fatal Tool Error] ftp_search: Error: None of the available transfer strategies work. Last error response was 'Error: Client is closed because Timeout (control socket)'.
    at Client.prepareTransfer (C:\Users\steph\Documents\Git Projects\FlowdexMCP\node_modules\basic-ftp\dist\Client.js:721:19)
    at async Client.list (C:\Users\steph\Documents\Git Projects\FlowdexMCP\node_modules\basic-ftp\dist\Client.js:496:13)
    at async getTreeRecursive (file:///C:/Users/steph/Documents/Git%20Projects/FlowdexMCP/index.js:628:17)
    at async file:///C:/Users/steph/Documents/Git%20Projects/FlowdexMCP/index.js:2074:20

[Fatal Tool Error] ftp_search: Error: None of the available transfer strategies work. Last error response was 'Error: Client is closed because Timeout (control socket)'.
    at Client.prepareTransfer (C:\Users\steph\Documents\Git Projects\FlowdexMCP\node_modules\basic-ftp\dist\Client.js:721:19)
    at async Client.list (C:\Users\steph\Documents\Git Projects\FlowdexMCP\node_modules\basic-ftp\dist\Client.js:496:13)
    at async getTreeRecursive (file:///C:/Users/steph/Documents/Git%20Projects/FlowdexMCP/index.js:628:17)
    at async file:///C:/Users/steph/Documents/Git%20Projects/FlowdexMCP/index.js:2074:20

[Fatal Tool Error] ftp_search: Error: None of the available transfer strategies work. Last error response was 'Error: Client is closed because Timeout (control socket)'.
    at Client.prepareTransfer (C:\Users\steph\Documents\Git Projects\FlowdexMCP\node_modules\basic-ftp\dist\Client.js:721:19)
    at async Client.list (C:\Users\steph\Documents\Git Projects\FlowdexMCP\node_modules\basic-ftp\dist\Client.js:496:13)
    at async getTreeRecursive (file:///C:/Users/steph/Documents/Git%20Projects/FlowdexMCP/index.js:628:17)
    at async file:///C:/Users/steph/Documents/Git%20Projects/FlowdexMCP/index.js:2074:20

[Fatal Tool Error] ftp_search: Error: None of the available transfer strategies work. Last error response was 'Error: Client is closed because Timeout (control socket)'.
    at Client.prepareTransfer (C:\Users\steph\Documents\Git Projects\FlowdexMCP\node_modules\basic-ftp\dist\Client.js:721:19)
    at async Client.list (C:\Users\steph\Documents\Git Projects\FlowdexMCP\node_modules\basic-ftp\dist\Client.js:496:13)
    at async getTreeRecursive (file:///C:/Users/steph/Documents/Git%20Projects/FlowdexMCP/index.js:628:17)
    at async file:///C:/Users/steph/Documents/Git%20Projects/FlowdexMCP/index.js:2074:20

[Fatal Tool Error] ftp_search: Error: None of the available transfer strategies work. Last error response was 'Error: Client is closed because Timeout (control socket)'.
    at Client.prepareTransfer (C:\Users\steph\Documents\Git Projects\FlowdexMCP\node_modules\basic-ftp\dist\Client.js:721:19)
    at async Client.list (C:\Users\steph\Documents\Git Projects\FlowdexMCP\node_modules\basic-ftp\dist\Client.js:496:13)
    at async getTreeRecursive (file:///C:/Users/steph/Documents/Git%20Projects/FlowdexMCP/index.js:628:17)
    at async file:///C:/Users/steph/Documents/Git%20Projects/FlowdexMCP/index.js:2074:20

[Fatal Tool Error] ftp_search: Error: None of the available transfer strategies work. Last error response was 'Error: Client is closed because Timeout (control socket)'.
    at Client.prepareTransfer (C:\Users\steph\Documents\Git Projects\FlowdexMCP\node_modules\basic-ftp\dist\Client.js:721:19)
    at async Client.list (C:\Users\steph\Documents\Git Projects\FlowdexMCP\node_modules\basic-ftp\dist\Client.js:496:13)
    at async getTreeRecursive (file:///C:/Users/steph/Documents/Git%20Projects/FlowdexMCP/index.js:628:17)
    at async file:///C:/Users/steph/Documents/Git%20Projects/FlowdexMCP/index.js:2074:20

[Fatal Tool Error] ftp_search: Error: None of the available transfer strategies work. Last error response was 'Error: Client is closed because Timeout (control socket)'.
    at Client.prepareTransfer (C:\Users\steph\Documents\Git Projects\FlowdexMCP\node_modules\basic-ftp\dist\Client.js:721:19)
    at async Client.list (C:\Users\steph\Documents\Git Projects\FlowdexMCP\node_modules\basic-ftp\dist\Client.js:496:13)
    at async getTreeRecursive (file:///C:/Users/steph/Documents/Git%20Projects/FlowdexMCP/index.js:628:17)
    at async file:///C:/Users/steph/Documents/Git%20Projects/FlowdexMCP/index.js:2074:20

[Fatal Tool Error] ftp_search: Error: None of the available transfer strategies work. Last error response was 'Error: Client is closed because Timeout (control socket)'.
    at Client.prepareTransfer (C:\Users\steph\Documents\Git Projects\FlowdexMCP\node_modules\basic-ftp\dist\Client.js:721:19)
    at async Client.list (C:\Users\steph\Documents\Git Projects\FlowdexMCP\node_modules\basic-ftp\dist\Client.js:496:13)
    at async getTreeRecursive (file:///C:/Users/steph/Documents/Git%20Projects/FlowdexMCP/index.js:628:17)
    at async file:///C:/Users/steph/Documents/Git%20Projects/FlowdexMCP/index.js:2074:20

[Fatal Tool Error] ftp_search: Error: None of the available transfer strategies work. Last error response was 'Error: Client is closed because Timeout (control socket)'.
    at Client.prepareTransfer (C:\Users\steph\Documents\Git Projects\FlowdexMCP\node_modules\basic-ftp\dist\Client.js:721:19)
    at async Client.list (C:\Users\steph\Documents\Git Projects\FlowdexMCP\node_modules\basic-ftp\dist\Client.js:496:13)
    at async getTreeRecursive (file:///C:/Users/steph/Documents/Git%20Projects/FlowdexMCP/index.js:628:17)
    at async file:///C:/Users/steph/Documents/Git%20Projects/FlowdexMCP/index.js:2074:20

[Fatal Tool Error] ftp_search: Error: None of the available transfer strategies work. Last error response was 'Error: Client is closed because Timeout (control socket)'.
    at Client.prepareTransfer (C:\Users\steph\Documents\Git Projects\FlowdexMCP\node_modules\basic-ftp\dist\Client.js:721:19)
    at async Client.list (C:\Users\steph\Documents\Git Projects\FlowdexMCP\node_modules\basic-ftp\dist\Client.js:496:13)
    at async getTreeRecursive (file:///C:/Users/steph/Documents/Git%20Projects/FlowdexMCP/index.js:628:17)
    at async file:///C:/Users/steph/Documents/Git%20Projects/FlowdexMCP/index.js:2074:20

[Fatal Tool Error] ftp_search: Error: None of the available transfer strategies work. Last error response was 'Error: Client is closed because Timeout (control socket)'.
    at Client.prepareTransfer (C:\Users\steph\Documents\Git Projects\FlowdexMCP\node_modules\basic-ftp\dist\Client.js:721:19)
    at async Client.list (C:\Users\steph\Documents\Git Projects\FlowdexMCP\node_modules\basic-ftp\dist\Client.js:496:13)
    at async getTreeRecursive (file:///C:/Users/steph/Documents/Git%20Projects/FlowdexMCP/index.js:628:17)
    at async file:///C:/Users/steph/Documents/Git%20Projects/FlowdexMCP/index.js:2074:20

[Fatal Tool Error] ftp_search: Error: None of the available transfer strategies work. Last error response was 'Error: Client is closed because Timeout (control socket)'.
    at Client.prepareTransfer (C:\Users\steph\Documents\Git Projects\FlowdexMCP\node_modules\basic-ftp\dist\Client.js:721:19)
    at async Client.list (C:\Users\steph\Documents\Git Projects\FlowdexMCP\node_modules\basic-ftp\dist\Client.js:496:13)
    at async getTreeRecursive (file:///C:/Users/steph/Documents/Git%20Projects/FlowdexMCP/index.js:628:17)
    at async file:///C:/Users/steph/Documents/Git%20Projects/FlowdexMCP/index.js:2074:20

[Fatal Tool Error] ftp_search: Error: None of the available transfer strategies work. Last error response was 'Error: Client is closed because Timeout (control socket)'.
    at Client.prepareTransfer (C:\Users\steph\Documents\Git Projects\FlowdexMCP\node_modules\basic-ftp\dist\Client.js:721:19)
    at async Client.list (C:\Users\steph\Documents\Git Projects\FlowdexMCP\node_modules\basic-ftp\dist\Client.js:496:13)
    at async getTreeRecursive (file:///C:/Users/steph/Documents/Git%20Projects/FlowdexMCP/index.js:628:17)
    at async file:///C:/Users/steph/Documents/Git%20Projects/FlowdexMCP/index.js:2074:20


stderr | Test/features.test.js > Enterprise Features & Edge Cases > Audit Fix #1/#13: Redundant ternary removal > should list files correctly (redundant ternary removed)
[Fatal Tool Error] ftp_list: Error: None of the available transfer strategies work. Last error response was 'Error: Client is closed because Timeout (control socket)'.
    at Client.prepareTransfer (C:\Users\steph\Documents\Git Projects\FlowdexMCP\node_modules\basic-ftp\dist\Client.js:721:19)
    at async Client.list (C:\Users\steph\Documents\Git Projects\FlowdexMCP\node_modules\basic-ftp\dist\Client.js:496:13)
    at async file:///C:/Users/steph/Documents/Git%20Projects/FlowdexMCP/index.js:1791:21

[Fatal Tool Error] ftp_list: Error: None of the available transfer strategies work. Last error response was 'Error: Client is closed because Timeout (control socket)'.
    at Client.prepareTransfer (C:\Users\steph\Documents\Git Projects\FlowdexMCP\node_modules\basic-ftp\dist\Client.js:721:19)
    at async Client.list (C:\Users\steph\Documents\Git Projects\FlowdexMCP\node_modules\basic-ftp\dist\Client.js:496:13)
    at async file:///C:/Users/steph/Documents/Git%20Projects/FlowdexMCP/index.js:1791:21

[Fatal Tool Error] ftp_list: Error: None of the available transfer strategies work. Last error response was 'Error: Client is closed because Timeout (control socket)'.
    at Client.prepareTransfer (C:\Users\steph\Documents\Git Projects\FlowdexMCP\node_modules\basic-ftp\dist\Client.js:721:19)
    at async Client.list (C:\Users\steph\Documents\Git Projects\FlowdexMCP\node_modules\basic-ftp\dist\Client.js:496:13)
    at async file:///C:/Users/steph/Documents/Git%20Projects/FlowdexMCP/index.js:1791:21

[Fatal Tool Error] ftp_list: Error: None of the available transfer strategies work. Last error response was 'Error: Client is closed because Timeout (control socket)'.
    at Client.prepareTransfer (C:\Users\steph\Documents\Git Projects\FlowdexMCP\node_modules\basic-ftp\dist\Client.js:721:19)
    at async Client.list (C:\Users\steph\Documents\Git Projects\FlowdexMCP\node_modules\basic-ftp\dist\Client.js:496:13)
    at async file:///C:/Users/steph/Documents/Git%20Projects/FlowdexMCP/index.js:1791:21

[Fatal Tool Error] ftp_list: Error: None of the available transfer strategies work. Last error response was 'Error: Client is closed because Timeout (control socket)'.
    at Client.prepareTransfer (C:\Users\steph\Documents\Git Projects\FlowdexMCP\node_modules\basic-ftp\dist\Client.js:721:19)
    at async Client.list (C:\Users\steph\Documents\Git Projects\FlowdexMCP\node_modules\basic-ftp\dist\Client.js:496:13)
    at async file:///C:/Users/steph/Documents/Git%20Projects/FlowdexMCP/index.js:1791:21

[Fatal Tool Error] ftp_list: Error: None of the available transfer strategies work. Last error response was 'Error: Client is closed because Timeout (control socket)'.
    at Client.prepareTransfer (C:\Users\steph\Documents\Git Projects\FlowdexMCP\node_modules\basic-ftp\dist\Client.js:721:19)
    at async Client.list (C:\Users\steph\Documents\Git Projects\FlowdexMCP\node_modules\basic-ftp\dist\Client.js:496:13)
    at async file:///C:/Users/steph/Documents/Git%20Projects/FlowdexMCP/index.js:1791:21

[Fatal Tool Error] ftp_list: Error: None of the available transfer strategies work. Last error response was 'Error: Client is closed because Timeout (control socket)'.
    at Client.prepareTransfer (C:\Users\steph\Documents\Git Projects\FlowdexMCP\node_modules\basic-ftp\dist\Client.js:721:19)
    at async Client.list (C:\Users\steph\Documents\Git Projects\FlowdexMCP\node_modules\basic-ftp\dist\Client.js:496:13)
    at async file:///C:/Users/steph/Documents/Git%20Projects/FlowdexMCP/index.js:1791:21

[Fatal Tool Error] ftp_list: Error: None of the available transfer strategies work. Last error response was 'Error: Client is closed because Timeout (control socket)'.
    at Client.prepareTransfer (C:\Users\steph\Documents\Git Projects\FlowdexMCP\node_modules\basic-ftp\dist\Client.js:721:19)
    at async Client.list (C:\Users\steph\Documents\Git Projects\FlowdexMCP\node_modules\basic-ftp\dist\Client.js:496:13)
    at async file:///C:/Users/steph/Documents/Git%20Projects/FlowdexMCP/index.js:1791:21

[Fatal Tool Error] ftp_list: Error: None of the available transfer strategies work. Last error response was 'Error: Client is closed because Timeout (control socket)'.
    at Client.prepareTransfer (C:\Users\steph\Documents\Git Projects\FlowdexMCP\node_modules\basic-ftp\dist\Client.js:721:19)
    at async Client.list (C:\Users\steph\Documents\Git Projects\FlowdexMCP\node_modules\basic-ftp\dist\Client.js:496:13)
    at async file:///C:/Users/steph/Documents/Git%20Projects/FlowdexMCP/index.js:1791:21

[Fatal Tool Error] ftp_list: Error: None of the available transfer strategies work. Last error response was 'Error: Client is closed because Timeout (control socket)'.
    at Client.prepareTransfer (C:\Users\steph\Documents\Git Projects\FlowdexMCP\node_modules\basic-ftp\dist\Client.js:721:19)
    at async Client.list (C:\Users\steph\Documents\Git Projects\FlowdexMCP\node_modules\basic-ftp\dist\Client.js:496:13)
    at async file:///C:/Users/steph/Documents/Git%20Projects/FlowdexMCP/index.js:1791:21

[Fatal Tool Error] ftp_list: Error: None of the available transfer strategies work. Last error response was 'Error: Client is closed because Timeout (control socket)'.
    at Client.prepareTransfer (C:\Users\steph\Documents\Git Projects\FlowdexMCP\node_modules\basic-ftp\dist\Client.js:721:19)
    at async Client.list (C:\Users\steph\Documents\Git Projects\FlowdexMCP\node_modules\basic-ftp\dist\Client.js:496:13)
    at async file:///C:/Users/steph/Documents/Git%20Projects/FlowdexMCP/index.js:1791:21

[Fatal Tool Error] ftp_list: Error: None of the available transfer strategies work. Last error response was 'Error: Client is closed because Timeout (control socket)'.
    at Client.prepareTransfer (C:\Users\steph\Documents\Git Projects\FlowdexMCP\node_modules\basic-ftp\dist\Client.js:721:19)
    at async Client.list (C:\Users\steph\Documents\Git Projects\FlowdexMCP\node_modules\basic-ftp\dist\Client.js:496:13)
    at async file:///C:/Users/steph/Documents/Git%20Projects/FlowdexMCP/index.js:1791:21

[Fatal Tool Error] ftp_list: Error: None of the available transfer strategies work. Last error response was 'Error: Client is closed because Timeout (control socket)'.
    at Client.prepareTransfer (C:\Users\steph\Documents\Git Projects\FlowdexMCP\node_modules\basic-ftp\dist\Client.js:721:19)
    at async Client.list (C:\Users\steph\Documents\Git Projects\FlowdexMCP\node_modules\basic-ftp\dist\Client.js:496:13)
    at async file:///C:/Users/steph/Documents/Git%20Projects/FlowdexMCP/index.js:1791:21

[Fatal Tool Error] ftp_list: Error: None of the available transfer strategies work. Last error response was 'Error: Client is closed because Timeout (control socket)'.
    at Client.prepareTransfer (C:\Users\steph\Documents\Git Projects\FlowdexMCP\node_modules\basic-ftp\dist\Client.js:721:19)
    at async Client.list (C:\Users\steph\Documents\Git Projects\FlowdexMCP\node_modules\basic-ftp\dist\Client.js:496:13)
    at async file:///C:/Users/steph/Documents/Git%20Projects/FlowdexMCP/index.js:1791:21

[Fatal Tool Error] ftp_list: Error: None of the available transfer strategies work. Last error response was 'Error: Client is closed because Timeout (control socket)'.
    at Client.prepareTransfer (C:\Users\steph\Documents\Git Projects\FlowdexMCP\node_modules\basic-ftp\dist\Client.js:721:19)
    at async Client.list (C:\Users\steph\Documents\Git Projects\FlowdexMCP\node_modules\basic-ftp\dist\Client.js:496:13)
    at async file:///C:/Users/steph/Documents/Git%20Projects/FlowdexMCP/index.js:1791:21

[Fatal Tool Error] ftp_list: Error: None of the available transfer strategies work. Last error response was 'Error: Client is closed because Timeout (control socket)'.
    at Client.prepareTransfer (C:\Users\steph\Documents\Git Projects\FlowdexMCP\node_modules\basic-ftp\dist\Client.js:721:19)
    at async Client.list (C:\Users\steph\Documents\Git Projects\FlowdexMCP\node_modules\basic-ftp\dist\Client.js:496:13)
    at async file:///C:/Users/steph/Documents/Git%20Projects/FlowdexMCP/index.js:1791:21

[Fatal Tool Error] ftp_list: Error: None of the available transfer strategies work. Last error response was 'Error: Client is closed because Timeout (control socket)'.
    at Client.prepareTransfer (C:\Users\steph\Documents\Git Projects\FlowdexMCP\node_modules\basic-ftp\dist\Client.js:721:19)
    at async Client.list (C:\Users\steph\Documents\Git Projects\FlowdexMCP\node_modules\basic-ftp\dist\Client.js:496:13)
    at async file:///C:/Users/steph/Documents/Git%20Projects/FlowdexMCP/index.js:1791:21

[Fatal Tool Error] ftp_list: Error: None of the available transfer strategies work. Last error response was 'Error: Client is closed because Timeout (control socket)'.
    at Client.prepareTransfer (C:\Users\steph\Documents\Git Projects\FlowdexMCP\node_modules\basic-ftp\dist\Client.js:721:19)
    at async Client.list (C:\Users\steph\Documents\Git Projects\FlowdexMCP\node_modules\basic-ftp\dist\Client.js:496:13)
    at async file:///C:/Users/steph/Documents/Git%20Projects/FlowdexMCP/index.js:1791:21

[Fatal Tool Error] ftp_list: Error: None of the available transfer strategies work. Last error response was 'Error: Client is closed because Timeout (control socket)'.
    at Client.prepareTransfer (C:\Users\steph\Documents\Git Projects\FlowdexMCP\node_modules\basic-ftp\dist\Client.js:721:19)
    at async Client.list (C:\Users\steph\Documents\Git Projects\FlowdexMCP\node_modules\basic-ftp\dist\Client.js:496:13)
    at async file:///C:/Users/steph/Documents/Git%20Projects/FlowdexMCP/index.js:1791:21

[Fatal Tool Error] ftp_list: Error: None of the available transfer strategies work. Last error response was 'Error: Client is closed because Timeout (control socket)'.
    at Client.prepareTransfer (C:\Users\steph\Documents\Git Projects\FlowdexMCP\node_modules\basic-ftp\dist\Client.js:721:19)
    at async Client.list (C:\Users\steph\Documents\Git Projects\FlowdexMCP\node_modules\basic-ftp\dist\Client.js:496:13)
    at async file:///C:/Users/steph/Documents/Git%20Projects/FlowdexMCP/index.js:1791:21

[Fatal Tool Error] ftp_list: Error: None of the available transfer strategies work. Last error response was 'Error: Client is closed because Timeout (control socket)'.
    at Client.prepareTransfer (C:\Users\steph\Documents\Git Projects\FlowdexMCP\node_modules\basic-ftp\dist\Client.js:721:19)
    at async Client.list (C:\Users\steph\Documents\Git Projects\FlowdexMCP\node_modules\basic-ftp\dist\Client.js:496:13)
    at async file:///C:/Users/steph/Documents/Git%20Projects/FlowdexMCP/index.js:1791:21

[Fatal Tool Error] ftp_list: Error: None of the available transfer strategies work. Last error response was 'Error: Client is closed because Timeout (control socket)'.
    at Client.prepareTransfer (C:\Users\steph\Documents\Git Projects\FlowdexMCP\node_modules\basic-ftp\dist\Client.js:721:19)
    at async Client.list (C:\Users\steph\Documents\Git Projects\FlowdexMCP\node_modules\basic-ftp\dist\Client.js:496:13)
    at async file:///C:/Users/steph/Documents/Git%20Projects/FlowdexMCP/index.js:1791:21

[Fatal Tool Error] ftp_list: Error: None of the available transfer strategies work. Last error response was 'Error: Client is closed because Timeout (control socket)'.
    at Client.prepareTransfer (C:\Users\steph\Documents\Git Projects\FlowdexMCP\node_modules\basic-ftp\dist\Client.js:721:19)
    at async Client.list (C:\Users\steph\Documents\Git Projects\FlowdexMCP\node_modules\basic-ftp\dist\Client.js:496:13)
    at async file:///C:/Users/steph/Documents/Git%20Projects/FlowdexMCP/index.js:1791:21

[Fatal Tool Error] ftp_list: Error: None of the available transfer strategies work. Last error response was 'Error: Client is closed because Timeout (control socket)'.
    at Client.prepareTransfer (C:\Users\steph\Documents\Git Projects\FlowdexMCP\node_modules\basic-ftp\dist\Client.js:721:19)
    at async Client.list (C:\Users\steph\Documents\Git Projects\FlowdexMCP\node_modules\basic-ftp\dist\Client.js:496:13)
    at async file:///C:/Users/steph/Documents/Git%20Projects/FlowdexMCP/index.js:1791:21

[Fatal Tool Error] ftp_list: Error: None of the available transfer strategies work. Last error response was 'Error: Client is closed because Timeout (control socket)'.
    at Client.prepareTransfer (C:\Users\steph\Documents\Git Projects\FlowdexMCP\node_modules\basic-ftp\dist\Client.js:721:19)
    at async Client.list (C:\Users\steph\Documents\Git Projects\FlowdexMCP\node_modules\basic-ftp\dist\Client.js:496:13)
    at async file:///C:/Users/steph/Documents/Git%20Projects/FlowdexMCP/index.js:1791:21

[Fatal Tool Error] ftp_list: Error: None of the available transfer strategies work. Last error response was 'Error: Client is closed because Timeout (control socket)'.
    at Client.prepareTransfer (C:\Users\steph\Documents\Git Projects\FlowdexMCP\node_modules\basic-ftp\dist\Client.js:721:19)
    at async Client.list (C:\Users\steph\Documents\Git Projects\FlowdexMCP\node_modules\basic-ftp\dist\Client.js:496:13)
    at async file:///C:/Users/steph/Documents/Git%20Projects/FlowdexMCP/index.js:1791:21

[Fatal Tool Error] ftp_list: Error: None of the available transfer strategies work. Last error response was 'Error: Client is closed because Timeout (control socket)'.
    at Client.prepareTransfer (C:\Users\steph\Documents\Git Projects\FlowdexMCP\node_modules\basic-ftp\dist\Client.js:721:19)
    at async Client.list (C:\Users\steph\Documents\Git Projects\FlowdexMCP\node_modules\basic-ftp\dist\Client.js:496:13)
    at async file:///C:/Users/steph/Documents/Git%20Projects/FlowdexMCP/index.js:1791:21

[Fatal Tool Error] ftp_list: Error: None of the available transfer strategies work. Last error response was 'Error: Client is closed because Timeout (control socket)'.
    at Client.prepareTransfer (C:\Users\steph\Documents\Git Projects\FlowdexMCP\node_modules\basic-ftp\dist\Client.js:721:19)
    at async Client.list (C:\Users\steph\Documents\Git Projects\FlowdexMCP\node_modules\basic-ftp\dist\Client.js:496:13)
    at async file:///C:/Users/steph/Documents/Git%20Projects/FlowdexMCP/index.js:1791:21

[Fatal Tool Error] ftp_list: Error: None of the available transfer strategies work. Last error response was 'Error: Client is closed because Timeout (control socket)'.
    at Client.prepareTransfer (C:\Users\steph\Documents\Git Projects\FlowdexMCP\node_modules\basic-ftp\dist\Client.js:721:19)
    at async Client.list (C:\Users\steph\Documents\Git Projects\FlowdexMCP\node_modules\basic-ftp\dist\Client.js:496:13)
    at async file:///C:/Users/steph/Documents/Git%20Projects/FlowdexMCP/index.js:1791:21

[Fatal Tool Error] ftp_list: Error: None of the available transfer strategies work. Last error response was 'Error: Client is closed because Timeout (control socket)'.
    at Client.prepareTransfer (C:\Users\steph\Documents\Git Projects\FlowdexMCP\node_modules\basic-ftp\dist\Client.js:721:19)
    at async Client.list (C:\Users\steph\Documents\Git Projects\FlowdexMCP\node_modules\basic-ftp\dist\Client.js:496:13)
    at async file:///C:/Users/steph/Documents/Git%20Projects/FlowdexMCP/index.js:1791:21

[Fatal Tool Error] ftp_list: Error: None of the available transfer strategies work. Last error response was 'Error: Client is closed because Timeout (control socket)'.
    at Client.prepareTransfer (C:\Users\steph\Documents\Git Projects\FlowdexMCP\node_modules\basic-ftp\dist\Client.js:721:19)
    at async Client.list (C:\Users\steph\Documents\Git Projects\FlowdexMCP\node_modules\basic-ftp\dist\Client.js:496:13)
    at async file:///C:/Users/steph/Documents/Git%20Projects/FlowdexMCP/index.js:1791:21

[Fatal Tool Error] ftp_list: Error: None of the available transfer strategies work. Last error response was 'Error: Client is closed because Timeout (control socket)'.
    at Client.prepareTransfer (C:\Users\steph\Documents\Git Projects\FlowdexMCP\node_modules\basic-ftp\dist\Client.js:721:19)
    at async Client.list (C:\Users\steph\Documents\Git Projects\FlowdexMCP\node_modules\basic-ftp\dist\Client.js:496:13)
    at async file:///C:/Users/steph/Documents/Git%20Projects/FlowdexMCP/index.js:1791:21

[Fatal Tool Error] ftp_list: Error: None of the available transfer strategies work. Last error response was 'Error: Client is closed because Timeout (control socket)'.
    at Client.prepareTransfer (C:\Users\steph\Documents\Git Projects\FlowdexMCP\node_modules\basic-ftp\dist\Client.js:721:19)
    at async Client.list (C:\Users\steph\Documents\Git Projects\FlowdexMCP\node_modules\basic-ftp\dist\Client.js:496:13)
    at async file:///C:/Users/steph/Documents/Git%20Projects/FlowdexMCP/index.js:1791:21

[Fatal Tool Error] ftp_list: Error: None of the available transfer strategies work. Last error response was 'Error: Client is closed because Timeout (control socket)'.
    at Client.prepareTransfer (C:\Users\steph\Documents\Git Projects\FlowdexMCP\node_modules\basic-ftp\dist\Client.js:721:19)
    at async Client.list (C:\Users\steph\Documents\Git Projects\FlowdexMCP\node_modules\basic-ftp\dist\Client.js:496:13)
    at async file:///C:/Users/steph/Documents/Git%20Projects/FlowdexMCP/index.js:1791:21

[Fatal Tool Error] ftp_list: Error: None of the available transfer strategies work. Last error response was 'Error: Client is closed because Timeout (control socket)'.
    at Client.prepareTransfer (C:\Users\steph\Documents\Git Projects\FlowdexMCP\node_modules\basic-ftp\dist\Client.js:721:19)
    at async Client.list (C:\Users\steph\Documents\Git Projects\FlowdexMCP\node_modules\basic-ftp\dist\Client.js:496:13)
    at async file:///C:/Users/steph/Documents/Git%20Projects/FlowdexMCP/index.js:1791:21

[Fatal Tool Error] ftp_list: Error: None of the available transfer strategies work. Last error response was 'Error: Client is closed because Timeout (control socket)'.
    at Client.prepareTransfer (C:\Users\steph\Documents\Git Projects\FlowdexMCP\node_modules\basic-ftp\dist\Client.js:721:19)
    at async Client.list (C:\Users\steph\Documents\Git Projects\FlowdexMCP\node_modules\basic-ftp\dist\Client.js:496:13)
    at async file:///C:/Users/steph/Documents/Git%20Projects/FlowdexMCP/index.js:1791:21

[Fatal Tool Error] ftp_list: Error: None of the available transfer strategies work. Last error response was 'Error: Client is closed because Timeout (control socket)'.
    at Client.prepareTransfer (C:\Users\steph\Documents\Git Projects\FlowdexMCP\node_modules\basic-ftp\dist\Client.js:721:19)
    at async Client.list (C:\Users\steph\Documents\Git Projects\FlowdexMCP\node_modules\basic-ftp\dist\Client.js:496:13)
    at async file:///C:/Users/steph/Documents/Git%20Projects/FlowdexMCP/index.js:1791:21

[Fatal Tool Error] ftp_list: Error: None of the available transfer strategies work. Last error response was 'Error: Client is closed because Timeout (control socket)'.
    at Client.prepareTransfer (C:\Users\steph\Documents\Git Projects\FlowdexMCP\node_modules\basic-ftp\dist\Client.js:721:19)
    at async Client.list (C:\Users\steph\Documents\Git Projects\FlowdexMCP\node_modules\basic-ftp\dist\Client.js:496:13)
    at async file:///C:/Users/steph/Documents/Git%20Projects/FlowdexMCP/index.js:1791:21

[Fatal Tool Error] ftp_list: Error: None of the available transfer strategies work. Last error response was 'Error: Client is closed because Timeout (control socket)'.
    at Client.prepareTransfer (C:\Users\steph\Documents\Git Projects\FlowdexMCP\node_modules\basic-ftp\dist\Client.js:721:19)
    at async Client.list (C:\Users\steph\Documents\Git Projects\FlowdexMCP\node_modules\basic-ftp\dist\Client.js:496:13)
    at async file:///C:/Users/steph/Documents/Git%20Projects/FlowdexMCP/index.js:1791:21

[Fatal Tool Error] ftp_list: Error: None of the available transfer strategies work. Last error response was 'Error: Client is closed because Timeout (control socket)'.
    at Client.prepareTransfer (C:\Users\steph\Documents\Git Projects\FlowdexMCP\node_modules\basic-ftp\dist\Client.js:721:19)
    at async Client.list (C:\Users\steph\Documents\Git Projects\FlowdexMCP\node_modules\basic-ftp\dist\Client.js:496:13)
    at async file:///C:/Users/steph/Documents/Git%20Projects/FlowdexMCP/index.js:1791:21

[Fatal Tool Error] ftp_list: Error: None of the available transfer strategies work. Last error response was 'Error: Client is closed because Timeout (control socket)'.
    at Client.prepareTransfer (C:\Users\steph\Documents\Git Projects\FlowdexMCP\node_modules\basic-ftp\dist\Client.js:721:19)
    at async Client.list (C:\Users\steph\Documents\Git Projects\FlowdexMCP\node_modules\basic-ftp\dist\Client.js:496:13)
    at async file:///C:/Users/steph/Documents/Git%20Projects/FlowdexMCP/index.js:1791:21

[Fatal Tool Error] ftp_list: Error: None of the available transfer strategies work. Last error response was 'Error: Client is closed because Timeout (control socket)'.
    at Client.prepareTransfer (C:\Users\steph\Documents\Git Projects\FlowdexMCP\node_modules\basic-ftp\dist\Client.js:721:19)
    at async Client.list (C:\Users\steph\Documents\Git Projects\FlowdexMCP\node_modules\basic-ftp\dist\Client.js:496:13)
    at async file:///C:/Users/steph/Documents/Git%20Projects/FlowdexMCP/index.js:1791:21

[Fatal Tool Error] ftp_list: Error: None of the available transfer strategies work. Last error response was 'Error: Client is closed because Timeout (control socket)'.
    at Client.prepareTransfer (C:\Users\steph\Documents\Git Projects\FlowdexMCP\node_modules\basic-ftp\dist\Client.js:721:19)
    at async Client.list (C:\Users\steph\Documents\Git Projects\FlowdexMCP\node_modules\basic-ftp\dist\Client.js:496:13)
    at async file:///C:/Users/steph/Documents/Git%20Projects/FlowdexMCP/index.js:1791:21

[Fatal Tool Error] ftp_list: Error: None of the available transfer strategies work. Last error response was 'Error: Client is closed because Timeout (control socket)'.
    at Client.prepareTransfer (C:\Users\steph\Documents\Git Projects\FlowdexMCP\node_modules\basic-ftp\dist\Client.js:721:19)
    at async Client.list (C:\Users\steph\Documents\Git Projects\FlowdexMCP\node_modules\basic-ftp\dist\Client.js:496:13)
    at async file:///C:/Users/steph/Documents/Git%20Projects/FlowdexMCP/index.js:1791:21

[Fatal Tool Error] ftp_list: Error: None of the available transfer strategies work. Last error response was 'Error: Client is closed because Timeout (control socket)'.
    at Client.prepareTransfer (C:\Users\steph\Documents\Git Projects\FlowdexMCP\node_modules\basic-ftp\dist\Client.js:721:19)
    at async Client.list (C:\Users\steph\Documents\Git Projects\FlowdexMCP\node_modules\basic-ftp\dist\Client.js:496:13)
    at async file:///C:/Users/steph/Documents/Git%20Projects/FlowdexMCP/index.js:1791:21

[Fatal Tool Error] ftp_list: Error: None of the available transfer strategies work. Last error response was 'Error: Client is closed because Timeout (control socket)'.
    at Client.prepareTransfer (C:\Users\steph\Documents\Git Projects\FlowdexMCP\node_modules\basic-ftp\dist\Client.js:721:19)
    at async Client.list (C:\Users\steph\Documents\Git Projects\FlowdexMCP\node_modules\basic-ftp\dist\Client.js:496:13)
    at async file:///C:/Users/steph/Documents/Git%20Projects/FlowdexMCP/index.js:1791:21

[Fatal Tool Error] ftp_list: Error: None of the available transfer strategies work. Last error response was 'Error: Client is closed because Timeout (control socket)'.
    at Client.prepareTransfer (C:\Users\steph\Documents\Git Projects\FlowdexMCP\node_modules\basic-ftp\dist\Client.js:721:19)
    at async Client.list (C:\Users\steph\Documents\Git Projects\FlowdexMCP\node_modules\basic-ftp\dist\Client.js:496:13)
    at async file:///C:/Users/steph/Documents/Git%20Projects/FlowdexMCP/index.js:1791:21

[Fatal Tool Error] ftp_list: Error: None of the available transfer strategies work. Last error response was 'Error: Client is closed because Timeout (control socket)'.
    at Client.prepareTransfer (C:\Users\steph\Documents\Git Projects\FlowdexMCP\node_modules\basic-ftp\dist\Client.js:721:19)
    at async Client.list (C:\Users\steph\Documents\Git Projects\FlowdexMCP\node_modules\basic-ftp\dist\Client.js:496:13)
    at async file:///C:/Users/steph/Documents/Git%20Projects/FlowdexMCP/index.js:1791:21

[Fatal Tool Error] ftp_list: Error: None of the available transfer strategies work. Last error response was 'Error: Client is closed because Timeout (control socket)'.
    at Client.prepareTransfer (C:\Users\steph\Documents\Git Projects\FlowdexMCP\node_modules\basic-ftp\dist\Client.js:721:19)
    at async Client.list (C:\Users\steph\Documents\Git Projects\FlowdexMCP\node_modules\basic-ftp\dist\Client.js:496:13)
    at async file:///C:/Users/steph/Documents/Git%20Projects/FlowdexMCP/index.js:1791:21

[Fatal Tool Error] ftp_list: Error: None of the available transfer strategies work. Last error response was 'Error: Client is closed because Timeout (control socket)'.
    at Client.prepareTransfer (C:\Users\steph\Documents\Git Projects\FlowdexMCP\node_modules\basic-ftp\dist\Client.js:721:19)
    at async Client.list (C:\Users\steph\Documents\Git Projects\FlowdexMCP\node_modules\basic-ftp\dist\Client.js:496:13)
    at async file:///C:/Users/steph/Documents/Git%20Projects/FlowdexMCP/index.js:1791:21

[Fatal Tool Error] ftp_list: Error: None of the available transfer strategies work. Last error response was 'Error: Client is closed because Timeout (control socket)'.
    at Client.prepareTransfer (C:\Users\steph\Documents\Git Projects\FlowdexMCP\node_modules\basic-ftp\dist\Client.js:721:19)
    at async Client.list (C:\Users\steph\Documents\Git Projects\FlowdexMCP\node_modules\basic-ftp\dist\Client.js:496:13)
    at async file:///C:/Users/steph/Documents/Git%20Projects/FlowdexMCP/index.js:1791:21

[Fatal Tool Error] ftp_list: Error: None of the available transfer strategies work. Last error response was 'Error: Client is closed because Timeout (control socket)'.
    at Client.prepareTransfer (C:\Users\steph\Documents\Git Projects\FlowdexMCP\node_modules\basic-ftp\dist\Client.js:721:19)
    at async Client.list (C:\Users\steph\Documents\Git Projects\FlowdexMCP\node_modules\basic-ftp\dist\Client.js:496:13)
    at async file:///C:/Users/steph/Documents/Git%20Projects/FlowdexMCP/index.js:1791:21

[Fatal Tool Error] ftp_list: Error: None of the available transfer strategies work. Last error response was 'Error: Client is closed because Timeout (control socket)'.
    at Client.prepareTransfer (C:\Users\steph\Documents\Git Projects\FlowdexMCP\node_modules\basic-ftp\dist\Client.js:721:19)
    at async Client.list (C:\Users\steph\Documents\Git Projects\FlowdexMCP\node_modules\basic-ftp\dist\Client.js:496:13)
    at async file:///C:/Users/steph/Documents/Git%20Projects/FlowdexMCP/index.js:1791:21

[Fatal Tool Error] ftp_list: Error: None of the available transfer strategies work. Last error response was 'Error: Client is closed because Timeout (control socket)'.
    at Client.prepareTransfer (C:\Users\steph\Documents\Git Projects\FlowdexMCP\node_modules\basic-ftp\dist\Client.js:721:19)
    at async Client.list (C:\Users\steph\Documents\Git Projects\FlowdexMCP\node_modules\basic-ftp\dist\Client.js:496:13)
    at async file:///C:/Users/steph/Documents/Git%20Projects/FlowdexMCP/index.js:1791:21

[Fatal Tool Error] ftp_list: Error: None of the available transfer strategies work. Last error response was 'Error: Client is closed because Timeout (control socket)'.
    at Client.prepareTransfer (C:\Users\steph\Documents\Git Projects\FlowdexMCP\node_modules\basic-ftp\dist\Client.js:721:19)
    at async Client.list (C:\Users\steph\Documents\Git Projects\FlowdexMCP\node_modules\basic-ftp\dist\Client.js:496:13)
    at async file:///C:/Users/steph/Documents/Git%20Projects/FlowdexMCP/index.js:1791:21

[Fatal Tool Error] ftp_list: Error: None of the available transfer strategies work. Last error response was 'Error: Client is closed because Timeout (control socket)'.
    at Client.prepareTransfer (C:\Users\steph\Documents\Git Projects\FlowdexMCP\node_modules\basic-ftp\dist\Client.js:721:19)
    at async Client.list (C:\Users\steph\Documents\Git Projects\FlowdexMCP\node_modules\basic-ftp\dist\Client.js:496:13)
    at async file:///C:/Users/steph/Documents/Git%20Projects/FlowdexMCP/index.js:1791:21

[Fatal Tool Error] ftp_list: Error: None of the available transfer strategies work. Last error response was 'Error: Client is closed because Timeout (control socket)'.
    at Client.prepareTransfer (C:\Users\steph\Documents\Git Projects\FlowdexMCP\node_modules\basic-ftp\dist\Client.js:721:19)
    at async Client.list (C:\Users\steph\Documents\Git Projects\FlowdexMCP\node_modules\basic-ftp\dist\Client.js:496:13)
    at async file:///C:/Users/steph/Documents/Git%20Projects/FlowdexMCP/index.js:1791:21

[Fatal Tool Error] ftp_list: Error: None of the available transfer strategies work. Last error response was 'Error: Client is closed because Timeout (control socket)'.
    at Client.prepareTransfer (C:\Users\steph\Documents\Git Projects\FlowdexMCP\node_modules\basic-ftp\dist\Client.js:721:19)
    at async Client.list (C:\Users\steph\Documents\Git Projects\FlowdexMCP\node_modules\basic-ftp\dist\Client.js:496:13)
    at async file:///C:/Users/steph/Documents/Git%20Projects/FlowdexMCP/index.js:1791:21

[Fatal Tool Error] ftp_list: Error: None of the available transfer strategies work. Last error response was 'Error: Client is closed because Timeout (control socket)'.
    at Client.prepareTransfer (C:\Users\steph\Documents\Git Projects\FlowdexMCP\node_modules\basic-ftp\dist\Client.js:721:19)
    at async Client.list (C:\Users\steph\Documents\Git Projects\FlowdexMCP\node_modules\basic-ftp\dist\Client.js:496:13)
    at async file:///C:/Users/steph/Documents/Git%20Projects/FlowdexMCP/index.js:1791:21

[Fatal Tool Error] ftp_list: Error: None of the available transfer strategies work. Last error response was 'Error: Client is closed because Timeout (control socket)'.
    at Client.prepareTransfer (C:\Users\steph\Documents\Git Projects\FlowdexMCP\node_modules\basic-ftp\dist\Client.js:721:19)
    at async Client.list (C:\Users\steph\Documents\Git Projects\FlowdexMCP\node_modules\basic-ftp\dist\Client.js:496:13)
    at async file:///C:/Users/steph/Documents/Git%20Projects/FlowdexMCP/index.js:1791:21

[Fatal Tool Error] ftp_list: Error: None of the available transfer strategies work. Last error response was 'Error: Client is closed because Timeout (control socket)'.
    at Client.prepareTransfer (C:\Users\steph\Documents\Git Projects\FlowdexMCP\node_modules\basic-ftp\dist\Client.js:721:19)
    at async Client.list (C:\Users\steph\Documents\Git Projects\FlowdexMCP\node_modules\basic-ftp\dist\Client.js:496:13)
    at async file:///C:/Users/steph/Documents/Git%20Projects/FlowdexMCP/index.js:1791:21

[Fatal Tool Error] ftp_list: Error: None of the available transfer strategies work. Last error response was 'Error: Client is closed because Timeout (control socket)'.
    at Client.prepareTransfer (C:\Users\steph\Documents\Git Projects\FlowdexMCP\node_modules\basic-ftp\dist\Client.js:721:19)
    at async Client.list (C:\Users\steph\Documents\Git Projects\FlowdexMCP\node_modules\basic-ftp\dist\Client.js:496:13)
    at async file:///C:/Users/steph/Documents/Git%20Projects/FlowdexMCP/index.js:1791:21

[Fatal Tool Error] ftp_list: Error: None of the available transfer strategies work. Last error response was 'Error: Client is closed because Timeout (control socket)'.
    at Client.prepareTransfer (C:\Users\steph\Documents\Git Projects\FlowdexMCP\node_modules\basic-ftp\dist\Client.js:721:19)
    at async Client.list (C:\Users\steph\Documents\Git Projects\FlowdexMCP\node_modules\basic-ftp\dist\Client.js:496:13)
    at async file:///C:/Users/steph/Documents/Git%20Projects/FlowdexMCP/index.js:1791:21

[Fatal Tool Error] ftp_list: Error: None of the available transfer strategies work. Last error response was 'Error: Client is closed because Timeout (control socket)'.
    at Client.prepareTransfer (C:\Users\steph\Documents\Git Projects\FlowdexMCP\node_modules\basic-ftp\dist\Client.js:721:19)
    at async Client.list (C:\Users\steph\Documents\Git Projects\FlowdexMCP\node_modules\basic-ftp\dist\Client.js:496:13)
    at async file:///C:/Users/steph/Documents/Git%20Projects/FlowdexMCP/index.js:1791:21

[Fatal Tool Error] ftp_list: Error: None of the available transfer strategies work. Last error response was 'Error: Client is closed because Timeout (control socket)'.
    at Client.prepareTransfer (C:\Users\steph\Documents\Git Projects\FlowdexMCP\node_modules\basic-ftp\dist\Client.js:721:19)
    at async Client.list (C:\Users\steph\Documents\Git Projects\FlowdexMCP\node_modules\basic-ftp\dist\Client.js:496:13)
    at async file:///C:/Users/steph/Documents/Git%20Projects/FlowdexMCP/index.js:1791:21

[Fatal Tool Error] ftp_list: Error: None of the available transfer strategies work. Last error response was 'Error: Client is closed because Timeout (control socket)'.
    at Client.prepareTransfer (C:\Users\steph\Documents\Git Projects\FlowdexMCP\node_modules\basic-ftp\dist\Client.js:721:19)
    at async Client.list (C:\Users\steph\Documents\Git Projects\FlowdexMCP\node_modules\basic-ftp\dist\Client.js:496:13)
    at async file:///C:/Users/steph/Documents/Git%20Projects/FlowdexMCP/index.js:1791:21

[Fatal Tool Error] ftp_list: Error: None of the available transfer strategies work. Last error response was 'Error: Client is closed because Timeout (control socket)'.
    at Client.prepareTransfer (C:\Users\steph\Documents\Git Projects\FlowdexMCP\node_modules\basic-ftp\dist\Client.js:721:19)
    at async Client.list (C:\Users\steph\Documents\Git Projects\FlowdexMCP\node_modules\basic-ftp\dist\Client.js:496:13)
    at async file:///C:/Users/steph/Documents/Git%20Projects/FlowdexMCP/index.js:1791:21

[Fatal Tool Error] ftp_list: Error: None of the available transfer strategies work. Last error response was 'Error: Client is closed because Timeout (control socket)'.
    at Client.prepareTransfer (C:\Users\steph\Documents\Git Projects\FlowdexMCP\node_modules\basic-ftp\dist\Client.js:721:19)
    at async Client.list (C:\Users\steph\Documents\Git Projects\FlowdexMCP\node_modules\basic-ftp\dist\Client.js:496:13)
    at async file:///C:/Users/steph/Documents/Git%20Projects/FlowdexMCP/index.js:1791:21

[Fatal Tool Error] ftp_list: Error: None of the available transfer strategies work. Last error response was 'Error: Client is closed because Timeout (control socket)'.
    at Client.prepareTransfer (C:\Users\steph\Documents\Git Projects\FlowdexMCP\node_modules\basic-ftp\dist\Client.js:721:19)
    at async Client.list (C:\Users\steph\Documents\Git Projects\FlowdexMCP\node_modules\basic-ftp\dist\Client.js:496:13)
    at async file:///C:/Users/steph/Documents/Git%20Projects/FlowdexMCP/index.js:1791:21


stderr | Test/features.test.js > Enterprise Features & Edge Cases > Audit Fix #1/#13: Redundant ternary removal > should rename files correctly (redundant branch removed)
[Fatal Tool Error] ftp_rename: Error: Client is closed because Timeout (control socket)
    at C:\Users\steph\Documents\Git Projects\FlowdexMCP\node_modules\basic-ftp\dist\FtpContext.js:228:29
    at new Promise (<anonymous>)
    at FTPContext.handle (C:\Users\steph\Documents\Git Projects\FlowdexMCP\node_modules\basic-ftp\dist\FtpContext.js:210:16)
    at FTPContext.request (C:\Users\steph\Documents\Git Projects\FlowdexMCP\node_modules\basic-ftp\dist\FtpContext.js:188:21)
    at Client.send (C:\Users\steph\Documents\Git Projects\FlowdexMCP\node_modules\basic-ftp\dist\Client.js:122:25)
    at Client.rename (C:\Users\steph\Documents\Git Projects\FlowdexMCP\node_modules\basic-ftp\dist\Client.js:318:20)
    at async file:///C:/Users/steph/Documents/Git%20Projects/FlowdexMCP/index.js:2614:11
Closing reason: Error: Timeout (control socket)
    at Socket.<anonymous> (C:\Users\steph\Documents\Git Projects\FlowdexMCP\node_modules\basic-ftp\dist\FtpContext.js:319:33)
    at Object.onceWrapper (node:events:632:28)
    at Socket.emit (node:events:518:28)
    at Socket._onTimeout (node:net:609:8)
    at listOnTimeout (node:internal/timers:588:17)
    at process.processTimers (node:internal/timers:523:7) {
  code: '0'
}

[Fatal Tool Error] ftp_rename: Error: Client is closed because Timeout (control socket)
    at C:\Users\steph\Documents\Git Projects\FlowdexMCP\node_modules\basic-ftp\dist\FtpContext.js:228:29
    at new Promise (<anonymous>)
    at FTPContext.handle (C:\Users\steph\Documents\Git Projects\FlowdexMCP\node_modules\basic-ftp\dist\FtpContext.js:210:16)
    at FTPContext.request (C:\Users\steph\Documents\Git Projects\FlowdexMCP\node_modules\basic-ftp\dist\FtpContext.js:188:21)
    at Client.send (C:\Users\steph\Documents\Git Projects\FlowdexMCP\node_modules\basic-ftp\dist\Client.js:122:25)
    at Client.rename (C:\Users\steph\Documents\Git Projects\FlowdexMCP\node_modules\basic-ftp\dist\Client.js:318:20)
    at async file:///C:/Users/steph/Documents/Git%20Projects/FlowdexMCP/index.js:2614:11
Closing reason: Error: Timeout (control socket)
    at Socket.<anonymous> (C:\Users\steph\Documents\Git Projects\FlowdexMCP\node_modules\basic-ftp\dist\FtpContext.js:319:33)
    at Object.onceWrapper (node:events:632:28)
    at Socket.emit (node:events:518:28)
    at Socket._onTimeout (node:net:609:8)
    at listOnTimeout (node:internal/timers:588:17)
    at process.processTimers (node:internal/timers:523:7) {
  code: '0'
}

[Fatal Tool Error] ftp_rename: Error: Client is closed because Timeout (control socket)
    at C:\Users\steph\Documents\Git Projects\FlowdexMCP\node_modules\basic-ftp\dist\FtpContext.js:228:29
    at new Promise (<anonymous>)
    at FTPContext.handle (C:\Users\steph\Documents\Git Projects\FlowdexMCP\node_modules\basic-ftp\dist\FtpContext.js:210:16)
    at FTPContext.request (C:\Users\steph\Documents\Git Projects\FlowdexMCP\node_modules\basic-ftp\dist\FtpContext.js:188:21)
    at Client.send (C:\Users\steph\Documents\Git Projects\FlowdexMCP\node_modules\basic-ftp\dist\Client.js:122:25)
    at Client.rename (C:\Users\steph\Documents\Git Projects\FlowdexMCP\node_modules\basic-ftp\dist\Client.js:318:20)
    at async file:///C:/Users/steph/Documents/Git%20Projects/FlowdexMCP/index.js:2614:11
Closing reason: Error: Timeout (control socket)
    at Socket.<anonymous> (C:\Users\steph\Documents\Git Projects\FlowdexMCP\node_modules\basic-ftp\dist\FtpContext.js:319:33)
    at Object.onceWrapper (node:events:632:28)
    at Socket.emit (node:events:518:28)
    at Socket._onTimeout (node:net:609:8)
    at listOnTimeout (node:internal/timers:588:17)
    at process.processTimers (node:internal/timers:523:7) {
  code: '0'
}

[Fatal Tool Error] ftp_rename: Error: Client is closed because Timeout (control socket)
    at C:\Users\steph\Documents\Git Projects\FlowdexMCP\node_modules\basic-ftp\dist\FtpContext.js:228:29
    at new Promise (<anonymous>)
    at FTPContext.handle (C:\Users\steph\Documents\Git Projects\FlowdexMCP\node_modules\basic-ftp\dist\FtpContext.js:210:16)
    at FTPContext.request (C:\Users\steph\Documents\Git Projects\FlowdexMCP\node_modules\basic-ftp\dist\FtpContext.js:188:21)
    at Client.send (C:\Users\steph\Documents\Git Projects\FlowdexMCP\node_modules\basic-ftp\dist\Client.js:122:25)
    at Client.rename (C:\Users\steph\Documents\Git Projects\FlowdexMCP\node_modules\basic-ftp\dist\Client.js:318:20)
    at async file:///C:/Users/steph/Documents/Git%20Projects/FlowdexMCP/index.js:2614:11
Closing reason: Error: Timeout (control socket)
    at Socket.<anonymous> (C:\Users\steph\Documents\Git Projects\FlowdexMCP\node_modules\basic-ftp\dist\FtpContext.js:319:33)
    at Object.onceWrapper (node:events:632:28)
    at Socket.emit (node:events:518:28)
    at Socket._onTimeout (node:net:609:8)
    at listOnTimeout (node:internal/timers:588:17)
    at process.processTimers (node:internal/timers:523:7) {
  code: '0'
}

[Fatal Tool Error] ftp_rename: Error: Client is closed because Timeout (control socket)
    at C:\Users\steph\Documents\Git Projects\FlowdexMCP\node_modules\basic-ftp\dist\FtpContext.js:228:29
    at new Promise (<anonymous>)
    at FTPContext.handle (C:\Users\steph\Documents\Git Projects\FlowdexMCP\node_modules\basic-ftp\dist\FtpContext.js:210:16)
    at FTPContext.request (C:\Users\steph\Documents\Git Projects\FlowdexMCP\node_modules\basic-ftp\dist\FtpContext.js:188:21)
    at Client.send (C:\Users\steph\Documents\Git Projects\FlowdexMCP\node_modules\basic-ftp\dist\Client.js:122:25)
    at Client.rename (C:\Users\steph\Documents\Git Projects\FlowdexMCP\node_modules\basic-ftp\dist\Client.js:318:20)
    at async file:///C:/Users/steph/Documents/Git%20Projects/FlowdexMCP/index.js:2614:11
Closing reason: Error: Timeout (control socket)
    at Socket.<anonymous> (C:\Users\steph\Documents\Git Projects\FlowdexMCP\node_modules\basic-ftp\dist\FtpContext.js:319:33)
    at Object.onceWrapper (node:events:632:28)
    at Socket.emit (node:events:518:28)
    at Socket._onTimeout (node:net:609:8)
    at listOnTimeout (node:internal/timers:588:17)
    at process.processTimers (node:internal/timers:523:7) {
  code: '0'
}

[Fatal Tool Error] ftp_rename: Error: Client is closed because Timeout (control socket)
    at C:\Users\steph\Documents\Git Projects\FlowdexMCP\node_modules\basic-ftp\dist\FtpContext.js:228:29
    at new Promise (<anonymous>)
    at FTPContext.handle (C:\Users\steph\Documents\Git Projects\FlowdexMCP\node_modules\basic-ftp\dist\FtpContext.js:210:16)
    at FTPContext.request (C:\Users\steph\Documents\Git Projects\FlowdexMCP\node_modules\basic-ftp\dist\FtpContext.js:188:21)
    at Client.send (C:\Users\steph\Documents\Git Projects\FlowdexMCP\node_modules\basic-ftp\dist\Client.js:122:25)
    at Client.rename (C:\Users\steph\Documents\Git Projects\FlowdexMCP\node_modules\basic-ftp\dist\Client.js:318:20)
    at async file:///C:/Users/steph/Documents/Git%20Projects/FlowdexMCP/index.js:2614:11
Closing reason: Error: Timeout (control socket)
    at Socket.<anonymous> (C:\Users\steph\Documents\Git Projects\FlowdexMCP\node_modules\basic-ftp\dist\FtpContext.js:319:33)
    at Object.onceWrapper (node:events:632:28)
    at Socket.emit (node:events:518:28)
    at Socket._onTimeout (node:net:609:8)
    at listOnTimeout (node:internal/timers:588:17)
    at process.processTimers (node:internal/timers:523:7) {
  code: '0'
}

[Fatal Tool Error] ftp_rename: Error: Client is closed because Timeout (control socket)
    at C:\Users\steph\Documents\Git Projects\FlowdexMCP\node_modules\basic-ftp\dist\FtpContext.js:228:29
    at new Promise (<anonymous>)
    at FTPContext.handle (C:\Users\steph\Documents\Git Projects\FlowdexMCP\node_modules\basic-ftp\dist\FtpContext.js:210:16)
    at FTPContext.request (C:\Users\steph\Documents\Git Projects\FlowdexMCP\node_modules\basic-ftp\dist\FtpContext.js:188:21)
    at Client.send (C:\Users\steph\Documents\Git Projects\FlowdexMCP\node_modules\basic-ftp\dist\Client.js:122:25)
    at Client.rename (C:\Users\steph\Documents\Git Projects\FlowdexMCP\node_modules\basic-ftp\dist\Client.js:318:20)
    at async file:///C:/Users/steph/Documents/Git%20Projects/FlowdexMCP/index.js:2614:11
Closing reason: Error: Timeout (control socket)
    at Socket.<anonymous> (C:\Users\steph\Documents\Git Projects\FlowdexMCP\node_modules\basic-ftp\dist\FtpContext.js:319:33)
    at Object.onceWrapper (node:events:632:28)
    at Socket.emit (node:events:518:28)
    at Socket._onTimeout (node:net:609:8)
    at listOnTimeout (node:internal/timers:588:17)
    at process.processTimers (node:internal/timers:523:7) {
  code: '0'
}

[Fatal Tool Error] ftp_rename: Error: Client is closed because Timeout (control socket)
    at C:\Users\steph\Documents\Git Projects\FlowdexMCP\node_modules\basic-ftp\dist\FtpContext.js:228:29
    at new Promise (<anonymous>)
    at FTPContext.handle (C:\Users\steph\Documents\Git Projects\FlowdexMCP\node_modules\basic-ftp\dist\FtpContext.js:210:16)
    at FTPContext.request (C:\Users\steph\Documents\Git Projects\FlowdexMCP\node_modules\basic-ftp\dist\FtpContext.js:188:21)
    at Client.send (C:\Users\steph\Documents\Git Projects\FlowdexMCP\node_modules\basic-ftp\dist\Client.js:122:25)
    at Client.rename (C:\Users\steph\Documents\Git Projects\FlowdexMCP\node_modules\basic-ftp\dist\Client.js:318:20)
    at async file:///C:/Users/steph/Documents/Git%20Projects/FlowdexMCP/index.js:2614:11
Closing reason: Error: Timeout (control socket)
    at Socket.<anonymous> (C:\Users\steph\Documents\Git Projects\FlowdexMCP\node_modules\basic-ftp\dist\FtpContext.js:319:33)
    at Object.onceWrapper (node:events:632:28)
    at Socket.emit (node:events:518:28)
    at Socket._onTimeout (node:net:609:8)
    at listOnTimeout (node:internal/timers:588:17)
    at process.processTimers (node:internal/timers:523:7) {
  code: '0'
}

[Fatal Tool Error] ftp_rename: Error: Client is closed because Timeout (control socket)
    at C:\Users\steph\Documents\Git Projects\FlowdexMCP\node_modules\basic-ftp\dist\FtpContext.js:228:29
    at new Promise (<anonymous>)
    at FTPContext.handle (C:\Users\steph\Documents\Git Projects\FlowdexMCP\node_modules\basic-ftp\dist\FtpContext.js:210:16)
    at FTPContext.request (C:\Users\steph\Documents\Git Projects\FlowdexMCP\node_modules\basic-ftp\dist\FtpContext.js:188:21)
    at Client.send (C:\Users\steph\Documents\Git Projects\FlowdexMCP\node_modules\basic-ftp\dist\Client.js:122:25)
    at Client.rename (C:\Users\steph\Documents\Git Projects\FlowdexMCP\node_modules\basic-ftp\dist\Client.js:318:20)
    at async file:///C:/Users/steph/Documents/Git%20Projects/FlowdexMCP/index.js:2614:11
Closing reason: Error: Timeout (control socket)
    at Socket.<anonymous> (C:\Users\steph\Documents\Git Projects\FlowdexMCP\node_modules\basic-ftp\dist\FtpContext.js:319:33)
    at Object.onceWrapper (node:events:632:28)
    at Socket.emit (node:events:518:28)
    at Socket._onTimeout (node:net:609:8)
    at listOnTimeout (node:internal/timers:588:17)
    at process.processTimers (node:internal/timers:523:7) {
  code: '0'
}

[Fatal Tool Error] ftp_rename: Error: Client is closed because Timeout (control socket)
    at C:\Users\steph\Documents\Git Projects\FlowdexMCP\node_modules\basic-ftp\dist\FtpContext.js:228:29
    at new Promise (<anonymous>)
    at FTPContext.handle (C:\Users\steph\Documents\Git Projects\FlowdexMCP\node_modules\basic-ftp\dist\FtpContext.js:210:16)
    at FTPContext.request (C:\Users\steph\Documents\Git Projects\FlowdexMCP\node_modules\basic-ftp\dist\FtpContext.js:188:21)
    at Client.send (C:\Users\steph\Documents\Git Projects\FlowdexMCP\node_modules\basic-ftp\dist\Client.js:122:25)
    at Client.rename (C:\Users\steph\Documents\Git Projects\FlowdexMCP\node_modules\basic-ftp\dist\Client.js:318:20)
    at async file:///C:/Users/steph/Documents/Git%20Projects/FlowdexMCP/index.js:2614:11
Closing reason: Error: Timeout (control socket)
    at Socket.<anonymous> (C:\Users\steph\Documents\Git Projects\FlowdexMCP\node_modules\basic-ftp\dist\FtpContext.js:319:33)
    at Object.onceWrapper (node:events:632:28)
    at Socket.emit (node:events:518:28)
    at Socket._onTimeout (node:net:609:8)
    at listOnTimeout (node:internal/timers:588:17)
    at process.processTimers (node:internal/timers:523:7) {
  code: '0'
}

[Fatal Tool Error] ftp_rename: Error: Client is closed because Timeout (control socket)
    at C:\Users\steph\Documents\Git Projects\FlowdexMCP\node_modules\basic-ftp\dist\FtpContext.js:228:29
    at new Promise (<anonymous>)
    at FTPContext.handle (C:\Users\steph\Documents\Git Projects\FlowdexMCP\node_modules\basic-ftp\dist\FtpContext.js:210:16)
    at FTPContext.request (C:\Users\steph\Documents\Git Projects\FlowdexMCP\node_modules\basic-ftp\dist\FtpContext.js:188:21)
    at Client.send (C:\Users\steph\Documents\Git Projects\FlowdexMCP\node_modules\basic-ftp\dist\Client.js:122:25)
    at Client.rename (C:\Users\steph\Documents\Git Projects\FlowdexMCP\node_modules\basic-ftp\dist\Client.js:318:20)
    at async file:///C:/Users/steph/Documents/Git%20Projects/FlowdexMCP/index.js:2614:11
Closing reason: Error: Timeout (control socket)
    at Socket.<anonymous> (C:\Users\steph\Documents\Git Projects\FlowdexMCP\node_modules\basic-ftp\dist\FtpContext.js:319:33)
    at Object.onceWrapper (node:events:632:28)
    at Socket.emit (node:events:518:28)
    at Socket._onTimeout (node:net:609:8)
    at listOnTimeout (node:internal/timers:588:17)
    at process.processTimers (node:internal/timers:523:7) {
  code: '0'
}

[Fatal Tool Error] ftp_rename: Error: Client is closed because Timeout (control socket)
    at C:\Users\steph\Documents\Git Projects\FlowdexMCP\node_modules\basic-ftp\dist\FtpContext.js:228:29
    at new Promise (<anonymous>)
    at FTPContext.handle (C:\Users\steph\Documents\Git Projects\FlowdexMCP\node_modules\basic-ftp\dist\FtpContext.js:210:16)
    at FTPContext.request (C:\Users\steph\Documents\Git Projects\FlowdexMCP\node_modules\basic-ftp\dist\FtpContext.js:188:21)
    at Client.send (C:\Users\steph\Documents\Git Projects\FlowdexMCP\node_modules\basic-ftp\dist\Client.js:122:25)
    at Client.rename (C:\Users\steph\Documents\Git Projects\FlowdexMCP\node_modules\basic-ftp\dist\Client.js:318:20)
    at async file:///C:/Users/steph/Documents/Git%20Projects/FlowdexMCP/index.js:2614:11
Closing reason: Error: Timeout (control socket)
    at Socket.<anonymous> (C:\Users\steph\Documents\Git Projects\FlowdexMCP\node_modules\basic-ftp\dist\FtpContext.js:319:33)
    at Object.onceWrapper (node:events:632:28)
    at Socket.emit (node:events:518:28)
    at Socket._onTimeout (node:net:609:8)
    at listOnTimeout (node:internal/timers:588:17)
    at process.processTimers (node:internal/timers:523:7) {
  code: '0'
}

[Fatal Tool Error] ftp_rename: Error: Client is closed because Timeout (control socket)
    at C:\Users\steph\Documents\Git Projects\FlowdexMCP\node_modules\basic-ftp\dist\FtpContext.js:228:29
    at new Promise (<anonymous>)
    at FTPContext.handle (C:\Users\steph\Documents\Git Projects\FlowdexMCP\node_modules\basic-ftp\dist\FtpContext.js:210:16)
    at FTPContext.request (C:\Users\steph\Documents\Git Projects\FlowdexMCP\node_modules\basic-ftp\dist\FtpContext.js:188:21)
    at Client.send (C:\Users\steph\Documents\Git Projects\FlowdexMCP\node_modules\basic-ftp\dist\Client.js:122:25)
    at Client.rename (C:\Users\steph\Documents\Git Projects\FlowdexMCP\node_modules\basic-ftp\dist\Client.js:318:20)
    at async file:///C:/Users/steph/Documents/Git%20Projects/FlowdexMCP/index.js:2614:11
Closing reason: Error: Timeout (control socket)
    at Socket.<anonymous> (C:\Users\steph\Documents\Git Projects\FlowdexMCP\node_modules\basic-ftp\dist\FtpContext.js:319:33)
    at Object.onceWrapper (node:events:632:28)
    at Socket.emit (node:events:518:28)
    at Socket._onTimeout (node:net:609:8)
    at listOnTimeout (node:internal/timers:588:17)
    at process.processTimers (node:internal/timers:523:7) {
  code: '0'
}

[Fatal Tool Error] ftp_rename: Error: Client is closed because Timeout (control socket)
    at C:\Users\steph\Documents\Git Projects\FlowdexMCP\node_modules\basic-ftp\dist\FtpContext.js:228:29
    at new Promise (<anonymous>)
    at FTPContext.handle (C:\Users\steph\Documents\Git Projects\FlowdexMCP\node_modules\basic-ftp\dist\FtpContext.js:210:16)
    at FTPContext.request (C:\Users\steph\Documents\Git Projects\FlowdexMCP\node_modules\basic-ftp\dist\FtpContext.js:188:21)
    at Client.send (C:\Users\steph\Documents\Git Projects\FlowdexMCP\node_modules\basic-ftp\dist\Client.js:122:25)
    at Client.rename (C:\Users\steph\Documents\Git Projects\FlowdexMCP\node_modules\basic-ftp\dist\Client.js:318:20)
    at async file:///C:/Users/steph/Documents/Git%20Projects/FlowdexMCP/index.js:2614:11
Closing reason: Error: Timeout (control socket)
    at Socket.<anonymous> (C:\Users\steph\Documents\Git Projects\FlowdexMCP\node_modules\basic-ftp\dist\FtpContext.js:319:33)
    at Object.onceWrapper (node:events:632:28)
    at Socket.emit (node:events:518:28)
    at Socket._onTimeout (node:net:609:8)
    at listOnTimeout (node:internal/timers:588:17)
    at process.processTimers (node:internal/timers:523:7) {
  code: '0'
}

[Fatal Tool Error] ftp_rename: Error: Client is closed because Timeout (control socket)
    at C:\Users\steph\Documents\Git Projects\FlowdexMCP\node_modules\basic-ftp\dist\FtpContext.js:228:29
    at new Promise (<anonymous>)
    at FTPContext.handle (C:\Users\steph\Documents\Git Projects\FlowdexMCP\node_modules\basic-ftp\dist\FtpContext.js:210:16)
    at FTPContext.request (C:\Users\steph\Documents\Git Projects\FlowdexMCP\node_modules\basic-ftp\dist\FtpContext.js:188:21)
    at Client.send (C:\Users\steph\Documents\Git Projects\FlowdexMCP\node_modules\basic-ftp\dist\Client.js:122:25)
    at Client.rename (C:\Users\steph\Documents\Git Projects\FlowdexMCP\node_modules\basic-ftp\dist\Client.js:318:20)
    at async file:///C:/Users/steph/Documents/Git%20Projects/FlowdexMCP/index.js:2614:11
Closing reason: Error: Timeout (control socket)
    at Socket.<anonymous> (C:\Users\steph\Documents\Git Projects\FlowdexMCP\node_modules\basic-ftp\dist\FtpContext.js:319:33)
    at Object.onceWrapper (node:events:632:28)
    at Socket.emit (node:events:518:28)
    at Socket._onTimeout (node:net:609:8)
    at listOnTimeout (node:internal/timers:588:17)
    at process.processTimers (node:internal/timers:523:7) {
  code: '0'
}

[Fatal Tool Error] ftp_rename: Error: Client is closed because Timeout (control socket)
    at C:\Users\steph\Documents\Git Projects\FlowdexMCP\node_modules\basic-ftp\dist\FtpContext.js:228:29
    at new Promise (<anonymous>)
    at FTPContext.handle (C:\Users\steph\Documents\Git Projects\FlowdexMCP\node_modules\basic-ftp\dist\FtpContext.js:210:16)
    at FTPContext.request (C:\Users\steph\Documents\Git Projects\FlowdexMCP\node_modules\basic-ftp\dist\FtpContext.js:188:21)
    at Client.send (C:\Users\steph\Documents\Git Projects\FlowdexMCP\node_modules\basic-ftp\dist\Client.js:122:25)
    at Client.rename (C:\Users\steph\Documents\Git Projects\FlowdexMCP\node_modules\basic-ftp\dist\Client.js:318:20)
    at async file:///C:/Users/steph/Documents/Git%20Projects/FlowdexMCP/index.js:2614:11
Closing reason: Error: Timeout (control socket)
    at Socket.<anonymous> (C:\Users\steph\Documents\Git Projects\FlowdexMCP\node_modules\basic-ftp\dist\FtpContext.js:319:33)
    at Object.onceWrapper (node:events:632:28)
    at Socket.emit (node:events:518:28)
    at Socket._onTimeout (node:net:609:8)
    at listOnTimeout (node:internal/timers:588:17)
    at process.processTimers (node:internal/timers:523:7) {
  code: '0'
}

[Fatal Tool Error] ftp_rename: Error: Client is closed because Timeout (control socket)
    at C:\Users\steph\Documents\Git Projects\FlowdexMCP\node_modules\basic-ftp\dist\FtpContext.js:228:29
    at new Promise (<anonymous>)
    at FTPContext.handle (C:\Users\steph\Documents\Git Projects\FlowdexMCP\node_modules\basic-ftp\dist\FtpContext.js:210:16)
    at FTPContext.request (C:\Users\steph\Documents\Git Projects\FlowdexMCP\node_modules\basic-ftp\dist\FtpContext.js:188:21)
    at Client.send (C:\Users\steph\Documents\Git Projects\FlowdexMCP\node_modules\basic-ftp\dist\Client.js:122:25)
    at Client.rename (C:\Users\steph\Documents\Git Projects\FlowdexMCP\node_modules\basic-ftp\dist\Client.js:318:20)
    at async file:///C:/Users/steph/Documents/Git%20Projects/FlowdexMCP/index.js:2614:11
Closing reason: Error: Timeout (control socket)
    at Socket.<anonymous> (C:\Users\steph\Documents\Git Projects\FlowdexMCP\node_modules\basic-ftp\dist\FtpContext.js:319:33)
    at Object.onceWrapper (node:events:632:28)
    at Socket.emit (node:events:518:28)
    at Socket._onTimeout (node:net:609:8)
    at listOnTimeout (node:internal/timers:588:17)
    at process.processTimers (node:internal/timers:523:7) {
  code: '0'
}

[Fatal Tool Error] ftp_rename: Error: Client is closed because Timeout (control socket)
    at C:\Users\steph\Documents\Git Projects\FlowdexMCP\node_modules\basic-ftp\dist\FtpContext.js:228:29
    at new Promise (<anonymous>)
    at FTPContext.handle (C:\Users\steph\Documents\Git Projects\FlowdexMCP\node_modules\basic-ftp\dist\FtpContext.js:210:16)
    at FTPContext.request (C:\Users\steph\Documents\Git Projects\FlowdexMCP\node_modules\basic-ftp\dist\FtpContext.js:188:21)
    at Client.send (C:\Users\steph\Documents\Git Projects\FlowdexMCP\node_modules\basic-ftp\dist\Client.js:122:25)
    at Client.rename (C:\Users\steph\Documents\Git Projects\FlowdexMCP\node_modules\basic-ftp\dist\Client.js:318:20)
    at async file:///C:/Users/steph/Documents/Git%20Projects/FlowdexMCP/index.js:2614:11
Closing reason: Error: Timeout (control socket)
    at Socket.<anonymous> (C:\Users\steph\Documents\Git Projects\FlowdexMCP\node_modules\basic-ftp\dist\FtpContext.js:319:33)
    at Object.onceWrapper (node:events:632:28)
    at Socket.emit (node:events:518:28)
    at Socket._onTimeout (node:net:609:8)
    at listOnTimeout (node:internal/timers:588:17)
    at process.processTimers (node:internal/timers:523:7) {
  code: '0'
}

[Fatal Tool Error] ftp_rename: Error: Client is closed because Timeout (control socket)
    at C:\Users\steph\Documents\Git Projects\FlowdexMCP\node_modules\basic-ftp\dist\FtpContext.js:228:29
    at new Promise (<anonymous>)
    at FTPContext.handle (C:\Users\steph\Documents\Git Projects\FlowdexMCP\node_modules\basic-ftp\dist\FtpContext.js:210:16)
    at FTPContext.request (C:\Users\steph\Documents\Git Projects\FlowdexMCP\node_modules\basic-ftp\dist\FtpContext.js:188:21)
    at Client.send (C:\Users\steph\Documents\Git Projects\FlowdexMCP\node_modules\basic-ftp\dist\Client.js:122:25)
    at Client.rename (C:\Users\steph\Documents\Git Projects\FlowdexMCP\node_modules\basic-ftp\dist\Client.js:318:20)
    at async file:///C:/Users/steph/Documents/Git%20Projects/FlowdexMCP/index.js:2614:11
Closing reason: Error: Timeout (control socket)
    at Socket.<anonymous> (C:\Users\steph\Documents\Git Projects\FlowdexMCP\node_modules\basic-ftp\dist\FtpContext.js:319:33)
    at Object.onceWrapper (node:events:632:28)
    at Socket.emit (node:events:518:28)
    at Socket._onTimeout (node:net:609:8)
    at listOnTimeout (node:internal/timers:588:17)
    at process.processTimers (node:internal/timers:523:7) {
  code: '0'
}

[Fatal Tool Error] ftp_rename: Error: Client is closed because Timeout (control socket)
    at C:\Users\steph\Documents\Git Projects\FlowdexMCP\node_modules\basic-ftp\dist\FtpContext.js:228:29
    at new Promise (<anonymous>)
    at FTPContext.handle (C:\Users\steph\Documents\Git Projects\FlowdexMCP\node_modules\basic-ftp\dist\FtpContext.js:210:16)
    at FTPContext.request (C:\Users\steph\Documents\Git Projects\FlowdexMCP\node_modules\basic-ftp\dist\FtpContext.js:188:21)
    at Client.send (C:\Users\steph\Documents\Git Projects\FlowdexMCP\node_modules\basic-ftp\dist\Client.js:122:25)
    at Client.rename (C:\Users\steph\Documents\Git Projects\FlowdexMCP\node_modules\basic-ftp\dist\Client.js:318:20)
    at async file:///C:/Users/steph/Documents/Git%20Projects/FlowdexMCP/index.js:2614:11
Closing reason: Error: Timeout (control socket)
    at Socket.<anonymous> (C:\Users\steph\Documents\Git Projects\FlowdexMCP\node_modules\basic-ftp\dist\FtpContext.js:319:33)
    at Object.onceWrapper (node:events:632:28)
    at Socket.emit (node:events:518:28)
    at Socket._onTimeout (node:net:609:8)
    at listOnTimeout (node:internal/timers:588:17)
    at process.processTimers (node:internal/timers:523:7) {
  code: '0'
}

[Fatal Tool Error] ftp_rename: Error: Client is closed because Timeout (control socket)
    at C:\Users\steph\Documents\Git Projects\FlowdexMCP\node_modules\basic-ftp\dist\FtpContext.js:228:29
    at new Promise (<anonymous>)
    at FTPContext.handle (C:\Users\steph\Documents\Git Projects\FlowdexMCP\node_modules\basic-ftp\dist\FtpContext.js:210:16)
    at FTPContext.request (C:\Users\steph\Documents\Git Projects\FlowdexMCP\node_modules\basic-ftp\dist\FtpContext.js:188:21)
    at Client.send (C:\Users\steph\Documents\Git Projects\FlowdexMCP\node_modules\basic-ftp\dist\Client.js:122:25)
    at Client.rename (C:\Users\steph\Documents\Git Projects\FlowdexMCP\node_modules\basic-ftp\dist\Client.js:318:20)
    at async file:///C:/Users/steph/Documents/Git%20Projects/FlowdexMCP/index.js:2614:11
Closing reason: Error: Timeout (control socket)
    at Socket.<anonymous> (C:\Users\steph\Documents\Git Projects\FlowdexMCP\node_modules\basic-ftp\dist\FtpContext.js:319:33)
    at Object.onceWrapper (node:events:632:28)
    at Socket.emit (node:events:518:28)
    at Socket._onTimeout (node:net:609:8)
    at listOnTimeout (node:internal/timers:588:17)
    at process.processTimers (node:internal/timers:523:7) {
  code: '0'
}

[Fatal Tool Error] ftp_rename: Error: Client is closed because Timeout (control socket)
    at C:\Users\steph\Documents\Git Projects\FlowdexMCP\node_modules\basic-ftp\dist\FtpContext.js:228:29
    at new Promise (<anonymous>)
    at FTPContext.handle (C:\Users\steph\Documents\Git Projects\FlowdexMCP\node_modules\basic-ftp\dist\FtpContext.js:210:16)
    at FTPContext.request (C:\Users\steph\Documents\Git Projects\FlowdexMCP\node_modules\basic-ftp\dist\FtpContext.js:188:21)
    at Client.send (C:\Users\steph\Documents\Git Projects\FlowdexMCP\node_modules\basic-ftp\dist\Client.js:122:25)
    at Client.rename (C:\Users\steph\Documents\Git Projects\FlowdexMCP\node_modules\basic-ftp\dist\Client.js:318:20)
    at async file:///C:/Users/steph/Documents/Git%20Projects/FlowdexMCP/index.js:2614:11
Closing reason: Error: Timeout (control socket)
    at Socket.<anonymous> (C:\Users\steph\Documents\Git Projects\FlowdexMCP\node_modules\basic-ftp\dist\FtpContext.js:319:33)
    at Object.onceWrapper (node:events:632:28)
    at Socket.emit (node:events:518:28)
    at Socket._onTimeout (node:net:609:8)
    at listOnTimeout (node:internal/timers:588:17)
    at process.processTimers (node:internal/timers:523:7) {
  code: '0'
}

[Fatal Tool Error] ftp_rename: Error: Client is closed because Timeout (control socket)
    at C:\Users\steph\Documents\Git Projects\FlowdexMCP\node_modules\basic-ftp\dist\FtpContext.js:228:29
    at new Promise (<anonymous>)
    at FTPContext.handle (C:\Users\steph\Documents\Git Projects\FlowdexMCP\node_modules\basic-ftp\dist\FtpContext.js:210:16)
    at FTPContext.request (C:\Users\steph\Documents\Git Projects\FlowdexMCP\node_modules\basic-ftp\dist\FtpContext.js:188:21)
    at Client.send (C:\Users\steph\Documents\Git Projects\FlowdexMCP\node_modules\basic-ftp\dist\Client.js:122:25)
    at Client.rename (C:\Users\steph\Documents\Git Projects\FlowdexMCP\node_modules\basic-ftp\dist\Client.js:318:20)
    at async file:///C:/Users/steph/Documents/Git%20Projects/FlowdexMCP/index.js:2614:11
Closing reason: Error: Timeout (control socket)
    at Socket.<anonymous> (C:\Users\steph\Documents\Git Projects\FlowdexMCP\node_modules\basic-ftp\dist\FtpContext.js:319:33)
    at Object.onceWrapper (node:events:632:28)
    at Socket.emit (node:events:518:28)
    at Socket._onTimeout (node:net:609:8)
    at listOnTimeout (node:internal/timers:588:17)
    at process.processTimers (node:internal/timers:523:7) {
  code: '0'
}

[Fatal Tool Error] ftp_rename: Error: Client is closed because Timeout (control socket)
    at C:\Users\steph\Documents\Git Projects\FlowdexMCP\node_modules\basic-ftp\dist\FtpContext.js:228:29
    at new Promise (<anonymous>)
    at FTPContext.handle (C:\Users\steph\Documents\Git Projects\FlowdexMCP\node_modules\basic-ftp\dist\FtpContext.js:210:16)
    at FTPContext.request (C:\Users\steph\Documents\Git Projects\FlowdexMCP\node_modules\basic-ftp\dist\FtpContext.js:188:21)
    at Client.send (C:\Users\steph\Documents\Git Projects\FlowdexMCP\node_modules\basic-ftp\dist\Client.js:122:25)
    at Client.rename (C:\Users\steph\Documents\Git Projects\FlowdexMCP\node_modules\basic-ftp\dist\Client.js:318:20)
    at async file:///C:/Users/steph/Documents/Git%20Projects/FlowdexMCP/index.js:2614:11
Closing reason: Error: Timeout (control socket)
    at Socket.<anonymous> (C:\Users\steph\Documents\Git Projects\FlowdexMCP\node_modules\basic-ftp\dist\FtpContext.js:319:33)
    at Object.onceWrapper (node:events:632:28)
    at Socket.emit (node:events:518:28)
    at Socket._onTimeout (node:net:609:8)
    at listOnTimeout (node:internal/timers:588:17)
    at process.processTimers (node:internal/timers:523:7) {
  code: '0'
}

[Fatal Tool Error] ftp_rename: Error: Client is closed because Timeout (control socket)
    at C:\Users\steph\Documents\Git Projects\FlowdexMCP\node_modules\basic-ftp\dist\FtpContext.js:228:29
    at new Promise (<anonymous>)
    at FTPContext.handle (C:\Users\steph\Documents\Git Projects\FlowdexMCP\node_modules\basic-ftp\dist\FtpContext.js:210:16)
    at FTPContext.request (C:\Users\steph\Documents\Git Projects\FlowdexMCP\node_modules\basic-ftp\dist\FtpContext.js:188:21)
    at Client.send (C:\Users\steph\Documents\Git Projects\FlowdexMCP\node_modules\basic-ftp\dist\Client.js:122:25)
    at Client.rename (C:\Users\steph\Documents\Git Projects\FlowdexMCP\node_modules\basic-ftp\dist\Client.js:318:20)
    at async file:///C:/Users/steph/Documents/Git%20Projects/FlowdexMCP/index.js:2614:11
Closing reason: Error: Timeout (control socket)
    at Socket.<anonymous> (C:\Users\steph\Documents\Git Projects\FlowdexMCP\node_modules\basic-ftp\dist\FtpContext.js:319:33)
    at Object.onceWrapper (node:events:632:28)
    at Socket.emit (node:events:518:28)
    at Socket._onTimeout (node:net:609:8)
    at listOnTimeout (node:internal/timers:588:17)
    at process.processTimers (node:internal/timers:523:7) {
  code: '0'
}

[Fatal Tool Error] ftp_rename: Error: Client is closed because Timeout (control socket)
    at C:\Users\steph\Documents\Git Projects\FlowdexMCP\node_modules\basic-ftp\dist\FtpContext.js:228:29
    at new Promise (<anonymous>)
    at FTPContext.handle (C:\Users\steph\Documents\Git Projects\FlowdexMCP\node_modules\basic-ftp\dist\FtpContext.js:210:16)
    at FTPContext.request (C:\Users\steph\Documents\Git Projects\FlowdexMCP\node_modules\basic-ftp\dist\FtpContext.js:188:21)
    at Client.send (C:\Users\steph\Documents\Git Projects\FlowdexMCP\node_modules\basic-ftp\dist\Client.js:122:25)
    at Client.rename (C:\Users\steph\Documents\Git Projects\FlowdexMCP\node_modules\basic-ftp\dist\Client.js:318:20)
    at async file:///C:/Users/steph/Documents/Git%20Projects/FlowdexMCP/index.js:2614:11
Closing reason: Error: Timeout (control socket)
    at Socket.<anonymous> (C:\Users\steph\Documents\Git Projects\FlowdexMCP\node_modules\basic-ftp\dist\FtpContext.js:319:33)
    at Object.onceWrapper (node:events:632:28)
    at Socket.emit (node:events:518:28)
    at Socket._onTimeout (node:net:609:8)
    at listOnTimeout (node:internal/timers:588:17)
    at process.processTimers (node:internal/timers:523:7) {
  code: '0'
}

[Fatal Tool Error] ftp_rename: Error: Client is closed because Timeout (control socket)
    at C:\Users\steph\Documents\Git Projects\FlowdexMCP\node_modules\basic-ftp\dist\FtpContext.js:228:29
    at new Promise (<anonymous>)
    at FTPContext.handle (C:\Users\steph\Documents\Git Projects\FlowdexMCP\node_modules\basic-ftp\dist\FtpContext.js:210:16)
    at FTPContext.request (C:\Users\steph\Documents\Git Projects\FlowdexMCP\node_modules\basic-ftp\dist\FtpContext.js:188:21)
    at Client.send (C:\Users\steph\Documents\Git Projects\FlowdexMCP\node_modules\basic-ftp\dist\Client.js:122:25)
    at Client.rename (C:\Users\steph\Documents\Git Projects\FlowdexMCP\node_modules\basic-ftp\dist\Client.js:318:20)
    at async file:///C:/Users/steph/Documents/Git%20Projects/FlowdexMCP/index.js:2614:11
Closing reason: Error: Timeout (control socket)
    at Socket.<anonymous> (C:\Users\steph\Documents\Git Projects\FlowdexMCP\node_modules\basic-ftp\dist\FtpContext.js:319:33)
    at Object.onceWrapper (node:events:632:28)
    at Socket.emit (node:events:518:28)
    at Socket._onTimeout (node:net:609:8)
    at listOnTimeout (node:internal/timers:588:17)
    at process.processTimers (node:internal/timers:523:7) {
  code: '0'
}

[Fatal Tool Error] ftp_rename: Error: Client is closed because Timeout (control socket)
    at C:\Users\steph\Documents\Git Projects\FlowdexMCP\node_modules\basic-ftp\dist\FtpContext.js:228:29
    at new Promise (<anonymous>)
    at FTPContext.handle (C:\Users\steph\Documents\Git Projects\FlowdexMCP\node_modules\basic-ftp\dist\FtpContext.js:210:16)
    at FTPContext.request (C:\Users\steph\Documents\Git Projects\FlowdexMCP\node_modules\basic-ftp\dist\FtpContext.js:188:21)
    at Client.send (C:\Users\steph\Documents\Git Projects\FlowdexMCP\node_modules\basic-ftp\dist\Client.js:122:25)
    at Client.rename (C:\Users\steph\Documents\Git Projects\FlowdexMCP\node_modules\basic-ftp\dist\Client.js:318:20)
    at async file:///C:/Users/steph/Documents/Git%20Projects/FlowdexMCP/index.js:2614:11
Closing reason: Error: Timeout (control socket)
    at Socket.<anonymous> (C:\Users\steph\Documents\Git Projects\FlowdexMCP\node_modules\basic-ftp\dist\FtpContext.js:319:33)
    at Object.onceWrapper (node:events:632:28)
    at Socket.emit (node:events:518:28)
    at Socket._onTimeout (node:net:609:8)
    at listOnTimeout (node:internal/timers:588:17)
    at process.processTimers (node:internal/timers:523:7) {
  code: '0'
}

[Fatal Tool Error] ftp_rename: Error: Client is closed because Timeout (control socket)
    at C:\Users\steph\Documents\Git Projects\FlowdexMCP\node_modules\basic-ftp\dist\FtpContext.js:228:29
    at new Promise (<anonymous>)
    at FTPContext.handle (C:\Users\steph\Documents\Git Projects\FlowdexMCP\node_modules\basic-ftp\dist\FtpContext.js:210:16)
    at FTPContext.request (C:\Users\steph\Documents\Git Projects\FlowdexMCP\node_modules\basic-ftp\dist\FtpContext.js:188:21)
    at Client.send (C:\Users\steph\Documents\Git Projects\FlowdexMCP\node_modules\basic-ftp\dist\Client.js:122:25)
    at Client.rename (C:\Users\steph\Documents\Git Projects\FlowdexMCP\node_modules\basic-ftp\dist\Client.js:318:20)
    at async file:///C:/Users/steph/Documents/Git%20Projects/FlowdexMCP/index.js:2614:11
Closing reason: Error: Timeout (control socket)
    at Socket.<anonymous> (C:\Users\steph\Documents\Git Projects\FlowdexMCP\node_modules\basic-ftp\dist\FtpContext.js:319:33)
    at Object.onceWrapper (node:events:632:28)
    at Socket.emit (node:events:518:28)
    at Socket._onTimeout (node:net:609:8)
    at listOnTimeout (node:internal/timers:588:17)
    at process.processTimers (node:internal/timers:523:7) {
  code: '0'
}

[Fatal Tool Error] ftp_rename: Error: Client is closed because Timeout (control socket)
    at C:\Users\steph\Documents\Git Projects\FlowdexMCP\node_modules\basic-ftp\dist\FtpContext.js:228:29
    at new Promise (<anonymous>)
    at FTPContext.handle (C:\Users\steph\Documents\Git Projects\FlowdexMCP\node_modules\basic-ftp\dist\FtpContext.js:210:16)
    at FTPContext.request (C:\Users\steph\Documents\Git Projects\FlowdexMCP\node_modules\basic-ftp\dist\FtpContext.js:188:21)
    at Client.send (C:\Users\steph\Documents\Git Projects\FlowdexMCP\node_modules\basic-ftp\dist\Client.js:122:25)
    at Client.rename (C:\Users\steph\Documents\Git Projects\FlowdexMCP\node_modules\basic-ftp\dist\Client.js:318:20)
    at async file:///C:/Users/steph/Documents/Git%20Projects/FlowdexMCP/index.js:2614:11
Closing reason: Error: Timeout (control socket)
    at Socket.<anonymous> (C:\Users\steph\Documents\Git Projects\FlowdexMCP\node_modules\basic-ftp\dist\FtpContext.js:319:33)
    at Object.onceWrapper (node:events:632:28)
    at Socket.emit (node:events:518:28)
    at Socket._onTimeout (node:net:609:8)
    at listOnTimeout (node:internal/timers:588:17)
    at process.processTimers (node:internal/timers:523:7) {
  code: '0'
}

[Fatal Tool Error] ftp_rename: Error: Client is closed because Timeout (control socket)
    at C:\Users\steph\Documents\Git Projects\FlowdexMCP\node_modules\basic-ftp\dist\FtpContext.js:228:29
    at new Promise (<anonymous>)
    at FTPContext.handle (C:\Users\steph\Documents\Git Projects\FlowdexMCP\node_modules\basic-ftp\dist\FtpContext.js:210:16)
    at FTPContext.request (C:\Users\steph\Documents\Git Projects\FlowdexMCP\node_modules\basic-ftp\dist\FtpContext.js:188:21)
    at Client.send (C:\Users\steph\Documents\Git Projects\FlowdexMCP\node_modules\basic-ftp\dist\Client.js:122:25)
    at Client.rename (C:\Users\steph\Documents\Git Projects\FlowdexMCP\node_modules\basic-ftp\dist\Client.js:318:20)
    at async file:///C:/Users/steph/Documents/Git%20Projects/FlowdexMCP/index.js:2614:11
Closing reason: Error: Timeout (control socket)
    at Socket.<anonymous> (C:\Users\steph\Documents\Git Projects\FlowdexMCP\node_modules\basic-ftp\dist\FtpContext.js:319:33)
    at Object.onceWrapper (node:events:632:28)
    at Socket.emit (node:events:518:28)
    at Socket._onTimeout (node:net:609:8)
    at listOnTimeout (node:internal/timers:588:17)
    at process.processTimers (node:internal/timers:523:7) {
  code: '0'
}

[Fatal Tool Error] ftp_rename: Error: Client is closed because Timeout (control socket)
    at C:\Users\steph\Documents\Git Projects\FlowdexMCP\node_modules\basic-ftp\dist\FtpContext.js:228:29
    at new Promise (<anonymous>)
    at FTPContext.handle (C:\Users\steph\Documents\Git Projects\FlowdexMCP\node_modules\basic-ftp\dist\FtpContext.js:210:16)
    at FTPContext.request (C:\Users\steph\Documents\Git Projects\FlowdexMCP\node_modules\basic-ftp\dist\FtpContext.js:188:21)
    at Client.send (C:\Users\steph\Documents\Git Projects\FlowdexMCP\node_modules\basic-ftp\dist\Client.js:122:25)
    at Client.rename (C:\Users\steph\Documents\Git Projects\FlowdexMCP\node_modules\basic-ftp\dist\Client.js:318:20)
    at async file:///C:/Users/steph/Documents/Git%20Projects/FlowdexMCP/index.js:2614:11
Closing reason: Error: Timeout (control socket)
    at Socket.<anonymous> (C:\Users\steph\Documents\Git Projects\FlowdexMCP\node_modules\basic-ftp\dist\FtpContext.js:319:33)
    at Object.onceWrapper (node:events:632:28)
    at Socket.emit (node:events:518:28)
    at Socket._onTimeout (node:net:609:8)
    at listOnTimeout (node:internal/timers:588:17)
    at process.processTimers (node:internal/timers:523:7) {
  code: '0'
}

[Fatal Tool Error] ftp_rename: Error: Client is closed because Timeout (control socket)
    at C:\Users\steph\Documents\Git Projects\FlowdexMCP\node_modules\basic-ftp\dist\FtpContext.js:228:29
    at new Promise (<anonymous>)
    at FTPContext.handle (C:\Users\steph\Documents\Git Projects\FlowdexMCP\node_modules\basic-ftp\dist\FtpContext.js:210:16)
    at FTPContext.request (C:\Users\steph\Documents\Git Projects\FlowdexMCP\node_modules\basic-ftp\dist\FtpContext.js:188:21)
    at Client.send (C:\Users\steph\Documents\Git Projects\FlowdexMCP\node_modules\basic-ftp\dist\Client.js:122:25)
    at Client.rename (C:\Users\steph\Documents\Git Projects\FlowdexMCP\node_modules\basic-ftp\dist\Client.js:318:20)
    at async file:///C:/Users/steph/Documents/Git%20Projects/FlowdexMCP/index.js:2614:11
Closing reason: Error: Timeout (control socket)
    at Socket.<anonymous> (C:\Users\steph\Documents\Git Projects\FlowdexMCP\node_modules\basic-ftp\dist\FtpContext.js:319:33)
    at Object.onceWrapper (node:events:632:28)
    at Socket.emit (node:events:518:28)
    at Socket._onTimeout (node:net:609:8)
    at listOnTimeout (node:internal/timers:588:17)
    at process.processTimers (node:internal/timers:523:7) {
  code: '0'
}

[Fatal Tool Error] ftp_rename: Error: Client is closed because Timeout (control socket)
    at C:\Users\steph\Documents\Git Projects\FlowdexMCP\node_modules\basic-ftp\dist\FtpContext.js:228:29
    at new Promise (<anonymous>)
    at FTPContext.handle (C:\Users\steph\Documents\Git Projects\FlowdexMCP\node_modules\basic-ftp\dist\FtpContext.js:210:16)
    at FTPContext.request (C:\Users\steph\Documents\Git Projects\FlowdexMCP\node_modules\basic-ftp\dist\FtpContext.js:188:21)
    at Client.send (C:\Users\steph\Documents\Git Projects\FlowdexMCP\node_modules\basic-ftp\dist\Client.js:122:25)
    at Client.rename (C:\Users\steph\Documents\Git Projects\FlowdexMCP\node_modules\basic-ftp\dist\Client.js:318:20)
    at async file:///C:/Users/steph/Documents/Git%20Projects/FlowdexMCP/index.js:2614:11
Closing reason: Error: Timeout (control socket)
    at Socket.<anonymous> (C:\Users\steph\Documents\Git Projects\FlowdexMCP\node_modules\basic-ftp\dist\FtpContext.js:319:33)
    at Object.onceWrapper (node:events:632:28)
    at Socket.emit (node:events:518:28)
    at Socket._onTimeout (node:net:609:8)
    at listOnTimeout (node:internal/timers:588:17)
    at process.processTimers (node:internal/timers:523:7) {
  code: '0'
}

[Fatal Tool Error] ftp_rename: Error: Client is closed because Timeout (control socket)
    at C:\Users\steph\Documents\Git Projects\FlowdexMCP\node_modules\basic-ftp\dist\FtpContext.js:228:29
    at new Promise (<anonymous>)
    at FTPContext.handle (C:\Users\steph\Documents\Git Projects\FlowdexMCP\node_modules\basic-ftp\dist\FtpContext.js:210:16)
    at FTPContext.request (C:\Users\steph\Documents\Git Projects\FlowdexMCP\node_modules\basic-ftp\dist\FtpContext.js:188:21)
    at Client.send (C:\Users\steph\Documents\Git Projects\FlowdexMCP\node_modules\basic-ftp\dist\Client.js:122:25)
    at Client.rename (C:\Users\steph\Documents\Git Projects\FlowdexMCP\node_modules\basic-ftp\dist\Client.js:318:20)
    at async file:///C:/Users/steph/Documents/Git%20Projects/FlowdexMCP/index.js:2614:11
Closing reason: Error: Timeout (control socket)
    at Socket.<anonymous> (C:\Users\steph\Documents\Git Projects\FlowdexMCP\node_modules\basic-ftp\dist\FtpContext.js:319:33)
    at Object.onceWrapper (node:events:632:28)
    at Socket.emit (node:events:518:28)
    at Socket._onTimeout (node:net:609:8)
    at listOnTimeout (node:internal/timers:588:17)
    at process.processTimers (node:internal/timers:523:7) {
  code: '0'
}

[Fatal Tool Error] ftp_rename: Error: Client is closed because Timeout (control socket)
    at C:\Users\steph\Documents\Git Projects\FlowdexMCP\node_modules\basic-ftp\dist\FtpContext.js:228:29
    at new Promise (<anonymous>)
    at FTPContext.handle (C:\Users\steph\Documents\Git Projects\FlowdexMCP\node_modules\basic-ftp\dist\FtpContext.js:210:16)
    at FTPContext.request (C:\Users\steph\Documents\Git Projects\FlowdexMCP\node_modules\basic-ftp\dist\FtpContext.js:188:21)
    at Client.send (C:\Users\steph\Documents\Git Projects\FlowdexMCP\node_modules\basic-ftp\dist\Client.js:122:25)
    at Client.rename (C:\Users\steph\Documents\Git Projects\FlowdexMCP\node_modules\basic-ftp\dist\Client.js:318:20)
    at async file:///C:/Users/steph/Documents/Git%20Projects/FlowdexMCP/index.js:2614:11
Closing reason: Error: Timeout (control socket)
    at Socket.<anonymous> (C:\Users\steph\Documents\Git Projects\FlowdexMCP\node_modules\basic-ftp\dist\FtpContext.js:319:33)
    at Object.onceWrapper (node:events:632:28)
    at Socket.emit (node:events:518:28)
    at Socket._onTimeout (node:net:609:8)
    at listOnTimeout (node:internal/timers:588:17)
    at process.processTimers (node:internal/timers:523:7) {
  code: '0'
}

[Fatal Tool Error] ftp_rename: Error: Client is closed because Timeout (control socket)
    at C:\Users\steph\Documents\Git Projects\FlowdexMCP\node_modules\basic-ftp\dist\FtpContext.js:228:29
    at new Promise (<anonymous>)
    at FTPContext.handle (C:\Users\steph\Documents\Git Projects\FlowdexMCP\node_modules\basic-ftp\dist\FtpContext.js:210:16)
    at FTPContext.request (C:\Users\steph\Documents\Git Projects\FlowdexMCP\node_modules\basic-ftp\dist\FtpContext.js:188:21)
    at Client.send (C:\Users\steph\Documents\Git Projects\FlowdexMCP\node_modules\basic-ftp\dist\Client.js:122:25)
    at Client.rename (C:\Users\steph\Documents\Git Projects\FlowdexMCP\node_modules\basic-ftp\dist\Client.js:318:20)
    at async file:///C:/Users/steph/Documents/Git%20Projects/FlowdexMCP/index.js:2614:11
Closing reason: Error: Timeout (control socket)
    at Socket.<anonymous> (C:\Users\steph\Documents\Git Projects\FlowdexMCP\node_modules\basic-ftp\dist\FtpContext.js:319:33)
    at Object.onceWrapper (node:events:632:28)
    at Socket.emit (node:events:518:28)
    at Socket._onTimeout (node:net:609:8)
    at listOnTimeout (node:internal/timers:588:17)
    at process.processTimers (node:internal/timers:523:7) {
  code: '0'
}

[Fatal Tool Error] ftp_rename: Error: Client is closed because Timeout (control socket)
    at C:\Users\steph\Documents\Git Projects\FlowdexMCP\node_modules\basic-ftp\dist\FtpContext.js:228:29
    at new Promise (<anonymous>)
    at FTPContext.handle (C:\Users\steph\Documents\Git Projects\FlowdexMCP\node_modules\basic-ftp\dist\FtpContext.js:210:16)
    at FTPContext.request (C:\Users\steph\Documents\Git Projects\FlowdexMCP\node_modules\basic-ftp\dist\FtpContext.js:188:21)
    at Client.send (C:\Users\steph\Documents\Git Projects\FlowdexMCP\node_modules\basic-ftp\dist\Client.js:122:25)
    at Client.rename (C:\Users\steph\Documents\Git Projects\FlowdexMCP\node_modules\basic-ftp\dist\Client.js:318:20)
    at async file:///C:/Users/steph/Documents/Git%20Projects/FlowdexMCP/index.js:2614:11
Closing reason: Error: Timeout (control socket)
    at Socket.<anonymous> (C:\Users\steph\Documents\Git Projects\FlowdexMCP\node_modules\basic-ftp\dist\FtpContext.js:319:33)
    at Object.onceWrapper (node:events:632:28)
    at Socket.emit (node:events:518:28)
    at Socket._onTimeout (node:net:609:8)
    at listOnTimeout (node:internal/timers:588:17)
    at process.processTimers (node:internal/timers:523:7) {
  code: '0'
}

[Fatal Tool Error] ftp_rename: Error: Client is closed because Timeout (control socket)
    at C:\Users\steph\Documents\Git Projects\FlowdexMCP\node_modules\basic-ftp\dist\FtpContext.js:228:29
    at new Promise (<anonymous>)
    at FTPContext.handle (C:\Users\steph\Documents\Git Projects\FlowdexMCP\node_modules\basic-ftp\dist\FtpContext.js:210:16)
    at FTPContext.request (C:\Users\steph\Documents\Git Projects\FlowdexMCP\node_modules\basic-ftp\dist\FtpContext.js:188:21)
    at Client.send (C:\Users\steph\Documents\Git Projects\FlowdexMCP\node_modules\basic-ftp\dist\Client.js:122:25)
    at Client.rename (C:\Users\steph\Documents\Git Projects\FlowdexMCP\node_modules\basic-ftp\dist\Client.js:318:20)
    at async file:///C:/Users/steph/Documents/Git%20Projects/FlowdexMCP/index.js:2614:11
Closing reason: Error: Timeout (control socket)
    at Socket.<anonymous> (C:\Users\steph\Documents\Git Projects\FlowdexMCP\node_modules\basic-ftp\dist\FtpContext.js:319:33)
    at Object.onceWrapper (node:events:632:28)
    at Socket.emit (node:events:518:28)
    at Socket._onTimeout (node:net:609:8)
    at listOnTimeout (node:internal/timers:588:17)
    at process.processTimers (node:internal/timers:523:7) {
  code: '0'
}

[Fatal Tool Error] ftp_rename: Error: Client is closed because Timeout (control socket)
    at C:\Users\steph\Documents\Git Projects\FlowdexMCP\node_modules\basic-ftp\dist\FtpContext.js:228:29
    at new Promise (<anonymous>)
    at FTPContext.handle (C:\Users\steph\Documents\Git Projects\FlowdexMCP\node_modules\basic-ftp\dist\FtpContext.js:210:16)
    at FTPContext.request (C:\Users\steph\Documents\Git Projects\FlowdexMCP\node_modules\basic-ftp\dist\FtpContext.js:188:21)
    at Client.send (C:\Users\steph\Documents\Git Projects\FlowdexMCP\node_modules\basic-ftp\dist\Client.js:122:25)
    at Client.rename (C:\Users\steph\Documents\Git Projects\FlowdexMCP\node_modules\basic-ftp\dist\Client.js:318:20)
    at async file:///C:/Users/steph/Documents/Git%20Projects/FlowdexMCP/index.js:2614:11
Closing reason: Error: Timeout (control socket)
    at Socket.<anonymous> (C:\Users\steph\Documents\Git Projects\FlowdexMCP\node_modules\basic-ftp\dist\FtpContext.js:319:33)
    at Object.onceWrapper (node:events:632:28)
    at Socket.emit (node:events:518:28)
    at Socket._onTimeout (node:net:609:8)
    at listOnTimeout (node:internal/timers:588:17)
    at process.processTimers (node:internal/timers:523:7) {
  code: '0'
}

[Fatal Tool Error] ftp_rename: Error: Client is closed because Timeout (control socket)
    at C:\Users\steph\Documents\Git Projects\FlowdexMCP\node_modules\basic-ftp\dist\FtpContext.js:228:29
    at new Promise (<anonymous>)
    at FTPContext.handle (C:\Users\steph\Documents\Git Projects\FlowdexMCP\node_modules\basic-ftp\dist\FtpContext.js:210:16)
    at FTPContext.request (C:\Users\steph\Documents\Git Projects\FlowdexMCP\node_modules\basic-ftp\dist\FtpContext.js:188:21)
    at Client.send (C:\Users\steph\Documents\Git Projects\FlowdexMCP\node_modules\basic-ftp\dist\Client.js:122:25)
    at Client.rename (C:\Users\steph\Documents\Git Projects\FlowdexMCP\node_modules\basic-ftp\dist\Client.js:318:20)
    at async file:///C:/Users/steph/Documents/Git%20Projects/FlowdexMCP/index.js:2614:11
Closing reason: Error: Timeout (control socket)
    at Socket.<anonymous> (C:\Users\steph\Documents\Git Projects\FlowdexMCP\node_modules\basic-ftp\dist\FtpContext.js:319:33)
    at Object.onceWrapper (node:events:632:28)
    at Socket.emit (node:events:518:28)
    at Socket._onTimeout (node:net:609:8)
    at listOnTimeout (node:internal/timers:588:17)
    at process.processTimers (node:internal/timers:523:7) {
  code: '0'
}

[Fatal Tool Error] ftp_rename: Error: Client is closed because Timeout (control socket)
    at C:\Users\steph\Documents\Git Projects\FlowdexMCP\node_modules\basic-ftp\dist\FtpContext.js:228:29
    at new Promise (<anonymous>)
    at FTPContext.handle (C:\Users\steph\Documents\Git Projects\FlowdexMCP\node_modules\basic-ftp\dist\FtpContext.js:210:16)
    at FTPContext.request (C:\Users\steph\Documents\Git Projects\FlowdexMCP\node_modules\basic-ftp\dist\FtpContext.js:188:21)
    at Client.send (C:\Users\steph\Documents\Git Projects\FlowdexMCP\node_modules\basic-ftp\dist\Client.js:122:25)
    at Client.rename (C:\Users\steph\Documents\Git Projects\FlowdexMCP\node_modules\basic-ftp\dist\Client.js:318:20)
    at async file:///C:/Users/steph/Documents/Git%20Projects/FlowdexMCP/index.js:2614:11
Closing reason: Error: Timeout (control socket)
    at Socket.<anonymous> (C:\Users\steph\Documents\Git Projects\FlowdexMCP\node_modules\basic-ftp\dist\FtpContext.js:319:33)
    at Object.onceWrapper (node:events:632:28)
    at Socket.emit (node:events:518:28)
    at Socket._onTimeout (node:net:609:8)
    at listOnTimeout (node:internal/timers:588:17)
    at process.processTimers (node:internal/timers:523:7) {
  code: '0'
}

[Fatal Tool Error] ftp_rename: Error: Client is closed because Timeout (control socket)
    at C:\Users\steph\Documents\Git Projects\FlowdexMCP\node_modules\basic-ftp\dist\FtpContext.js:228:29
    at new Promise (<anonymous>)
    at FTPContext.handle (C:\Users\steph\Documents\Git Projects\FlowdexMCP\node_modules\basic-ftp\dist\FtpContext.js:210:16)
    at FTPContext.request (C:\Users\steph\Documents\Git Projects\FlowdexMCP\node_modules\basic-ftp\dist\FtpContext.js:188:21)
    at Client.send (C:\Users\steph\Documents\Git Projects\FlowdexMCP\node_modules\basic-ftp\dist\Client.js:122:25)
    at Client.rename (C:\Users\steph\Documents\Git Projects\FlowdexMCP\node_modules\basic-ftp\dist\Client.js:318:20)
    at async file:///C:/Users/steph/Documents/Git%20Projects/FlowdexMCP/index.js:2614:11
Closing reason: Error: Timeout (control socket)
    at Socket.<anonymous> (C:\Users\steph\Documents\Git Projects\FlowdexMCP\node_modules\basic-ftp\dist\FtpContext.js:319:33)
    at Object.onceWrapper (node:events:632:28)
    at Socket.emit (node:events:518:28)
    at Socket._onTimeout (node:net:609:8)
    at listOnTimeout (node:internal/timers:588:17)
    at process.processTimers (node:internal/timers:523:7) {
  code: '0'
}

[Fatal Tool Error] ftp_rename: Error: Client is closed because Timeout (control socket)
    at C:\Users\steph\Documents\Git Projects\FlowdexMCP\node_modules\basic-ftp\dist\FtpContext.js:228:29
    at new Promise (<anonymous>)
    at FTPContext.handle (C:\Users\steph\Documents\Git Projects\FlowdexMCP\node_modules\basic-ftp\dist\FtpContext.js:210:16)
    at FTPContext.request (C:\Users\steph\Documents\Git Projects\FlowdexMCP\node_modules\basic-ftp\dist\FtpContext.js:188:21)
    at Client.send (C:\Users\steph\Documents\Git Projects\FlowdexMCP\node_modules\basic-ftp\dist\Client.js:122:25)
    at Client.rename (C:\Users\steph\Documents\Git Projects\FlowdexMCP\node_modules\basic-ftp\dist\Client.js:318:20)
    at async file:///C:/Users/steph/Documents/Git%20Projects/FlowdexMCP/index.js:2614:11
Closing reason: Error: Timeout (control socket)
    at Socket.<anonymous> (C:\Users\steph\Documents\Git Projects\FlowdexMCP\node_modules\basic-ftp\dist\FtpContext.js:319:33)
    at Object.onceWrapper (node:events:632:28)
    at Socket.emit (node:events:518:28)
    at Socket._onTimeout (node:net:609:8)
    at listOnTimeout (node:internal/timers:588:17)
    at process.processTimers (node:internal/timers:523:7) {
  code: '0'
}

[Fatal Tool Error] ftp_rename: Error: Client is closed because Timeout (control socket)
    at C:\Users\steph\Documents\Git Projects\FlowdexMCP\node_modules\basic-ftp\dist\FtpContext.js:228:29
    at new Promise (<anonymous>)
    at FTPContext.handle (C:\Users\steph\Documents\Git Projects\FlowdexMCP\node_modules\basic-ftp\dist\FtpContext.js:210:16)
    at FTPContext.request (C:\Users\steph\Documents\Git Projects\FlowdexMCP\node_modules\basic-ftp\dist\FtpContext.js:188:21)
    at Client.send (C:\Users\steph\Documents\Git Projects\FlowdexMCP\node_modules\basic-ftp\dist\Client.js:122:25)
    at Client.rename (C:\Users\steph\Documents\Git Projects\FlowdexMCP\node_modules\basic-ftp\dist\Client.js:318:20)
    at async file:///C:/Users/steph/Documents/Git%20Projects/FlowdexMCP/index.js:2614:11
Closing reason: Error: Timeout (control socket)
    at Socket.<anonymous> (C:\Users\steph\Documents\Git Projects\FlowdexMCP\node_modules\basic-ftp\dist\FtpContext.js:319:33)
    at Object.onceWrapper (node:events:632:28)
    at Socket.emit (node:events:518:28)
    at Socket._onTimeout (node:net:609:8)
    at listOnTimeout (node:internal/timers:588:17)
    at process.processTimers (node:internal/timers:523:7) {
  code: '0'
}

[Fatal Tool Error] ftp_rename: Error: Client is closed because Timeout (control socket)
    at C:\Users\steph\Documents\Git Projects\FlowdexMCP\node_modules\basic-ftp\dist\FtpContext.js:228:29
    at new Promise (<anonymous>)
    at FTPContext.handle (C:\Users\steph\Documents\Git Projects\FlowdexMCP\node_modules\basic-ftp\dist\FtpContext.js:210:16)
    at FTPContext.request (C:\Users\steph\Documents\Git Projects\FlowdexMCP\node_modules\basic-ftp\dist\FtpContext.js:188:21)
    at Client.send (C:\Users\steph\Documents\Git Projects\FlowdexMCP\node_modules\basic-ftp\dist\Client.js:122:25)
    at Client.rename (C:\Users\steph\Documents\Git Projects\FlowdexMCP\node_modules\basic-ftp\dist\Client.js:318:20)
    at async file:///C:/Users/steph/Documents/Git%20Projects/FlowdexMCP/index.js:2614:11
Closing reason: Error: Timeout (control socket)
    at Socket.<anonymous> (C:\Users\steph\Documents\Git Projects\FlowdexMCP\node_modules\basic-ftp\dist\FtpContext.js:319:33)
    at Object.onceWrapper (node:events:632:28)
    at Socket.emit (node:events:518:28)
    at Socket._onTimeout (node:net:609:8)
    at listOnTimeout (node:internal/timers:588:17)
    at process.processTimers (node:internal/timers:523:7) {
  code: '0'
}

[Fatal Tool Error] ftp_rename: Error: Client is closed because Timeout (control socket)
    at C:\Users\steph\Documents\Git Projects\FlowdexMCP\node_modules\basic-ftp\dist\FtpContext.js:228:29
    at new Promise (<anonymous>)
    at FTPContext.handle (C:\Users\steph\Documents\Git Projects\FlowdexMCP\node_modules\basic-ftp\dist\FtpContext.js:210:16)
    at FTPContext.request (C:\Users\steph\Documents\Git Projects\FlowdexMCP\node_modules\basic-ftp\dist\FtpContext.js:188:21)
    at Client.send (C:\Users\steph\Documents\Git Projects\FlowdexMCP\node_modules\basic-ftp\dist\Client.js:122:25)
    at Client.rename (C:\Users\steph\Documents\Git Projects\FlowdexMCP\node_modules\basic-ftp\dist\Client.js:318:20)
    at async file:///C:/Users/steph/Documents/Git%20Projects/FlowdexMCP/index.js:2614:11
Closing reason: Error: Timeout (control socket)
    at Socket.<anonymous> (C:\Users\steph\Documents\Git Projects\FlowdexMCP\node_modules\basic-ftp\dist\FtpContext.js:319:33)
    at Object.onceWrapper (node:events:632:28)
    at Socket.emit (node:events:518:28)
    at Socket._onTimeout (node:net:609:8)
    at listOnTimeout (node:internal/timers:588:17)
    at process.processTimers (node:internal/timers:523:7) {
  code: '0'
}

[Fatal Tool Error] ftp_rename: Error: Client is closed because Timeout (control socket)
    at C:\Users\steph\Documents\Git Projects\FlowdexMCP\node_modules\basic-ftp\dist\FtpContext.js:228:29
    at new Promise (<anonymous>)
    at FTPContext.handle (C:\Users\steph\Documents\Git Projects\FlowdexMCP\node_modules\basic-ftp\dist\FtpContext.js:210:16)
    at FTPContext.request (C:\Users\steph\Documents\Git Projects\FlowdexMCP\node_modules\basic-ftp\dist\FtpContext.js:188:21)
    at Client.send (C:\Users\steph\Documents\Git Projects\FlowdexMCP\node_modules\basic-ftp\dist\Client.js:122:25)
    at Client.rename (C:\Users\steph\Documents\Git Projects\FlowdexMCP\node_modules\basic-ftp\dist\Client.js:318:20)
    at async file:///C:/Users/steph/Documents/Git%20Projects/FlowdexMCP/index.js:2614:11
Closing reason: Error: Timeout (control socket)
    at Socket.<anonymous> (C:\Users\steph\Documents\Git Projects\FlowdexMCP\node_modules\basic-ftp\dist\FtpContext.js:319:33)
    at Object.onceWrapper (node:events:632:28)
    at Socket.emit (node:events:518:28)
    at Socket._onTimeout (node:net:609:8)
    at listOnTimeout (node:internal/timers:588:17)
    at process.processTimers (node:internal/timers:523:7) {
  code: '0'
}

[Fatal Tool Error] ftp_rename: Error: Client is closed because Timeout (control socket)
    at C:\Users\steph\Documents\Git Projects\FlowdexMCP\node_modules\basic-ftp\dist\FtpContext.js:228:29
    at new Promise (<anonymous>)
    at FTPContext.handle (C:\Users\steph\Documents\Git Projects\FlowdexMCP\node_modules\basic-ftp\dist\FtpContext.js:210:16)
    at FTPContext.request (C:\Users\steph\Documents\Git Projects\FlowdexMCP\node_modules\basic-ftp\dist\FtpContext.js:188:21)
    at Client.send (C:\Users\steph\Documents\Git Projects\FlowdexMCP\node_modules\basic-ftp\dist\Client.js:122:25)
    at Client.rename (C:\Users\steph\Documents\Git Projects\FlowdexMCP\node_modules\basic-ftp\dist\Client.js:318:20)
    at async file:///C:/Users/steph/Documents/Git%20Projects/FlowdexMCP/index.js:2614:11
Closing reason: Error: Timeout (control socket)
    at Socket.<anonymous> (C:\Users\steph\Documents\Git Projects\FlowdexMCP\node_modules\basic-ftp\dist\FtpContext.js:319:33)
    at Object.onceWrapper (node:events:632:28)
    at Socket.emit (node:events:518:28)
    at Socket._onTimeout (node:net:609:8)
    at listOnTimeout (node:internal/timers:588:17)
    at process.processTimers (node:internal/timers:523:7) {
  code: '0'
}

[Fatal Tool Error] ftp_rename: Error: Client is closed because Timeout (control socket)
    at C:\Users\steph\Documents\Git Projects\FlowdexMCP\node_modules\basic-ftp\dist\FtpContext.js:228:29
    at new Promise (<anonymous>)
    at FTPContext.handle (C:\Users\steph\Documents\Git Projects\FlowdexMCP\node_modules\basic-ftp\dist\FtpContext.js:210:16)
    at FTPContext.request (C:\Users\steph\Documents\Git Projects\FlowdexMCP\node_modules\basic-ftp\dist\FtpContext.js:188:21)
    at Client.send (C:\Users\steph\Documents\Git Projects\FlowdexMCP\node_modules\basic-ftp\dist\Client.js:122:25)
    at Client.rename (C:\Users\steph\Documents\Git Projects\FlowdexMCP\node_modules\basic-ftp\dist\Client.js:318:20)
    at async file:///C:/Users/steph/Documents/Git%20Projects/FlowdexMCP/index.js:2614:11
Closing reason: Error: Timeout (control socket)
    at Socket.<anonymous> (C:\Users\steph\Documents\Git Projects\FlowdexMCP\node_modules\basic-ftp\dist\FtpContext.js:319:33)
    at Object.onceWrapper (node:events:632:28)
    at Socket.emit (node:events:518:28)
    at Socket._onTimeout (node:net:609:8)
    at listOnTimeout (node:internal/timers:588:17)
    at process.processTimers (node:internal/timers:523:7) {
  code: '0'
}

[Fatal Tool Error] ftp_rename: Error: Client is closed because Timeout (control socket)
    at C:\Users\steph\Documents\Git Projects\FlowdexMCP\node_modules\basic-ftp\dist\FtpContext.js:228:29
    at new Promise (<anonymous>)
    at FTPContext.handle (C:\Users\steph\Documents\Git Projects\FlowdexMCP\node_modules\basic-ftp\dist\FtpContext.js:210:16)
    at FTPContext.request (C:\Users\steph\Documents\Git Projects\FlowdexMCP\node_modules\basic-ftp\dist\FtpContext.js:188:21)
    at Client.send (C:\Users\steph\Documents\Git Projects\FlowdexMCP\node_modules\basic-ftp\dist\Client.js:122:25)
    at Client.rename (C:\Users\steph\Documents\Git Projects\FlowdexMCP\node_modules\basic-ftp\dist\Client.js:318:20)
    at async file:///C:/Users/steph/Documents/Git%20Projects/FlowdexMCP/index.js:2614:11
Closing reason: Error: Timeout (control socket)
    at Socket.<anonymous> (C:\Users\steph\Documents\Git Projects\FlowdexMCP\node_modules\basic-ftp\dist\FtpContext.js:319:33)
    at Object.onceWrapper (node:events:632:28)
    at Socket.emit (node:events:518:28)
    at Socket._onTimeout (node:net:609:8)
    at listOnTimeout (node:internal/timers:588:17)
    at process.processTimers (node:internal/timers:523:7) {
  code: '0'
}

[Fatal Tool Error] ftp_rename: Error: Client is closed because Timeout (control socket)
    at C:\Users\steph\Documents\Git Projects\FlowdexMCP\node_modules\basic-ftp\dist\FtpContext.js:228:29
    at new Promise (<anonymous>)
    at FTPContext.handle (C:\Users\steph\Documents\Git Projects\FlowdexMCP\node_modules\basic-ftp\dist\FtpContext.js:210:16)
    at FTPContext.request (C:\Users\steph\Documents\Git Projects\FlowdexMCP\node_modules\basic-ftp\dist\FtpContext.js:188:21)
    at Client.send (C:\Users\steph\Documents\Git Projects\FlowdexMCP\node_modules\basic-ftp\dist\Client.js:122:25)
    at Client.rename (C:\Users\steph\Documents\Git Projects\FlowdexMCP\node_modules\basic-ftp\dist\Client.js:318:20)
    at async file:///C:/Users/steph/Documents/Git%20Projects/FlowdexMCP/index.js:2614:11
Closing reason: Error: Timeout (control socket)
    at Socket.<anonymous> (C:\Users\steph\Documents\Git Projects\FlowdexMCP\node_modules\basic-ftp\dist\FtpContext.js:319:33)
    at Object.onceWrapper (node:events:632:28)
    at Socket.emit (node:events:518:28)
    at Socket._onTimeout (node:net:609:8)
    at listOnTimeout (node:internal/timers:588:17)
    at process.processTimers (node:internal/timers:523:7) {
  code: '0'
}

[Fatal Tool Error] ftp_rename: Error: Client is closed because Timeout (control socket)
    at C:\Users\steph\Documents\Git Projects\FlowdexMCP\node_modules\basic-ftp\dist\FtpContext.js:228:29
    at new Promise (<anonymous>)
    at FTPContext.handle (C:\Users\steph\Documents\Git Projects\FlowdexMCP\node_modules\basic-ftp\dist\FtpContext.js:210:16)
    at FTPContext.request (C:\Users\steph\Documents\Git Projects\FlowdexMCP\node_modules\basic-ftp\dist\FtpContext.js:188:21)
    at Client.send (C:\Users\steph\Documents\Git Projects\FlowdexMCP\node_modules\basic-ftp\dist\Client.js:122:25)
    at Client.rename (C:\Users\steph\Documents\Git Projects\FlowdexMCP\node_modules\basic-ftp\dist\Client.js:318:20)
    at async file:///C:/Users/steph/Documents/Git%20Projects/FlowdexMCP/index.js:2614:11
Closing reason: Error: Timeout (control socket)
    at Socket.<anonymous> (C:\Users\steph\Documents\Git Projects\FlowdexMCP\node_modules\basic-ftp\dist\FtpContext.js:319:33)
    at Object.onceWrapper (node:events:632:28)
    at Socket.emit (node:events:518:28)
    at Socket._onTimeout (node:net:609:8)
    at listOnTimeout (node:internal/timers:588:17)
    at process.processTimers (node:internal/timers:523:7) {
  code: '0'
}

[Fatal Tool Error] ftp_rename: Error: Client is closed because Timeout (control socket)
    at C:\Users\steph\Documents\Git Projects\FlowdexMCP\node_modules\basic-ftp\dist\FtpContext.js:228:29
    at new Promise (<anonymous>)
    at FTPContext.handle (C:\Users\steph\Documents\Git Projects\FlowdexMCP\node_modules\basic-ftp\dist\FtpContext.js:210:16)
    at FTPContext.request (C:\Users\steph\Documents\Git Projects\FlowdexMCP\node_modules\basic-ftp\dist\FtpContext.js:188:21)
    at Client.send (C:\Users\steph\Documents\Git Projects\FlowdexMCP\node_modules\basic-ftp\dist\Client.js:122:25)
    at Client.rename (C:\Users\steph\Documents\Git Projects\FlowdexMCP\node_modules\basic-ftp\dist\Client.js:318:20)
    at async file:///C:/Users/steph/Documents/Git%20Projects/FlowdexMCP/index.js:2614:11
Closing reason: Error: Timeout (control socket)
    at Socket.<anonymous> (C:\Users\steph\Documents\Git Projects\FlowdexMCP\node_modules\basic-ftp\dist\FtpContext.js:319:33)
    at Object.onceWrapper (node:events:632:28)
    at Socket.emit (node:events:518:28)
    at Socket._onTimeout (node:net:609:8)
    at listOnTimeout (node:internal/timers:588:17)
    at process.processTimers (node:internal/timers:523:7) {
  code: '0'
}

[Fatal Tool Error] ftp_rename: Error: Client is closed because Timeout (control socket)
    at C:\Users\steph\Documents\Git Projects\FlowdexMCP\node_modules\basic-ftp\dist\FtpContext.js:228:29
    at new Promise (<anonymous>)
    at FTPContext.handle (C:\Users\steph\Documents\Git Projects\FlowdexMCP\node_modules\basic-ftp\dist\FtpContext.js:210:16)
    at FTPContext.request (C:\Users\steph\Documents\Git Projects\FlowdexMCP\node_modules\basic-ftp\dist\FtpContext.js:188:21)
    at Client.send (C:\Users\steph\Documents\Git Projects\FlowdexMCP\node_modules\basic-ftp\dist\Client.js:122:25)
    at Client.rename (C:\Users\steph\Documents\Git Projects\FlowdexMCP\node_modules\basic-ftp\dist\Client.js:318:20)
    at async file:///C:/Users/steph/Documents/Git%20Projects/FlowdexMCP/index.js:2614:11
Closing reason: Error: Timeout (control socket)
    at Socket.<anonymous> (C:\Users\steph\Documents\Git Projects\FlowdexMCP\node_modules\basic-ftp\dist\FtpContext.js:319:33)
    at Object.onceWrapper (node:events:632:28)
    at Socket.emit (node:events:518:28)
    at Socket._onTimeout (node:net:609:8)
    at listOnTimeout (node:internal/timers:588:17)
    at process.processTimers (node:internal/timers:523:7) {
  code: '0'
}

[Fatal Tool Error] ftp_rename: Error: Client is closed because Timeout (control socket)
    at C:\Users\steph\Documents\Git Projects\FlowdexMCP\node_modules\basic-ftp\dist\FtpContext.js:228:29
    at new Promise (<anonymous>)
    at FTPContext.handle (C:\Users\steph\Documents\Git Projects\FlowdexMCP\node_modules\basic-ftp\dist\FtpContext.js:210:16)
    at FTPContext.request (C:\Users\steph\Documents\Git Projects\FlowdexMCP\node_modules\basic-ftp\dist\FtpContext.js:188:21)
    at Client.send (C:\Users\steph\Documents\Git Projects\FlowdexMCP\node_modules\basic-ftp\dist\Client.js:122:25)
    at Client.rename (C:\Users\steph\Documents\Git Projects\FlowdexMCP\node_modules\basic-ftp\dist\Client.js:318:20)
    at async file:///C:/Users/steph/Documents/Git%20Projects/FlowdexMCP/index.js:2614:11
Closing reason: Error: Timeout (control socket)
    at Socket.<anonymous> (C:\Users\steph\Documents\Git Projects\FlowdexMCP\node_modules\basic-ftp\dist\FtpContext.js:319:33)
    at Object.onceWrapper (node:events:632:28)
    at Socket.emit (node:events:518:28)
    at Socket._onTimeout (node:net:609:8)
    at listOnTimeout (node:internal/timers:588:17)
    at process.processTimers (node:internal/timers:523:7) {
  code: '0'
}

[Fatal Tool Error] ftp_rename: Error: Client is closed because Timeout (control socket)
    at C:\Users\steph\Documents\Git Projects\FlowdexMCP\node_modules\basic-ftp\dist\FtpContext.js:228:29
    at new Promise (<anonymous>)
    at FTPContext.handle (C:\Users\steph\Documents\Git Projects\FlowdexMCP\node_modules\basic-ftp\dist\FtpContext.js:210:16)
    at FTPContext.request (C:\Users\steph\Documents\Git Projects\FlowdexMCP\node_modules\basic-ftp\dist\FtpContext.js:188:21)
    at Client.send (C:\Users\steph\Documents\Git Projects\FlowdexMCP\node_modules\basic-ftp\dist\Client.js:122:25)
    at Client.rename (C:\Users\steph\Documents\Git Projects\FlowdexMCP\node_modules\basic-ftp\dist\Client.js:318:20)
    at async file:///C:/Users/steph/Documents/Git%20Projects/FlowdexMCP/index.js:2614:11
Closing reason: Error: Timeout (control socket)
    at Socket.<anonymous> (C:\Users\steph\Documents\Git Projects\FlowdexMCP\node_modules\basic-ftp\dist\FtpContext.js:319:33)
    at Object.onceWrapper (node:events:632:28)
    at Socket.emit (node:events:518:28)
    at Socket._onTimeout (node:net:609:8)
    at listOnTimeout (node:internal/timers:588:17)
    at process.processTimers (node:internal/timers:523:7) {
  code: '0'
}

[Fatal Tool Error] ftp_rename: Error: Client is closed because Timeout (control socket)
    at C:\Users\steph\Documents\Git Projects\FlowdexMCP\node_modules\basic-ftp\dist\FtpContext.js:228:29
    at new Promise (<anonymous>)
    at FTPContext.handle (C:\Users\steph\Documents\Git Projects\FlowdexMCP\node_modules\basic-ftp\dist\FtpContext.js:210:16)
    at FTPContext.request (C:\Users\steph\Documents\Git Projects\FlowdexMCP\node_modules\basic-ftp\dist\FtpContext.js:188:21)
    at Client.send (C:\Users\steph\Documents\Git Projects\FlowdexMCP\node_modules\basic-ftp\dist\Client.js:122:25)
    at Client.rename (C:\Users\steph\Documents\Git Projects\FlowdexMCP\node_modules\basic-ftp\dist\Client.js:318:20)
    at async file:///C:/Users/steph/Documents/Git%20Projects/FlowdexMCP/index.js:2614:11
Closing reason: Error: Timeout (control socket)
    at Socket.<anonymous> (C:\Users\steph\Documents\Git Projects\FlowdexMCP\node_modules\basic-ftp\dist\FtpContext.js:319:33)
    at Object.onceWrapper (node:events:632:28)
    at Socket.emit (node:events:518:28)
    at Socket._onTimeout (node:net:609:8)
    at listOnTimeout (node:internal/timers:588:17)
    at process.processTimers (node:internal/timers:523:7) {
  code: '0'
}

[Fatal Tool Error] ftp_rename: Error: Client is closed because Timeout (control socket)
    at C:\Users\steph\Documents\Git Projects\FlowdexMCP\node_modules\basic-ftp\dist\FtpContext.js:228:29
    at new Promise (<anonymous>)
    at FTPContext.handle (C:\Users\steph\Documents\Git Projects\FlowdexMCP\node_modules\basic-ftp\dist\FtpContext.js:210:16)
    at FTPContext.request (C:\Users\steph\Documents\Git Projects\FlowdexMCP\node_modules\basic-ftp\dist\FtpContext.js:188:21)
    at Client.send (C:\Users\steph\Documents\Git Projects\FlowdexMCP\node_modules\basic-ftp\dist\Client.js:122:25)
    at Client.rename (C:\Users\steph\Documents\Git Projects\FlowdexMCP\node_modules\basic-ftp\dist\Client.js:318:20)
    at async file:///C:/Users/steph/Documents/Git%20Projects/FlowdexMCP/index.js:2614:11
Closing reason: Error: Timeout (control socket)
    at Socket.<anonymous> (C:\Users\steph\Documents\Git Projects\FlowdexMCP\node_modules\basic-ftp\dist\FtpContext.js:319:33)
    at Object.onceWrapper (node:events:632:28)
    at Socket.emit (node:events:518:28)
    at Socket._onTimeout (node:net:609:8)
    at listOnTimeout (node:internal/timers:588:17)
    at process.processTimers (node:internal/timers:523:7) {
  code: '0'
}

[Fatal Tool Error] ftp_rename: Error: Client is closed because Timeout (control socket)
    at C:\Users\steph\Documents\Git Projects\FlowdexMCP\node_modules\basic-ftp\dist\FtpContext.js:228:29
    at new Promise (<anonymous>)
    at FTPContext.handle (C:\Users\steph\Documents\Git Projects\FlowdexMCP\node_modules\basic-ftp\dist\FtpContext.js:210:16)
    at FTPContext.request (C:\Users\steph\Documents\Git Projects\FlowdexMCP\node_modules\basic-ftp\dist\FtpContext.js:188:21)
    at Client.send (C:\Users\steph\Documents\Git Projects\FlowdexMCP\node_modules\basic-ftp\dist\Client.js:122:25)
    at Client.rename (C:\Users\steph\Documents\Git Projects\FlowdexMCP\node_modules\basic-ftp\dist\Client.js:318:20)
    at async file:///C:/Users/steph/Documents/Git%20Projects/FlowdexMCP/index.js:2614:11
Closing reason: Error: Timeout (control socket)
    at Socket.<anonymous> (C:\Users\steph\Documents\Git Projects\FlowdexMCP\node_modules\basic-ftp\dist\FtpContext.js:319:33)
    at Object.onceWrapper (node:events:632:28)
    at Socket.emit (node:events:518:28)
    at Socket._onTimeout (node:net:609:8)
    at listOnTimeout (node:internal/timers:588:17)
    at process.processTimers (node:internal/timers:523:7) {
  code: '0'
}

[Fatal Tool Error] ftp_rename: Error: Client is closed because Timeout (control socket)
    at C:\Users\steph\Documents\Git Projects\FlowdexMCP\node_modules\basic-ftp\dist\FtpContext.js:228:29
    at new Promise (<anonymous>)
    at FTPContext.handle (C:\Users\steph\Documents\Git Projects\FlowdexMCP\node_modules\basic-ftp\dist\FtpContext.js:210:16)
    at FTPContext.request (C:\Users\steph\Documents\Git Projects\FlowdexMCP\node_modules\basic-ftp\dist\FtpContext.js:188:21)
    at Client.send (C:\Users\steph\Documents\Git Projects\FlowdexMCP\node_modules\basic-ftp\dist\Client.js:122:25)
    at Client.rename (C:\Users\steph\Documents\Git Projects\FlowdexMCP\node_modules\basic-ftp\dist\Client.js:318:20)
    at async file:///C:/Users/steph/Documents/Git%20Projects/FlowdexMCP/index.js:2614:11
Closing reason: Error: Timeout (control socket)
    at Socket.<anonymous> (C:\Users\steph\Documents\Git Projects\FlowdexMCP\node_modules\basic-ftp\dist\FtpContext.js:319:33)
    at Object.onceWrapper (node:events:632:28)
    at Socket.emit (node:events:518:28)
    at Socket._onTimeout (node:net:609:8)
    at listOnTimeout (node:internal/timers:588:17)
    at process.processTimers (node:internal/timers:523:7) {
  code: '0'
}

[Fatal Tool Error] ftp_rename: Error: Client is closed because Timeout (control socket)
    at C:\Users\steph\Documents\Git Projects\FlowdexMCP\node_modules\basic-ftp\dist\FtpContext.js:228:29
    at new Promise (<anonymous>)
    at FTPContext.handle (C:\Users\steph\Documents\Git Projects\FlowdexMCP\node_modules\basic-ftp\dist\FtpContext.js:210:16)
    at FTPContext.request (C:\Users\steph\Documents\Git Projects\FlowdexMCP\node_modules\basic-ftp\dist\FtpContext.js:188:21)
    at Client.send (C:\Users\steph\Documents\Git Projects\FlowdexMCP\node_modules\basic-ftp\dist\Client.js:122:25)
    at Client.rename (C:\Users\steph\Documents\Git Projects\FlowdexMCP\node_modules\basic-ftp\dist\Client.js:318:20)
    at async file:///C:/Users/steph/Documents/Git%20Projects/FlowdexMCP/index.js:2614:11
Closing reason: Error: Timeout (control socket)
    at Socket.<anonymous> (C:\Users\steph\Documents\Git Projects\FlowdexMCP\node_modules\basic-ftp\dist\FtpContext.js:319:33)
    at Object.onceWrapper (node:events:632:28)
    at Socket.emit (node:events:518:28)
    at Socket._onTimeout (node:net:609:8)
    at listOnTimeout (node:internal/timers:588:17)
    at process.processTimers (node:internal/timers:523:7) {
  code: '0'
}

[Fatal Tool Error] ftp_rename: Error: Client is closed because Timeout (control socket)
    at C:\Users\steph\Documents\Git Projects\FlowdexMCP\node_modules\basic-ftp\dist\FtpContext.js:228:29
    at new Promise (<anonymous>)
    at FTPContext.handle (C:\Users\steph\Documents\Git Projects\FlowdexMCP\node_modules\basic-ftp\dist\FtpContext.js:210:16)
    at FTPContext.request (C:\Users\steph\Documents\Git Projects\FlowdexMCP\node_modules\basic-ftp\dist\FtpContext.js:188:21)
    at Client.send (C:\Users\steph\Documents\Git Projects\FlowdexMCP\node_modules\basic-ftp\dist\Client.js:122:25)
    at Client.rename (C:\Users\steph\Documents\Git Projects\FlowdexMCP\node_modules\basic-ftp\dist\Client.js:318:20)
    at async file:///C:/Users/steph/Documents/Git%20Projects/FlowdexMCP/index.js:2614:11
Closing reason: Error: Timeout (control socket)
    at Socket.<anonymous> (C:\Users\steph\Documents\Git Projects\FlowdexMCP\node_modules\basic-ftp\dist\FtpContext.js:319:33)
    at Object.onceWrapper (node:events:632:28)
    at Socket.emit (node:events:518:28)
    at Socket._onTimeout (node:net:609:8)
    at listOnTimeout (node:internal/timers:588:17)
    at process.processTimers (node:internal/timers:523:7) {
  code: '0'
}

[Fatal Tool Error] ftp_rename: Error: Client is closed because Timeout (control socket)
    at C:\Users\steph\Documents\Git Projects\FlowdexMCP\node_modules\basic-ftp\dist\FtpContext.js:228:29
    at new Promise (<anonymous>)
    at FTPContext.handle (C:\Users\steph\Documents\Git Projects\FlowdexMCP\node_modules\basic-ftp\dist\FtpContext.js:210:16)
    at FTPContext.request (C:\Users\steph\Documents\Git Projects\FlowdexMCP\node_modules\basic-ftp\dist\FtpContext.js:188:21)
    at Client.send (C:\Users\steph\Documents\Git Projects\FlowdexMCP\node_modules\basic-ftp\dist\Client.js:122:25)
    at Client.rename (C:\Users\steph\Documents\Git Projects\FlowdexMCP\node_modules\basic-ftp\dist\Client.js:318:20)
    at async file:///C:/Users/steph/Documents/Git%20Projects/FlowdexMCP/index.js:2614:11
Closing reason: Error: Timeout (control socket)
    at Socket.<anonymous> (C:\Users\steph\Documents\Git Projects\FlowdexMCP\node_modules\basic-ftp\dist\FtpContext.js:319:33)
    at Object.onceWrapper (node:events:632:28)
    at Socket.emit (node:events:518:28)
    at Socket._onTimeout (node:net:609:8)
    at listOnTimeout (node:internal/timers:588:17)
    at process.processTimers (node:internal/timers:523:7) {
  code: '0'
}

[Fatal Tool Error] ftp_rename: Error: Client is closed because Timeout (control socket)
    at C:\Users\steph\Documents\Git Projects\FlowdexMCP\node_modules\basic-ftp\dist\FtpContext.js:228:29
    at new Promise (<anonymous>)
    at FTPContext.handle (C:\Users\steph\Documents\Git Projects\FlowdexMCP\node_modules\basic-ftp\dist\FtpContext.js:210:16)
    at FTPContext.request (C:\Users\steph\Documents\Git Projects\FlowdexMCP\node_modules\basic-ftp\dist\FtpContext.js:188:21)
    at Client.send (C:\Users\steph\Documents\Git Projects\FlowdexMCP\node_modules\basic-ftp\dist\Client.js:122:25)
    at Client.rename (C:\Users\steph\Documents\Git Projects\FlowdexMCP\node_modules\basic-ftp\dist\Client.js:318:20)
    at async file:///C:/Users/steph/Documents/Git%20Projects/FlowdexMCP/index.js:2614:11
Closing reason: Error: Timeout (control socket)
    at Socket.<anonymous> (C:\Users\steph\Documents\Git Projects\FlowdexMCP\node_modules\basic-ftp\dist\FtpContext.js:319:33)
    at Object.onceWrapper (node:events:632:28)
    at Socket.emit (node:events:518:28)
    at Socket._onTimeout (node:net:609:8)
    at listOnTimeout (node:internal/timers:588:17)
    at process.processTimers (node:internal/timers:523:7) {
  code: '0'
}

[Fatal Tool Error] ftp_rename: Error: Client is closed because Timeout (control socket)
    at C:\Users\steph\Documents\Git Projects\FlowdexMCP\node_modules\basic-ftp\dist\FtpContext.js:228:29
    at new Promise (<anonymous>)
    at FTPContext.handle (C:\Users\steph\Documents\Git Projects\FlowdexMCP\node_modules\basic-ftp\dist\FtpContext.js:210:16)
    at FTPContext.request (C:\Users\steph\Documents\Git Projects\FlowdexMCP\node_modules\basic-ftp\dist\FtpContext.js:188:21)
    at Client.send (C:\Users\steph\Documents\Git Projects\FlowdexMCP\node_modules\basic-ftp\dist\Client.js:122:25)
    at Client.rename (C:\Users\steph\Documents\Git Projects\FlowdexMCP\node_modules\basic-ftp\dist\Client.js:318:20)
    at async file:///C:/Users/steph/Documents/Git%20Projects/FlowdexMCP/index.js:2614:11
Closing reason: Error: Timeout (control socket)
    at Socket.<anonymous> (C:\Users\steph\Documents\Git Projects\FlowdexMCP\node_modules\basic-ftp\dist\FtpContext.js:319:33)
    at Object.onceWrapper (node:events:632:28)
    at Socket.emit (node:events:518:28)
    at Socket._onTimeout (node:net:609:8)
    at listOnTimeout (node:internal/timers:588:17)
    at process.processTimers (node:internal/timers:523:7) {
  code: '0'
}

[Fatal Tool Error] ftp_rename: Error: Client is closed because Timeout (control socket)
    at C:\Users\steph\Documents\Git Projects\FlowdexMCP\node_modules\basic-ftp\dist\FtpContext.js:228:29
    at new Promise (<anonymous>)
    at FTPContext.handle (C:\Users\steph\Documents\Git Projects\FlowdexMCP\node_modules\basic-ftp\dist\FtpContext.js:210:16)
    at FTPContext.request (C:\Users\steph\Documents\Git Projects\FlowdexMCP\node_modules\basic-ftp\dist\FtpContext.js:188:21)
    at Client.send (C:\Users\steph\Documents\Git Projects\FlowdexMCP\node_modules\basic-ftp\dist\Client.js:122:25)
    at Client.rename (C:\Users\steph\Documents\Git Projects\FlowdexMCP\node_modules\basic-ftp\dist\Client.js:318:20)
    at async file:///C:/Users/steph/Documents/Git%20Projects/FlowdexMCP/index.js:2614:11
Closing reason: Error: Timeout (control socket)
    at Socket.<anonymous> (C:\Users\steph\Documents\Git Projects\FlowdexMCP\node_modules\basic-ftp\dist\FtpContext.js:319:33)
    at Object.onceWrapper (node:events:632:28)
    at Socket.emit (node:events:518:28)
    at Socket._onTimeout (node:net:609:8)
    at listOnTimeout (node:internal/timers:588:17)
    at process.processTimers (node:internal/timers:523:7) {
  code: '0'
}

[Fatal Tool Error] ftp_rename: Error: Client is closed because Timeout (control socket)
    at C:\Users\steph\Documents\Git Projects\FlowdexMCP\node_modules\basic-ftp\dist\FtpContext.js:228:29
    at new Promise (<anonymous>)
    at FTPContext.handle (C:\Users\steph\Documents\Git Projects\FlowdexMCP\node_modules\basic-ftp\dist\FtpContext.js:210:16)
    at FTPContext.request (C:\Users\steph\Documents\Git Projects\FlowdexMCP\node_modules\basic-ftp\dist\FtpContext.js:188:21)
    at Client.send (C:\Users\steph\Documents\Git Projects\FlowdexMCP\node_modules\basic-ftp\dist\Client.js:122:25)
    at Client.rename (C:\Users\steph\Documents\Git Projects\FlowdexMCP\node_modules\basic-ftp\dist\Client.js:318:20)
    at async file:///C:/Users/steph/Documents/Git%20Projects/FlowdexMCP/index.js:2614:11
Closing reason: Error: Timeout (control socket)
    at Socket.<anonymous> (C:\Users\steph\Documents\Git Projects\FlowdexMCP\node_modules\basic-ftp\dist\FtpContext.js:319:33)
    at Object.onceWrapper (node:events:632:28)
    at Socket.emit (node:events:518:28)
    at Socket._onTimeout (node:net:609:8)
    at listOnTimeout (node:internal/timers:588:17)
    at process.processTimers (node:internal/timers:523:7) {
  code: '0'
}

[Fatal Tool Error] ftp_rename: Error: Client is closed because Timeout (control socket)
    at C:\Users\steph\Documents\Git Projects\FlowdexMCP\node_modules\basic-ftp\dist\FtpContext.js:228:29
    at new Promise (<anonymous>)
    at FTPContext.handle (C:\Users\steph\Documents\Git Projects\FlowdexMCP\node_modules\basic-ftp\dist\FtpContext.js:210:16)
    at FTPContext.request (C:\Users\steph\Documents\Git Projects\FlowdexMCP\node_modules\basic-ftp\dist\FtpContext.js:188:21)
    at Client.send (C:\Users\steph\Documents\Git Projects\FlowdexMCP\node_modules\basic-ftp\dist\Client.js:122:25)
    at Client.rename (C:\Users\steph\Documents\Git Projects\FlowdexMCP\node_modules\basic-ftp\dist\Client.js:318:20)
    at async file:///C:/Users/steph/Documents/Git%20Projects/FlowdexMCP/index.js:2614:11
Closing reason: Error: Timeout (control socket)
    at Socket.<anonymous> (C:\Users\steph\Documents\Git Projects\FlowdexMCP\node_modules\basic-ftp\dist\FtpContext.js:319:33)
    at Object.onceWrapper (node:events:632:28)
    at Socket.emit (node:events:518:28)
    at Socket._onTimeout (node:net:609:8)
    at listOnTimeout (node:internal/timers:588:17)
    at process.processTimers (node:internal/timers:523:7) {
  code: '0'
}

[Fatal Tool Error] ftp_rename: Error: Client is closed because Timeout (control socket)
    at C:\Users\steph\Documents\Git Projects\FlowdexMCP\node_modules\basic-ftp\dist\FtpContext.js:228:29
    at new Promise (<anonymous>)
    at FTPContext.handle (C:\Users\steph\Documents\Git Projects\FlowdexMCP\node_modules\basic-ftp\dist\FtpContext.js:210:16)
    at FTPContext.request (C:\Users\steph\Documents\Git Projects\FlowdexMCP\node_modules\basic-ftp\dist\FtpContext.js:188:21)
    at Client.send (C:\Users\steph\Documents\Git Projects\FlowdexMCP\node_modules\basic-ftp\dist\Client.js:122:25)
    at Client.rename (C:\Users\steph\Documents\Git Projects\FlowdexMCP\node_modules\basic-ftp\dist\Client.js:318:20)
    at async file:///C:/Users/steph/Documents/Git%20Projects/FlowdexMCP/index.js:2614:11
Closing reason: Error: Timeout (control socket)
    at Socket.<anonymous> (C:\Users\steph\Documents\Git Projects\FlowdexMCP\node_modules\basic-ftp\dist\FtpContext.js:319:33)
    at Object.onceWrapper (node:events:632:28)
    at Socket.emit (node:events:518:28)
    at Socket._onTimeout (node:net:609:8)
    at listOnTimeout (node:internal/timers:588:17)
    at process.processTimers (node:internal/timers:523:7) {
  code: '0'
}

[Fatal Tool Error] ftp_rename: Error: Client is closed because Timeout (control socket)
    at C:\Users\steph\Documents\Git Projects\FlowdexMCP\node_modules\basic-ftp\dist\FtpContext.js:228:29
    at new Promise (<anonymous>)
    at FTPContext.handle (C:\Users\steph\Documents\Git Projects\FlowdexMCP\node_modules\basic-ftp\dist\FtpContext.js:210:16)
    at FTPContext.request (C:\Users\steph\Documents\Git Projects\FlowdexMCP\node_modules\basic-ftp\dist\FtpContext.js:188:21)
    at Client.send (C:\Users\steph\Documents\Git Projects\FlowdexMCP\node_modules\basic-ftp\dist\Client.js:122:25)
    at Client.rename (C:\Users\steph\Documents\Git Projects\FlowdexMCP\node_modules\basic-ftp\dist\Client.js:318:20)
    at async file:///C:/Users/steph/Documents/Git%20Projects/FlowdexMCP/index.js:2614:11
Closing reason: Error: Timeout (control socket)
    at Socket.<anonymous> (C:\Users\steph\Documents\Git Projects\FlowdexMCP\node_modules\basic-ftp\dist\FtpContext.js:319:33)
    at Object.onceWrapper (node:events:632:28)
    at Socket.emit (node:events:518:28)
    at Socket._onTimeout (node:net:609:8)
    at listOnTimeout (node:internal/timers:588:17)
    at process.processTimers (node:internal/timers:523:7) {
  code: '0'
}


stderr | Test/features.test.js > Enterprise Features & Edge Cases > Audit Fix #9: ftp_rmdir non-recursive on FTP > should remove an empty directory without recursive flag
[Fatal Tool Error] ftp_mkdir: Error: Client is closed because Timeout (control socket)
    at C:\Users\steph\Documents\Git Projects\FlowdexMCP\node_modules\basic-ftp\dist\FtpContext.js:228:29
    at new Promise (<anonymous>)
    at FTPContext.handle (C:\Users\steph\Documents\Git Projects\FlowdexMCP\node_modules\basic-ftp\dist\FtpContext.js:210:16)
    at FTPContext.request (C:\Users\steph\Documents\Git Projects\FlowdexMCP\node_modules\basic-ftp\dist\FtpContext.js:188:21)
    at Client.send (C:\Users\steph\Documents\Git Projects\FlowdexMCP\node_modules\basic-ftp\dist\Client.js:122:25)
    at Client.cd (C:\Users\steph\Documents\Git Projects\FlowdexMCP\node_modules\basic-ftp\dist\Client.js:276:21)
    at async Client.ensureDir (C:\Users\steph\Documents\Git Projects\FlowdexMCP\node_modules\basic-ftp\dist\Client.js:650:13)
    at async file:///C:/Users/steph/Documents/Git%20Projects/FlowdexMCP/index.js:2546:13
Closing reason: Error: Timeout (control socket)
    at Socket.<anonymous> (C:\Users\steph\Documents\Git Projects\FlowdexMCP\node_modules\basic-ftp\dist\FtpContext.js:319:33)
    at Object.onceWrapper (node:events:632:28)
    at Socket.emit (node:events:518:28)
    at Socket._onTimeout (node:net:609:8)
    at listOnTimeout (node:internal/timers:588:17)
    at process.processTimers (node:internal/timers:523:7) {
  code: '0'
}

[Fatal Tool Error] ftp_mkdir: Error: Client is closed because Timeout (control socket)
    at C:\Users\steph\Documents\Git Projects\FlowdexMCP\node_modules\basic-ftp\dist\FtpContext.js:228:29
    at new Promise (<anonymous>)
    at FTPContext.handle (C:\Users\steph\Documents\Git Projects\FlowdexMCP\node_modules\basic-ftp\dist\FtpContext.js:210:16)
    at FTPContext.request (C:\Users\steph\Documents\Git Projects\FlowdexMCP\node_modules\basic-ftp\dist\FtpContext.js:188:21)
    at Client.send (C:\Users\steph\Documents\Git Projects\FlowdexMCP\node_modules\basic-ftp\dist\Client.js:122:25)
    at Client.cd (C:\Users\steph\Documents\Git Projects\FlowdexMCP\node_modules\basic-ftp\dist\Client.js:276:21)
    at async Client.ensureDir (C:\Users\steph\Documents\Git Projects\FlowdexMCP\node_modules\basic-ftp\dist\Client.js:650:13)
    at async file:///C:/Users/steph/Documents/Git%20Projects/FlowdexMCP/index.js:2546:13
Closing reason: Error: Timeout (control socket)
    at Socket.<anonymous> (C:\Users\steph\Documents\Git Projects\FlowdexMCP\node_modules\basic-ftp\dist\FtpContext.js:319:33)
    at Object.onceWrapper (node:events:632:28)
    at Socket.emit (node:events:518:28)
    at Socket._onTimeout (node:net:609:8)
    at listOnTimeout (node:internal/timers:588:17)
    at process.processTimers (node:internal/timers:523:7) {
  code: '0'
}

[Fatal Tool Error] ftp_mkdir: Error: Client is closed because Timeout (control socket)
    at C:\Users\steph\Documents\Git Projects\FlowdexMCP\node_modules\basic-ftp\dist\FtpContext.js:228:29
    at new Promise (<anonymous>)
    at FTPContext.handle (C:\Users\steph\Documents\Git Projects\FlowdexMCP\node_modules\basic-ftp\dist\FtpContext.js:210:16)
    at FTPContext.request (C:\Users\steph\Documents\Git Projects\FlowdexMCP\node_modules\basic-ftp\dist\FtpContext.js:188:21)
    at Client.send (C:\Users\steph\Documents\Git Projects\FlowdexMCP\node_modules\basic-ftp\dist\Client.js:122:25)
    at Client.cd (C:\Users\steph\Documents\Git Projects\FlowdexMCP\node_modules\basic-ftp\dist\Client.js:276:21)
    at async Client.ensureDir (C:\Users\steph\Documents\Git Projects\FlowdexMCP\node_modules\basic-ftp\dist\Client.js:650:13)
    at async file:///C:/Users/steph/Documents/Git%20Projects/FlowdexMCP/index.js:2546:13
Closing reason: Error: Timeout (control socket)
    at Socket.<anonymous> (C:\Users\steph\Documents\Git Projects\FlowdexMCP\node_modules\basic-ftp\dist\FtpContext.js:319:33)
    at Object.onceWrapper (node:events:632:28)
    at Socket.emit (node:events:518:28)
    at Socket._onTimeout (node:net:609:8)
    at listOnTimeout (node:internal/timers:588:17)
    at process.processTimers (node:internal/timers:523:7) {
  code: '0'
}

[Fatal Tool Error] ftp_mkdir: Error: Client is closed because Timeout (control socket)
    at C:\Users\steph\Documents\Git Projects\FlowdexMCP\node_modules\basic-ftp\dist\FtpContext.js:228:29
    at new Promise (<anonymous>)
    at FTPContext.handle (C:\Users\steph\Documents\Git Projects\FlowdexMCP\node_modules\basic-ftp\dist\FtpContext.js:210:16)
    at FTPContext.request (C:\Users\steph\Documents\Git Projects\FlowdexMCP\node_modules\basic-ftp\dist\FtpContext.js:188:21)
    at Client.send (C:\Users\steph\Documents\Git Projects\FlowdexMCP\node_modules\basic-ftp\dist\Client.js:122:25)
    at Client.cd (C:\Users\steph\Documents\Git Projects\FlowdexMCP\node_modules\basic-ftp\dist\Client.js:276:21)
    at async Client.ensureDir (C:\Users\steph\Documents\Git Projects\FlowdexMCP\node_modules\basic-ftp\dist\Client.js:650:13)
    at async file:///C:/Users/steph/Documents/Git%20Projects/FlowdexMCP/index.js:2546:13
Closing reason: Error: Timeout (control socket)
    at Socket.<anonymous> (C:\Users\steph\Documents\Git Projects\FlowdexMCP\node_modules\basic-ftp\dist\FtpContext.js:319:33)
    at Object.onceWrapper (node:events:632:28)
    at Socket.emit (node:events:518:28)
    at Socket._onTimeout (node:net:609:8)
    at listOnTimeout (node:internal/timers:588:17)
    at process.processTimers (node:internal/timers:523:7) {
  code: '0'
}

[Fatal Tool Error] ftp_mkdir: Error: Client is closed because Timeout (control socket)
    at C:\Users\steph\Documents\Git Projects\FlowdexMCP\node_modules\basic-ftp\dist\FtpContext.js:228:29
    at new Promise (<anonymous>)
    at FTPContext.handle (C:\Users\steph\Documents\Git Projects\FlowdexMCP\node_modules\basic-ftp\dist\FtpContext.js:210:16)
    at FTPContext.request (C:\Users\steph\Documents\Git Projects\FlowdexMCP\node_modules\basic-ftp\dist\FtpContext.js:188:21)
    at Client.send (C:\Users\steph\Documents\Git Projects\FlowdexMCP\node_modules\basic-ftp\dist\Client.js:122:25)
    at Client.cd (C:\Users\steph\Documents\Git Projects\FlowdexMCP\node_modules\basic-ftp\dist\Client.js:276:21)
    at async Client.ensureDir (C:\Users\steph\Documents\Git Projects\FlowdexMCP\node_modules\basic-ftp\dist\Client.js:650:13)
    at async file:///C:/Users/steph/Documents/Git%20Projects/FlowdexMCP/index.js:2546:13
Closing reason: Error: Timeout (control socket)
    at Socket.<anonymous> (C:\Users\steph\Documents\Git Projects\FlowdexMCP\node_modules\basic-ftp\dist\FtpContext.js:319:33)
    at Object.onceWrapper (node:events:632:28)
    at Socket.emit (node:events:518:28)
    at Socket._onTimeout (node:net:609:8)
    at listOnTimeout (node:internal/timers:588:17)
    at process.processTimers (node:internal/timers:523:7) {
  code: '0'
}

[Fatal Tool Error] ftp_mkdir: Error: Client is closed because Timeout (control socket)
    at C:\Users\steph\Documents\Git Projects\FlowdexMCP\node_modules\basic-ftp\dist\FtpContext.js:228:29
    at new Promise (<anonymous>)
    at FTPContext.handle (C:\Users\steph\Documents\Git Projects\FlowdexMCP\node_modules\basic-ftp\dist\FtpContext.js:210:16)
    at FTPContext.request (C:\Users\steph\Documents\Git Projects\FlowdexMCP\node_modules\basic-ftp\dist\FtpContext.js:188:21)
    at Client.send (C:\Users\steph\Documents\Git Projects\FlowdexMCP\node_modules\basic-ftp\dist\Client.js:122:25)
    at Client.cd (C:\Users\steph\Documents\Git Projects\FlowdexMCP\node_modules\basic-ftp\dist\Client.js:276:21)
    at async Client.ensureDir (C:\Users\steph\Documents\Git Projects\FlowdexMCP\node_modules\basic-ftp\dist\Client.js:650:13)
    at async file:///C:/Users/steph/Documents/Git%20Projects/FlowdexMCP/index.js:2546:13
Closing reason: Error: Timeout (control socket)
    at Socket.<anonymous> (C:\Users\steph\Documents\Git Projects\FlowdexMCP\node_modules\basic-ftp\dist\FtpContext.js:319:33)
    at Object.onceWrapper (node:events:632:28)
    at Socket.emit (node:events:518:28)
    at Socket._onTimeout (node:net:609:8)
    at listOnTimeout (node:internal/timers:588:17)
    at process.processTimers (node:internal/timers:523:7) {
  code: '0'
}

[Fatal Tool Error] ftp_mkdir: Error: Client is closed because Timeout (control socket)
    at C:\Users\steph\Documents\Git Projects\FlowdexMCP\node_modules\basic-ftp\dist\FtpContext.js:228:29
    at new Promise (<anonymous>)
    at FTPContext.handle (C:\Users\steph\Documents\Git Projects\FlowdexMCP\node_modules\basic-ftp\dist\FtpContext.js:210:16)
    at FTPContext.request (C:\Users\steph\Documents\Git Projects\FlowdexMCP\node_modules\basic-ftp\dist\FtpContext.js:188:21)
    at Client.send (C:\Users\steph\Documents\Git Projects\FlowdexMCP\node_modules\basic-ftp\dist\Client.js:122:25)
    at Client.cd (C:\Users\steph\Documents\Git Projects\FlowdexMCP\node_modules\basic-ftp\dist\Client.js:276:21)
    at async Client.ensureDir (C:\Users\steph\Documents\Git Projects\FlowdexMCP\node_modules\basic-ftp\dist\Client.js:650:13)
    at async file:///C:/Users/steph/Documents/Git%20Projects/FlowdexMCP/index.js:2546:13
Closing reason: Error: Timeout (control socket)
    at Socket.<anonymous> (C:\Users\steph\Documents\Git Projects\FlowdexMCP\node_modules\basic-ftp\dist\FtpContext.js:319:33)
    at Object.onceWrapper (node:events:632:28)
    at Socket.emit (node:events:518:28)
    at Socket._onTimeout (node:net:609:8)
    at listOnTimeout (node:internal/timers:588:17)
    at process.processTimers (node:internal/timers:523:7) {
  code: '0'
}

[Fatal Tool Error] ftp_mkdir: Error: Client is closed because Timeout (control socket)
    at C:\Users\steph\Documents\Git Projects\FlowdexMCP\node_modules\basic-ftp\dist\FtpContext.js:228:29
    at new Promise (<anonymous>)
    at FTPContext.handle (C:\Users\steph\Documents\Git Projects\FlowdexMCP\node_modules\basic-ftp\dist\FtpContext.js:210:16)
    at FTPContext.request (C:\Users\steph\Documents\Git Projects\FlowdexMCP\node_modules\basic-ftp\dist\FtpContext.js:188:21)
    at Client.send (C:\Users\steph\Documents\Git Projects\FlowdexMCP\node_modules\basic-ftp\dist\Client.js:122:25)
    at Client.cd (C:\Users\steph\Documents\Git Projects\FlowdexMCP\node_modules\basic-ftp\dist\Client.js:276:21)
    at async Client.ensureDir (C:\Users\steph\Documents\Git Projects\FlowdexMCP\node_modules\basic-ftp\dist\Client.js:650:13)
    at async file:///C:/Users/steph/Documents/Git%20Projects/FlowdexMCP/index.js:2546:13
Closing reason: Error: Timeout (control socket)
    at Socket.<anonymous> (C:\Users\steph\Documents\Git Projects\FlowdexMCP\node_modules\basic-ftp\dist\FtpContext.js:319:33)
    at Object.onceWrapper (node:events:632:28)
    at Socket.emit (node:events:518:28)
    at Socket._onTimeout (node:net:609:8)
    at listOnTimeout (node:internal/timers:588:17)
    at process.processTimers (node:internal/timers:523:7) {
  code: '0'
}

[Fatal Tool Error] ftp_mkdir: Error: Client is closed because Timeout (control socket)
    at C:\Users\steph\Documents\Git Projects\FlowdexMCP\node_modules\basic-ftp\dist\FtpContext.js:228:29
    at new Promise (<anonymous>)
    at FTPContext.handle (C:\Users\steph\Documents\Git Projects\FlowdexMCP\node_modules\basic-ftp\dist\FtpContext.js:210:16)
    at FTPContext.request (C:\Users\steph\Documents\Git Projects\FlowdexMCP\node_modules\basic-ftp\dist\FtpContext.js:188:21)
    at Client.send (C:\Users\steph\Documents\Git Projects\FlowdexMCP\node_modules\basic-ftp\dist\Client.js:122:25)
    at Client.cd (C:\Users\steph\Documents\Git Projects\FlowdexMCP\node_modules\basic-ftp\dist\Client.js:276:21)
    at async Client.ensureDir (C:\Users\steph\Documents\Git Projects\FlowdexMCP\node_modules\basic-ftp\dist\Client.js:650:13)
    at async file:///C:/Users/steph/Documents/Git%20Projects/FlowdexMCP/index.js:2546:13
Closing reason: Error: Timeout (control socket)
    at Socket.<anonymous> (C:\Users\steph\Documents\Git Projects\FlowdexMCP\node_modules\basic-ftp\dist\FtpContext.js:319:33)
    at Object.onceWrapper (node:events:632:28)
    at Socket.emit (node:events:518:28)
    at Socket._onTimeout (node:net:609:8)
    at listOnTimeout (node:internal/timers:588:17)
    at process.processTimers (node:internal/timers:523:7) {
  code: '0'
}

[Fatal Tool Error] ftp_mkdir: Error: Client is closed because Timeout (control socket)
    at C:\Users\steph\Documents\Git Projects\FlowdexMCP\node_modules\basic-ftp\dist\FtpContext.js:228:29
    at new Promise (<anonymous>)
    at FTPContext.handle (C:\Users\steph\Documents\Git Projects\FlowdexMCP\node_modules\basic-ftp\dist\FtpContext.js:210:16)
    at FTPContext.request (C:\Users\steph\Documents\Git Projects\FlowdexMCP\node_modules\basic-ftp\dist\FtpContext.js:188:21)
    at Client.send (C:\Users\steph\Documents\Git Projects\FlowdexMCP\node_modules\basic-ftp\dist\Client.js:122:25)
    at Client.cd (C:\Users\steph\Documents\Git Projects\FlowdexMCP\node_modules\basic-ftp\dist\Client.js:276:21)
    at async Client.ensureDir (C:\Users\steph\Documents\Git Projects\FlowdexMCP\node_modules\basic-ftp\dist\Client.js:650:13)
    at async file:///C:/Users/steph/Documents/Git%20Projects/FlowdexMCP/index.js:2546:13
Closing reason: Error: Timeout (control socket)
    at Socket.<anonymous> (C:\Users\steph\Documents\Git Projects\FlowdexMCP\node_modules\basic-ftp\dist\FtpContext.js:319:33)
    at Object.onceWrapper (node:events:632:28)
    at Socket.emit (node:events:518:28)
    at Socket._onTimeout (node:net:609:8)
    at listOnTimeout (node:internal/timers:588:17)
    at process.processTimers (node:internal/timers:523:7) {
  code: '0'
}

[Fatal Tool Error] ftp_mkdir: Error: Client is closed because Timeout (control socket)
    at C:\Users\steph\Documents\Git Projects\FlowdexMCP\node_modules\basic-ftp\dist\FtpContext.js:228:29
    at new Promise (<anonymous>)
    at FTPContext.handle (C:\Users\steph\Documents\Git Projects\FlowdexMCP\node_modules\basic-ftp\dist\FtpContext.js:210:16)
    at FTPContext.request (C:\Users\steph\Documents\Git Projects\FlowdexMCP\node_modules\basic-ftp\dist\FtpContext.js:188:21)
    at Client.send (C:\Users\steph\Documents\Git Projects\FlowdexMCP\node_modules\basic-ftp\dist\Client.js:122:25)
    at Client.cd (C:\Users\steph\Documents\Git Projects\FlowdexMCP\node_modules\basic-ftp\dist\Client.js:276:21)
    at async Client.ensureDir (C:\Users\steph\Documents\Git Projects\FlowdexMCP\node_modules\basic-ftp\dist\Client.js:650:13)
    at async file:///C:/Users/steph/Documents/Git%20Projects/FlowdexMCP/index.js:2546:13
Closing reason: Error: Timeout (control socket)
    at Socket.<anonymous> (C:\Users\steph\Documents\Git Projects\FlowdexMCP\node_modules\basic-ftp\dist\FtpContext.js:319:33)
    at Object.onceWrapper (node:events:632:28)
    at Socket.emit (node:events:518:28)
    at Socket._onTimeout (node:net:609:8)
    at listOnTimeout (node:internal/timers:588:17)
    at process.processTimers (node:internal/timers:523:7) {
  code: '0'
}

[Fatal Tool Error] ftp_mkdir: Error: Client is closed because Timeout (control socket)
    at C:\Users\steph\Documents\Git Projects\FlowdexMCP\node_modules\basic-ftp\dist\FtpContext.js:228:29
    at new Promise (<anonymous>)
    at FTPContext.handle (C:\Users\steph\Documents\Git Projects\FlowdexMCP\node_modules\basic-ftp\dist\FtpContext.js:210:16)
    at FTPContext.request (C:\Users\steph\Documents\Git Projects\FlowdexMCP\node_modules\basic-ftp\dist\FtpContext.js:188:21)
    at Client.send (C:\Users\steph\Documents\Git Projects\FlowdexMCP\node_modules\basic-ftp\dist\Client.js:122:25)
    at Client.cd (C:\Users\steph\Documents\Git Projects\FlowdexMCP\node_modules\basic-ftp\dist\Client.js:276:21)
    at async Client.ensureDir (C:\Users\steph\Documents\Git Projects\FlowdexMCP\node_modules\basic-ftp\dist\Client.js:650:13)
    at async file:///C:/Users/steph/Documents/Git%20Projects/FlowdexMCP/index.js:2546:13
Closing reason: Error: Timeout (control socket)
    at Socket.<anonymous> (C:\Users\steph\Documents\Git Projects\FlowdexMCP\node_modules\basic-ftp\dist\FtpContext.js:319:33)
    at Object.onceWrapper (node:events:632:28)
    at Socket.emit (node:events:518:28)
    at Socket._onTimeout (node:net:609:8)
    at listOnTimeout (node:internal/timers:588:17)
    at process.processTimers (node:internal/timers:523:7) {
  code: '0'
}

[Fatal Tool Error] ftp_mkdir: Error: Client is closed because Timeout (control socket)
    at C:\Users\steph\Documents\Git Projects\FlowdexMCP\node_modules\basic-ftp\dist\FtpContext.js:228:29
    at new Promise (<anonymous>)
    at FTPContext.handle (C:\Users\steph\Documents\Git Projects\FlowdexMCP\node_modules\basic-ftp\dist\FtpContext.js:210:16)
    at FTPContext.request (C:\Users\steph\Documents\Git Projects\FlowdexMCP\node_modules\basic-ftp\dist\FtpContext.js:188:21)
    at Client.send (C:\Users\steph\Documents\Git Projects\FlowdexMCP\node_modules\basic-ftp\dist\Client.js:122:25)
    at Client.cd (C:\Users\steph\Documents\Git Projects\FlowdexMCP\node_modules\basic-ftp\dist\Client.js:276:21)
    at async Client.ensureDir (C:\Users\steph\Documents\Git Projects\FlowdexMCP\node_modules\basic-ftp\dist\Client.js:650:13)
    at async file:///C:/Users/steph/Documents/Git%20Projects/FlowdexMCP/index.js:2546:13
Closing reason: Error: Timeout (control socket)
    at Socket.<anonymous> (C:\Users\steph\Documents\Git Projects\FlowdexMCP\node_modules\basic-ftp\dist\FtpContext.js:319:33)
    at Object.onceWrapper (node:events:632:28)
    at Socket.emit (node:events:518:28)
    at Socket._onTimeout (node:net:609:8)
    at listOnTimeout (node:internal/timers:588:17)
    at process.processTimers (node:internal/timers:523:7) {
  code: '0'
}

[Fatal Tool Error] ftp_mkdir: Error: Client is closed because Timeout (control socket)
    at C:\Users\steph\Documents\Git Projects\FlowdexMCP\node_modules\basic-ftp\dist\FtpContext.js:228:29
    at new Promise (<anonymous>)
    at FTPContext.handle (C:\Users\steph\Documents\Git Projects\FlowdexMCP\node_modules\basic-ftp\dist\FtpContext.js:210:16)
    at FTPContext.request (C:\Users\steph\Documents\Git Projects\FlowdexMCP\node_modules\basic-ftp\dist\FtpContext.js:188:21)
    at Client.send (C:\Users\steph\Documents\Git Projects\FlowdexMCP\node_modules\basic-ftp\dist\Client.js:122:25)
    at Client.cd (C:\Users\steph\Documents\Git Projects\FlowdexMCP\node_modules\basic-ftp\dist\Client.js:276:21)
    at async Client.ensureDir (C:\Users\steph\Documents\Git Projects\FlowdexMCP\node_modules\basic-ftp\dist\Client.js:650:13)
    at async file:///C:/Users/steph/Documents/Git%20Projects/FlowdexMCP/index.js:2546:13
Closing reason: Error: Timeout (control socket)
    at Socket.<anonymous> (C:\Users\steph\Documents\Git Projects\FlowdexMCP\node_modules\basic-ftp\dist\FtpContext.js:319:33)
    at Object.onceWrapper (node:events:632:28)
    at Socket.emit (node:events:518:28)
    at Socket._onTimeout (node:net:609:8)
    at listOnTimeout (node:internal/timers:588:17)
    at process.processTimers (node:internal/timers:523:7) {
  code: '0'
}

[Fatal Tool Error] ftp_mkdir: Error: Client is closed because Timeout (control socket)
    at C:\Users\steph\Documents\Git Projects\FlowdexMCP\node_modules\basic-ftp\dist\FtpContext.js:228:29
    at new Promise (<anonymous>)
    at FTPContext.handle (C:\Users\steph\Documents\Git Projects\FlowdexMCP\node_modules\basic-ftp\dist\FtpContext.js:210:16)
    at FTPContext.request (C:\Users\steph\Documents\Git Projects\FlowdexMCP\node_modules\basic-ftp\dist\FtpContext.js:188:21)
    at Client.send (C:\Users\steph\Documents\Git Projects\FlowdexMCP\node_modules\basic-ftp\dist\Client.js:122:25)
    at Client.cd (C:\Users\steph\Documents\Git Projects\FlowdexMCP\node_modules\basic-ftp\dist\Client.js:276:21)
    at async Client.ensureDir (C:\Users\steph\Documents\Git Projects\FlowdexMCP\node_modules\basic-ftp\dist\Client.js:650:13)
    at async file:///C:/Users/steph/Documents/Git%20Projects/FlowdexMCP/index.js:2546:13
Closing reason: Error: Timeout (control socket)
    at Socket.<anonymous> (C:\Users\steph\Documents\Git Projects\FlowdexMCP\node_modules\basic-ftp\dist\FtpContext.js:319:33)
    at Object.onceWrapper (node:events:632:28)
    at Socket.emit (node:events:518:28)
    at Socket._onTimeout (node:net:609:8)
    at listOnTimeout (node:internal/timers:588:17)
    at process.processTimers (node:internal/timers:523:7) {
  code: '0'
}

[Fatal Tool Error] ftp_mkdir: Error: Client is closed because Timeout (control socket)
    at C:\Users\steph\Documents\Git Projects\FlowdexMCP\node_modules\basic-ftp\dist\FtpContext.js:228:29
    at new Promise (<anonymous>)
    at FTPContext.handle (C:\Users\steph\Documents\Git Projects\FlowdexMCP\node_modules\basic-ftp\dist\FtpContext.js:210:16)
    at FTPContext.request (C:\Users\steph\Documents\Git Projects\FlowdexMCP\node_modules\basic-ftp\dist\FtpContext.js:188:21)
    at Client.send (C:\Users\steph\Documents\Git Projects\FlowdexMCP\node_modules\basic-ftp\dist\Client.js:122:25)
    at Client.cd (C:\Users\steph\Documents\Git Projects\FlowdexMCP\node_modules\basic-ftp\dist\Client.js:276:21)
    at async Client.ensureDir (C:\Users\steph\Documents\Git Projects\FlowdexMCP\node_modules\basic-ftp\dist\Client.js:650:13)
    at async file:///C:/Users/steph/Documents/Git%20Projects/FlowdexMCP/index.js:2546:13
Closing reason: Error: Timeout (control socket)
    at Socket.<anonymous> (C:\Users\steph\Documents\Git Projects\FlowdexMCP\node_modules\basic-ftp\dist\FtpContext.js:319:33)
    at Object.onceWrapper (node:events:632:28)
    at Socket.emit (node:events:518:28)
    at Socket._onTimeout (node:net:609:8)
    at listOnTimeout (node:internal/timers:588:17)
    at process.processTimers (node:internal/timers:523:7) {
  code: '0'
}

[Fatal Tool Error] ftp_mkdir: Error: Client is closed because Timeout (control socket)
    at C:\Users\steph\Documents\Git Projects\FlowdexMCP\node_modules\basic-ftp\dist\FtpContext.js:228:29
    at new Promise (<anonymous>)
    at FTPContext.handle (C:\Users\steph\Documents\Git Projects\FlowdexMCP\node_modules\basic-ftp\dist\FtpContext.js:210:16)
    at FTPContext.request (C:\Users\steph\Documents\Git Projects\FlowdexMCP\node_modules\basic-ftp\dist\FtpContext.js:188:21)
    at Client.send (C:\Users\steph\Documents\Git Projects\FlowdexMCP\node_modules\basic-ftp\dist\Client.js:122:25)
    at Client.cd (C:\Users\steph\Documents\Git Projects\FlowdexMCP\node_modules\basic-ftp\dist\Client.js:276:21)
    at async Client.ensureDir (C:\Users\steph\Documents\Git Projects\FlowdexMCP\node_modules\basic-ftp\dist\Client.js:650:13)
    at async file:///C:/Users/steph/Documents/Git%20Projects/FlowdexMCP/index.js:2546:13
Closing reason: Error: Timeout (control socket)
    at Socket.<anonymous> (C:\Users\steph\Documents\Git Projects\FlowdexMCP\node_modules\basic-ftp\dist\FtpContext.js:319:33)
    at Object.onceWrapper (node:events:632:28)
    at Socket.emit (node:events:518:28)
    at Socket._onTimeout (node:net:609:8)
    at listOnTimeout (node:internal/timers:588:17)
    at process.processTimers (node:internal/timers:523:7) {
  code: '0'
}

[Fatal Tool Error] ftp_mkdir: Error: Client is closed because Timeout (control socket)
    at C:\Users\steph\Documents\Git Projects\FlowdexMCP\node_modules\basic-ftp\dist\FtpContext.js:228:29
    at new Promise (<anonymous>)
    at FTPContext.handle (C:\Users\steph\Documents\Git Projects\FlowdexMCP\node_modules\basic-ftp\dist\FtpContext.js:210:16)
    at FTPContext.request (C:\Users\steph\Documents\Git Projects\FlowdexMCP\node_modules\basic-ftp\dist\FtpContext.js:188:21)
    at Client.send (C:\Users\steph\Documents\Git Projects\FlowdexMCP\node_modules\basic-ftp\dist\Client.js:122:25)
    at Client.cd (C:\Users\steph\Documents\Git Projects\FlowdexMCP\node_modules\basic-ftp\dist\Client.js:276:21)
    at async Client.ensureDir (C:\Users\steph\Documents\Git Projects\FlowdexMCP\node_modules\basic-ftp\dist\Client.js:650:13)
    at async file:///C:/Users/steph/Documents/Git%20Projects/FlowdexMCP/index.js:2546:13
Closing reason: Error: Timeout (control socket)
    at Socket.<anonymous> (C:\Users\steph\Documents\Git Projects\FlowdexMCP\node_modules\basic-ftp\dist\FtpContext.js:319:33)
    at Object.onceWrapper (node:events:632:28)
    at Socket.emit (node:events:518:28)
    at Socket._onTimeout (node:net:609:8)
    at listOnTimeout (node:internal/timers:588:17)
    at process.processTimers (node:internal/timers:523:7) {
  code: '0'
}

[Fatal Tool Error] ftp_mkdir: Error: Client is closed because Timeout (control socket)
    at C:\Users\steph\Documents\Git Projects\FlowdexMCP\node_modules\basic-ftp\dist\FtpContext.js:228:29
    at new Promise (<anonymous>)
    at FTPContext.handle (C:\Users\steph\Documents\Git Projects\FlowdexMCP\node_modules\basic-ftp\dist\FtpContext.js:210:16)
    at FTPContext.request (C:\Users\steph\Documents\Git Projects\FlowdexMCP\node_modules\basic-ftp\dist\FtpContext.js:188:21)
    at Client.send (C:\Users\steph\Documents\Git Projects\FlowdexMCP\node_modules\basic-ftp\dist\Client.js:122:25)
    at Client.cd (C:\Users\steph\Documents\Git Projects\FlowdexMCP\node_modules\basic-ftp\dist\Client.js:276:21)
    at async Client.ensureDir (C:\Users\steph\Documents\Git Projects\FlowdexMCP\node_modules\basic-ftp\dist\Client.js:650:13)
    at async file:///C:/Users/steph/Documents/Git%20Projects/FlowdexMCP/index.js:2546:13
Closing reason: Error: Timeout (control socket)
    at Socket.<anonymous> (C:\Users\steph\Documents\Git Projects\FlowdexMCP\node_modules\basic-ftp\dist\FtpContext.js:319:33)
    at Object.onceWrapper (node:events:632:28)
    at Socket.emit (node:events:518:28)
    at Socket._onTimeout (node:net:609:8)
    at listOnTimeout (node:internal/timers:588:17)
    at process.processTimers (node:internal/timers:523:7) {
  code: '0'
}

[Fatal Tool Error] ftp_mkdir: Error: Client is closed because Timeout (control socket)
    at C:\Users\steph\Documents\Git Projects\FlowdexMCP\node_modules\basic-ftp\dist\FtpContext.js:228:29
    at new Promise (<anonymous>)
    at FTPContext.handle (C:\Users\steph\Documents\Git Projects\FlowdexMCP\node_modules\basic-ftp\dist\FtpContext.js:210:16)
    at FTPContext.request (C:\Users\steph\Documents\Git Projects\FlowdexMCP\node_modules\basic-ftp\dist\FtpContext.js:188:21)
    at Client.send (C:\Users\steph\Documents\Git Projects\FlowdexMCP\node_modules\basic-ftp\dist\Client.js:122:25)
    at Client.cd (C:\Users\steph\Documents\Git Projects\FlowdexMCP\node_modules\basic-ftp\dist\Client.js:276:21)
    at async Client.ensureDir (C:\Users\steph\Documents\Git Projects\FlowdexMCP\node_modules\basic-ftp\dist\Client.js:650:13)
    at async file:///C:/Users/steph/Documents/Git%20Projects/FlowdexMCP/index.js:2546:13
Closing reason: Error: Timeout (control socket)
    at Socket.<anonymous> (C:\Users\steph\Documents\Git Projects\FlowdexMCP\node_modules\basic-ftp\dist\FtpContext.js:319:33)
    at Object.onceWrapper (node:events:632:28)
    at Socket.emit (node:events:518:28)
    at Socket._onTimeout (node:net:609:8)
    at listOnTimeout (node:internal/timers:588:17)
    at process.processTimers (node:internal/timers:523:7) {
  code: '0'
}

[Fatal Tool Error] ftp_mkdir: Error: Client is closed because Timeout (control socket)
    at C:\Users\steph\Documents\Git Projects\FlowdexMCP\node_modules\basic-ftp\dist\FtpContext.js:228:29
    at new Promise (<anonymous>)
    at FTPContext.handle (C:\Users\steph\Documents\Git Projects\FlowdexMCP\node_modules\basic-ftp\dist\FtpContext.js:210:16)
    at FTPContext.request (C:\Users\steph\Documents\Git Projects\FlowdexMCP\node_modules\basic-ftp\dist\FtpContext.js:188:21)
    at Client.send (C:\Users\steph\Documents\Git Projects\FlowdexMCP\node_modules\basic-ftp\dist\Client.js:122:25)
    at Client.cd (C:\Users\steph\Documents\Git Projects\FlowdexMCP\node_modules\basic-ftp\dist\Client.js:276:21)
    at async Client.ensureDir (C:\Users\steph\Documents\Git Projects\FlowdexMCP\node_modules\basic-ftp\dist\Client.js:650:13)
    at async file:///C:/Users/steph/Documents/Git%20Projects/FlowdexMCP/index.js:2546:13
Closing reason: Error: Timeout (control socket)
    at Socket.<anonymous> (C:\Users\steph\Documents\Git Projects\FlowdexMCP\node_modules\basic-ftp\dist\FtpContext.js:319:33)
    at Object.onceWrapper (node:events:632:28)
    at Socket.emit (node:events:518:28)
    at Socket._onTimeout (node:net:609:8)
    at listOnTimeout (node:internal/timers:588:17)
    at process.processTimers (node:internal/timers:523:7) {
  code: '0'
}

[Fatal Tool Error] ftp_mkdir: Error: Client is closed because Timeout (control socket)
    at C:\Users\steph\Documents\Git Projects\FlowdexMCP\node_modules\basic-ftp\dist\FtpContext.js:228:29
    at new Promise (<anonymous>)
    at FTPContext.handle (C:\Users\steph\Documents\Git Projects\FlowdexMCP\node_modules\basic-ftp\dist\FtpContext.js:210:16)
    at FTPContext.request (C:\Users\steph\Documents\Git Projects\FlowdexMCP\node_modules\basic-ftp\dist\FtpContext.js:188:21)
    at Client.send (C:\Users\steph\Documents\Git Projects\FlowdexMCP\node_modules\basic-ftp\dist\Client.js:122:25)
    at Client.cd (C:\Users\steph\Documents\Git Projects\FlowdexMCP\node_modules\basic-ftp\dist\Client.js:276:21)
    at async Client.ensureDir (C:\Users\steph\Documents\Git Projects\FlowdexMCP\node_modules\basic-ftp\dist\Client.js:650:13)
    at async file:///C:/Users/steph/Documents/Git%20Projects/FlowdexMCP/index.js:2546:13
Closing reason: Error: Timeout (control socket)
    at Socket.<anonymous> (C:\Users\steph\Documents\Git Projects\FlowdexMCP\node_modules\basic-ftp\dist\FtpContext.js:319:33)
    at Object.onceWrapper (node:events:632:28)
    at Socket.emit (node:events:518:28)
    at Socket._onTimeout (node:net:609:8)
    at listOnTimeout (node:internal/timers:588:17)
    at process.processTimers (node:internal/timers:523:7) {
  code: '0'
}

[Fatal Tool Error] ftp_mkdir: Error: Client is closed because Timeout (control socket)
    at C:\Users\steph\Documents\Git Projects\FlowdexMCP\node_modules\basic-ftp\dist\FtpContext.js:228:29
    at new Promise (<anonymous>)
    at FTPContext.handle (C:\Users\steph\Documents\Git Projects\FlowdexMCP\node_modules\basic-ftp\dist\FtpContext.js:210:16)
    at FTPContext.request (C:\Users\steph\Documents\Git Projects\FlowdexMCP\node_modules\basic-ftp\dist\FtpContext.js:188:21)
    at Client.send (C:\Users\steph\Documents\Git Projects\FlowdexMCP\node_modules\basic-ftp\dist\Client.js:122:25)
    at Client.cd (C:\Users\steph\Documents\Git Projects\FlowdexMCP\node_modules\basic-ftp\dist\Client.js:276:21)
    at async Client.ensureDir (C:\Users\steph\Documents\Git Projects\FlowdexMCP\node_modules\basic-ftp\dist\Client.js:650:13)
    at async file:///C:/Users/steph/Documents/Git%20Projects/FlowdexMCP/index.js:2546:13
Closing reason: Error: Timeout (control socket)
    at Socket.<anonymous> (C:\Users\steph\Documents\Git Projects\FlowdexMCP\node_modules\basic-ftp\dist\FtpContext.js:319:33)
    at Object.onceWrapper (node:events:632:28)
    at Socket.emit (node:events:518:28)
    at Socket._onTimeout (node:net:609:8)
    at listOnTimeout (node:internal/timers:588:17)
    at process.processTimers (node:internal/timers:523:7) {
  code: '0'
}

[Fatal Tool Error] ftp_mkdir: Error: Client is closed because Timeout (control socket)
    at C:\Users\steph\Documents\Git Projects\FlowdexMCP\node_modules\basic-ftp\dist\FtpContext.js:228:29
    at new Promise (<anonymous>)
    at FTPContext.handle (C:\Users\steph\Documents\Git Projects\FlowdexMCP\node_modules\basic-ftp\dist\FtpContext.js:210:16)
    at FTPContext.request (C:\Users\steph\Documents\Git Projects\FlowdexMCP\node_modules\basic-ftp\dist\FtpContext.js:188:21)
    at Client.send (C:\Users\steph\Documents\Git Projects\FlowdexMCP\node_modules\basic-ftp\dist\Client.js:122:25)
    at Client.cd (C:\Users\steph\Documents\Git Projects\FlowdexMCP\node_modules\basic-ftp\dist\Client.js:276:21)
    at async Client.ensureDir (C:\Users\steph\Documents\Git Projects\FlowdexMCP\node_modules\basic-ftp\dist\Client.js:650:13)
    at async file:///C:/Users/steph/Documents/Git%20Projects/FlowdexMCP/index.js:2546:13
Closing reason: Error: Timeout (control socket)
    at Socket.<anonymous> (C:\Users\steph\Documents\Git Projects\FlowdexMCP\node_modules\basic-ftp\dist\FtpContext.js:319:33)
    at Object.onceWrapper (node:events:632:28)
    at Socket.emit (node:events:518:28)
    at Socket._onTimeout (node:net:609:8)
    at listOnTimeout (node:internal/timers:588:17)
    at process.processTimers (node:internal/timers:523:7) {
  code: '0'
}

[Fatal Tool Error] ftp_mkdir: Error: Client is closed because Timeout (control socket)
    at C:\Users\steph\Documents\Git Projects\FlowdexMCP\node_modules\basic-ftp\dist\FtpContext.js:228:29
    at new Promise (<anonymous>)
    at FTPContext.handle (C:\Users\steph\Documents\Git Projects\FlowdexMCP\node_modules\basic-ftp\dist\FtpContext.js:210:16)
    at FTPContext.request (C:\Users\steph\Documents\Git Projects\FlowdexMCP\node_modules\basic-ftp\dist\FtpContext.js:188:21)
    at Client.send (C:\Users\steph\Documents\Git Projects\FlowdexMCP\node_modules\basic-ftp\dist\Client.js:122:25)
    at Client.cd (C:\Users\steph\Documents\Git Projects\FlowdexMCP\node_modules\basic-ftp\dist\Client.js:276:21)
    at async Client.ensureDir (C:\Users\steph\Documents\Git Projects\FlowdexMCP\node_modules\basic-ftp\dist\Client.js:650:13)
    at async file:///C:/Users/steph/Documents/Git%20Projects/FlowdexMCP/index.js:2546:13
Closing reason: Error: Timeout (control socket)
    at Socket.<anonymous> (C:\Users\steph\Documents\Git Projects\FlowdexMCP\node_modules\basic-ftp\dist\FtpContext.js:319:33)
    at Object.onceWrapper (node:events:632:28)
    at Socket.emit (node:events:518:28)
    at Socket._onTimeout (node:net:609:8)
    at listOnTimeout (node:internal/timers:588:17)
    at process.processTimers (node:internal/timers:523:7) {
  code: '0'
}

[Fatal Tool Error] ftp_mkdir: Error: Client is closed because Timeout (control socket)
    at C:\Users\steph\Documents\Git Projects\FlowdexMCP\node_modules\basic-ftp\dist\FtpContext.js:228:29
    at new Promise (<anonymous>)
    at FTPContext.handle (C:\Users\steph\Documents\Git Projects\FlowdexMCP\node_modules\basic-ftp\dist\FtpContext.js:210:16)
    at FTPContext.request (C:\Users\steph\Documents\Git Projects\FlowdexMCP\node_modules\basic-ftp\dist\FtpContext.js:188:21)
    at Client.send (C:\Users\steph\Documents\Git Projects\FlowdexMCP\node_modules\basic-ftp\dist\Client.js:122:25)
    at Client.cd (C:\Users\steph\Documents\Git Projects\FlowdexMCP\node_modules\basic-ftp\dist\Client.js:276:21)
    at async Client.ensureDir (C:\Users\steph\Documents\Git Projects\FlowdexMCP\node_modules\basic-ftp\dist\Client.js:650:13)
    at async file:///C:/Users/steph/Documents/Git%20Projects/FlowdexMCP/index.js:2546:13
Closing reason: Error: Timeout (control socket)
    at Socket.<anonymous> (C:\Users\steph\Documents\Git Projects\FlowdexMCP\node_modules\basic-ftp\dist\FtpContext.js:319:33)
    at Object.onceWrapper (node:events:632:28)
    at Socket.emit (node:events:518:28)
    at Socket._onTimeout (node:net:609:8)
    at listOnTimeout (node:internal/timers:588:17)
    at process.processTimers (node:internal/timers:523:7) {
  code: '0'
}

[Fatal Tool Error] ftp_mkdir: Error: Client is closed because Timeout (control socket)
    at C:\Users\steph\Documents\Git Projects\FlowdexMCP\node_modules\basic-ftp\dist\FtpContext.js:228:29
    at new Promise (<anonymous>)
    at FTPContext.handle (C:\Users\steph\Documents\Git Projects\FlowdexMCP\node_modules\basic-ftp\dist\FtpContext.js:210:16)
    at FTPContext.request (C:\Users\steph\Documents\Git Projects\FlowdexMCP\node_modules\basic-ftp\dist\FtpContext.js:188:21)
    at Client.send (C:\Users\steph\Documents\Git Projects\FlowdexMCP\node_modules\basic-ftp\dist\Client.js:122:25)
    at Client.cd (C:\Users\steph\Documents\Git Projects\FlowdexMCP\node_modules\basic-ftp\dist\Client.js:276:21)
    at async Client.ensureDir (C:\Users\steph\Documents\Git Projects\FlowdexMCP\node_modules\basic-ftp\dist\Client.js:650:13)
    at async file:///C:/Users/steph/Documents/Git%20Projects/FlowdexMCP/index.js:2546:13
Closing reason: Error: Timeout (control socket)
    at Socket.<anonymous> (C:\Users\steph\Documents\Git Projects\FlowdexMCP\node_modules\basic-ftp\dist\FtpContext.js:319:33)
    at Object.onceWrapper (node:events:632:28)
    at Socket.emit (node:events:518:28)
    at Socket._onTimeout (node:net:609:8)
    at listOnTimeout (node:internal/timers:588:17)
    at process.processTimers (node:internal/timers:523:7) {
  code: '0'
}

[Fatal Tool Error] ftp_mkdir: Error: Client is closed because Timeout (control socket)
    at C:\Users\steph\Documents\Git Projects\FlowdexMCP\node_modules\basic-ftp\dist\FtpContext.js:228:29
    at new Promise (<anonymous>)
    at FTPContext.handle (C:\Users\steph\Documents\Git Projects\FlowdexMCP\node_modules\basic-ftp\dist\FtpContext.js:210:16)
    at FTPContext.request (C:\Users\steph\Documents\Git Projects\FlowdexMCP\node_modules\basic-ftp\dist\FtpContext.js:188:21)
    at Client.send (C:\Users\steph\Documents\Git Projects\FlowdexMCP\node_modules\basic-ftp\dist\Client.js:122:25)
    at Client.cd (C:\Users\steph\Documents\Git Projects\FlowdexMCP\node_modules\basic-ftp\dist\Client.js:276:21)
    at async Client.ensureDir (C:\Users\steph\Documents\Git Projects\FlowdexMCP\node_modules\basic-ftp\dist\Client.js:650:13)
    at async file:///C:/Users/steph/Documents/Git%20Projects/FlowdexMCP/index.js:2546:13
Closing reason: Error: Timeout (control socket)
    at Socket.<anonymous> (C:\Users\steph\Documents\Git Projects\FlowdexMCP\node_modules\basic-ftp\dist\FtpContext.js:319:33)
    at Object.onceWrapper (node:events:632:28)
    at Socket.emit (node:events:518:28)
    at Socket._onTimeout (node:net:609:8)
    at listOnTimeout (node:internal/timers:588:17)
    at process.processTimers (node:internal/timers:523:7) {
  code: '0'
}

[Fatal Tool Error] ftp_mkdir: Error: Client is closed because Timeout (control socket)
    at C:\Users\steph\Documents\Git Projects\FlowdexMCP\node_modules\basic-ftp\dist\FtpContext.js:228:29
    at new Promise (<anonymous>)
    at FTPContext.handle (C:\Users\steph\Documents\Git Projects\FlowdexMCP\node_modules\basic-ftp\dist\FtpContext.js:210:16)
    at FTPContext.request (C:\Users\steph\Documents\Git Projects\FlowdexMCP\node_modules\basic-ftp\dist\FtpContext.js:188:21)
    at Client.send (C:\Users\steph\Documents\Git Projects\FlowdexMCP\node_modules\basic-ftp\dist\Client.js:122:25)
    at Client.cd (C:\Users\steph\Documents\Git Projects\FlowdexMCP\node_modules\basic-ftp\dist\Client.js:276:21)
    at async Client.ensureDir (C:\Users\steph\Documents\Git Projects\FlowdexMCP\node_modules\basic-ftp\dist\Client.js:650:13)
    at async file:///C:/Users/steph/Documents/Git%20Projects/FlowdexMCP/index.js:2546:13
Closing reason: Error: Timeout (control socket)
    at Socket.<anonymous> (C:\Users\steph\Documents\Git Projects\FlowdexMCP\node_modules\basic-ftp\dist\FtpContext.js:319:33)
    at Object.onceWrapper (node:events:632:28)
    at Socket.emit (node:events:518:28)
    at Socket._onTimeout (node:net:609:8)
    at listOnTimeout (node:internal/timers:588:17)
    at process.processTimers (node:internal/timers:523:7) {
  code: '0'
}

[Fatal Tool Error] ftp_mkdir: Error: Client is closed because Timeout (control socket)
    at C:\Users\steph\Documents\Git Projects\FlowdexMCP\node_modules\basic-ftp\dist\FtpContext.js:228:29
    at new Promise (<anonymous>)
    at FTPContext.handle (C:\Users\steph\Documents\Git Projects\FlowdexMCP\node_modules\basic-ftp\dist\FtpContext.js:210:16)
    at FTPContext.request (C:\Users\steph\Documents\Git Projects\FlowdexMCP\node_modules\basic-ftp\dist\FtpContext.js:188:21)
    at Client.send (C:\Users\steph\Documents\Git Projects\FlowdexMCP\node_modules\basic-ftp\dist\Client.js:122:25)
    at Client.cd (C:\Users\steph\Documents\Git Projects\FlowdexMCP\node_modules\basic-ftp\dist\Client.js:276:21)
    at async Client.ensureDir (C:\Users\steph\Documents\Git Projects\FlowdexMCP\node_modules\basic-ftp\dist\Client.js:650:13)
    at async file:///C:/Users/steph/Documents/Git%20Projects/FlowdexMCP/index.js:2546:13
Closing reason: Error: Timeout (control socket)
    at Socket.<anonymous> (C:\Users\steph\Documents\Git Projects\FlowdexMCP\node_modules\basic-ftp\dist\FtpContext.js:319:33)
    at Object.onceWrapper (node:events:632:28)
    at Socket.emit (node:events:518:28)
    at Socket._onTimeout (node:net:609:8)
    at listOnTimeout (node:internal/timers:588:17)
    at process.processTimers (node:internal/timers:523:7) {
  code: '0'
}

[Fatal Tool Error] ftp_mkdir: Error: Client is closed because Timeout (control socket)
    at C:\Users\steph\Documents\Git Projects\FlowdexMCP\node_modules\basic-ftp\dist\FtpContext.js:228:29
    at new Promise (<anonymous>)
    at FTPContext.handle (C:\Users\steph\Documents\Git Projects\FlowdexMCP\node_modules\basic-ftp\dist\FtpContext.js:210:16)
    at FTPContext.request (C:\Users\steph\Documents\Git Projects\FlowdexMCP\node_modules\basic-ftp\dist\FtpContext.js:188:21)
    at Client.send (C:\Users\steph\Documents\Git Projects\FlowdexMCP\node_modules\basic-ftp\dist\Client.js:122:25)
    at Client.cd (C:\Users\steph\Documents\Git Projects\FlowdexMCP\node_modules\basic-ftp\dist\Client.js:276:21)
    at async Client.ensureDir (C:\Users\steph\Documents\Git Projects\FlowdexMCP\node_modules\basic-ftp\dist\Client.js:650:13)
    at async file:///C:/Users/steph/Documents/Git%20Projects/FlowdexMCP/index.js:2546:13
Closing reason: Error: Timeout (control socket)
    at Socket.<anonymous> (C:\Users\steph\Documents\Git Projects\FlowdexMCP\node_modules\basic-ftp\dist\FtpContext.js:319:33)
    at Object.onceWrapper (node:events:632:28)
    at Socket.emit (node:events:518:28)
    at Socket._onTimeout (node:net:609:8)
    at listOnTimeout (node:internal/timers:588:17)
    at process.processTimers (node:internal/timers:523:7) {
  code: '0'
}

[Fatal Tool Error] ftp_mkdir: Error: Client is closed because Timeout (control socket)
    at C:\Users\steph\Documents\Git Projects\FlowdexMCP\node_modules\basic-ftp\dist\FtpContext.js:228:29
    at new Promise (<anonymous>)
    at FTPContext.handle (C:\Users\steph\Documents\Git Projects\FlowdexMCP\node_modules\basic-ftp\dist\FtpContext.js:210:16)
    at FTPContext.request (C:\Users\steph\Documents\Git Projects\FlowdexMCP\node_modules\basic-ftp\dist\FtpContext.js:188:21)
    at Client.send (C:\Users\steph\Documents\Git Projects\FlowdexMCP\node_modules\basic-ftp\dist\Client.js:122:25)
    at Client.cd (C:\Users\steph\Documents\Git Projects\FlowdexMCP\node_modules\basic-ftp\dist\Client.js:276:21)
    at async Client.ensureDir (C:\Users\steph\Documents\Git Projects\FlowdexMCP\node_modules\basic-ftp\dist\Client.js:650:13)
    at async file:///C:/Users/steph/Documents/Git%20Projects/FlowdexMCP/index.js:2546:13
Closing reason: Error: Timeout (control socket)
    at Socket.<anonymous> (C:\Users\steph\Documents\Git Projects\FlowdexMCP\node_modules\basic-ftp\dist\FtpContext.js:319:33)
    at Object.onceWrapper (node:events:632:28)
    at Socket.emit (node:events:518:28)
    at Socket._onTimeout (node:net:609:8)
    at listOnTimeout (node:internal/timers:588:17)
    at process.processTimers (node:internal/timers:523:7) {
  code: '0'
}

[Fatal Tool Error] ftp_mkdir: Error: Client is closed because Timeout (control socket)
    at C:\Users\steph\Documents\Git Projects\FlowdexMCP\node_modules\basic-ftp\dist\FtpContext.js:228:29
    at new Promise (<anonymous>)
    at FTPContext.handle (C:\Users\steph\Documents\Git Projects\FlowdexMCP\node_modules\basic-ftp\dist\FtpContext.js:210:16)
    at FTPContext.request (C:\Users\steph\Documents\Git Projects\FlowdexMCP\node_modules\basic-ftp\dist\FtpContext.js:188:21)
    at Client.send (C:\Users\steph\Documents\Git Projects\FlowdexMCP\node_modules\basic-ftp\dist\Client.js:122:25)
    at Client.cd (C:\Users\steph\Documents\Git Projects\FlowdexMCP\node_modules\basic-ftp\dist\Client.js:276:21)
    at async Client.ensureDir (C:\Users\steph\Documents\Git Projects\FlowdexMCP\node_modules\basic-ftp\dist\Client.js:650:13)
    at async file:///C:/Users/steph/Documents/Git%20Projects/FlowdexMCP/index.js:2546:13
Closing reason: Error: Timeout (control socket)
    at Socket.<anonymous> (C:\Users\steph\Documents\Git Projects\FlowdexMCP\node_modules\basic-ftp\dist\FtpContext.js:319:33)
    at Object.onceWrapper (node:events:632:28)
    at Socket.emit (node:events:518:28)
    at Socket._onTimeout (node:net:609:8)
    at listOnTimeout (node:internal/timers:588:17)
    at process.processTimers (node:internal/timers:523:7) {
  code: '0'
}

[Fatal Tool Error] ftp_mkdir: Error: Client is closed because Timeout (control socket)
    at C:\Users\steph\Documents\Git Projects\FlowdexMCP\node_modules\basic-ftp\dist\FtpContext.js:228:29
    at new Promise (<anonymous>)
    at FTPContext.handle (C:\Users\steph\Documents\Git Projects\FlowdexMCP\node_modules\basic-ftp\dist\FtpContext.js:210:16)
    at FTPContext.request (C:\Users\steph\Documents\Git Projects\FlowdexMCP\node_modules\basic-ftp\dist\FtpContext.js:188:21)
    at Client.send (C:\Users\steph\Documents\Git Projects\FlowdexMCP\node_modules\basic-ftp\dist\Client.js:122:25)
    at Client.cd (C:\Users\steph\Documents\Git Projects\FlowdexMCP\node_modules\basic-ftp\dist\Client.js:276:21)
    at async Client.ensureDir (C:\Users\steph\Documents\Git Projects\FlowdexMCP\node_modules\basic-ftp\dist\Client.js:650:13)
    at async file:///C:/Users/steph/Documents/Git%20Projects/FlowdexMCP/index.js:2546:13
Closing reason: Error: Timeout (control socket)
    at Socket.<anonymous> (C:\Users\steph\Documents\Git Projects\FlowdexMCP\node_modules\basic-ftp\dist\FtpContext.js:319:33)
    at Object.onceWrapper (node:events:632:28)
    at Socket.emit (node:events:518:28)
    at Socket._onTimeout (node:net:609:8)
    at listOnTimeout (node:internal/timers:588:17)
    at process.processTimers (node:internal/timers:523:7) {
  code: '0'
}

[Fatal Tool Error] ftp_mkdir: Error: Client is closed because Timeout (control socket)
    at C:\Users\steph\Documents\Git Projects\FlowdexMCP\node_modules\basic-ftp\dist\FtpContext.js:228:29
    at new Promise (<anonymous>)
    at FTPContext.handle (C:\Users\steph\Documents\Git Projects\FlowdexMCP\node_modules\basic-ftp\dist\FtpContext.js:210:16)
    at FTPContext.request (C:\Users\steph\Documents\Git Projects\FlowdexMCP\node_modules\basic-ftp\dist\FtpContext.js:188:21)
    at Client.send (C:\Users\steph\Documents\Git Projects\FlowdexMCP\node_modules\basic-ftp\dist\Client.js:122:25)
    at Client.cd (C:\Users\steph\Documents\Git Projects\FlowdexMCP\node_modules\basic-ftp\dist\Client.js:276:21)
    at async Client.ensureDir (C:\Users\steph\Documents\Git Projects\FlowdexMCP\node_modules\basic-ftp\dist\Client.js:650:13)
    at async file:///C:/Users/steph/Documents/Git%20Projects/FlowdexMCP/index.js:2546:13
Closing reason: Error: Timeout (control socket)
    at Socket.<anonymous> (C:\Users\steph\Documents\Git Projects\FlowdexMCP\node_modules\basic-ftp\dist\FtpContext.js:319:33)
    at Object.onceWrapper (node:events:632:28)
    at Socket.emit (node:events:518:28)
    at Socket._onTimeout (node:net:609:8)
    at listOnTimeout (node:internal/timers:588:17)
    at process.processTimers (node:internal/timers:523:7) {
  code: '0'
}

[Fatal Tool Error] ftp_mkdir: Error: Client is closed because Timeout (control socket)
    at C:\Users\steph\Documents\Git Projects\FlowdexMCP\node_modules\basic-ftp\dist\FtpContext.js:228:29
    at new Promise (<anonymous>)
    at FTPContext.handle (C:\Users\steph\Documents\Git Projects\FlowdexMCP\node_modules\basic-ftp\dist\FtpContext.js:210:16)
    at FTPContext.request (C:\Users\steph\Documents\Git Projects\FlowdexMCP\node_modules\basic-ftp\dist\FtpContext.js:188:21)
    at Client.send (C:\Users\steph\Documents\Git Projects\FlowdexMCP\node_modules\basic-ftp\dist\Client.js:122:25)
    at Client.cd (C:\Users\steph\Documents\Git Projects\FlowdexMCP\node_modules\basic-ftp\dist\Client.js:276:21)
    at async Client.ensureDir (C:\Users\steph\Documents\Git Projects\FlowdexMCP\node_modules\basic-ftp\dist\Client.js:650:13)
    at async file:///C:/Users/steph/Documents/Git%20Projects/FlowdexMCP/index.js:2546:13
Closing reason: Error: Timeout (control socket)
    at Socket.<anonymous> (C:\Users\steph\Documents\Git Projects\FlowdexMCP\node_modules\basic-ftp\dist\FtpContext.js:319:33)
    at Object.onceWrapper (node:events:632:28)
    at Socket.emit (node:events:518:28)
    at Socket._onTimeout (node:net:609:8)
    at listOnTimeout (node:internal/timers:588:17)
    at process.processTimers (node:internal/timers:523:7) {
  code: '0'
}

[Fatal Tool Error] ftp_mkdir: Error: Client is closed because Timeout (control socket)
    at C:\Users\steph\Documents\Git Projects\FlowdexMCP\node_modules\basic-ftp\dist\FtpContext.js:228:29
    at new Promise (<anonymous>)
    at FTPContext.handle (C:\Users\steph\Documents\Git Projects\FlowdexMCP\node_modules\basic-ftp\dist\FtpContext.js:210:16)
    at FTPContext.request (C:\Users\steph\Documents\Git Projects\FlowdexMCP\node_modules\basic-ftp\dist\FtpContext.js:188:21)
    at Client.send (C:\Users\steph\Documents\Git Projects\FlowdexMCP\node_modules\basic-ftp\dist\Client.js:122:25)
    at Client.cd (C:\Users\steph\Documents\Git Projects\FlowdexMCP\node_modules\basic-ftp\dist\Client.js:276:21)
    at async Client.ensureDir (C:\Users\steph\Documents\Git Projects\FlowdexMCP\node_modules\basic-ftp\dist\Client.js:650:13)
    at async file:///C:/Users/steph/Documents/Git%20Projects/FlowdexMCP/index.js:2546:13
Closing reason: Error: Timeout (control socket)
    at Socket.<anonymous> (C:\Users\steph\Documents\Git Projects\FlowdexMCP\node_modules\basic-ftp\dist\FtpContext.js:319:33)
    at Object.onceWrapper (node:events:632:28)
    at Socket.emit (node:events:518:28)
    at Socket._onTimeout (node:net:609:8)
    at listOnTimeout (node:internal/timers:588:17)
    at process.processTimers (node:internal/timers:523:7) {
  code: '0'
}

[Fatal Tool Error] ftp_mkdir: Error: Client is closed because Timeout (control socket)
    at C:\Users\steph\Documents\Git Projects\FlowdexMCP\node_modules\basic-ftp\dist\FtpContext.js:228:29
    at new Promise (<anonymous>)
    at FTPContext.handle (C:\Users\steph\Documents\Git Projects\FlowdexMCP\node_modules\basic-ftp\dist\FtpContext.js:210:16)
    at FTPContext.request (C:\Users\steph\Documents\Git Projects\FlowdexMCP\node_modules\basic-ftp\dist\FtpContext.js:188:21)
    at Client.send (C:\Users\steph\Documents\Git Projects\FlowdexMCP\node_modules\basic-ftp\dist\Client.js:122:25)
    at Client.cd (C:\Users\steph\Documents\Git Projects\FlowdexMCP\node_modules\basic-ftp\dist\Client.js:276:21)
    at async Client.ensureDir (C:\Users\steph\Documents\Git Projects\FlowdexMCP\node_modules\basic-ftp\dist\Client.js:650:13)
    at async file:///C:/Users/steph/Documents/Git%20Projects/FlowdexMCP/index.js:2546:13
Closing reason: Error: Timeout (control socket)
    at Socket.<anonymous> (C:\Users\steph\Documents\Git Projects\FlowdexMCP\node_modules\basic-ftp\dist\FtpContext.js:319:33)
    at Object.onceWrapper (node:events:632:28)
    at Socket.emit (node:events:518:28)
    at Socket._onTimeout (node:net:609:8)
    at listOnTimeout (node:internal/timers:588:17)
    at process.processTimers (node:internal/timers:523:7) {
  code: '0'
}

[Fatal Tool Error] ftp_mkdir: Error: Client is closed because Timeout (control socket)
    at C:\Users\steph\Documents\Git Projects\FlowdexMCP\node_modules\basic-ftp\dist\FtpContext.js:228:29
    at new Promise (<anonymous>)
    at FTPContext.handle (C:\Users\steph\Documents\Git Projects\FlowdexMCP\node_modules\basic-ftp\dist\FtpContext.js:210:16)
    at FTPContext.request (C:\Users\steph\Documents\Git Projects\FlowdexMCP\node_modules\basic-ftp\dist\FtpContext.js:188:21)
    at Client.send (C:\Users\steph\Documents\Git Projects\FlowdexMCP\node_modules\basic-ftp\dist\Client.js:122:25)
    at Client.cd (C:\Users\steph\Documents\Git Projects\FlowdexMCP\node_modules\basic-ftp\dist\Client.js:276:21)
    at async Client.ensureDir (C:\Users\steph\Documents\Git Projects\FlowdexMCP\node_modules\basic-ftp\dist\Client.js:650:13)
    at async file:///C:/Users/steph/Documents/Git%20Projects/FlowdexMCP/index.js:2546:13
Closing reason: Error: Timeout (control socket)
    at Socket.<anonymous> (C:\Users\steph\Documents\Git Projects\FlowdexMCP\node_modules\basic-ftp\dist\FtpContext.js:319:33)
    at Object.onceWrapper (node:events:632:28)
    at Socket.emit (node:events:518:28)
    at Socket._onTimeout (node:net:609:8)
    at listOnTimeout (node:internal/timers:588:17)
    at process.processTimers (node:internal/timers:523:7) {
  code: '0'
}

[Fatal Tool Error] ftp_mkdir: Error: Client is closed because Timeout (control socket)
    at C:\Users\steph\Documents\Git Projects\FlowdexMCP\node_modules\basic-ftp\dist\FtpContext.js:228:29
    at new Promise (<anonymous>)
    at FTPContext.handle (C:\Users\steph\Documents\Git Projects\FlowdexMCP\node_modules\basic-ftp\dist\FtpContext.js:210:16)
    at FTPContext.request (C:\Users\steph\Documents\Git Projects\FlowdexMCP\node_modules\basic-ftp\dist\FtpContext.js:188:21)
    at Client.send (C:\Users\steph\Documents\Git Projects\FlowdexMCP\node_modules\basic-ftp\dist\Client.js:122:25)
    at Client.cd (C:\Users\steph\Documents\Git Projects\FlowdexMCP\node_modules\basic-ftp\dist\Client.js:276:21)
    at async Client.ensureDir (C:\Users\steph\Documents\Git Projects\FlowdexMCP\node_modules\basic-ftp\dist\Client.js:650:13)
    at async file:///C:/Users/steph/Documents/Git%20Projects/FlowdexMCP/index.js:2546:13
Closing reason: Error: Timeout (control socket)
    at Socket.<anonymous> (C:\Users\steph\Documents\Git Projects\FlowdexMCP\node_modules\basic-ftp\dist\FtpContext.js:319:33)
    at Object.onceWrapper (node:events:632:28)
    at Socket.emit (node:events:518:28)
    at Socket._onTimeout (node:net:609:8)
    at listOnTimeout (node:internal/timers:588:17)
    at process.processTimers (node:internal/timers:523:7) {
  code: '0'
}

[Fatal Tool Error] ftp_mkdir: Error: Client is closed because Timeout (control socket)
    at C:\Users\steph\Documents\Git Projects\FlowdexMCP\node_modules\basic-ftp\dist\FtpContext.js:228:29
    at new Promise (<anonymous>)
    at FTPContext.handle (C:\Users\steph\Documents\Git Projects\FlowdexMCP\node_modules\basic-ftp\dist\FtpContext.js:210:16)
    at FTPContext.request (C:\Users\steph\Documents\Git Projects\FlowdexMCP\node_modules\basic-ftp\dist\FtpContext.js:188:21)
    at Client.send (C:\Users\steph\Documents\Git Projects\FlowdexMCP\node_modules\basic-ftp\dist\Client.js:122:25)
    at Client.cd (C:\Users\steph\Documents\Git Projects\FlowdexMCP\node_modules\basic-ftp\dist\Client.js:276:21)
    at async Client.ensureDir (C:\Users\steph\Documents\Git Projects\FlowdexMCP\node_modules\basic-ftp\dist\Client.js:650:13)
    at async file:///C:/Users/steph/Documents/Git%20Projects/FlowdexMCP/index.js:2546:13
Closing reason: Error: Timeout (control socket)
    at Socket.<anonymous> (C:\Users\steph\Documents\Git Projects\FlowdexMCP\node_modules\basic-ftp\dist\FtpContext.js:319:33)
    at Object.onceWrapper (node:events:632:28)
    at Socket.emit (node:events:518:28)
    at Socket._onTimeout (node:net:609:8)
    at listOnTimeout (node:internal/timers:588:17)
    at process.processTimers (node:internal/timers:523:7) {
  code: '0'
}

[Fatal Tool Error] ftp_mkdir: Error: Client is closed because Timeout (control socket)
    at C:\Users\steph\Documents\Git Projects\FlowdexMCP\node_modules\basic-ftp\dist\FtpContext.js:228:29
    at new Promise (<anonymous>)
    at FTPContext.handle (C:\Users\steph\Documents\Git Projects\FlowdexMCP\node_modules\basic-ftp\dist\FtpContext.js:210:16)
    at FTPContext.request (C:\Users\steph\Documents\Git Projects\FlowdexMCP\node_modules\basic-ftp\dist\FtpContext.js:188:21)
    at Client.send (C:\Users\steph\Documents\Git Projects\FlowdexMCP\node_modules\basic-ftp\dist\Client.js:122:25)
    at Client.cd (C:\Users\steph\Documents\Git Projects\FlowdexMCP\node_modules\basic-ftp\dist\Client.js:276:21)
    at async Client.ensureDir (C:\Users\steph\Documents\Git Projects\FlowdexMCP\node_modules\basic-ftp\dist\Client.js:650:13)
    at async file:///C:/Users/steph/Documents/Git%20Projects/FlowdexMCP/index.js:2546:13
Closing reason: Error: Timeout (control socket)
    at Socket.<anonymous> (C:\Users\steph\Documents\Git Projects\FlowdexMCP\node_modules\basic-ftp\dist\FtpContext.js:319:33)
    at Object.onceWrapper (node:events:632:28)
    at Socket.emit (node:events:518:28)
    at Socket._onTimeout (node:net:609:8)
    at listOnTimeout (node:internal/timers:588:17)
    at process.processTimers (node:internal/timers:523:7) {
  code: '0'
}

[Fatal Tool Error] ftp_mkdir: Error: Client is closed because Timeout (control socket)
    at C:\Users\steph\Documents\Git Projects\FlowdexMCP\node_modules\basic-ftp\dist\FtpContext.js:228:29
    at new Promise (<anonymous>)
    at FTPContext.handle (C:\Users\steph\Documents\Git Projects\FlowdexMCP\node_modules\basic-ftp\dist\FtpContext.js:210:16)
    at FTPContext.request (C:\Users\steph\Documents\Git Projects\FlowdexMCP\node_modules\basic-ftp\dist\FtpContext.js:188:21)
    at Client.send (C:\Users\steph\Documents\Git Projects\FlowdexMCP\node_modules\basic-ftp\dist\Client.js:122:25)
    at Client.cd (C:\Users\steph\Documents\Git Projects\FlowdexMCP\node_modules\basic-ftp\dist\Client.js:276:21)
    at async Client.ensureDir (C:\Users\steph\Documents\Git Projects\FlowdexMCP\node_modules\basic-ftp\dist\Client.js:650:13)
    at async file:///C:/Users/steph/Documents/Git%20Projects/FlowdexMCP/index.js:2546:13
Closing reason: Error: Timeout (control socket)
    at Socket.<anonymous> (C:\Users\steph\Documents\Git Projects\FlowdexMCP\node_modules\basic-ftp\dist\FtpContext.js:319:33)
    at Object.onceWrapper (node:events:632:28)
    at Socket.emit (node:events:518:28)
    at Socket._onTimeout (node:net:609:8)
    at listOnTimeout (node:internal/timers:588:17)
    at process.processTimers (node:internal/timers:523:7) {
  code: '0'
}

[Fatal Tool Error] ftp_mkdir: Error: Client is closed because Timeout (control socket)
    at C:\Users\steph\Documents\Git Projects\FlowdexMCP\node_modules\basic-ftp\dist\FtpContext.js:228:29
    at new Promise (<anonymous>)
    at FTPContext.handle (C:\Users\steph\Documents\Git Projects\FlowdexMCP\node_modules\basic-ftp\dist\FtpContext.js:210:16)
    at FTPContext.request (C:\Users\steph\Documents\Git Projects\FlowdexMCP\node_modules\basic-ftp\dist\FtpContext.js:188:21)
    at Client.send (C:\Users\steph\Documents\Git Projects\FlowdexMCP\node_modules\basic-ftp\dist\Client.js:122:25)
    at Client.cd (C:\Users\steph\Documents\Git Projects\FlowdexMCP\node_modules\basic-ftp\dist\Client.js:276:21)
    at async Client.ensureDir (C:\Users\steph\Documents\Git Projects\FlowdexMCP\node_modules\basic-ftp\dist\Client.js:650:13)
    at async file:///C:/Users/steph/Documents/Git%20Projects/FlowdexMCP/index.js:2546:13
Closing reason: Error: Timeout (control socket)
    at Socket.<anonymous> (C:\Users\steph\Documents\Git Projects\FlowdexMCP\node_modules\basic-ftp\dist\FtpContext.js:319:33)
    at Object.onceWrapper (node:events:632:28)
    at Socket.emit (node:events:518:28)
    at Socket._onTimeout (node:net:609:8)
    at listOnTimeout (node:internal/timers:588:17)
    at process.processTimers (node:internal/timers:523:7) {
  code: '0'
}

[Fatal Tool Error] ftp_mkdir: Error: Client is closed because Timeout (control socket)
    at C:\Users\steph\Documents\Git Projects\FlowdexMCP\node_modules\basic-ftp\dist\FtpContext.js:228:29
    at new Promise (<anonymous>)
    at FTPContext.handle (C:\Users\steph\Documents\Git Projects\FlowdexMCP\node_modules\basic-ftp\dist\FtpContext.js:210:16)
    at FTPContext.request (C:\Users\steph\Documents\Git Projects\FlowdexMCP\node_modules\basic-ftp\dist\FtpContext.js:188:21)
    at Client.send (C:\Users\steph\Documents\Git Projects\FlowdexMCP\node_modules\basic-ftp\dist\Client.js:122:25)
    at Client.cd (C:\Users\steph\Documents\Git Projects\FlowdexMCP\node_modules\basic-ftp\dist\Client.js:276:21)
    at async Client.ensureDir (C:\Users\steph\Documents\Git Projects\FlowdexMCP\node_modules\basic-ftp\dist\Client.js:650:13)
    at async file:///C:/Users/steph/Documents/Git%20Projects/FlowdexMCP/index.js:2546:13
Closing reason: Error: Timeout (control socket)
    at Socket.<anonymous> (C:\Users\steph\Documents\Git Projects\FlowdexMCP\node_modules\basic-ftp\dist\FtpContext.js:319:33)
    at Object.onceWrapper (node:events:632:28)
    at Socket.emit (node:events:518:28)
    at Socket._onTimeout (node:net:609:8)
    at listOnTimeout (node:internal/timers:588:17)
    at process.processTimers (node:internal/timers:523:7) {
  code: '0'
}

[Fatal Tool Error] ftp_mkdir: Error: Client is closed because Timeout (control socket)
    at C:\Users\steph\Documents\Git Projects\FlowdexMCP\node_modules\basic-ftp\dist\FtpContext.js:228:29
    at new Promise (<anonymous>)
    at FTPContext.handle (C:\Users\steph\Documents\Git Projects\FlowdexMCP\node_modules\basic-ftp\dist\FtpContext.js:210:16)
    at FTPContext.request (C:\Users\steph\Documents\Git Projects\FlowdexMCP\node_modules\basic-ftp\dist\FtpContext.js:188:21)
    at Client.send (C:\Users\steph\Documents\Git Projects\FlowdexMCP\node_modules\basic-ftp\dist\Client.js:122:25)
    at Client.cd (C:\Users\steph\Documents\Git Projects\FlowdexMCP\node_modules\basic-ftp\dist\Client.js:276:21)
    at async Client.ensureDir (C:\Users\steph\Documents\Git Projects\FlowdexMCP\node_modules\basic-ftp\dist\Client.js:650:13)
    at async file:///C:/Users/steph/Documents/Git%20Projects/FlowdexMCP/index.js:2546:13
Closing reason: Error: Timeout (control socket)
    at Socket.<anonymous> (C:\Users\steph\Documents\Git Projects\FlowdexMCP\node_modules\basic-ftp\dist\FtpContext.js:319:33)
    at Object.onceWrapper (node:events:632:28)
    at Socket.emit (node:events:518:28)
    at Socket._onTimeout (node:net:609:8)
    at listOnTimeout (node:internal/timers:588:17)
    at process.processTimers (node:internal/timers:523:7) {
  code: '0'
}

[Fatal Tool Error] ftp_mkdir: Error: Client is closed because Timeout (control socket)
    at C:\Users\steph\Documents\Git Projects\FlowdexMCP\node_modules\basic-ftp\dist\FtpContext.js:228:29
    at new Promise (<anonymous>)
    at FTPContext.handle (C:\Users\steph\Documents\Git Projects\FlowdexMCP\node_modules\basic-ftp\dist\FtpContext.js:210:16)
    at FTPContext.request (C:\Users\steph\Documents\Git Projects\FlowdexMCP\node_modules\basic-ftp\dist\FtpContext.js:188:21)
    at Client.send (C:\Users\steph\Documents\Git Projects\FlowdexMCP\node_modules\basic-ftp\dist\Client.js:122:25)
    at Client.cd (C:\Users\steph\Documents\Git Projects\FlowdexMCP\node_modules\basic-ftp\dist\Client.js:276:21)
    at async Client.ensureDir (C:\Users\steph\Documents\Git Projects\FlowdexMCP\node_modules\basic-ftp\dist\Client.js:650:13)
    at async file:///C:/Users/steph/Documents/Git%20Projects/FlowdexMCP/index.js:2546:13
Closing reason: Error: Timeout (control socket)
    at Socket.<anonymous> (C:\Users\steph\Documents\Git Projects\FlowdexMCP\node_modules\basic-ftp\dist\FtpContext.js:319:33)
    at Object.onceWrapper (node:events:632:28)
    at Socket.emit (node:events:518:28)
    at Socket._onTimeout (node:net:609:8)
    at listOnTimeout (node:internal/timers:588:17)
    at process.processTimers (node:internal/timers:523:7) {
  code: '0'
}

[Fatal Tool Error] ftp_mkdir: Error: Client is closed because Timeout (control socket)
    at C:\Users\steph\Documents\Git Projects\FlowdexMCP\node_modules\basic-ftp\dist\FtpContext.js:228:29
    at new Promise (<anonymous>)
    at FTPContext.handle (C:\Users\steph\Documents\Git Projects\FlowdexMCP\node_modules\basic-ftp\dist\FtpContext.js:210:16)
    at FTPContext.request (C:\Users\steph\Documents\Git Projects\FlowdexMCP\node_modules\basic-ftp\dist\FtpContext.js:188:21)
    at Client.send (C:\Users\steph\Documents\Git Projects\FlowdexMCP\node_modules\basic-ftp\dist\Client.js:122:25)
    at Client.cd (C:\Users\steph\Documents\Git Projects\FlowdexMCP\node_modules\basic-ftp\dist\Client.js:276:21)
    at async Client.ensureDir (C:\Users\steph\Documents\Git Projects\FlowdexMCP\node_modules\basic-ftp\dist\Client.js:650:13)
    at async file:///C:/Users/steph/Documents/Git%20Projects/FlowdexMCP/index.js:2546:13
Closing reason: Error: Timeout (control socket)
    at Socket.<anonymous> (C:\Users\steph\Documents\Git Projects\FlowdexMCP\node_modules\basic-ftp\dist\FtpContext.js:319:33)
    at Object.onceWrapper (node:events:632:28)
    at Socket.emit (node:events:518:28)
    at Socket._onTimeout (node:net:609:8)
    at listOnTimeout (node:internal/timers:588:17)
    at process.processTimers (node:internal/timers:523:7) {
  code: '0'
}

[Fatal Tool Error] ftp_mkdir: Error: Client is closed because Timeout (control socket)
    at C:\Users\steph\Documents\Git Projects\FlowdexMCP\node_modules\basic-ftp\dist\FtpContext.js:228:29
    at new Promise (<anonymous>)
    at FTPContext.handle (C:\Users\steph\Documents\Git Projects\FlowdexMCP\node_modules\basic-ftp\dist\FtpContext.js:210:16)
    at FTPContext.request (C:\Users\steph\Documents\Git Projects\FlowdexMCP\node_modules\basic-ftp\dist\FtpContext.js:188:21)
    at Client.send (C:\Users\steph\Documents\Git Projects\FlowdexMCP\node_modules\basic-ftp\dist\Client.js:122:25)
    at Client.cd (C:\Users\steph\Documents\Git Projects\FlowdexMCP\node_modules\basic-ftp\dist\Client.js:276:21)
    at async Client.ensureDir (C:\Users\steph\Documents\Git Projects\FlowdexMCP\node_modules\basic-ftp\dist\Client.js:650:13)
    at async file:///C:/Users/steph/Documents/Git%20Projects/FlowdexMCP/index.js:2546:13
Closing reason: Error: Timeout (control socket)
    at Socket.<anonymous> (C:\Users\steph\Documents\Git Projects\FlowdexMCP\node_modules\basic-ftp\dist\FtpContext.js:319:33)
    at Object.onceWrapper (node:events:632:28)
    at Socket.emit (node:events:518:28)
    at Socket._onTimeout (node:net:609:8)
    at listOnTimeout (node:internal/timers:588:17)
    at process.processTimers (node:internal/timers:523:7) {
  code: '0'
}

[Fatal Tool Error] ftp_mkdir: Error: Client is closed because Timeout (control socket)
    at C:\Users\steph\Documents\Git Projects\FlowdexMCP\node_modules\basic-ftp\dist\FtpContext.js:228:29
    at new Promise (<anonymous>)
    at FTPContext.handle (C:\Users\steph\Documents\Git Projects\FlowdexMCP\node_modules\basic-ftp\dist\FtpContext.js:210:16)
    at FTPContext.request (C:\Users\steph\Documents\Git Projects\FlowdexMCP\node_modules\basic-ftp\dist\FtpContext.js:188:21)
    at Client.send (C:\Users\steph\Documents\Git Projects\FlowdexMCP\node_modules\basic-ftp\dist\Client.js:122:25)
    at Client.cd (C:\Users\steph\Documents\Git Projects\FlowdexMCP\node_modules\basic-ftp\dist\Client.js:276:21)
    at async Client.ensureDir (C:\Users\steph\Documents\Git Projects\FlowdexMCP\node_modules\basic-ftp\dist\Client.js:650:13)
    at async file:///C:/Users/steph/Documents/Git%20Projects/FlowdexMCP/index.js:2546:13
Closing reason: Error: Timeout (control socket)
    at Socket.<anonymous> (C:\Users\steph\Documents\Git Projects\FlowdexMCP\node_modules\basic-ftp\dist\FtpContext.js:319:33)
    at Object.onceWrapper (node:events:632:28)
    at Socket.emit (node:events:518:28)
    at Socket._onTimeout (node:net:609:8)
    at listOnTimeout (node:internal/timers:588:17)
    at process.processTimers (node:internal/timers:523:7) {
  code: '0'
}

[Fatal Tool Error] ftp_mkdir: Error: Client is closed because Timeout (control socket)
    at C:\Users\steph\Documents\Git Projects\FlowdexMCP\node_modules\basic-ftp\dist\FtpContext.js:228:29
    at new Promise (<anonymous>)
    at FTPContext.handle (C:\Users\steph\Documents\Git Projects\FlowdexMCP\node_modules\basic-ftp\dist\FtpContext.js:210:16)
    at FTPContext.request (C:\Users\steph\Documents\Git Projects\FlowdexMCP\node_modules\basic-ftp\dist\FtpContext.js:188:21)
    at Client.send (C:\Users\steph\Documents\Git Projects\FlowdexMCP\node_modules\basic-ftp\dist\Client.js:122:25)
    at Client.cd (C:\Users\steph\Documents\Git Projects\FlowdexMCP\node_modules\basic-ftp\dist\Client.js:276:21)
    at async Client.ensureDir (C:\Users\steph\Documents\Git Projects\FlowdexMCP\node_modules\basic-ftp\dist\Client.js:650:13)
    at async file:///C:/Users/steph/Documents/Git%20Projects/FlowdexMCP/index.js:2546:13
Closing reason: Error: Timeout (control socket)
    at Socket.<anonymous> (C:\Users\steph\Documents\Git Projects\FlowdexMCP\node_modules\basic-ftp\dist\FtpContext.js:319:33)
    at Object.onceWrapper (node:events:632:28)
    at Socket.emit (node:events:518:28)
    at Socket._onTimeout (node:net:609:8)
    at listOnTimeout (node:internal/timers:588:17)
    at process.processTimers (node:internal/timers:523:7) {
  code: '0'
}

[Fatal Tool Error] ftp_mkdir: Error: Client is closed because Timeout (control socket)
    at C:\Users\steph\Documents\Git Projects\FlowdexMCP\node_modules\basic-ftp\dist\FtpContext.js:228:29
    at new Promise (<anonymous>)
    at FTPContext.handle (C:\Users\steph\Documents\Git Projects\FlowdexMCP\node_modules\basic-ftp\dist\FtpContext.js:210:16)
    at FTPContext.request (C:\Users\steph\Documents\Git Projects\FlowdexMCP\node_modules\basic-ftp\dist\FtpContext.js:188:21)
    at Client.send (C:\Users\steph\Documents\Git Projects\FlowdexMCP\node_modules\basic-ftp\dist\Client.js:122:25)
    at Client.cd (C:\Users\steph\Documents\Git Projects\FlowdexMCP\node_modules\basic-ftp\dist\Client.js:276:21)
    at async Client.ensureDir (C:\Users\steph\Documents\Git Projects\FlowdexMCP\node_modules\basic-ftp\dist\Client.js:650:13)
    at async file:///C:/Users/steph/Documents/Git%20Projects/FlowdexMCP/index.js:2546:13
Closing reason: Error: Timeout (control socket)
    at Socket.<anonymous> (C:\Users\steph\Documents\Git Projects\FlowdexMCP\node_modules\basic-ftp\dist\FtpContext.js:319:33)
    at Object.onceWrapper (node:events:632:28)
    at Socket.emit (node:events:518:28)
    at Socket._onTimeout (node:net:609:8)
    at listOnTimeout (node:internal/timers:588:17)
    at process.processTimers (node:internal/timers:523:7) {
  code: '0'
}

[Fatal Tool Error] ftp_mkdir: Error: Client is closed because Timeout (control socket)
    at C:\Users\steph\Documents\Git Projects\FlowdexMCP\node_modules\basic-ftp\dist\FtpContext.js:228:29
    at new Promise (<anonymous>)
    at FTPContext.handle (C:\Users\steph\Documents\Git Projects\FlowdexMCP\node_modules\basic-ftp\dist\FtpContext.js:210:16)
    at FTPContext.request (C:\Users\steph\Documents\Git Projects\FlowdexMCP\node_modules\basic-ftp\dist\FtpContext.js:188:21)
    at Client.send (C:\Users\steph\Documents\Git Projects\FlowdexMCP\node_modules\basic-ftp\dist\Client.js:122:25)
    at Client.cd (C:\Users\steph\Documents\Git Projects\FlowdexMCP\node_modules\basic-ftp\dist\Client.js:276:21)
    at async Client.ensureDir (C:\Users\steph\Documents\Git Projects\FlowdexMCP\node_modules\basic-ftp\dist\Client.js:650:13)
    at async file:///C:/Users/steph/Documents/Git%20Projects/FlowdexMCP/index.js:2546:13
Closing reason: Error: Timeout (control socket)
    at Socket.<anonymous> (C:\Users\steph\Documents\Git Projects\FlowdexMCP\node_modules\basic-ftp\dist\FtpContext.js:319:33)
    at Object.onceWrapper (node:events:632:28)
    at Socket.emit (node:events:518:28)
    at Socket._onTimeout (node:net:609:8)
    at listOnTimeout (node:internal/timers:588:17)
    at process.processTimers (node:internal/timers:523:7) {
  code: '0'
}

[Fatal Tool Error] ftp_mkdir: Error: Client is closed because Timeout (control socket)
    at C:\Users\steph\Documents\Git Projects\FlowdexMCP\node_modules\basic-ftp\dist\FtpContext.js:228:29
    at new Promise (<anonymous>)
    at FTPContext.handle (C:\Users\steph\Documents\Git Projects\FlowdexMCP\node_modules\basic-ftp\dist\FtpContext.js:210:16)
    at FTPContext.request (C:\Users\steph\Documents\Git Projects\FlowdexMCP\node_modules\basic-ftp\dist\FtpContext.js:188:21)
    at Client.send (C:\Users\steph\Documents\Git Projects\FlowdexMCP\node_modules\basic-ftp\dist\Client.js:122:25)
    at Client.cd (C:\Users\steph\Documents\Git Projects\FlowdexMCP\node_modules\basic-ftp\dist\Client.js:276:21)
    at async Client.ensureDir (C:\Users\steph\Documents\Git Projects\FlowdexMCP\node_modules\basic-ftp\dist\Client.js:650:13)
    at async file:///C:/Users/steph/Documents/Git%20Projects/FlowdexMCP/index.js:2546:13
Closing reason: Error: Timeout (control socket)
    at Socket.<anonymous> (C:\Users\steph\Documents\Git Projects\FlowdexMCP\node_modules\basic-ftp\dist\FtpContext.js:319:33)
    at Object.onceWrapper (node:events:632:28)
    at Socket.emit (node:events:518:28)
    at Socket._onTimeout (node:net:609:8)
    at listOnTimeout (node:internal/timers:588:17)
    at process.processTimers (node:internal/timers:523:7) {
  code: '0'
}

[Fatal Tool Error] ftp_mkdir: Error: Client is closed because Timeout (control socket)
    at C:\Users\steph\Documents\Git Projects\FlowdexMCP\node_modules\basic-ftp\dist\FtpContext.js:228:29
    at new Promise (<anonymous>)
    at FTPContext.handle (C:\Users\steph\Documents\Git Projects\FlowdexMCP\node_modules\basic-ftp\dist\FtpContext.js:210:16)
    at FTPContext.request (C:\Users\steph\Documents\Git Projects\FlowdexMCP\node_modules\basic-ftp\dist\FtpContext.js:188:21)
    at Client.send (C:\Users\steph\Documents\Git Projects\FlowdexMCP\node_modules\basic-ftp\dist\Client.js:122:25)
    at Client.cd (C:\Users\steph\Documents\Git Projects\FlowdexMCP\node_modules\basic-ftp\dist\Client.js:276:21)
    at async Client.ensureDir (C:\Users\steph\Documents\Git Projects\FlowdexMCP\node_modules\basic-ftp\dist\Client.js:650:13)
    at async file:///C:/Users/steph/Documents/Git%20Projects/FlowdexMCP/index.js:2546:13
Closing reason: Error: Timeout (control socket)
    at Socket.<anonymous> (C:\Users\steph\Documents\Git Projects\FlowdexMCP\node_modules\basic-ftp\dist\FtpContext.js:319:33)
    at Object.onceWrapper (node:events:632:28)
    at Socket.emit (node:events:518:28)
    at Socket._onTimeout (node:net:609:8)
    at listOnTimeout (node:internal/timers:588:17)
    at process.processTimers (node:internal/timers:523:7) {
  code: '0'
}

[Fatal Tool Error] ftp_mkdir: Error: Client is closed because Timeout (control socket)
    at C:\Users\steph\Documents\Git Projects\FlowdexMCP\node_modules\basic-ftp\dist\FtpContext.js:228:29
    at new Promise (<anonymous>)
    at FTPContext.handle (C:\Users\steph\Documents\Git Projects\FlowdexMCP\node_modules\basic-ftp\dist\FtpContext.js:210:16)
    at FTPContext.request (C:\Users\steph\Documents\Git Projects\FlowdexMCP\node_modules\basic-ftp\dist\FtpContext.js:188:21)
    at Client.send (C:\Users\steph\Documents\Git Projects\FlowdexMCP\node_modules\basic-ftp\dist\Client.js:122:25)
    at Client.cd (C:\Users\steph\Documents\Git Projects\FlowdexMCP\node_modules\basic-ftp\dist\Client.js:276:21)
    at async Client.ensureDir (C:\Users\steph\Documents\Git Projects\FlowdexMCP\node_modules\basic-ftp\dist\Client.js:650:13)
    at async file:///C:/Users/steph/Documents/Git%20Projects/FlowdexMCP/index.js:2546:13
Closing reason: Error: Timeout (control socket)
    at Socket.<anonymous> (C:\Users\steph\Documents\Git Projects\FlowdexMCP\node_modules\basic-ftp\dist\FtpContext.js:319:33)
    at Object.onceWrapper (node:events:632:28)
    at Socket.emit (node:events:518:28)
    at Socket._onTimeout (node:net:609:8)
    at listOnTimeout (node:internal/timers:588:17)
    at process.processTimers (node:internal/timers:523:7) {
  code: '0'
}

[Fatal Tool Error] ftp_mkdir: Error: Client is closed because Timeout (control socket)
    at C:\Users\steph\Documents\Git Projects\FlowdexMCP\node_modules\basic-ftp\dist\FtpContext.js:228:29
    at new Promise (<anonymous>)
    at FTPContext.handle (C:\Users\steph\Documents\Git Projects\FlowdexMCP\node_modules\basic-ftp\dist\FtpContext.js:210:16)
    at FTPContext.request (C:\Users\steph\Documents\Git Projects\FlowdexMCP\node_modules\basic-ftp\dist\FtpContext.js:188:21)
    at Client.send (C:\Users\steph\Documents\Git Projects\FlowdexMCP\node_modules\basic-ftp\dist\Client.js:122:25)
    at Client.cd (C:\Users\steph\Documents\Git Projects\FlowdexMCP\node_modules\basic-ftp\dist\Client.js:276:21)
    at async Client.ensureDir (C:\Users\steph\Documents\Git Projects\FlowdexMCP\node_modules\basic-ftp\dist\Client.js:650:13)
    at async file:///C:/Users/steph/Documents/Git%20Projects/FlowdexMCP/index.js:2546:13
Closing reason: Error: Timeout (control socket)
    at Socket.<anonymous> (C:\Users\steph\Documents\Git Projects\FlowdexMCP\node_modules\basic-ftp\dist\FtpContext.js:319:33)
    at Object.onceWrapper (node:events:632:28)
    at Socket.emit (node:events:518:28)
    at Socket._onTimeout (node:net:609:8)
    at listOnTimeout (node:internal/timers:588:17)
    at process.processTimers (node:internal/timers:523:7) {
  code: '0'
}

[Fatal Tool Error] ftp_mkdir: Error: Client is closed because Timeout (control socket)
    at C:\Users\steph\Documents\Git Projects\FlowdexMCP\node_modules\basic-ftp\dist\FtpContext.js:228:29
    at new Promise (<anonymous>)
    at FTPContext.handle (C:\Users\steph\Documents\Git Projects\FlowdexMCP\node_modules\basic-ftp\dist\FtpContext.js:210:16)
    at FTPContext.request (C:\Users\steph\Documents\Git Projects\FlowdexMCP\node_modules\basic-ftp\dist\FtpContext.js:188:21)
    at Client.send (C:\Users\steph\Documents\Git Projects\FlowdexMCP\node_modules\basic-ftp\dist\Client.js:122:25)
    at Client.cd (C:\Users\steph\Documents\Git Projects\FlowdexMCP\node_modules\basic-ftp\dist\Client.js:276:21)
    at async Client.ensureDir (C:\Users\steph\Documents\Git Projects\FlowdexMCP\node_modules\basic-ftp\dist\Client.js:650:13)
    at async file:///C:/Users/steph/Documents/Git%20Projects/FlowdexMCP/index.js:2546:13
Closing reason: Error: Timeout (control socket)
    at Socket.<anonymous> (C:\Users\steph\Documents\Git Projects\FlowdexMCP\node_modules\basic-ftp\dist\FtpContext.js:319:33)
    at Object.onceWrapper (node:events:632:28)
    at Socket.emit (node:events:518:28)
    at Socket._onTimeout (node:net:609:8)
    at listOnTimeout (node:internal/timers:588:17)
    at process.processTimers (node:internal/timers:523:7) {
  code: '0'
}

[Fatal Tool Error] ftp_mkdir: Error: Client is closed because Timeout (control socket)
    at C:\Users\steph\Documents\Git Projects\FlowdexMCP\node_modules\basic-ftp\dist\FtpContext.js:228:29
    at new Promise (<anonymous>)
    at FTPContext.handle (C:\Users\steph\Documents\Git Projects\FlowdexMCP\node_modules\basic-ftp\dist\FtpContext.js:210:16)
    at FTPContext.request (C:\Users\steph\Documents\Git Projects\FlowdexMCP\node_modules\basic-ftp\dist\FtpContext.js:188:21)
    at Client.send (C:\Users\steph\Documents\Git Projects\FlowdexMCP\node_modules\basic-ftp\dist\Client.js:122:25)
    at Client.cd (C:\Users\steph\Documents\Git Projects\FlowdexMCP\node_modules\basic-ftp\dist\Client.js:276:21)
    at async Client.ensureDir (C:\Users\steph\Documents\Git Projects\FlowdexMCP\node_modules\basic-ftp\dist\Client.js:650:13)
    at async file:///C:/Users/steph/Documents/Git%20Projects/FlowdexMCP/index.js:2546:13
Closing reason: Error: Timeout (control socket)
    at Socket.<anonymous> (C:\Users\steph\Documents\Git Projects\FlowdexMCP\node_modules\basic-ftp\dist\FtpContext.js:319:33)
    at Object.onceWrapper (node:events:632:28)
    at Socket.emit (node:events:518:28)
    at Socket._onTimeout (node:net:609:8)
    at listOnTimeout (node:internal/timers:588:17)
    at process.processTimers (node:internal/timers:523:7) {
  code: '0'
}

[Fatal Tool Error] ftp_mkdir: Error: Client is closed because Timeout (control socket)
    at C:\Users\steph\Documents\Git Projects\FlowdexMCP\node_modules\basic-ftp\dist\FtpContext.js:228:29
    at new Promise (<anonymous>)
    at FTPContext.handle (C:\Users\steph\Documents\Git Projects\FlowdexMCP\node_modules\basic-ftp\dist\FtpContext.js:210:16)
    at FTPContext.request (C:\Users\steph\Documents\Git Projects\FlowdexMCP\node_modules\basic-ftp\dist\FtpContext.js:188:21)
    at Client.send (C:\Users\steph\Documents\Git Projects\FlowdexMCP\node_modules\basic-ftp\dist\Client.js:122:25)
    at Client.cd (C:\Users\steph\Documents\Git Projects\FlowdexMCP\node_modules\basic-ftp\dist\Client.js:276:21)
    at async Client.ensureDir (C:\Users\steph\Documents\Git Projects\FlowdexMCP\node_modules\basic-ftp\dist\Client.js:650:13)
    at async file:///C:/Users/steph/Documents/Git%20Projects/FlowdexMCP/index.js:2546:13
Closing reason: Error: Timeout (control socket)
    at Socket.<anonymous> (C:\Users\steph\Documents\Git Projects\FlowdexMCP\node_modules\basic-ftp\dist\FtpContext.js:319:33)
    at Object.onceWrapper (node:events:632:28)
    at Socket.emit (node:events:518:28)
    at Socket._onTimeout (node:net:609:8)
    at listOnTimeout (node:internal/timers:588:17)
    at process.processTimers (node:internal/timers:523:7) {
  code: '0'
}

[Fatal Tool Error] ftp_mkdir: Error: Client is closed because Timeout (control socket)
    at C:\Users\steph\Documents\Git Projects\FlowdexMCP\node_modules\basic-ftp\dist\FtpContext.js:228:29
    at new Promise (<anonymous>)
    at FTPContext.handle (C:\Users\steph\Documents\Git Projects\FlowdexMCP\node_modules\basic-ftp\dist\FtpContext.js:210:16)
    at FTPContext.request (C:\Users\steph\Documents\Git Projects\FlowdexMCP\node_modules\basic-ftp\dist\FtpContext.js:188:21)
    at Client.send (C:\Users\steph\Documents\Git Projects\FlowdexMCP\node_modules\basic-ftp\dist\Client.js:122:25)
    at Client.cd (C:\Users\steph\Documents\Git Projects\FlowdexMCP\node_modules\basic-ftp\dist\Client.js:276:21)
    at async Client.ensureDir (C:\Users\steph\Documents\Git Projects\FlowdexMCP\node_modules\basic-ftp\dist\Client.js:650:13)
    at async file:///C:/Users/steph/Documents/Git%20Projects/FlowdexMCP/index.js:2546:13
Closing reason: Error: Timeout (control socket)
    at Socket.<anonymous> (C:\Users\steph\Documents\Git Projects\FlowdexMCP\node_modules\basic-ftp\dist\FtpContext.js:319:33)
    at Object.onceWrapper (node:events:632:28)
    at Socket.emit (node:events:518:28)
    at Socket._onTimeout (node:net:609:8)
    at listOnTimeout (node:internal/timers:588:17)
    at process.processTimers (node:internal/timers:523:7) {
  code: '0'
}

[Fatal Tool Error] ftp_mkdir: Error: Client is closed because Timeout (control socket)
    at C:\Users\steph\Documents\Git Projects\FlowdexMCP\node_modules\basic-ftp\dist\FtpContext.js:228:29
    at new Promise (<anonymous>)
    at FTPContext.handle (C:\Users\steph\Documents\Git Projects\FlowdexMCP\node_modules\basic-ftp\dist\FtpContext.js:210:16)
    at FTPContext.request (C:\Users\steph\Documents\Git Projects\FlowdexMCP\node_modules\basic-ftp\dist\FtpContext.js:188:21)
    at Client.send (C:\Users\steph\Documents\Git Projects\FlowdexMCP\node_modules\basic-ftp\dist\Client.js:122:25)
    at Client.cd (C:\Users\steph\Documents\Git Projects\FlowdexMCP\node_modules\basic-ftp\dist\Client.js:276:21)
    at async Client.ensureDir (C:\Users\steph\Documents\Git Projects\FlowdexMCP\node_modules\basic-ftp\dist\Client.js:650:13)
    at async file:///C:/Users/steph/Documents/Git%20Projects/FlowdexMCP/index.js:2546:13
Closing reason: Error: Timeout (control socket)
    at Socket.<anonymous> (C:\Users\steph\Documents\Git Projects\FlowdexMCP\node_modules\basic-ftp\dist\FtpContext.js:319:33)
    at Object.onceWrapper (node:events:632:28)
    at Socket.emit (node:events:518:28)
    at Socket._onTimeout (node:net:609:8)
    at listOnTimeout (node:internal/timers:588:17)
    at process.processTimers (node:internal/timers:523:7) {
  code: '0'
}

[Fatal Tool Error] ftp_mkdir: Error: Client is closed because Timeout (control socket)
    at C:\Users\steph\Documents\Git Projects\FlowdexMCP\node_modules\basic-ftp\dist\FtpContext.js:228:29
    at new Promise (<anonymous>)
    at FTPContext.handle (C:\Users\steph\Documents\Git Projects\FlowdexMCP\node_modules\basic-ftp\dist\FtpContext.js:210:16)
    at FTPContext.request (C:\Users\steph\Documents\Git Projects\FlowdexMCP\node_modules\basic-ftp\dist\FtpContext.js:188:21)
    at Client.send (C:\Users\steph\Documents\Git Projects\FlowdexMCP\node_modules\basic-ftp\dist\Client.js:122:25)
    at Client.cd (C:\Users\steph\Documents\Git Projects\FlowdexMCP\node_modules\basic-ftp\dist\Client.js:276:21)
    at async Client.ensureDir (C:\Users\steph\Documents\Git Projects\FlowdexMCP\node_modules\basic-ftp\dist\Client.js:650:13)
    at async file:///C:/Users/steph/Documents/Git%20Projects/FlowdexMCP/index.js:2546:13
Closing reason: Error: Timeout (control socket)
    at Socket.<anonymous> (C:\Users\steph\Documents\Git Projects\FlowdexMCP\node_modules\basic-ftp\dist\FtpContext.js:319:33)
    at Object.onceWrapper (node:events:632:28)
    at Socket.emit (node:events:518:28)
    at Socket._onTimeout (node:net:609:8)
    at listOnTimeout (node:internal/timers:588:17)
    at process.processTimers (node:internal/timers:523:7) {
  code: '0'
}

[Fatal Tool Error] ftp_mkdir: Error: Client is closed because Timeout (control socket)
    at C:\Users\steph\Documents\Git Projects\FlowdexMCP\node_modules\basic-ftp\dist\FtpContext.js:228:29
    at new Promise (<anonymous>)
    at FTPContext.handle (C:\Users\steph\Documents\Git Projects\FlowdexMCP\node_modules\basic-ftp\dist\FtpContext.js:210:16)
    at FTPContext.request (C:\Users\steph\Documents\Git Projects\FlowdexMCP\node_modules\basic-ftp\dist\FtpContext.js:188:21)
    at Client.send (C:\Users\steph\Documents\Git Projects\FlowdexMCP\node_modules\basic-ftp\dist\Client.js:122:25)
    at Client.cd (C:\Users\steph\Documents\Git Projects\FlowdexMCP\node_modules\basic-ftp\dist\Client.js:276:21)
    at async Client.ensureDir (C:\Users\steph\Documents\Git Projects\FlowdexMCP\node_modules\basic-ftp\dist\Client.js:650:13)
    at async file:///C:/Users/steph/Documents/Git%20Projects/FlowdexMCP/index.js:2546:13
Closing reason: Error: Timeout (control socket)
    at Socket.<anonymous> (C:\Users\steph\Documents\Git Projects\FlowdexMCP\node_modules\basic-ftp\dist\FtpContext.js:319:33)
    at Object.onceWrapper (node:events:632:28)
    at Socket.emit (node:events:518:28)
    at Socket._onTimeout (node:net:609:8)
    at listOnTimeout (node:internal/timers:588:17)
    at process.processTimers (node:internal/timers:523:7) {
  code: '0'
}

[Fatal Tool Error] ftp_mkdir: Error: Client is closed because Timeout (control socket)
    at C:\Users\steph\Documents\Git Projects\FlowdexMCP\node_modules\basic-ftp\dist\FtpContext.js:228:29
    at new Promise (<anonymous>)
    at FTPContext.handle (C:\Users\steph\Documents\Git Projects\FlowdexMCP\node_modules\basic-ftp\dist\FtpContext.js:210:16)
    at FTPContext.request (C:\Users\steph\Documents\Git Projects\FlowdexMCP\node_modules\basic-ftp\dist\FtpContext.js:188:21)
    at Client.send (C:\Users\steph\Documents\Git Projects\FlowdexMCP\node_modules\basic-ftp\dist\Client.js:122:25)
    at Client.cd (C:\Users\steph\Documents\Git Projects\FlowdexMCP\node_modules\basic-ftp\dist\Client.js:276:21)
    at async Client.ensureDir (C:\Users\steph\Documents\Git Projects\FlowdexMCP\node_modules\basic-ftp\dist\Client.js:650:13)
    at async file:///C:/Users/steph/Documents/Git%20Projects/FlowdexMCP/index.js:2546:13
Closing reason: Error: Timeout (control socket)
    at Socket.<anonymous> (C:\Users\steph\Documents\Git Projects\FlowdexMCP\node_modules\basic-ftp\dist\FtpContext.js:319:33)
    at Object.onceWrapper (node:events:632:28)
    at Socket.emit (node:events:518:28)
    at Socket._onTimeout (node:net:609:8)
    at listOnTimeout (node:internal/timers:588:17)
    at process.processTimers (node:internal/timers:523:7) {
  code: '0'
}

[Fatal Tool Error] ftp_mkdir: Error: Client is closed because Timeout (control socket)
    at C:\Users\steph\Documents\Git Projects\FlowdexMCP\node_modules\basic-ftp\dist\FtpContext.js:228:29
    at new Promise (<anonymous>)
    at FTPContext.handle (C:\Users\steph\Documents\Git Projects\FlowdexMCP\node_modules\basic-ftp\dist\FtpContext.js:210:16)
    at FTPContext.request (C:\Users\steph\Documents\Git Projects\FlowdexMCP\node_modules\basic-ftp\dist\FtpContext.js:188:21)
    at Client.send (C:\Users\steph\Documents\Git Projects\FlowdexMCP\node_modules\basic-ftp\dist\Client.js:122:25)
    at Client.cd (C:\Users\steph\Documents\Git Projects\FlowdexMCP\node_modules\basic-ftp\dist\Client.js:276:21)
    at async Client.ensureDir (C:\Users\steph\Documents\Git Projects\FlowdexMCP\node_modules\basic-ftp\dist\Client.js:650:13)
    at async file:///C:/Users/steph/Documents/Git%20Projects/FlowdexMCP/index.js:2546:13
Closing reason: Error: Timeout (control socket)
    at Socket.<anonymous> (C:\Users\steph\Documents\Git Projects\FlowdexMCP\node_modules\basic-ftp\dist\FtpContext.js:319:33)
    at Object.onceWrapper (node:events:632:28)
    at Socket.emit (node:events:518:28)
    at Socket._onTimeout (node:net:609:8)
    at listOnTimeout (node:internal/timers:588:17)
    at process.processTimers (node:internal/timers:523:7) {
  code: '0'
}

[Fatal Tool Error] ftp_mkdir: Error: Client is closed because Timeout (control socket)
    at C:\Users\steph\Documents\Git Projects\FlowdexMCP\node_modules\basic-ftp\dist\FtpContext.js:228:29
    at new Promise (<anonymous>)
    at FTPContext.handle (C:\Users\steph\Documents\Git Projects\FlowdexMCP\node_modules\basic-ftp\dist\FtpContext.js:210:16)
    at FTPContext.request (C:\Users\steph\Documents\Git Projects\FlowdexMCP\node_modules\basic-ftp\dist\FtpContext.js:188:21)
    at Client.send (C:\Users\steph\Documents\Git Projects\FlowdexMCP\node_modules\basic-ftp\dist\Client.js:122:25)
    at Client.cd (C:\Users\steph\Documents\Git Projects\FlowdexMCP\node_modules\basic-ftp\dist\Client.js:276:21)
    at async Client.ensureDir (C:\Users\steph\Documents\Git Projects\FlowdexMCP\node_modules\basic-ftp\dist\Client.js:650:13)
    at async file:///C:/Users/steph/Documents/Git%20Projects/FlowdexMCP/index.js:2546:13
Closing reason: Error: Timeout (control socket)
    at Socket.<anonymous> (C:\Users\steph\Documents\Git Projects\FlowdexMCP\node_modules\basic-ftp\dist\FtpContext.js:319:33)
    at Object.onceWrapper (node:events:632:28)
    at Socket.emit (node:events:518:28)
    at Socket._onTimeout (node:net:609:8)
    at listOnTimeout (node:internal/timers:588:17)
    at process.processTimers (node:internal/timers:523:7) {
  code: '0'
}

[Fatal Tool Error] ftp_mkdir: Error: Client is closed because Timeout (control socket)
    at C:\Users\steph\Documents\Git Projects\FlowdexMCP\node_modules\basic-ftp\dist\FtpContext.js:228:29
    at new Promise (<anonymous>)
    at FTPContext.handle (C:\Users\steph\Documents\Git Projects\FlowdexMCP\node_modules\basic-ftp\dist\FtpContext.js:210:16)
    at FTPContext.request (C:\Users\steph\Documents\Git Projects\FlowdexMCP\node_modules\basic-ftp\dist\FtpContext.js:188:21)
    at Client.send (C:\Users\steph\Documents\Git Projects\FlowdexMCP\node_modules\basic-ftp\dist\Client.js:122:25)
    at Client.cd (C:\Users\steph\Documents\Git Projects\FlowdexMCP\node_modules\basic-ftp\dist\Client.js:276:21)
    at async Client.ensureDir (C:\Users\steph\Documents\Git Projects\FlowdexMCP\node_modules\basic-ftp\dist\Client.js:650:13)
    at async file:///C:/Users/steph/Documents/Git%20Projects/FlowdexMCP/index.js:2546:13
Closing reason: Error: Timeout (control socket)
    at Socket.<anonymous> (C:\Users\steph\Documents\Git Projects\FlowdexMCP\node_modules\basic-ftp\dist\FtpContext.js:319:33)
    at Object.onceWrapper (node:events:632:28)
    at Socket.emit (node:events:518:28)
    at Socket._onTimeout (node:net:609:8)
    at listOnTimeout (node:internal/timers:588:17)
    at process.processTimers (node:internal/timers:523:7) {
  code: '0'
}

[Fatal Tool Error] ftp_mkdir: Error: Client is closed because Timeout (control socket)
    at C:\Users\steph\Documents\Git Projects\FlowdexMCP\node_modules\basic-ftp\dist\FtpContext.js:228:29
    at new Promise (<anonymous>)
    at FTPContext.handle (C:\Users\steph\Documents\Git Projects\FlowdexMCP\node_modules\basic-ftp\dist\FtpContext.js:210:16)
    at FTPContext.request (C:\Users\steph\Documents\Git Projects\FlowdexMCP\node_modules\basic-ftp\dist\FtpContext.js:188:21)
    at Client.send (C:\Users\steph\Documents\Git Projects\FlowdexMCP\node_modules\basic-ftp\dist\Client.js:122:25)
    at Client.cd (C:\Users\steph\Documents\Git Projects\FlowdexMCP\node_modules\basic-ftp\dist\Client.js:276:21)
    at async Client.ensureDir (C:\Users\steph\Documents\Git Projects\FlowdexMCP\node_modules\basic-ftp\dist\Client.js:650:13)
    at async file:///C:/Users/steph/Documents/Git%20Projects/FlowdexMCP/index.js:2546:13
Closing reason: Error: Timeout (control socket)
    at Socket.<anonymous> (C:\Users\steph\Documents\Git Projects\FlowdexMCP\node_modules\basic-ftp\dist\FtpContext.js:319:33)
    at Object.onceWrapper (node:events:632:28)
    at Socket.emit (node:events:518:28)
    at Socket._onTimeout (node:net:609:8)
    at listOnTimeout (node:internal/timers:588:17)
    at process.processTimers (node:internal/timers:523:7) {
  code: '0'
}

[Fatal Tool Error] ftp_mkdir: Error: Client is closed because Timeout (control socket)
    at C:\Users\steph\Documents\Git Projects\FlowdexMCP\node_modules\basic-ftp\dist\FtpContext.js:228:29
    at new Promise (<anonymous>)
    at FTPContext.handle (C:\Users\steph\Documents\Git Projects\FlowdexMCP\node_modules\basic-ftp\dist\FtpContext.js:210:16)
    at FTPContext.request (C:\Users\steph\Documents\Git Projects\FlowdexMCP\node_modules\basic-ftp\dist\FtpContext.js:188:21)
    at Client.send (C:\Users\steph\Documents\Git Projects\FlowdexMCP\node_modules\basic-ftp\dist\Client.js:122:25)
    at Client.cd (C:\Users\steph\Documents\Git Projects\FlowdexMCP\node_modules\basic-ftp\dist\Client.js:276:21)
    at async Client.ensureDir (C:\Users\steph\Documents\Git Projects\FlowdexMCP\node_modules\basic-ftp\dist\Client.js:650:13)
    at async file:///C:/Users/steph/Documents/Git%20Projects/FlowdexMCP/index.js:2546:13
Closing reason: Error: Timeout (control socket)
    at Socket.<anonymous> (C:\Users\steph\Documents\Git Projects\FlowdexMCP\node_modules\basic-ftp\dist\FtpContext.js:319:33)
    at Object.onceWrapper (node:events:632:28)
    at Socket.emit (node:events:518:28)
    at Socket._onTimeout (node:net:609:8)
    at listOnTimeout (node:internal/timers:588:17)
    at process.processTimers (node:internal/timers:523:7) {
  code: '0'
}

[Fatal Tool Error] ftp_mkdir: Error: Client is closed because Timeout (control socket)
    at C:\Users\steph\Documents\Git Projects\FlowdexMCP\node_modules\basic-ftp\dist\FtpContext.js:228:29
    at new Promise (<anonymous>)
    at FTPContext.handle (C:\Users\steph\Documents\Git Projects\FlowdexMCP\node_modules\basic-ftp\dist\FtpContext.js:210:16)
    at FTPContext.request (C:\Users\steph\Documents\Git Projects\FlowdexMCP\node_modules\basic-ftp\dist\FtpContext.js:188:21)
    at Client.send (C:\Users\steph\Documents\Git Projects\FlowdexMCP\node_modules\basic-ftp\dist\Client.js:122:25)
    at Client.cd (C:\Users\steph\Documents\Git Projects\FlowdexMCP\node_modules\basic-ftp\dist\Client.js:276:21)
    at async Client.ensureDir (C:\Users\steph\Documents\Git Projects\FlowdexMCP\node_modules\basic-ftp\dist\Client.js:650:13)
    at async file:///C:/Users/steph/Documents/Git%20Projects/FlowdexMCP/index.js:2546:13
Closing reason: Error: Timeout (control socket)
    at Socket.<anonymous> (C:\Users\steph\Documents\Git Projects\FlowdexMCP\node_modules\basic-ftp\dist\FtpContext.js:319:33)
    at Object.onceWrapper (node:events:632:28)
    at Socket.emit (node:events:518:28)
    at Socket._onTimeout (node:net:609:8)
    at listOnTimeout (node:internal/timers:588:17)
    at process.processTimers (node:internal/timers:523:7) {
  code: '0'
}

[Fatal Tool Error] ftp_mkdir: Error: Client is closed because Timeout (control socket)
    at C:\Users\steph\Documents\Git Projects\FlowdexMCP\node_modules\basic-ftp\dist\FtpContext.js:228:29
    at new Promise (<anonymous>)
    at FTPContext.handle (C:\Users\steph\Documents\Git Projects\FlowdexMCP\node_modules\basic-ftp\dist\FtpContext.js:210:16)
    at FTPContext.request (C:\Users\steph\Documents\Git Projects\FlowdexMCP\node_modules\basic-ftp\dist\FtpContext.js:188:21)
    at Client.send (C:\Users\steph\Documents\Git Projects\FlowdexMCP\node_modules\basic-ftp\dist\Client.js:122:25)
    at Client.cd (C:\Users\steph\Documents\Git Projects\FlowdexMCP\node_modules\basic-ftp\dist\Client.js:276:21)
    at async Client.ensureDir (C:\Users\steph\Documents\Git Projects\FlowdexMCP\node_modules\basic-ftp\dist\Client.js:650:13)
    at async file:///C:/Users/steph/Documents/Git%20Projects/FlowdexMCP/index.js:2546:13
Closing reason: Error: Timeout (control socket)
    at Socket.<anonymous> (C:\Users\steph\Documents\Git Projects\FlowdexMCP\node_modules\basic-ftp\dist\FtpContext.js:319:33)
    at Object.onceWrapper (node:events:632:28)
    at Socket.emit (node:events:518:28)
    at Socket._onTimeout (node:net:609:8)
    at listOnTimeout (node:internal/timers:588:17)
    at process.processTimers (node:internal/timers:523:7) {
  code: '0'
}

[Fatal Tool Error] ftp_mkdir: Error: Client is closed because Timeout (control socket)
    at C:\Users\steph\Documents\Git Projects\FlowdexMCP\node_modules\basic-ftp\dist\FtpContext.js:228:29
    at new Promise (<anonymous>)
    at FTPContext.handle (C:\Users\steph\Documents\Git Projects\FlowdexMCP\node_modules\basic-ftp\dist\FtpContext.js:210:16)
    at FTPContext.request (C:\Users\steph\Documents\Git Projects\FlowdexMCP\node_modules\basic-ftp\dist\FtpContext.js:188:21)
    at Client.send (C:\Users\steph\Documents\Git Projects\FlowdexMCP\node_modules\basic-ftp\dist\Client.js:122:25)
    at Client.cd (C:\Users\steph\Documents\Git Projects\FlowdexMCP\node_modules\basic-ftp\dist\Client.js:276:21)
    at async Client.ensureDir (C:\Users\steph\Documents\Git Projects\FlowdexMCP\node_modules\basic-ftp\dist\Client.js:650:13)
    at async file:///C:/Users/steph/Documents/Git%20Projects/FlowdexMCP/index.js:2546:13
Closing reason: Error: Timeout (control socket)
    at Socket.<anonymous> (C:\Users\steph\Documents\Git Projects\FlowdexMCP\node_modules\basic-ftp\dist\FtpContext.js:319:33)
    at Object.onceWrapper (node:events:632:28)
    at Socket.emit (node:events:518:28)
    at Socket._onTimeout (node:net:609:8)
    at listOnTimeout (node:internal/timers:588:17)
    at process.processTimers (node:internal/timers:523:7) {
  code: '0'
}


{"name":"ftp-srv","hostname":"Kynlo-Desktop","pid":28448,"level":30,"msg":"Closing connections: 0","time":"2026-04-09T22:06:35.080Z","v":0}
{"name":"ftp-srv","hostname":"Kynlo-Desktop","pid":28448,"level":30,"msg":"Server closing...","time":"2026-04-09T22:06:35.081Z","v":0}
 [31mÔØ»[39m Test/features.test.js [2m([22m[2m26 tests[22m[2m | [22m[31m16 failed[39m[2m)[22m[33m 33168[2mms[22m[39m
[31m       [31m├ù[31m should create a snapshot and allow rollback[39m[33m 10020[2mms[22m[39m
[31m       [31m├ù[31m should rollback a deletion[39m[33m 10013[2mms[22m[39m
[31m       [31m├ù[31m should enforce allowedPaths[39m[33m 10011[2mms[22m[39m
       [32mÔ£ô[39m should enforce blockedGlobs[32m 40[2mms[22m[39m
       [32mÔ£ô[39m should enforce maxFileSize[32m 12[2mms[22m[39m
       [32mÔ£ô[39m should enforce neverDelete[32m 14[2mms[22m[39m
[31m       [31m├ù[31m should reject patch if expectedHash does not match[39m[32m 22[2mms[22m[39m
[31m       [31m├ù[31m should auto-create .bak before patch[39m[32m 10[2mms[22m[39m
[31m       [31m├ù[31m should return capabilities[39m[32m 8[2mms[22m[39m
[31m       [31m├ù[31m should detect Next.js framework[39m[32m 10[2mms[22m[39m
       [32mÔ£ô[39m should block uploading .env files[32m 10[2mms[22m[39m
       [32mÔ£ô[39m should generate semantic preview on dryRun sync[32m 197[2mms[22m[39m
[31m       [31m├ù[31m should search file contents[39m[32m 8[2mms[22m[39m
[31m       [31m├ù[31m should find likely configs[39m[32m 9[2mms[22m[39m
       [32mÔ£ô[39m should return telemetry data[32m 11[2mms[22m[39m
[31m       [31m├ù[31m should handle spamming commands gracefully[39m[32m 24[2mms[22m[39m
[31m       [31m├ù[31m should handle massive files (simulated)[39m[32m 22[2mms[22m[39m
       [33m[2mÔ£ô[22m[39m should handle sets of files in sync (Logic Verification via Dry Run) [33m 319[2mms[22m[39m
       [32mÔ£ô[39m should block paths that are siblings of allowedPaths[32m 10[2mms[22m[39m
[31m       [31m├ù[31m should allow exact path match[39m[32m 14[2mms[22m[39m
[31m       [31m├ù[31m should find content matches reliably across multiple files[39m[32m 12[2mms[22m[39m
       [32mÔ£ô[39m should use CONFIG_FILE env var for deployments listing[32m 12[2mms[22m[39m
[31m       [31m├ù[31m should list files correctly (redundant ternary removed)[39m[32m 7[2mms[22m[39m
[31m       [31m├ù[31m should rename files correctly (redundant branch removed)[39m[32m 225[2mms[22m[39m
[31m       [31m├ù[31m should remove an empty directory without recursive flag[39m[32m 18[2mms[22m[39m
       [32mÔ£ô[39m should write manifest to disk when save() is called[32m 20[2mms[22m[39m

ÔÄ»ÔÄ»ÔÄ»ÔÄ»ÔÄ»ÔÄ» Failed Tests 16 ÔÄ»ÔÄ»ÔÄ»ÔÄ»ÔÄ»ÔÄ»ÔÄ»

 FAIL  Test/features.test.js > Enterprise Features & Edge Cases > Transaction-style deploys with rollback snapshots > should create a snapshot and allow rollback
 FAIL  Test/features.test.js > Enterprise Features & Edge Cases > Transaction-style deploys with rollback snapshots > should rollback a deletion
 FAIL  Test/features.test.js > Enterprise Features & Edge Cases > First-class deployment policies > should enforce allowedPaths
Error: Hook timed out in 10000ms.
If this is a long-running hook, pass a timeout value as the last argument or configure it globally with "hookTimeout".
 ÔØ» Test/features.test.js:110:15
    108|     });
    109|
    110|     beforeEach(async () => {
       |               ^
    111|         // Clean remote mock before each test
    112|         const files = await fs.readdir(mockRoot);

ÔÄ»ÔÄ»ÔÄ»ÔÄ»ÔÄ»ÔÄ»ÔÄ»ÔÄ»ÔÄ»ÔÄ»ÔÄ»ÔÄ»ÔÄ»ÔÄ»ÔÄ»ÔÄ»ÔÄ»ÔÄ»ÔÄ»ÔÄ»ÔÄ»ÔÄ»ÔÄ»[1/16]ÔÄ»

 FAIL  Test/features.test.js > Enterprise Features & Edge Cases > True remote patch safety > should reject patch if expectedHash does not match
AssertionError: expected 'Error: File not found or unreadable. ÔÇª' to contain 'File drift detected'

Expected: "File drift detected"
Received: "Error: File not found or unreadable. None of the available transfer strategies work. Last error response was 'Error: Client is closed because Timeout (control socket)'."

 ÔØ» Test/features.test.js:211:48
    209|
    210|             expect(res.result.isError).toBe(true);
    211|             expect(res.result.content[0].text).toContain('File drift dÔÇª
       |                                                ^
    212|         });
    213|

ÔÄ»ÔÄ»ÔÄ»ÔÄ»ÔÄ»ÔÄ»ÔÄ»ÔÄ»ÔÄ»ÔÄ»ÔÄ»ÔÄ»ÔÄ»ÔÄ»ÔÄ»ÔÄ»ÔÄ»ÔÄ»ÔÄ»ÔÄ»ÔÄ»ÔÄ»ÔÄ»[2/16]ÔÄ»

 FAIL  Test/features.test.js > Enterprise Features & Edge Cases > True remote patch safety > should auto-create .bak before patch
AssertionError: expected true to be undefined

- Expected:
undefined

+ Received:
true

 ÔØ» Test/features.test.js:225:40
    223| `;
    224|             const res = await executeMCP('ftp_patch_file', { path: '/pÔÇª
    225|             expect(res.result.isError).toBeUndefined();
       |                                        ^
    226|
    227|             const bakRes = await executeMCP('ftp_get_contents', { pathÔÇª

ÔÄ»ÔÄ»ÔÄ»ÔÄ»ÔÄ»ÔÄ»ÔÄ»ÔÄ»ÔÄ»ÔÄ»ÔÄ»ÔÄ»ÔÄ»ÔÄ»ÔÄ»ÔÄ»ÔÄ»ÔÄ»ÔÄ»ÔÄ»ÔÄ»ÔÄ»ÔÄ»[3/16]ÔÄ»

 FAIL  Test/features.test.js > Enterprise Features & Edge Cases > Server capability probing > should return capabilities
AssertionError: expected true to be undefined

- Expected:
undefined

+ Received:
true

 ÔØ» Test/features.test.js:235:40
    233|         it('should return capabilities', async () => {
    234|             const res = await executeMCP('ftp_probe_capabilities');
    235|             expect(res.result.isError).toBeUndefined();
       |                                        ^
    236|             expect(res.result.content[0].text).toContain('Server CapabÔÇª
    237|             expect(res.result.content[0].text).toContain('"protocol": ÔÇª

ÔÄ»ÔÄ»ÔÄ»ÔÄ»ÔÄ»ÔÄ»ÔÄ»ÔÄ»ÔÄ»ÔÄ»ÔÄ»ÔÄ»ÔÄ»ÔÄ»ÔÄ»ÔÄ»ÔÄ»ÔÄ»ÔÄ»ÔÄ»ÔÄ»ÔÄ»ÔÄ»[4/16]ÔÄ»

 FAIL  Test/features.test.js > Enterprise Features & Edge Cases > Symlink and framework awareness > should detect Next.js framework
AssertionError: expected true to be undefined

- Expected:
undefined

+ Received:
true

 ÔØ» Test/features.test.js:247:40
    245|
    246|             const res = await executeMCP('ftp_analyze_workspace');
    247|             expect(res.result.isError).toBeUndefined();
       |                                        ^
    248|             expect(res.result.content[0].text).toContain('Detected FraÔÇª
    249|             expect(res.result.content[0].text).toContain('Recommended ÔÇª

ÔÄ»ÔÄ»ÔÄ»ÔÄ»ÔÄ»ÔÄ»ÔÄ»ÔÄ»ÔÄ»ÔÄ»ÔÄ»ÔÄ»ÔÄ»ÔÄ»ÔÄ»ÔÄ»ÔÄ»ÔÄ»ÔÄ»ÔÄ»ÔÄ»ÔÄ»ÔÄ»[5/16]ÔÄ»

 FAIL  Test/features.test.js > Enterprise Features & Edge Cases > Remote search that doesn't suck > should search file contents
AssertionError: expected true to be undefined

- Expected:
undefined

+ Received:
true

 ÔØ» Test/features.test.js:286:40
    284|
    285|             const res = await executeMCP('ftp_search', { contentPatterÔÇª
    286|             expect(res.result.isError).toBeUndefined();
       |                                        ^
    287|             expect(res.result.content[0].text).toContain('search1.txt'ÔÇª
    288|             expect(res.result.content[0].text).toContain('find me');

ÔÄ»ÔÄ»ÔÄ»ÔÄ»ÔÄ»ÔÄ»ÔÄ»ÔÄ»ÔÄ»ÔÄ»ÔÄ»ÔÄ»ÔÄ»ÔÄ»ÔÄ»ÔÄ»ÔÄ»ÔÄ»ÔÄ»ÔÄ»ÔÄ»ÔÄ»ÔÄ»[6/16]ÔÄ»

 FAIL  Test/features.test.js > Enterprise Features & Edge Cases > Remote search that doesn't suck > should find likely configs
AssertionError: expected true to be undefined

- Expected:
undefined

+ Received:
true

 ÔØ» Test/features.test.js:297:40
    295|
    296|             const res = await executeMCP('ftp_search', { findLikelyConÔÇª
    297|             expect(res.result.isError).toBeUndefined();
       |                                        ^
    298|             expect(res.result.content[0].text).toContain('config.php');
    299|             expect(res.result.content[0].text).not.toContain('image.pnÔÇª

ÔÄ»ÔÄ»ÔÄ»ÔÄ»ÔÄ»ÔÄ»ÔÄ»ÔÄ»ÔÄ»ÔÄ»ÔÄ»ÔÄ»ÔÄ»ÔÄ»ÔÄ»ÔÄ»ÔÄ»ÔÄ»ÔÄ»ÔÄ»ÔÄ»ÔÄ»ÔÄ»[7/16]ÔÄ»

 FAIL  Test/features.test.js > Enterprise Features & Edge Cases > Edge Cases > should handle spamming commands gracefully
AssertionError: expected true to be undefined

- Expected:
undefined

+ Received:
true

 ÔØ» Test/features.test.js:321:44
    319|             const results = await Promise.all(promises);
    320|             for (const res of results) {
    321|                 expect(res.result.isError).toBeUndefined();
       |                                            ^
    322|             }
    323|         });

ÔÄ»ÔÄ»ÔÄ»ÔÄ»ÔÄ»ÔÄ»ÔÄ»ÔÄ»ÔÄ»ÔÄ»ÔÄ»ÔÄ»ÔÄ»ÔÄ»ÔÄ»ÔÄ»ÔÄ»ÔÄ»ÔÄ»ÔÄ»ÔÄ»ÔÄ»ÔÄ»[8/16]ÔÄ»

 FAIL  Test/features.test.js > Enterprise Features & Edge Cases > Edge Cases > should handle massive files (simulated)
AssertionError: expected true to be undefined

- Expected:
undefined

+ Received:
true

 ÔØ» Test/features.test.js:332:40
    330|
    331|             const res = await executeMCP('ftp_upload', { localPath: laÔÇª
    332|             expect(res.result.isError).toBeUndefined();
       |                                        ^
    333|
    334|             const statRes = await executeMCP('ftp_stat', { path: '/larÔÇª

ÔÄ»ÔÄ»ÔÄ»ÔÄ»ÔÄ»ÔÄ»ÔÄ»ÔÄ»ÔÄ»ÔÄ»ÔÄ»ÔÄ»ÔÄ»ÔÄ»ÔÄ»ÔÄ»ÔÄ»ÔÄ»ÔÄ»ÔÄ»ÔÄ»ÔÄ»ÔÄ»[9/16]ÔÄ»

 FAIL  Test/features.test.js > Enterprise Features & Edge Cases > Audit Fix #3: PolicyEngine path traversal prevention > should allow exact path match
AssertionError: expected true to be undefined

- Expected:
undefined

+ Received:
true

 ÔØ» Test/features.test.js:369:40
    367|
    368|             const res = await executeMCP('ftp_put_contents', { path: 'ÔÇª
    369|             expect(res.result.isError).toBeUndefined();
       |                                        ^
    370|         });
    371|     });

ÔÄ»ÔÄ»ÔÄ»ÔÄ»ÔÄ»ÔÄ»ÔÄ»ÔÄ»ÔÄ»ÔÄ»ÔÄ»ÔÄ»ÔÄ»ÔÄ»ÔÄ»ÔÄ»ÔÄ»ÔÄ»ÔÄ»ÔÄ»ÔÄ»ÔÄ»[10/16]ÔÄ»

 FAIL  Test/features.test.js > Enterprise Features & Edge Cases > Audit Fix #10: Regex search without stateful g flag > should find content matches reliably across multiple files
AssertionError: expected true to be undefined

- Expected:
undefined

+ Received:
true

 ÔØ» Test/features.test.js:381:40
    379|
    380|             const res = await executeMCP('ftp_search', { contentPatterÔÇª
    381|             expect(res.result.isError).toBeUndefined();
       |                                        ^
    382|
    383|             const text = res.result.content[0].text;

ÔÄ»ÔÄ»ÔÄ»ÔÄ»ÔÄ»ÔÄ»ÔÄ»ÔÄ»ÔÄ»ÔÄ»ÔÄ»ÔÄ»ÔÄ»ÔÄ»ÔÄ»ÔÄ»ÔÄ»ÔÄ»ÔÄ»ÔÄ»ÔÄ»ÔÄ»[11/16]ÔÄ»

 FAIL  Test/features.test.js > Enterprise Features & Edge Cases > Audit Fix #1/#13: Redundant ternary removal > should list files correctly (redundant ternary removed)
AssertionError: expected true to be undefined

- Expected:
undefined

+ Received:
true

 ÔØ» Test/features.test.js:427:40
    425|
    426|             const res = await executeMCP('ftp_list', { path: '.' });
    427|             expect(res.result.isError).toBeUndefined();
       |                                        ^
    428|             expect(res.result.content[0].text).toContain('ternary_testÔÇª
    429|         });

ÔÄ»ÔÄ»ÔÄ»ÔÄ»ÔÄ»ÔÄ»ÔÄ»ÔÄ»ÔÄ»ÔÄ»ÔÄ»ÔÄ»ÔÄ»ÔÄ»ÔÄ»ÔÄ»ÔÄ»ÔÄ»ÔÄ»ÔÄ»ÔÄ»ÔÄ»[12/16]ÔÄ»

 FAIL  Test/features.test.js > Enterprise Features & Edge Cases > Audit Fix #1/#13: Redundant ternary removal > should rename files correctly (redundant branch removed)
AssertionError: expected true to be undefined

- Expected:
undefined

+ Received:
true

 ÔØ» Test/features.test.js:436:40
    434|
    435|             const res = await executeMCP('ftp_rename', { oldPath: '/reÔÇª
    436|             expect(res.result.isError).toBeUndefined();
       |                                        ^
    437|             expect(res.result.content[0].text).toContain('SuccessfullyÔÇª
    438|

ÔÄ»ÔÄ»ÔÄ»ÔÄ»ÔÄ»ÔÄ»ÔÄ»ÔÄ»ÔÄ»ÔÄ»ÔÄ»ÔÄ»ÔÄ»ÔÄ»ÔÄ»ÔÄ»ÔÄ»ÔÄ»ÔÄ»ÔÄ»ÔÄ»ÔÄ»[13/16]ÔÄ»

 FAIL  Test/features.test.js > Enterprise Features & Edge Cases > Audit Fix #9: ftp_rmdir non-recursive on FTP > should remove an empty directory without recursive flag
AssertionError: expected true to be undefined

- Expected:
undefined

+ Received:
true

 ÔØ» Test/features.test.js:453:42
    451|             // Create via MCP so FTP server knows about it
    452|             const mkRes = await executeMCP('ftp_mkdir', { path: '/emptÔÇª
    453|             expect(mkRes.result.isError).toBeUndefined();
       |                                          ^
    454|
    455|             await new Promise(r => setTimeout(r, 300));

ÔÄ»ÔÄ»ÔÄ»ÔÄ»ÔÄ»ÔÄ»ÔÄ»ÔÄ»ÔÄ»ÔÄ»ÔÄ»ÔÄ»ÔÄ»ÔÄ»ÔÄ»ÔÄ»ÔÄ»ÔÄ»ÔÄ»ÔÄ»ÔÄ»ÔÄ»[14/16]ÔÄ»


[2m Test Files [22m [1m[31m1 failed[39m[22m[2m | [22m[1m[32m3 passed[39m[22m[90m (4)[39m
[2m      Tests [22m [1m[31m16 failed[39m[22m[2m | [22m[1m[32m62 passed[39m[22m[2m | [22m[33m1 skipped[39m[90m (79)[39m
[2m   Start at [22m 23:06:01
[2m   Duration [22m 33.98s[2m (transform 402ms, setup 0ms, import 1.55s, tests 40.83s, environment 1ms)[22m

mise ERROR command failed: exit code 1
mise ERROR Run with --verbose or MISE_VERBOSE=1 for more information
